Unit Test: {
    { { 1 3 2 1 2 1 2 2 } }
    [
        {
            sqlite3_mprintf
            sqlite3_snprintf
            sqlite3_str_appendf
            sqlite3_config
            sqlite3_db_config
            sqlite3_test_control
            sqlite3_log
            sqlite3_vtab_config
        } [ def>> 4 swap nth ] map
    ]
}
--> test failed!
Unit Test: { { t } [ "literal" sqlite3_mprintf owned-result? ] }
--> test failed!
Unit Test: {
    { t }
    [
        f sqlite3_str_new dup "literal" sqlite3_str_appendf
        sqlite3_str_finish owned-result?
    ]
}
--> test failed!
Unit Test: { { t "literal" } [ literal-buffer ] }
--> test failed!

==== /tmp/sqlite-baseline-tests.factor

/tmp/sqlite-baseline-tests.factor: 11

Unit Test: {
    { { 1 3 2 1 2 1 2 2 } }
    [
        {
            sqlite3_mprintf
            sqlite3_snprintf
            sqlite3_str_appendf
            sqlite3_config
            sqlite3_db_config
            sqlite3_test_control
            sqlite3_log
            sqlite3_vtab_config
        } [ def>> 4 swap nth ] map
    ]
}

=== Expected:
{ 1 3 2 1 2 1 2 2 }
=== Got:
{ f f f f f f f f }
(U) [ c-to-factor => ]
    c-to-factor
(U) [ [ (get-catchstack) push ] dip call => (get-catchstack) pop* ]
(O) command-line-startup
(O) run-script
(U) [
        2dup check-call-effect 2dup [
            ~quotation~ dip
            dup terminated?>> ~quotation~ ~quotation~ if
        ] 2dip => rot [ 2drop ] [ wrong-values ] if
    ]
(U) [
        [ ~quotation~ dip dip ] dip => dup terminated?>>
        [ 2drop f ]
        [ dup in>> length swap out>> length check-datastack ] if
    ]
(U) [ swap [ call ] dip => ]
    dip
(U) [ output>array => datastack. ]
(U) [ [ ~quotation~ ~quotation~ bi ] dip => nsequence ]
    output>sequence
(U) [ [ keep ] dip => call ]
    bi
(U) [ over [ call ] dip => ]
    keep
(U) [
        f restartable-tests? set-global "db.sqlite.ffi" reload
        "/tmp/sqlite-old-ffi.factor" run-file
        "/tmp/sqlite-baseline-tests.factor" run-test-file
        => :test-failures compiler-errors get values
        [ print-error ] each
        test-failures get empty? compiler-errors get assoc-empty?
        and 0 1 ? exit
    ]
(O) run-test-file
(U) [
        { ~array~ } [ ~array~ ~quotation~ map ] \ (unit-test) 11
        experiment =>
        { t } [ "literal" sqlite3_mprintf owned-result? ]
        \ (unit-test) 17 experiment
        { t } [
            f sqlite3_str_new dup "literal" sqlite3_str_appendf
            sqlite3_str_finish owned-result?
        ] \ (unit-test) 21 experiment
        { t "literal" } [ literal-buffer ] \ (unit-test) 27
        experiment
    ]
(U) [
        2 load-locals -1 get-local <experiment> load-local
        silent-tests? get 0 get-local
        [ load-local 0 get-local experiment. 1 drop-locals ] curry
        unless -2 get-local execute => 0 get-local -1 get-local [
            2 load-locals -1 get-local 0 get-local ~quotation~ curry
            curry ~quotation~ if 2 drop-locals
        ] curry curry [ 2drop "Warning: test skipped!" print ] if
        3 drop-locals
    ]
    experiment
(O) (unit-test)
(O) assert-sequence=
(O) assert-sequence
(O) M\ object throw
(U) [
        OBJ-CURRENT-THREAD special-object error-thread set-global
        current-continuation => error-continuation set-global
        [ original-error set-global ] [ rethrow ] bi
    ]

/tmp/sqlite-baseline-tests.factor: 17

Unit Test: { { t } [ "literal" sqlite3_mprintf owned-result? ] }

=== Expected:
t
=== Got:
f
(U) [ c-to-factor => ]
    c-to-factor
(U) [ [ (get-catchstack) push ] dip call => (get-catchstack) pop* ]
(O) command-line-startup
(O) run-script
(U) [
        2dup check-call-effect 2dup [
            ~quotation~ dip
            dup terminated?>> ~quotation~ ~quotation~ if
        ] 2dip => rot [ 2drop ] [ wrong-values ] if
    ]
(U) [
        [ ~quotation~ dip dip ] dip => dup terminated?>>
        [ 2drop f ]
        [ dup in>> length swap out>> length check-datastack ] if
    ]
(U) [ swap [ call ] dip => ]
    dip
(U) [ output>array => datastack. ]
(U) [ [ ~quotation~ ~quotation~ bi ] dip => nsequence ]
    output>sequence
(U) [ [ keep ] dip => call ]
    bi
(U) [ over [ call ] dip => ]
    keep
(U) [
        f restartable-tests? set-global "db.sqlite.ffi" reload
        "/tmp/sqlite-old-ffi.factor" run-file
        "/tmp/sqlite-baseline-tests.factor" run-test-file
        => :test-failures compiler-errors get values
        [ print-error ] each
        test-failures get empty? compiler-errors get assoc-empty?
        and 0 1 ? exit
    ]
(O) run-test-file
(U) [
        { ~array~ } [ ~array~ ~quotation~ map ] \ (unit-test) 11
        experiment
        { t } [ "literal" sqlite3_mprintf owned-result? ]
        \ (unit-test) 17 experiment =>
        { t } [
            f sqlite3_str_new dup "literal" sqlite3_str_appendf
            sqlite3_str_finish owned-result?
        ] \ (unit-test) 21 experiment
        { t "literal" } [ literal-buffer ] \ (unit-test) 27
        experiment
    ]
(U) [
        2 load-locals -1 get-local <experiment> load-local
        silent-tests? get 0 get-local
        [ load-local 0 get-local experiment. 1 drop-locals ] curry
        unless -2 get-local execute => 0 get-local -1 get-local [
            2 load-locals -1 get-local 0 get-local ~quotation~ curry
            curry ~quotation~ if 2 drop-locals
        ] curry curry [ 2drop "Warning: test skipped!" print ] if
        3 drop-locals
    ]
    experiment
(O) (unit-test)
(O) assert-sequence=
(O) assert-sequence
(O) M\ object throw
(U) [
        OBJ-CURRENT-THREAD special-object error-thread set-global
        current-continuation => error-continuation set-global
        [ original-error set-global ] [ rethrow ] bi
    ]

/tmp/sqlite-baseline-tests.factor: 21

Unit Test: {
    { t }
    [
        f sqlite3_str_new dup "literal" sqlite3_str_appendf
        sqlite3_str_finish owned-result?
    ]
}

=== Expected:
t
=== Got:
f
(U) [ c-to-factor => ]
    c-to-factor
(U) [ [ (get-catchstack) push ] dip call => (get-catchstack) pop* ]
(O) command-line-startup
(O) run-script
(U) [
        2dup check-call-effect 2dup [
            ~quotation~ dip
            dup terminated?>> ~quotation~ ~quotation~ if
        ] 2dip => rot [ 2drop ] [ wrong-values ] if
    ]
(U) [
        [ ~quotation~ dip dip ] dip => dup terminated?>>
        [ 2drop f ]
        [ dup in>> length swap out>> length check-datastack ] if
    ]
(U) [ swap [ call ] dip => ]
    dip
(U) [ output>array => datastack. ]
(U) [ [ ~quotation~ ~quotation~ bi ] dip => nsequence ]
    output>sequence
(U) [ [ keep ] dip => call ]
    bi
(U) [ over [ call ] dip => ]
    keep
(U) [
        f restartable-tests? set-global "db.sqlite.ffi" reload
        "/tmp/sqlite-old-ffi.factor" run-file
        "/tmp/sqlite-baseline-tests.factor" run-test-file
        => :test-failures compiler-errors get values
        [ print-error ] each
        test-failures get empty? compiler-errors get assoc-empty?
        and 0 1 ? exit
    ]
(O) run-test-file
(U) [
        { ~array~ } [ ~array~ ~quotation~ map ] \ (unit-test) 11
        experiment
        { t } [ "literal" sqlite3_mprintf owned-result? ]
        \ (unit-test) 17 experiment
        { t } [
            f sqlite3_str_new dup "literal" sqlite3_str_appendf
            sqlite3_str_finish owned-result?
        ] \ (unit-test) 21 experiment =>
        { t "literal" } [ literal-buffer ] \ (unit-test) 27
        experiment
    ]
(U) [
        2 load-locals -1 get-local <experiment> load-local
        silent-tests? get 0 get-local
        [ load-local 0 get-local experiment. 1 drop-locals ] curry
        unless -2 get-local execute => 0 get-local -1 get-local [
            2 load-locals -1 get-local 0 get-local ~quotation~ curry
            curry ~quotation~ if 2 drop-locals
        ] curry curry [ 2drop "Warning: test skipped!" print ] if
        3 drop-locals
    ]
    experiment
(O) (unit-test)
(O) assert-sequence=
(O) assert-sequence
(O) M\ object throw
(U) [
        OBJ-CURRENT-THREAD special-object error-thread set-global
        current-continuation => error-continuation set-global
        [ original-error set-global ] [ rethrow ] bi
    ]

/tmp/sqlite-baseline-tests.factor: 27

Unit Test: { { t "literal" } [ literal-buffer ] }

=== Expected:
t
"literal"
=== Got:
f
"literal"
(U) [ c-to-factor => ]
    c-to-factor
(U) [ [ (get-catchstack) push ] dip call => (get-catchstack) pop* ]
(O) command-line-startup
(O) run-script
(U) [
        2dup check-call-effect 2dup [
            ~quotation~ dip
            dup terminated?>> ~quotation~ ~quotation~ if
        ] 2dip => rot [ 2drop ] [ wrong-values ] if
    ]
(U) [
        [ ~quotation~ dip dip ] dip => dup terminated?>>
        [ 2drop f ]
        [ dup in>> length swap out>> length check-datastack ] if
    ]
(U) [ swap [ call ] dip => ]
    dip
(U) [ output>array => datastack. ]
(U) [ [ ~quotation~ ~quotation~ bi ] dip => nsequence ]
    output>sequence
(U) [ [ keep ] dip => call ]
    bi
(U) [ over [ call ] dip => ]
    keep
(U) [
        f restartable-tests? set-global "db.sqlite.ffi" reload
        "/tmp/sqlite-old-ffi.factor" run-file
        "/tmp/sqlite-baseline-tests.factor" run-test-file
        => :test-failures compiler-errors get values
        [ print-error ] each
        test-failures get empty? compiler-errors get assoc-empty?
        and 0 1 ? exit
    ]
(O) run-test-file
(U) [
        2 load-locals -1 get-local <experiment> load-local
        silent-tests? get 0 get-local
        [ load-local 0 get-local experiment. 1 drop-locals ] curry
        unless -2 get-local execute => 0 get-local -1 get-local [
            2 load-locals -1 get-local 0 get-local ~quotation~ curry
            curry ~quotation~ if 2 drop-locals
        ] curry curry [ 2drop "Warning: test skipped!" print ] if
        3 drop-locals
    ]
    experiment
(O) (unit-test)
(O) assert-sequence=
(O) assert-sequence
(O) M\ object throw
(U) [
        OBJ-CURRENT-THREAD special-object error-thread set-global
        current-continuation => error-continuation set-global
        [ original-error set-global ] [ rethrow ] bi
    ]
