3.51.0
Unit Test: {
    { { 1 3 2 1 2 1 2 2 } }
    [
        {
            sqlite3_mprintf
            sqlite3_snprintf
            sqlite3_str_appendf
            sqlite3_config
            sqlite3_db_config
            sqlite3_test_control
            sqlite3_log
            sqlite3_vtab_config
        } [ def>> 4 swap nth ] map
    ]
}
Unit Test: { { t } [ "literal" sqlite3_mprintf owned-result? ] }
Unit Test: {
    { t }
    [
        f sqlite3_str_new dup "literal" sqlite3_str_appendf
        sqlite3_str_finish owned-result?
    ]
}
Unit Test: { { t "literal" } [ literal-buffer ] }
Unit Test: {
    { "'O''Brien':42:1.25" }
    [ "%Q:%d:%.2f" "O'Brien" 42 1.25 format-sql owned-text ]
}
Unit Test: { { "'O''Brien':42:1.25" t } [ 32 truncated-buffer ] }
Unit Test: { { "'O''Bri" t } [ 8 truncated-buffer ] }
Unit Test: { { "" t } [ 0 truncated-buffer ] }
Unit Test: {
    { "prefix:'O''Brien':42:1.25" }
    [
        f sqlite3_str_new dup "prefix:" sqlite3_str_appendf
        dup "%Q:%d:%.2f" "O'Brien" 42 1.25 append-sql
        sqlite3_str_finish owned-text
    ]
}
Unit Test: {
    { t }
    [
        {
            sqlite3_mprintf
            sqlite3_vmprintf
            sqlite3_snprintf
            sqlite3_vsnprintf
            sqlite3_str_finish
        } [ def>> first pointer: char = ] all?
    ]
}
Unit Test: {
    { t }
    [
        { sqlite3_snprintf sqlite3_vsnprintf }
        [ def>> fourth second pointer: char = ] all?
    ]
}
Unit Test: {
    { t }
    [
        {
            sqlite3_vmprintf
            sqlite3_vsnprintf
            sqlite3_str_vappendf
        } [ def>> fourth last va_list = ] all?
    ]
}
Unit Test: {
    {
        1
        {
            "value:-42:1.250:-1234567890123"
            "value:-42:1.250:-1234567890123"
            "value"
        }
    }
    [
        [
            [
                2 load-locals
                -1 get-local 0 get-local sqlite3_vmprintf
                owned-text -1 get-local 0 get-local
                sqlite3_vmprintf
                owned-text 0 get-local c-string va-arg 3array
                formatted set-global 1 2 drop-locals
            ] sqlite-format-list
            [ va_call_format_list ] with-callback formatted get
        ] compile-call
    ]
}
Unit Test: {
    { 1 "value:-42:1.250:-1234567890123" }
    [
        [
            [
                2 load-locals 64 <byte-array> load-local
                64 0 get-local -2 get-local -1 get-local
                sqlite3_vsnprintf alien? t assert=
                0 get-local utf8 alien>string
                formatted set-global 1 3 drop-locals
            ] sqlite-format-list
            [ va_call_format_list ] with-callback formatted get
        ] compile-call
    ]
}
Unit Test: {
    { 1 "value:-" }
    [
        [
            [
                2 load-locals 8 <byte-array> load-local
                8 0 get-local -2 get-local -1 get-local
                sqlite3_vsnprintf drop
                0 get-local utf8 alien>string
                formatted set-global 1 3 drop-locals
            ] sqlite-format-list
            [ va_call_format_list ] with-callback formatted get
        ] compile-call
    ]
}
Unit Test: {
    { 1 "prefix:value:-42:1.250:-1234567890123" }
    [
        [
            [
                2 load-locals f sqlite3_str_new load-local
                0 get-local "prefix:" sqlite3_str_appendf
                0 get-local -2 get-local -1 get-local
                sqlite3_str_vappendf
                0 get-local sqlite3_str_finish owned-text
                formatted set-global 1 3 drop-locals
            ] sqlite-format-list
            [ va_call_format_list ] with-callback formatted get
        ] compile-call
    ]
}
