ALLOCATOR
linear-scan-allocator
METRICS
H{
    { "input" "branch-pressure" }
    {
        "procedures"
        V{
            H{
                { "allocation" H{ } }
                {
                    "passes"
                    {
                        H{
                            { "reloads" 0 }
                            { "instructions" 195 }
                            { "pass" "optimize-tail-calls" }
                            { "frame-bytes" 0 }
                            { "spill-bytes" 0 }
                            { "blocks" 8 }
                            { "copies" 78 }
                            { "spills" 0 }
                            { "nanoseconds" 4528 }
                        }
                        H{
                            { "reloads" 0 }
                            { "instructions" 195 }
                            {
                                "pass"
                                "delete-useless-conditionals"
                            }
                            { "frame-bytes" 0 }
                            { "spill-bytes" 0 }
                            { "blocks" 8 }
                            { "copies" 78 }
                            { "spills" 0 }
                            { "nanoseconds" 992 }
                        }
                        H{
                            { "reloads" 0 }
                            { "instructions" 195 }
                            { "pass" "split-branches" }
                            { "frame-bytes" 0 }
                            { "spill-bytes" 0 }
                            { "blocks" 8 }
                            { "copies" 78 }
                            { "spills" 0 }
                            { "nanoseconds" 2444 }
                        }
                        H{
                            { "reloads" 0 }
                            { "instructions" 193 }
                            { "pass" "join-blocks" }
                            { "frame-bytes" 0 }
                            { "spill-bytes" 0 }
                            { "blocks" 6 }
                            { "copies" 78 }
                            { "spills" 0 }
                            { "nanoseconds" 3266 }
                        }
                        H{
                            { "reloads" 0 }
                            { "instructions" 114 }
                            { "pass" "optimize-ssa" }
                            { "frame-bytes" 0 }
                            { "spill-bytes" 0 }
                            { "blocks" 6 }
                            { "copies" 0 }
                            { "spills" 0 }
                            { "nanoseconds" 744495 }
                        }
                        H{
                            { "reloads" 0 }
                            { "instructions" 117 }
                            { "pass" "select-representations" }
                            { "frame-bytes" 0 }
                            { "spill-bytes" 0 }
                            { "blocks" 6 }
                            { "copies" 0 }
                            { "spills" 0 }
                            { "nanoseconds" 230793 }
                        }
                        H{
                            { "reloads" 0 }
                            { "instructions" 120 }
                            { "pass" "insert-gc-checks" }
                            { "frame-bytes" 0 }
                            { "spill-bytes" 0 }
                            { "blocks" 8 }
                            { "copies" 0 }
                            { "spills" 0 }
                            { "nanoseconds" 10390 }
                        }
                        H{
                            { "reloads" 0 }
                            { "instructions" 120 }
                            {
                                "pass"
                                "eliminate-write-barriers"
                            }
                            { "frame-bytes" 0 }
                            { "spill-bytes" 0 }
                            { "blocks" 8 }
                            { "copies" 0 }
                            { "spills" 0 }
                            { "nanoseconds" 6612 }
                        }
                        H{
                            { "reloads" 0 }
                            { "instructions" 150 }
                            { "pass" "clear-uninitialized" }
                            { "frame-bytes" 0 }
                            { "spill-bytes" 0 }
                            { "blocks" 8 }
                            { "copies" 0 }
                            { "spills" 0 }
                            { "nanoseconds" 68960 }
                        }
                        H{
                            { "reloads" 0 }
                            { "instructions" 150 }
                            { "pass" "insert-save-contexts" }
                            { "frame-bytes" 0 }
                            { "spill-bytes" 0 }
                            { "blocks" 8 }
                            { "copies" 0 }
                            { "spills" 0 }
                            { "nanoseconds" 2344 }
                        }
                        H{
                            { "reloads" 31 }
                            { "instructions" 213 }
                            { "pass" "allocate-registers" }
                            { "frame-bytes" 0 }
                            { "spill-bytes" 248 }
                            { "blocks" 10 }
                            { "copies" 0 }
                            { "spills" 31 }
                            { "nanoseconds" 13247481 }
                        }
                        H{
                            { "reloads" 31 }
                            { "instructions" 213 }
                            { "pass" "build-stack-frame" }
                            { "frame-bytes" 256 }
                            { "spill-bytes" 248 }
                            { "blocks" 10 }
                            { "copies" 0 }
                            { "spills" 31 }
                            { "nanoseconds" 14918 }
                        }
                    }
                }
                { "code-bytes" 1888 }
                { "codegen-nanoseconds" 206497 }
            }
        }
    }
    { "allocator" "linear-scan-allocator" }
    { "frontend-nanoseconds" 4501003 }
}
EXECUTED
ALLOCATOR
chordal-allocator
METRICS
SOURCE SPILL PLANS
BLOCK
0
ENTRY VERSIONS
H{ }
SAVED ENTRY
{ }
EXIT VERSIONS
H{ }
SAVED EXIT
{ }
BLOCK
3
ENTRY VERSIONS
H{
    { 207 376 }
    { 145 364 }
    { 177 365 }
    { 147 366 }
    { 179 367 }
    { 149 368 }
    { 181 369 }
    { 151 370 }
    { 183 371 }
    { 153 372 }
    { 185 373 }
    { 155 374 }
    { 187 375 }
    { 157 377 }
    { 189 378 }
    { 159 379 }
}
SAVED ENTRY
{
    191
    193
    161
    195
    163
    197
    165
    199
    167
    201
    169
    203
    171
    205
    173
    175
    157
    189
    159
}
EXIT VERSIONS
H{
    { 253 253 }
    { 207 376 }
    { 147 366 }
    { 179 367 }
    { 149 368 }
    { 181 369 }
    { 151 370 }
    { 183 371 }
    { 153 372 }
    { 185 373 }
    { 155 374 }
    { 187 375 }
    { 157 377 }
    { 189 378 }
    { 159 379 }
}
SAVED EXIT
{
    191
    193
    161
    195
    163
    197
    165
    199
    167
    201
    169
    203
    171
    205
    173
    175
    157
    189
    159
}
BLOCK
7
ENTRY VERSIONS
H{ }
SAVED ENTRY
{ }
EXIT VERSIONS
H{ }
SAVED EXIT
{ }
BLOCK
2
ENTRY VERSIONS
H{
    { 207 360 }
    { 145 348 }
    { 177 349 }
    { 147 350 }
    { 179 351 }
    { 149 352 }
    { 181 353 }
    { 151 354 }
    { 183 355 }
    { 153 356 }
    { 185 357 }
    { 155 358 }
    { 187 359 }
    { 157 361 }
    { 189 362 }
    { 159 363 }
}
SAVED ENTRY
{
    191
    193
    161
    195
    163
    197
    165
    199
    167
    201
    169
    203
    171
    205
    173
    175
    157
    189
    159
}
EXIT VERSIONS
H{
    { 249 249 }
    { 207 360 }
    { 147 350 }
    { 179 351 }
    { 149 352 }
    { 181 353 }
    { 151 354 }
    { 183 355 }
    { 153 356 }
    { 185 357 }
    { 155 358 }
    { 187 359 }
    { 157 361 }
    { 189 362 }
    { 159 363 }
}
SAVED EXIT
{
    191
    193
    161
    195
    163
    197
    165
    199
    167
    201
    169
    203
    171
    205
    173
    175
    157
    189
    159
}
BLOCK
1
ENTRY VERSIONS
H{ }
SAVED ENTRY
{ }
EXIT VERSIONS
H{
    { 207 207 }
    { 145 145 }
    { 177 177 }
    { 147 147 }
    { 179 179 }
    { 149 149 }
    { 181 181 }
    { 151 151 }
    { 183 183 }
    { 153 153 }
    { 185 185 }
    { 155 155 }
    { 187 187 }
}
SAVED EXIT
{
    191
    161
    193
    163
    195
    165
    197
    167
    199
    169
    201
    171
    203
    173
    205
    175
    157
    189
    159
}
BLOCK
4
ENTRY VERSIONS
H{
    { 191 394 }
    { 258 258 }
    { 207 393 }
    { 179 381 }
    { 147 380 }
    { 149 382 }
    { 181 383 }
    { 151 384 }
    { 183 385 }
    { 153 386 }
    { 185 387 }
    { 155 388 }
    { 187 389 }
    { 157 390 }
    { 189 391 }
    { 159 392 }
}
SAVED ENTRY
{
    191
    193
    161
    195
    163
    197
    165
    199
    167
    201
    169
    203
    171
    205
    173
    175
    157
    189
    159
}
EXIT VERSIONS
H{
    { 191 394 }
    { 258 258 }
    { 207 393 }
    { 179 381 }
    { 147 380 }
    { 149 382 }
    { 181 383 }
    { 151 384 }
    { 183 385 }
    { 153 386 }
    { 185 387 }
    { 155 388 }
    { 187 389 }
    { 157 390 }
    { 189 391 }
    { 159 392 }
}
SAVED EXIT
{
    191
    193
    161
    195
    163
    197
    165
    199
    167
    201
    169
    203
    171
    205
    173
    175
    157
    189
    159
}
BLOCK
5
ENTRY VERSIONS
H{
    { 191 409 }
    { 258 397 }
    { 207 410 }
    { 179 396 }
    { 147 395 }
    { 149 398 }
    { 181 399 }
    { 151 400 }
    { 183 401 }
    { 153 402 }
    { 185 403 }
    { 155 404 }
    { 187 405 }
    { 157 406 }
    { 189 407 }
    { 159 408 }
}
SAVED ENTRY
{
    191
    193
    161
    195
    163
    197
    165
    199
    167
    201
    169
    203
    171
    205
    173
    175
    157
    189
    159
}
EXIT VERSIONS
H{ }
SAVED EXIT
{
    193
    258
    195
    197
    199
    201
    203
    205
    207
    147
    149
    151
    153
    155
    157
    159
    161
    163
    165
    167
    169
    171
    173
    175
    179
    181
    183
    185
    187
    189
    191
}
BLOCK
6
ENTRY VERSIONS
H{
    { 191 437 }
    { 161 438 }
    { 258 425 }
    { 179 424 }
    { 147 423 }
    { 149 426 }
    { 181 427 }
    { 151 428 }
    { 183 429 }
    { 153 430 }
    { 185 431 }
    { 155 432 }
    { 187 433 }
    { 157 434 }
    { 189 435 }
    { 159 436 }
}
SAVED ENTRY
{
    193
    258
    195
    197
    199
    201
    203
    205
    207
    147
    149
    151
    153
    155
    157
    159
    161
    163
    165
    167
    169
    171
    173
    175
    179
    181
    183
    185
    187
    189
    191
}
EXIT VERSIONS
H{ }
SAVED EXIT
{
    193
    258
    195
    197
    199
    201
    203
    205
    207
    147
    149
    151
    153
    155
    157
    159
    161
    163
    165
    167
    169
    171
    173
    175
    179
    181
    183
    185
    187
    189
    191
}
SOURCE INSTRUCTIONS
BLOCK
0
T{ ##safepoint { insn# 0 } }
T{ ##prologue { insn# 1 } }
T{ ##branch { insn# 2 } }
BLOCK
1
T{ ##peek { dst 143 } { loc D: 0 } { insn# 3 } }
T{ ##load-double { dst 144 } { val 1.0 } { insn# 4 } }
T{ ##load-memory-imm
    { dst 324 }
    { base 143 }
    { offset 5 }
    { rep double-rep }
    { insn# 5 }
}
T{ ##add-float
    { dst 145 }
    { src1 324 }
    { src2 144 }
    { insn# 6 }
}
T{ ##load-double { dst 146 } { val 2.0 } { insn# 7 } }
T{ ##add-float
    { dst 147 }
    { src1 324 }
    { src2 146 }
    { insn# 8 }
}
T{ ##load-double { dst 148 } { val 3.0 } { insn# 9 } }
T{ ##add-float
    { dst 149 }
    { src1 324 }
    { src2 148 }
    { insn# 10 }
}
T{ ##load-double { dst 150 } { val 4.0 } { insn# 11 } }
T{ ##add-float
    { dst 151 }
    { src1 324 }
    { src2 150 }
    { insn# 12 }
}
T{ ##load-double { dst 152 } { val 5.0 } { insn# 13 } }
T{ ##add-float
    { dst 153 }
    { src1 324 }
    { src2 152 }
    { insn# 14 }
}
T{ ##load-double { dst 154 } { val 6.0 } { insn# 15 } }
T{ ##add-float
    { dst 155 }
    { src1 324 }
    { src2 154 }
    { insn# 16 }
}
T{ ##load-double { dst 156 } { val 7.0 } { insn# 17 } }
T{ ##add-float
    { dst 157 }
    { src1 324 }
    { src2 156 }
    { insn# 18 }
}
T{ ##load-double { dst 158 } { val 8.0 } { insn# 19 } }
T{ ##add-float
    { dst 159 }
    { src1 324 }
    { src2 158 }
    { insn# 20 }
}
T{ ##load-double { dst 160 } { val 9.0 } { insn# 21 } }
T{ ##add-float
    { dst 161 }
    { src1 324 }
    { src2 160 }
    { insn# 22 }
}
T{ ##load-double { dst 162 } { val 10.0 } { insn# 23 } }
T{ ##add-float
    { dst 163 }
    { src1 324 }
    { src2 162 }
    { insn# 24 }
}
T{ ##load-double { dst 164 } { val 11.0 } { insn# 25 } }
T{ ##add-float
    { dst 165 }
    { src1 324 }
    { src2 164 }
    { insn# 26 }
}
T{ ##load-double { dst 166 } { val 12.0 } { insn# 27 } }
T{ ##add-float
    { dst 167 }
    { src1 324 }
    { src2 166 }
    { insn# 28 }
}
T{ ##load-double { dst 168 } { val 13.0 } { insn# 29 } }
T{ ##add-float
    { dst 169 }
    { src1 324 }
    { src2 168 }
    { insn# 30 }
}
T{ ##load-double { dst 170 } { val 14.0 } { insn# 31 } }
T{ ##add-float
    { dst 171 }
    { src1 324 }
    { src2 170 }
    { insn# 32 }
}
T{ ##load-double { dst 172 } { val 15.0 } { insn# 33 } }
T{ ##spill
    { src 171 }
    { rep double-rep }
    { dst T{ spill-slot } }
}
T{ ##add-float
    { dst 173 }
    { src1 324 }
    { src2 172 }
    { insn# 34 }
}
T{ ##load-double { dst 174 } { val 16.0 } { insn# 35 } }
T{ ##spill
    { src 173 }
    { rep double-rep }
    { dst T{ spill-slot { n 8 } } }
}
T{ ##add-float
    { dst 175 }
    { src1 324 }
    { src2 174 }
    { insn# 36 }
}
T{ ##spill
    { src 175 }
    { rep double-rep }
    { dst T{ spill-slot { n 16 } } }
}
T{ ##load-double { dst 176 } { val 17.0 } { insn# 37 } }
T{ ##spill
    { src 169 }
    { rep double-rep }
    { dst T{ spill-slot { n 24 } } }
}
T{ ##add-float
    { dst 177 }
    { src1 324 }
    { src2 176 }
    { insn# 38 }
}
T{ ##load-double { dst 178 } { val 18.0 } { insn# 39 } }
T{ ##spill
    { src 167 }
    { rep double-rep }
    { dst T{ spill-slot { n 32 } } }
}
T{ ##add-float
    { dst 179 }
    { src1 324 }
    { src2 178 }
    { insn# 40 }
}
T{ ##load-double { dst 180 } { val 19.0 } { insn# 41 } }
T{ ##spill
    { src 165 }
    { rep double-rep }
    { dst T{ spill-slot { n 40 } } }
}
T{ ##add-float
    { dst 181 }
    { src1 324 }
    { src2 180 }
    { insn# 42 }
}
T{ ##load-double { dst 182 } { val 20.0 } { insn# 43 } }
T{ ##spill
    { src 163 }
    { rep double-rep }
    { dst T{ spill-slot { n 48 } } }
}
T{ ##add-float
    { dst 183 }
    { src1 324 }
    { src2 182 }
    { insn# 44 }
}
T{ ##load-double { dst 184 } { val 21.0 } { insn# 45 } }
T{ ##spill
    { src 161 }
    { rep double-rep }
    { dst T{ spill-slot { n 56 } } }
}
T{ ##add-float
    { dst 185 }
    { src1 324 }
    { src2 184 }
    { insn# 46 }
}
T{ ##load-double { dst 186 } { val 22.0 } { insn# 47 } }
T{ ##spill
    { src 159 }
    { rep double-rep }
    { dst T{ spill-slot { n 64 } } }
}
T{ ##add-float
    { dst 187 }
    { src1 324 }
    { src2 186 }
    { insn# 48 }
}
T{ ##load-double { dst 188 } { val 23.0 } { insn# 49 } }
T{ ##spill
    { src 157 }
    { rep double-rep }
    { dst T{ spill-slot { n 72 } } }
}
T{ ##add-float
    { dst 189 }
    { src1 324 }
    { src2 188 }
    { insn# 50 }
}
T{ ##load-double { dst 190 } { val 24.0 } { insn# 51 } }
T{ ##spill
    { src 189 }
    { rep double-rep }
    { dst T{ spill-slot { n 80 } } }
}
T{ ##add-float
    { dst 191 }
    { src1 324 }
    { src2 190 }
    { insn# 52 }
}
T{ ##load-double { dst 192 } { val 25.0 } { insn# 53 } }
T{ ##spill
    { src 191 }
    { rep double-rep }
    { dst T{ spill-slot { n 88 } } }
}
T{ ##add-float
    { dst 193 }
    { src1 324 }
    { src2 192 }
    { insn# 54 }
}
T{ ##load-double { dst 194 } { val 26.0 } { insn# 55 } }
T{ ##spill
    { src 193 }
    { rep double-rep }
    { dst T{ spill-slot { n 96 } } }
}
T{ ##add-float
    { dst 195 }
    { src1 324 }
    { src2 194 }
    { insn# 56 }
}
T{ ##load-double { dst 196 } { val 27.0 } { insn# 57 } }
T{ ##spill
    { src 195 }
    { rep double-rep }
    { dst T{ spill-slot { n 104 } } }
}
T{ ##add-float
    { dst 197 }
    { src1 324 }
    { src2 196 }
    { insn# 58 }
}
T{ ##load-double { dst 198 } { val 28.0 } { insn# 59 } }
T{ ##spill
    { src 197 }
    { rep double-rep }
    { dst T{ spill-slot { n 112 } } }
}
T{ ##add-float
    { dst 199 }
    { src1 324 }
    { src2 198 }
    { insn# 60 }
}
T{ ##load-double { dst 200 } { val 29.0 } { insn# 61 } }
T{ ##spill
    { src 199 }
    { rep double-rep }
    { dst T{ spill-slot { n 120 } } }
}
T{ ##add-float
    { dst 201 }
    { src1 324 }
    { src2 200 }
    { insn# 62 }
}
T{ ##load-double { dst 202 } { val 30.0 } { insn# 63 } }
T{ ##spill
    { src 201 }
    { rep double-rep }
    { dst T{ spill-slot { n 128 } } }
}
T{ ##add-float
    { dst 203 }
    { src1 324 }
    { src2 202 }
    { insn# 64 }
}
T{ ##load-double { dst 204 } { val 31.0 } { insn# 65 } }
T{ ##spill
    { src 203 }
    { rep double-rep }
    { dst T{ spill-slot { n 136 } } }
}
T{ ##add-float
    { dst 205 }
    { src1 324 }
    { src2 204 }
    { insn# 66 }
}
T{ ##load-double { dst 206 } { val 32.0 } { insn# 67 } }
T{ ##spill
    { src 205 }
    { rep double-rep }
    { dst T{ spill-slot { n 144 } } }
}
T{ ##add-float
    { dst 207 }
    { src1 324 }
    { src2 206 }
    { insn# 68 }
}
T{ ##inc { loc D: 3 } { insn# 69 } }
T{ ##inc { loc R: 30 } { insn# 70 } }
T{ ##compare-float-ordered-branch
    { src1 324 }
    { src2 174 }
    { cc cc< }
    { insn# 71 }
}
BLOCK
2
T{ ##reload
    { dst 454 }
    { rep double-rep }
    { src T{ spill-slot { n 72 } } }
}
T{ ##reload
    { dst 455 }
    { rep double-rep }
    { src T{ spill-slot { n 80 } } }
}
T{ ##reload
    { dst 456 }
    { rep double-rep }
    { src T{ spill-slot { n 64 } } }
}
T{ ##branch }
BLOCK
3
{ 360 { 207 } }
{ 348 { 145 } }
{ 349 { 177 } }
{ 350 { 147 } }
{ 351 { 179 } }
{ 352 { 149 } }
{ 353 { 181 } }
{ 354 { 151 } }
{ 355 { 183 } }
{ 356 { 153 } }
{ 357 { 185 } }
{ 358 { 155 } }
{ 359 { 187 } }
{ 361 { 454 } }
{ 362 { 455 } }
{ 363 { 456 } }
T{ ##mul-float
    { dst 249 }
    { src1 348 }
    { src2 349 }
    { insn# 72 }
}
T{ ##inc { loc D: -3 } { insn# 73 } }
T{ ##branch { insn# 74 } }
BLOCK
4
T{ ##reload
    { dst 460 }
    { rep double-rep }
    { src T{ spill-slot { n 88 } } }
}
T{ ##branch }
BLOCK
5
T{ ##reload
    { dst 457 }
    { rep double-rep }
    { src T{ spill-slot { n 72 } } }
}
T{ ##reload
    { dst 458 }
    { rep double-rep }
    { src T{ spill-slot { n 80 } } }
}
T{ ##reload
    { dst 459 }
    { rep double-rep }
    { src T{ spill-slot { n 64 } } }
}
T{ ##branch }
BLOCK
6
{ 376 { 207 } }
{ 364 { 145 } }
{ 365 { 177 } }
{ 366 { 147 } }
{ 367 { 179 } }
{ 368 { 149 } }
{ 369 { 181 } }
{ 370 { 151 } }
{ 371 { 183 } }
{ 372 { 153 } }
{ 373 { 185 } }
{ 374 { 155 } }
{ 375 { 187 } }
{ 377 { 457 } }
{ 378 { 458 } }
{ 379 { 459 } }
T{ ##add-float
    { dst 253 }
    { src1 364 }
    { src2 365 }
    { insn# 75 }
}
T{ ##inc { loc D: -3 } { insn# 76 } }
T{ ##branch { insn# 77 } }
BLOCK
7
T{ ##reload
    { dst 461 }
    { rep double-rep }
    { src T{ spill-slot { n 88 } } }
}
T{ ##branch }
BLOCK
8
{ 394 { 460 461 } }
{ 258 { 249 253 } }
{ 393 { 360 376 } }
{ 381 { 351 367 } }
{ 380 { 350 366 } }
{ 382 { 352 368 } }
{ 383 { 353 369 } }
{ 384 { 354 370 } }
{ 385 { 355 371 } }
{ 386 { 356 372 } }
{ 387 { 357 373 } }
{ 388 { 358 374 } }
{ 389 { 359 375 } }
{ 390 { 361 377 } }
{ 391 { 362 378 } }
{ 392 { 363 379 } }
T{ ##check-nursery-branch
    { size 16 }
    { cc cc<= }
    { temp1 327 }
    { temp2 328 }
    { insn# 79 }
}
BLOCK
9
T{ ##spill
    { src 258 }
    { rep double-rep }
    { dst T{ spill-slot { n 152 } } }
}
T{ ##spill
    { src 393 }
    { rep double-rep }
    { dst T{ spill-slot { n 160 } } }
}
T{ ##spill
    { src 380 }
    { rep double-rep }
    { dst T{ spill-slot { n 176 } } }
}
T{ ##spill
    { src 382 }
    { rep double-rep }
    { dst T{ spill-slot { n 184 } } }
}
T{ ##spill
    { src 384 }
    { rep double-rep }
    { dst T{ spill-slot { n 200 } } }
}
T{ ##spill
    { src 386 }
    { rep double-rep }
    { dst T{ spill-slot { n 216 } } }
}
T{ ##spill
    { src 388 }
    { rep double-rep }
    { dst T{ spill-slot { n 232 } } }
}
T{ ##spill
    { src 381 }
    { rep double-rep }
    { dst T{ spill-slot { n 168 } } }
}
T{ ##spill
    { src 383 }
    { rep double-rep }
    { dst T{ spill-slot { n 192 } } }
}
T{ ##spill
    { src 385 }
    { rep double-rep }
    { dst T{ spill-slot { n 208 } } }
}
T{ ##spill
    { src 387 }
    { rep double-rep }
    { dst T{ spill-slot { n 224 } } }
}
T{ ##spill
    { src 389 }
    { rep double-rep }
    { dst T{ spill-slot { n 240 } } }
}
T{ ##reload
    { dst 462 }
    { rep double-rep }
    { src T{ spill-slot { n 56 } } }
}
T{ ##branch }
BLOCK
10
{ 409 { 394 } }
{ 397 { 258 } }
{ 410 { 393 } }
{ 396 { 381 } }
{ 395 { 380 } }
{ 398 { 382 } }
{ 399 { 383 } }
{ 400 { 384 } }
{ 401 { 385 } }
{ 402 { 386 } }
{ 403 { 387 } }
{ 404 { 388 } }
{ 405 { 389 } }
{ 406 { 390 } }
{ 407 { 391 } }
{ 408 { 392 } }
T{ ##clear { loc R: 29 } }
T{ ##clear { loc R: 28 } }
T{ ##clear { loc R: 27 } }
T{ ##clear { loc R: 26 } }
T{ ##clear { loc R: 25 } }
T{ ##clear { loc R: 24 } }
T{ ##clear { loc R: 23 } }
T{ ##clear { loc R: 22 } }
T{ ##clear { loc R: 21 } }
T{ ##clear { loc R: 20 } }
T{ ##clear { loc R: 19 } }
T{ ##clear { loc R: 18 } }
T{ ##clear { loc R: 17 } }
T{ ##clear { loc R: 16 } }
T{ ##clear { loc R: 15 } }
T{ ##clear { loc R: 14 } }
T{ ##clear { loc R: 13 } }
T{ ##clear { loc R: 12 } }
T{ ##clear { loc R: 11 } }
T{ ##clear { loc R: 10 } }
T{ ##clear { loc R: 9 } }
T{ ##clear { loc R: 8 } }
T{ ##clear { loc R: 7 } }
T{ ##clear { loc R: 6 } }
T{ ##clear { loc R: 5 } }
T{ ##clear { loc R: 4 } }
T{ ##clear { loc R: 3 } }
T{ ##clear { loc R: 2 } }
T{ ##clear { loc R: 1 } }
T{ ##clear { loc R: 0 } }
T{ ##spill
    { src 397 }
    { rep double-rep }
    { dst T{ spill-slot { n 152 } } }
}
T{ ##spill
    { src 410 }
    { rep double-rep }
    { dst T{ spill-slot { n 160 } } }
}
T{ ##spill
    { src 396 }
    { rep double-rep }
    { dst T{ spill-slot { n 168 } } }
}
T{ ##spill
    { src 395 }
    { rep double-rep }
    { dst T{ spill-slot { n 176 } } }
}
T{ ##spill
    { src 398 }
    { rep double-rep }
    { dst T{ spill-slot { n 184 } } }
}
T{ ##spill
    { src 399 }
    { rep double-rep }
    { dst T{ spill-slot { n 192 } } }
}
T{ ##spill
    { src 400 }
    { rep double-rep }
    { dst T{ spill-slot { n 200 } } }
}
T{ ##spill
    { src 401 }
    { rep double-rep }
    { dst T{ spill-slot { n 208 } } }
}
T{ ##spill
    { src 402 }
    { rep double-rep }
    { dst T{ spill-slot { n 216 } } }
}
T{ ##spill
    { src 403 }
    { rep double-rep }
    { dst T{ spill-slot { n 224 } } }
}
T{ ##spill
    { src 404 }
    { rep double-rep }
    { dst T{ spill-slot { n 232 } } }
}
T{ ##spill
    { src 405 }
    { rep double-rep }
    { dst T{ spill-slot { n 240 } } }
}
T{ ##call-gc
    { gc-map
        T{ gc-map { gc-roots { } } { derived-roots V{ } } }
    }
    { insn# 80 }
}
T{ ##branch { insn# 81 } }
BLOCK
11
T{ ##reload
    { dst 463 }
    { rep double-rep }
    { src T{ spill-slot { n 88 } } }
}
T{ ##reload
    { dst 464 }
    { rep double-rep }
    { src T{ spill-slot { n 56 } } }
}
T{ ##reload
    { dst 465 }
    { rep double-rep }
    { src T{ spill-slot { n 152 } } }
}
T{ ##reload
    { dst 466 }
    { rep double-rep }
    { src T{ spill-slot { n 168 } } }
}
T{ ##reload
    { dst 467 }
    { rep double-rep }
    { src T{ spill-slot { n 176 } } }
}
T{ ##reload
    { dst 468 }
    { rep double-rep }
    { src T{ spill-slot { n 184 } } }
}
T{ ##reload
    { dst 469 }
    { rep double-rep }
    { src T{ spill-slot { n 192 } } }
}
T{ ##reload
    { dst 470 }
    { rep double-rep }
    { src T{ spill-slot { n 200 } } }
}
T{ ##reload
    { dst 471 }
    { rep double-rep }
    { src T{ spill-slot { n 208 } } }
}
T{ ##reload
    { dst 472 }
    { rep double-rep }
    { src T{ spill-slot { n 216 } } }
}
T{ ##reload
    { dst 473 }
    { rep double-rep }
    { src T{ spill-slot { n 224 } } }
}
T{ ##reload
    { dst 474 }
    { rep double-rep }
    { src T{ spill-slot { n 232 } } }
}
T{ ##reload
    { dst 475 }
    { rep double-rep }
    { src T{ spill-slot { n 240 } } }
}
T{ ##reload
    { dst 476 }
    { rep double-rep }
    { src T{ spill-slot { n 72 } } }
}
T{ ##reload
    { dst 477 }
    { rep double-rep }
    { src T{ spill-slot { n 80 } } }
}
T{ ##reload
    { dst 478 }
    { rep double-rep }
    { src T{ spill-slot { n 64 } } }
}
T{ ##branch }
BLOCK
12
{ 437 { 463 394 } }
{ 438 { 464 462 } }
{ 425 { 465 258 } }
{ 424 { 466 381 } }
{ 423 { 467 380 } }
{ 426 { 468 382 } }
{ 427 { 469 383 } }
{ 428 { 470 384 } }
{ 429 { 471 385 } }
{ 430 { 472 386 } }
{ 431 { 473 387 } }
{ 432 { 474 388 } }
{ 433 { 475 389 } }
{ 434 { 476 390 } }
{ 435 { 477 391 } }
{ 436 { 478 392 } }
T{ ##mul-float
    { dst 262 }
    { src1 423 }
    { src2 424 }
    { insn# 82 }
}
T{ ##add-float
    { dst 263 }
    { src1 425 }
    { src2 262 }
    { insn# 83 }
}
T{ ##mul-float
    { dst 264 }
    { src1 426 }
    { src2 427 }
    { insn# 84 }
}
T{ ##add-float
    { dst 265 }
    { src1 263 }
    { src2 264 }
    { insn# 85 }
}
T{ ##mul-float
    { dst 266 }
    { src1 428 }
    { src2 429 }
    { insn# 86 }
}
T{ ##add-float
    { dst 267 }
    { src1 265 }
    { src2 266 }
    { insn# 87 }
}
T{ ##mul-float
    { dst 268 }
    { src1 430 }
    { src2 431 }
    { insn# 88 }
}
T{ ##add-float
    { dst 269 }
    { src1 267 }
    { src2 268 }
    { insn# 89 }
}
T{ ##mul-float
    { dst 270 }
    { src1 432 }
    { src2 433 }
    { insn# 90 }
}
T{ ##add-float
    { dst 271 }
    { src1 269 }
    { src2 270 }
    { insn# 91 }
}
T{ ##mul-float
    { dst 272 }
    { src1 434 }
    { src2 435 }
    { insn# 92 }
}
T{ ##add-float
    { dst 273 }
    { src1 271 }
    { src2 272 }
    { insn# 93 }
}
T{ ##mul-float
    { dst 274 }
    { src1 436 }
    { src2 437 }
    { insn# 94 }
}
T{ ##add-float
    { dst 275 }
    { src1 273 }
    { src2 274 }
    { insn# 95 }
}
T{ ##reload
    { dst 439 }
    { rep double-rep }
    { src T{ spill-slot { n 96 } } }
}
T{ ##mul-float
    { dst 276 }
    { src1 438 }
    { src2 439 }
    { insn# 96 }
}
T{ ##add-float
    { dst 277 }
    { src1 275 }
    { src2 276 }
    { insn# 97 }
}
T{ ##reload
    { dst 440 }
    { rep double-rep }
    { src T{ spill-slot { n 48 } } }
}
T{ ##reload
    { dst 441 }
    { rep double-rep }
    { src T{ spill-slot { n 104 } } }
}
T{ ##mul-float
    { dst 278 }
    { src1 440 }
    { src2 441 }
    { insn# 98 }
}
T{ ##add-float
    { dst 279 }
    { src1 277 }
    { src2 278 }
    { insn# 99 }
}
T{ ##reload
    { dst 442 }
    { rep double-rep }
    { src T{ spill-slot { n 40 } } }
}
T{ ##reload
    { dst 443 }
    { rep double-rep }
    { src T{ spill-slot { n 112 } } }
}
T{ ##mul-float
    { dst 280 }
    { src1 442 }
    { src2 443 }
    { insn# 100 }
}
T{ ##add-float
    { dst 281 }
    { src1 279 }
    { src2 280 }
    { insn# 101 }
}
T{ ##reload
    { dst 444 }
    { rep double-rep }
    { src T{ spill-slot { n 32 } } }
}
T{ ##reload
    { dst 445 }
    { rep double-rep }
    { src T{ spill-slot { n 120 } } }
}
T{ ##mul-float
    { dst 282 }
    { src1 444 }
    { src2 445 }
    { insn# 102 }
}
T{ ##add-float
    { dst 283 }
    { src1 281 }
    { src2 282 }
    { insn# 103 }
}
T{ ##reload
    { dst 446 }
    { rep double-rep }
    { src T{ spill-slot { n 24 } } }
}
T{ ##reload
    { dst 447 }
    { rep double-rep }
    { src T{ spill-slot { n 128 } } }
}
T{ ##mul-float
    { dst 284 }
    { src1 446 }
    { src2 447 }
    { insn# 104 }
}
T{ ##add-float
    { dst 285 }
    { src1 283 }
    { src2 284 }
    { insn# 105 }
}
T{ ##reload
    { dst 448 }
    { rep double-rep }
    { src T{ spill-slot } }
}
T{ ##reload
    { dst 449 }
    { rep double-rep }
    { src T{ spill-slot { n 136 } } }
}
T{ ##mul-float
    { dst 286 }
    { src1 448 }
    { src2 449 }
    { insn# 106 }
}
T{ ##add-float
    { dst 287 }
    { src1 285 }
    { src2 286 }
    { insn# 107 }
}
T{ ##reload
    { dst 450 }
    { rep double-rep }
    { src T{ spill-slot { n 8 } } }
}
T{ ##reload
    { dst 451 }
    { rep double-rep }
    { src T{ spill-slot { n 144 } } }
}
T{ ##mul-float
    { dst 288 }
    { src1 450 }
    { src2 451 }
    { insn# 108 }
}
T{ ##add-float
    { dst 289 }
    { src1 287 }
    { src2 288 }
    { insn# 109 }
}
T{ ##reload
    { dst 452 }
    { rep double-rep }
    { src T{ spill-slot { n 16 } } }
}
T{ ##reload
    { dst 453 }
    { rep double-rep }
    { src T{ spill-slot { n 160 } } }
}
T{ ##mul-float
    { dst 290 }
    { src1 452 }
    { src2 453 }
    { insn# 110 }
}
T{ ##add-float
    { dst 325 }
    { src1 289 }
    { src2 290 }
    { insn# 111 }
}
T{ ##allot
    { dst 291 }
    { size 16 }
    { class-of float }
    { temp 326 }
    { insn# 112 }
}
T{ ##store-memory-imm
    { src 325 }
    { base 291 }
    { offset 5 }
    { rep double-rep }
    { insn# 113 }
}
T{ ##inc { loc R: -30 } { insn# 114 } }
T{ ##replace { src 291 } { loc D: 0 } { insn# 115 } }
T{ ##branch { insn# 116 } }
BLOCK
13
T{ ##safepoint { insn# 117 } }
T{ ##epilogue { insn# 118 } }
T{ ##return { insn# 119 } }
H{
    { "input" "branch-pressure" }
    {
        "procedures"
        V{
            H{
                {
                    "allocation"
                    H{
                        { "post-spill-chordal?" t }
                        { "edge-blocks" 6 }
                        { "chordal?" t }
                        { "color-assignments" 222 }
                        { "vertices" 222 }
                        { "repair-phis" 79 }
                        { "pressure-stores" 43 }
                        { "edges" 1811 }
                        { "repair-assignments" 0 }
                        { "pressure-decisions" 297 }
                        { "algorithm" "decoupled-ssa-chordal" }
                        { "fallback-count" 0 }
                        { "reload-definitions" 40 }
                    }
                }
                {
                    "passes"
                    {
                        H{
                            { "reloads" 0 }
                            { "instructions" 195 }
                            { "pass" "optimize-tail-calls" }
                            { "frame-bytes" 0 }
                            { "spill-bytes" 0 }
                            { "blocks" 8 }
                            { "copies" 78 }
                            { "spills" 0 }
                            { "nanoseconds" 3336 }
                        }
                        H{
                            { "reloads" 0 }
                            { "instructions" 195 }
                            {
                                "pass"
                                "delete-useless-conditionals"
                            }
                            { "frame-bytes" 0 }
                            { "spill-bytes" 0 }
                            { "blocks" 8 }
                            { "copies" 78 }
                            { "spills" 0 }
                            { "nanoseconds" 921 }
                        }
                        H{
                            { "reloads" 0 }
                            { "instructions" 195 }
                            { "pass" "split-branches" }
                            { "frame-bytes" 0 }
                            { "spill-bytes" 0 }
                            { "blocks" 8 }
                            { "copies" 78 }
                            { "spills" 0 }
                            { "nanoseconds" 2255 }
                        }
                        H{
                            { "reloads" 0 }
                            { "instructions" 193 }
                            { "pass" "join-blocks" }
                            { "frame-bytes" 0 }
                            { "spill-bytes" 0 }
                            { "blocks" 6 }
                            { "copies" 78 }
                            { "spills" 0 }
                            { "nanoseconds" 2865 }
                        }
                        H{
                            { "reloads" 0 }
                            { "instructions" 114 }
                            { "pass" "optimize-ssa" }
                            { "frame-bytes" 0 }
                            { "spill-bytes" 0 }
                            { "blocks" 6 }
                            { "copies" 0 }
                            { "spills" 0 }
                            { "nanoseconds" 377087 }
                        }
                        H{
                            { "reloads" 0 }
                            { "instructions" 117 }
                            { "pass" "select-representations" }
                            { "frame-bytes" 0 }
                            { "spill-bytes" 0 }
                            { "blocks" 6 }
                            { "copies" 0 }
                            { "spills" 0 }
                            { "nanoseconds" 147606 }
                        }
                        H{
                            { "reloads" 0 }
                            { "instructions" 120 }
                            { "pass" "insert-gc-checks" }
                            { "frame-bytes" 0 }
                            { "spill-bytes" 0 }
                            { "blocks" 8 }
                            { "copies" 0 }
                            { "spills" 0 }
                            { "nanoseconds" 7234 }
                        }
                        H{
                            { "reloads" 0 }
                            { "instructions" 120 }
                            {
                                "pass"
                                "eliminate-write-barriers"
                            }
                            { "frame-bytes" 0 }
                            { "spill-bytes" 0 }
                            { "blocks" 8 }
                            { "copies" 0 }
                            { "spills" 0 }
                            { "nanoseconds" 3116 }
                        }
                        H{
                            { "reloads" 0 }
                            { "instructions" 150 }
                            { "pass" "clear-uninitialized" }
                            { "frame-bytes" 0 }
                            { "spill-bytes" 0 }
                            { "blocks" 8 }
                            { "copies" 0 }
                            { "spills" 0 }
                            { "nanoseconds" 53110 }
                        }
                        H{
                            { "reloads" 0 }
                            { "instructions" 150 }
                            { "pass" "insert-save-contexts" }
                            { "frame-bytes" 0 }
                            { "spill-bytes" 0 }
                            { "blocks" 8 }
                            { "copies" 0 }
                            { "spills" 0 }
                            { "nanoseconds" 2024 }
                        }
                        H{
                            { "reloads" 45 }
                            { "instructions" 262 }
                            { "pass" "allocate-registers" }
                            { "frame-bytes" 0 }
                            { "spill-bytes" 256 }
                            { "blocks" 19 }
                            { "copies" 9 }
                            { "spills" 48 }
                            { "nanoseconds" 27039994 }
                        }
                        H{
                            { "reloads" 45 }
                            { "instructions" 262 }
                            { "pass" "build-stack-frame" }
                            { "frame-bytes" 272 }
                            { "spill-bytes" 256 }
                            { "blocks" 19 }
                            { "copies" 9 }
                            { "spills" 48 }
                            { "nanoseconds" 12333 }
                        }
                    }
                }
                { "code-bytes" 2256 }
                { "codegen-nanoseconds" 231243 }
            }
        }
    }
    { "allocator" "chordal-allocator" }
    { "frontend-nanoseconds" 4408430 }
}
EXECUTED
SOURCE SPILL PLANS
BLOCK
0
ENTRY VERSIONS
H{ }
SAVED ENTRY
{ }
EXIT VERSIONS
H{ }
SAVED EXIT
{ }
BLOCK
3
ENTRY VERSIONS
H{
    { 685 854 }
    { 655 843 }
    { 623 842 }
    { 625 844 }
    { 657 845 }
    { 627 846 }
    { 659 847 }
    { 629 848 }
    { 661 849 }
    { 631 850 }
    { 663 851 }
    { 633 852 }
    { 665 853 }
    { 635 855 }
    { 667 856 }
    { 637 857 }
}
SAVED ENTRY
{
    639
    641
    673
    643
    675
    645
    677
    647
    679
    649
    681
    651
    683
    653
    667
    635
    637
    669
    671
}
EXIT VERSIONS
H{
    { 685 854 }
    { 625 844 }
    { 657 845 }
    { 627 846 }
    { 659 847 }
    { 629 848 }
    { 661 849 }
    { 631 850 }
    { 663 851 }
    { 633 852 }
    { 665 853 }
    { 635 855 }
    { 667 856 }
    { 637 857 }
    { 731 731 }
}
SAVED EXIT
{
    639
    641
    673
    643
    675
    645
    677
    647
    679
    649
    681
    651
    683
    653
    667
    635
    637
    669
    671
}
BLOCK
7
ENTRY VERSIONS
H{ }
SAVED ENTRY
{ }
EXIT VERSIONS
H{ }
SAVED EXIT
{ }
BLOCK
2
ENTRY VERSIONS
H{
    { 685 838 }
    { 655 827 }
    { 623 826 }
    { 625 828 }
    { 657 829 }
    { 627 830 }
    { 659 831 }
    { 629 832 }
    { 661 833 }
    { 631 834 }
    { 663 835 }
    { 633 836 }
    { 665 837 }
    { 635 839 }
    { 667 840 }
    { 637 841 }
}
SAVED ENTRY
{
    639
    641
    673
    643
    675
    645
    677
    647
    679
    649
    681
    651
    683
    653
    667
    635
    637
    669
    671
}
EXIT VERSIONS
H{
    { 727 727 }
    { 685 838 }
    { 625 828 }
    { 657 829 }
    { 627 830 }
    { 659 831 }
    { 629 832 }
    { 661 833 }
    { 631 834 }
    { 663 835 }
    { 633 836 }
    { 665 837 }
    { 635 839 }
    { 667 840 }
    { 637 841 }
}
SAVED EXIT
{
    639
    641
    673
    643
    675
    645
    677
    647
    679
    649
    681
    651
    683
    653
    667
    635
    637
    669
    671
}
BLOCK
1
ENTRY VERSIONS
H{ }
SAVED ENTRY
{ }
EXIT VERSIONS
H{
    { 685 685 }
    { 623 623 }
    { 655 655 }
    { 625 625 }
    { 657 657 }
    { 627 627 }
    { 659 659 }
    { 629 629 }
    { 661 661 }
    { 631 631 }
    { 663 663 }
    { 633 633 }
    { 665 665 }
}
SAVED EXIT
{
    671
    641
    673
    643
    675
    645
    677
    647
    679
    649
    681
    651
    683
    653
    635
    667
    637
    669
    639
}
BLOCK
4
ENTRY VERSIONS
H{
    { 736 736 }
    { 685 871 }
    { 625 858 }
    { 657 859 }
    { 627 860 }
    { 659 861 }
    { 629 862 }
    { 661 863 }
    { 631 864 }
    { 663 865 }
    { 633 866 }
    { 665 867 }
    { 635 868 }
    { 667 869 }
    { 637 870 }
    { 669 872 }
}
SAVED ENTRY
{
    639
    641
    673
    643
    675
    645
    677
    647
    679
    649
    681
    651
    683
    653
    667
    635
    637
    669
    671
}
EXIT VERSIONS
H{
    { 736 736 }
    { 685 871 }
    { 625 858 }
    { 657 859 }
    { 627 860 }
    { 659 861 }
    { 629 862 }
    { 661 863 }
    { 631 864 }
    { 663 865 }
    { 633 866 }
    { 665 867 }
    { 635 868 }
    { 667 869 }
    { 637 870 }
    { 669 872 }
}
SAVED EXIT
{
    639
    641
    673
    643
    675
    645
    677
    647
    679
    649
    681
    651
    683
    653
    667
    635
    637
    669
    671
}
BLOCK
5
ENTRY VERSIONS
H{
    { 736 875 }
    { 685 888 }
    { 625 873 }
    { 657 874 }
    { 627 876 }
    { 659 877 }
    { 629 878 }
    { 661 879 }
    { 631 880 }
    { 663 881 }
    { 633 882 }
    { 665 883 }
    { 635 884 }
    { 667 885 }
    { 637 886 }
    { 669 887 }
}
SAVED ENTRY
{
    639
    641
    673
    643
    675
    645
    677
    647
    679
    649
    681
    651
    683
    653
    667
    635
    637
    669
    671
}
EXIT VERSIONS
H{ }
SAVED EXIT
{
    641
    643
    645
    647
    649
    651
    653
    657
    659
    661
    663
    665
    667
    669
    671
    736
    673
    675
    677
    679
    681
    683
    685
    625
    627
    629
    631
    633
    635
    637
    639
}
BLOCK
6
ENTRY VERSIONS
H{
    { 736 903 }
    { 625 901 }
    { 657 902 }
    { 627 904 }
    { 659 905 }
    { 629 906 }
    { 661 907 }
    { 631 908 }
    { 663 909 }
    { 633 910 }
    { 665 911 }
    { 635 912 }
    { 667 913 }
    { 637 914 }
    { 669 915 }
    { 639 916 }
}
SAVED ENTRY
{
    641
    643
    645
    647
    649
    651
    653
    657
    659
    661
    663
    665
    667
    669
    671
    736
    673
    675
    677
    679
    681
    683
    685
    625
    627
    629
    631
    633
    635
    637
    639
}
EXIT VERSIONS
H{ }
SAVED EXIT
{
    641
    643
    645
    647
    649
    651
    653
    657
    659
    661
    663
    665
    667
    669
    671
    736
    673
    675
    677
    679
    681
    683
    685
    625
    627
    629
    631
    633
    635
    637
    639
}
SOURCE INSTRUCTIONS
BLOCK
0
T{ ##safepoint { insn# 0 } }
T{ ##prologue { insn# 1 } }
T{ ##branch { insn# 2 } }
BLOCK
1
T{ ##peek { dst 621 } { loc D: 0 } { insn# 3 } }
T{ ##load-double { dst 622 } { val 1.0 } { insn# 4 } }
T{ ##load-memory-imm
    { dst 802 }
    { base 621 }
    { offset 5 }
    { rep double-rep }
    { insn# 5 }
}
T{ ##add-float
    { dst 623 }
    { src1 802 }
    { src2 622 }
    { insn# 6 }
}
T{ ##load-double { dst 624 } { val 2.0 } { insn# 7 } }
T{ ##add-float
    { dst 625 }
    { src1 802 }
    { src2 624 }
    { insn# 8 }
}
T{ ##load-double { dst 626 } { val 3.0 } { insn# 9 } }
T{ ##add-float
    { dst 627 }
    { src1 802 }
    { src2 626 }
    { insn# 10 }
}
T{ ##load-double { dst 628 } { val 4.0 } { insn# 11 } }
T{ ##add-float
    { dst 629 }
    { src1 802 }
    { src2 628 }
    { insn# 12 }
}
T{ ##load-double { dst 630 } { val 5.0 } { insn# 13 } }
T{ ##add-float
    { dst 631 }
    { src1 802 }
    { src2 630 }
    { insn# 14 }
}
T{ ##load-double { dst 632 } { val 6.0 } { insn# 15 } }
T{ ##add-float
    { dst 633 }
    { src1 802 }
    { src2 632 }
    { insn# 16 }
}
T{ ##load-double { dst 634 } { val 7.0 } { insn# 17 } }
T{ ##add-float
    { dst 635 }
    { src1 802 }
    { src2 634 }
    { insn# 18 }
}
T{ ##load-double { dst 636 } { val 8.0 } { insn# 19 } }
T{ ##add-float
    { dst 637 }
    { src1 802 }
    { src2 636 }
    { insn# 20 }
}
T{ ##load-double { dst 638 } { val 9.0 } { insn# 21 } }
T{ ##add-float
    { dst 639 }
    { src1 802 }
    { src2 638 }
    { insn# 22 }
}
T{ ##load-double { dst 640 } { val 10.0 } { insn# 23 } }
T{ ##add-float
    { dst 641 }
    { src1 802 }
    { src2 640 }
    { insn# 24 }
}
T{ ##load-double { dst 642 } { val 11.0 } { insn# 25 } }
T{ ##add-float
    { dst 643 }
    { src1 802 }
    { src2 642 }
    { insn# 26 }
}
T{ ##load-double { dst 644 } { val 12.0 } { insn# 27 } }
T{ ##add-float
    { dst 645 }
    { src1 802 }
    { src2 644 }
    { insn# 28 }
}
T{ ##load-double { dst 646 } { val 13.0 } { insn# 29 } }
T{ ##add-float
    { dst 647 }
    { src1 802 }
    { src2 646 }
    { insn# 30 }
}
T{ ##load-double { dst 648 } { val 14.0 } { insn# 31 } }
T{ ##add-float
    { dst 649 }
    { src1 802 }
    { src2 648 }
    { insn# 32 }
}
T{ ##load-double { dst 650 } { val 15.0 } { insn# 33 } }
T{ ##spill
    { src 649 }
    { rep double-rep }
    { dst T{ spill-slot } }
}
T{ ##add-float
    { dst 651 }
    { src1 802 }
    { src2 650 }
    { insn# 34 }
}
T{ ##load-double { dst 652 } { val 16.0 } { insn# 35 } }
T{ ##spill
    { src 651 }
    { rep double-rep }
    { dst T{ spill-slot { n 8 } } }
}
T{ ##add-float
    { dst 653 }
    { src1 802 }
    { src2 652 }
    { insn# 36 }
}
T{ ##spill
    { src 653 }
    { rep double-rep }
    { dst T{ spill-slot { n 16 } } }
}
T{ ##load-double { dst 654 } { val 17.0 } { insn# 37 } }
T{ ##spill
    { src 647 }
    { rep double-rep }
    { dst T{ spill-slot { n 24 } } }
}
T{ ##add-float
    { dst 655 }
    { src1 802 }
    { src2 654 }
    { insn# 38 }
}
T{ ##load-double { dst 656 } { val 18.0 } { insn# 39 } }
T{ ##spill
    { src 645 }
    { rep double-rep }
    { dst T{ spill-slot { n 32 } } }
}
T{ ##add-float
    { dst 657 }
    { src1 802 }
    { src2 656 }
    { insn# 40 }
}
T{ ##load-double { dst 658 } { val 19.0 } { insn# 41 } }
T{ ##spill
    { src 643 }
    { rep double-rep }
    { dst T{ spill-slot { n 40 } } }
}
T{ ##add-float
    { dst 659 }
    { src1 802 }
    { src2 658 }
    { insn# 42 }
}
T{ ##load-double { dst 660 } { val 20.0 } { insn# 43 } }
T{ ##spill
    { src 641 }
    { rep double-rep }
    { dst T{ spill-slot { n 48 } } }
}
T{ ##add-float
    { dst 661 }
    { src1 802 }
    { src2 660 }
    { insn# 44 }
}
T{ ##load-double { dst 662 } { val 21.0 } { insn# 45 } }
T{ ##spill
    { src 639 }
    { rep double-rep }
    { dst T{ spill-slot { n 56 } } }
}
T{ ##add-float
    { dst 663 }
    { src1 802 }
    { src2 662 }
    { insn# 46 }
}
T{ ##load-double { dst 664 } { val 22.0 } { insn# 47 } }
T{ ##spill
    { src 637 }
    { rep double-rep }
    { dst T{ spill-slot { n 64 } } }
}
T{ ##add-float
    { dst 665 }
    { src1 802 }
    { src2 664 }
    { insn# 48 }
}
T{ ##load-double { dst 666 } { val 23.0 } { insn# 49 } }
T{ ##spill
    { src 635 }
    { rep double-rep }
    { dst T{ spill-slot { n 72 } } }
}
T{ ##add-float
    { dst 667 }
    { src1 802 }
    { src2 666 }
    { insn# 50 }
}
T{ ##load-double { dst 668 } { val 24.0 } { insn# 51 } }
T{ ##spill
    { src 667 }
    { rep double-rep }
    { dst T{ spill-slot { n 80 } } }
}
T{ ##add-float
    { dst 669 }
    { src1 802 }
    { src2 668 }
    { insn# 52 }
}
T{ ##load-double { dst 670 } { val 25.0 } { insn# 53 } }
T{ ##spill
    { src 669 }
    { rep double-rep }
    { dst T{ spill-slot { n 88 } } }
}
T{ ##add-float
    { dst 671 }
    { src1 802 }
    { src2 670 }
    { insn# 54 }
}
T{ ##load-double { dst 672 } { val 26.0 } { insn# 55 } }
T{ ##spill
    { src 671 }
    { rep double-rep }
    { dst T{ spill-slot { n 96 } } }
}
T{ ##add-float
    { dst 673 }
    { src1 802 }
    { src2 672 }
    { insn# 56 }
}
T{ ##load-double { dst 674 } { val 27.0 } { insn# 57 } }
T{ ##spill
    { src 673 }
    { rep double-rep }
    { dst T{ spill-slot { n 104 } } }
}
T{ ##add-float
    { dst 675 }
    { src1 802 }
    { src2 674 }
    { insn# 58 }
}
T{ ##load-double { dst 676 } { val 28.0 } { insn# 59 } }
T{ ##spill
    { src 675 }
    { rep double-rep }
    { dst T{ spill-slot { n 112 } } }
}
T{ ##add-float
    { dst 677 }
    { src1 802 }
    { src2 676 }
    { insn# 60 }
}
T{ ##load-double { dst 678 } { val 29.0 } { insn# 61 } }
T{ ##spill
    { src 677 }
    { rep double-rep }
    { dst T{ spill-slot { n 120 } } }
}
T{ ##add-float
    { dst 679 }
    { src1 802 }
    { src2 678 }
    { insn# 62 }
}
T{ ##load-double { dst 680 } { val 30.0 } { insn# 63 } }
T{ ##spill
    { src 679 }
    { rep double-rep }
    { dst T{ spill-slot { n 128 } } }
}
T{ ##add-float
    { dst 681 }
    { src1 802 }
    { src2 680 }
    { insn# 64 }
}
T{ ##load-double { dst 682 } { val 31.0 } { insn# 65 } }
T{ ##spill
    { src 681 }
    { rep double-rep }
    { dst T{ spill-slot { n 136 } } }
}
T{ ##add-float
    { dst 683 }
    { src1 802 }
    { src2 682 }
    { insn# 66 }
}
T{ ##load-double { dst 684 } { val 32.0 } { insn# 67 } }
T{ ##spill
    { src 683 }
    { rep double-rep }
    { dst T{ spill-slot { n 144 } } }
}
T{ ##add-float
    { dst 685 }
    { src1 802 }
    { src2 684 }
    { insn# 68 }
}
T{ ##inc { loc D: 3 } { insn# 69 } }
T{ ##inc { loc R: 30 } { insn# 70 } }
T{ ##compare-float-ordered-branch
    { src1 802 }
    { src2 652 }
    { cc cc< }
    { insn# 71 }
}
BLOCK
2
T{ ##reload
    { dst 932 }
    { rep double-rep }
    { src T{ spill-slot { n 72 } } }
}
T{ ##reload
    { dst 933 }
    { rep double-rep }
    { src T{ spill-slot { n 80 } } }
}
T{ ##reload
    { dst 934 }
    { rep double-rep }
    { src T{ spill-slot { n 64 } } }
}
T{ ##branch }
BLOCK
3
{ 838 { 685 } }
{ 827 { 655 } }
{ 826 { 623 } }
{ 828 { 625 } }
{ 829 { 657 } }
{ 830 { 627 } }
{ 831 { 659 } }
{ 832 { 629 } }
{ 833 { 661 } }
{ 834 { 631 } }
{ 835 { 663 } }
{ 836 { 633 } }
{ 837 { 665 } }
{ 839 { 932 } }
{ 840 { 933 } }
{ 841 { 934 } }
T{ ##mul-float
    { dst 727 }
    { src1 826 }
    { src2 827 }
    { insn# 72 }
}
T{ ##inc { loc D: -3 } { insn# 73 } }
T{ ##branch { insn# 74 } }
BLOCK
4
T{ ##reload
    { dst 938 }
    { rep double-rep }
    { src T{ spill-slot { n 88 } } }
}
T{ ##branch }
BLOCK
5
T{ ##reload
    { dst 935 }
    { rep double-rep }
    { src T{ spill-slot { n 72 } } }
}
T{ ##reload
    { dst 936 }
    { rep double-rep }
    { src T{ spill-slot { n 80 } } }
}
T{ ##reload
    { dst 937 }
    { rep double-rep }
    { src T{ spill-slot { n 64 } } }
}
T{ ##branch }
BLOCK
6
{ 854 { 685 } }
{ 843 { 655 } }
{ 842 { 623 } }
{ 844 { 625 } }
{ 845 { 657 } }
{ 846 { 627 } }
{ 847 { 659 } }
{ 848 { 629 } }
{ 849 { 661 } }
{ 850 { 631 } }
{ 851 { 663 } }
{ 852 { 633 } }
{ 853 { 665 } }
{ 855 { 935 } }
{ 856 { 936 } }
{ 857 { 937 } }
T{ ##add-float
    { dst 731 }
    { src1 842 }
    { src2 843 }
    { insn# 75 }
}
T{ ##inc { loc D: -3 } { insn# 76 } }
T{ ##branch { insn# 77 } }
BLOCK
7
T{ ##reload
    { dst 939 }
    { rep double-rep }
    { src T{ spill-slot { n 88 } } }
}
T{ ##branch }
BLOCK
8
{ 736 { 727 731 } }
{ 871 { 838 854 } }
{ 858 { 828 844 } }
{ 859 { 829 845 } }
{ 860 { 830 846 } }
{ 861 { 831 847 } }
{ 862 { 832 848 } }
{ 863 { 833 849 } }
{ 864 { 834 850 } }
{ 865 { 835 851 } }
{ 866 { 836 852 } }
{ 867 { 837 853 } }
{ 868 { 839 855 } }
{ 869 { 840 856 } }
{ 870 { 841 857 } }
{ 872 { 938 939 } }
T{ ##check-nursery-branch
    { size 16 }
    { cc cc<= }
    { temp1 805 }
    { temp2 806 }
    { insn# 79 }
}
BLOCK
9
T{ ##spill
    { src 859 }
    { rep double-rep }
    { dst T{ spill-slot { n 176 } } }
}
T{ ##spill
    { src 861 }
    { rep double-rep }
    { dst T{ spill-slot { n 192 } } }
}
T{ ##spill
    { src 863 }
    { rep double-rep }
    { dst T{ spill-slot { n 208 } } }
}
T{ ##spill
    { src 865 }
    { rep double-rep }
    { dst T{ spill-slot { n 224 } } }
}
T{ ##spill
    { src 867 }
    { rep double-rep }
    { dst T{ spill-slot { n 240 } } }
}
T{ ##spill
    { src 736 }
    { rep double-rep }
    { dst T{ spill-slot { n 152 } } }
}
T{ ##spill
    { src 871 }
    { rep double-rep }
    { dst T{ spill-slot { n 160 } } }
}
T{ ##spill
    { src 858 }
    { rep double-rep }
    { dst T{ spill-slot { n 168 } } }
}
T{ ##spill
    { src 860 }
    { rep double-rep }
    { dst T{ spill-slot { n 184 } } }
}
T{ ##spill
    { src 862 }
    { rep double-rep }
    { dst T{ spill-slot { n 200 } } }
}
T{ ##spill
    { src 864 }
    { rep double-rep }
    { dst T{ spill-slot { n 216 } } }
}
T{ ##spill
    { src 866 }
    { rep double-rep }
    { dst T{ spill-slot { n 232 } } }
}
T{ ##reload
    { dst 940 }
    { rep double-rep }
    { src T{ spill-slot { n 56 } } }
}
T{ ##branch }
BLOCK
10
{ 875 { 736 } }
{ 888 { 871 } }
{ 873 { 858 } }
{ 874 { 859 } }
{ 876 { 860 } }
{ 877 { 861 } }
{ 878 { 862 } }
{ 879 { 863 } }
{ 880 { 864 } }
{ 881 { 865 } }
{ 882 { 866 } }
{ 883 { 867 } }
{ 884 { 868 } }
{ 885 { 869 } }
{ 886 { 870 } }
{ 887 { 872 } }
T{ ##clear { loc R: 29 } }
T{ ##clear { loc R: 28 } }
T{ ##clear { loc R: 27 } }
T{ ##clear { loc R: 26 } }
T{ ##clear { loc R: 25 } }
T{ ##clear { loc R: 24 } }
T{ ##clear { loc R: 23 } }
T{ ##clear { loc R: 22 } }
T{ ##clear { loc R: 21 } }
T{ ##clear { loc R: 20 } }
T{ ##clear { loc R: 19 } }
T{ ##clear { loc R: 18 } }
T{ ##clear { loc R: 17 } }
T{ ##clear { loc R: 16 } }
T{ ##clear { loc R: 15 } }
T{ ##clear { loc R: 14 } }
T{ ##clear { loc R: 13 } }
T{ ##clear { loc R: 12 } }
T{ ##clear { loc R: 11 } }
T{ ##clear { loc R: 10 } }
T{ ##clear { loc R: 9 } }
T{ ##clear { loc R: 8 } }
T{ ##clear { loc R: 7 } }
T{ ##clear { loc R: 6 } }
T{ ##clear { loc R: 5 } }
T{ ##clear { loc R: 4 } }
T{ ##clear { loc R: 3 } }
T{ ##clear { loc R: 2 } }
T{ ##clear { loc R: 1 } }
T{ ##clear { loc R: 0 } }
T{ ##spill
    { src 875 }
    { rep double-rep }
    { dst T{ spill-slot { n 152 } } }
}
T{ ##spill
    { src 888 }
    { rep double-rep }
    { dst T{ spill-slot { n 160 } } }
}
T{ ##spill
    { src 873 }
    { rep double-rep }
    { dst T{ spill-slot { n 168 } } }
}
T{ ##spill
    { src 874 }
    { rep double-rep }
    { dst T{ spill-slot { n 176 } } }
}
T{ ##spill
    { src 876 }
    { rep double-rep }
    { dst T{ spill-slot { n 184 } } }
}
T{ ##spill
    { src 877 }
    { rep double-rep }
    { dst T{ spill-slot { n 192 } } }
}
T{ ##spill
    { src 878 }
    { rep double-rep }
    { dst T{ spill-slot { n 200 } } }
}
T{ ##spill
    { src 879 }
    { rep double-rep }
    { dst T{ spill-slot { n 208 } } }
}
T{ ##spill
    { src 880 }
    { rep double-rep }
    { dst T{ spill-slot { n 216 } } }
}
T{ ##spill
    { src 881 }
    { rep double-rep }
    { dst T{ spill-slot { n 224 } } }
}
T{ ##spill
    { src 882 }
    { rep double-rep }
    { dst T{ spill-slot { n 232 } } }
}
T{ ##spill
    { src 883 }
    { rep double-rep }
    { dst T{ spill-slot { n 240 } } }
}
T{ ##call-gc
    { gc-map
        T{ gc-map { gc-roots { } } { derived-roots V{ } } }
    }
    { insn# 80 }
}
T{ ##branch { insn# 81 } }
BLOCK
11
T{ ##reload
    { dst 941 }
    { rep double-rep }
    { src T{ spill-slot { n 152 } } }
}
T{ ##reload
    { dst 942 }
    { rep double-rep }
    { src T{ spill-slot { n 168 } } }
}
T{ ##reload
    { dst 943 }
    { rep double-rep }
    { src T{ spill-slot { n 176 } } }
}
T{ ##reload
    { dst 944 }
    { rep double-rep }
    { src T{ spill-slot { n 184 } } }
}
T{ ##reload
    { dst 945 }
    { rep double-rep }
    { src T{ spill-slot { n 192 } } }
}
T{ ##reload
    { dst 946 }
    { rep double-rep }
    { src T{ spill-slot { n 200 } } }
}
T{ ##reload
    { dst 947 }
    { rep double-rep }
    { src T{ spill-slot { n 208 } } }
}
T{ ##reload
    { dst 948 }
    { rep double-rep }
    { src T{ spill-slot { n 216 } } }
}
T{ ##reload
    { dst 949 }
    { rep double-rep }
    { src T{ spill-slot { n 224 } } }
}
T{ ##reload
    { dst 950 }
    { rep double-rep }
    { src T{ spill-slot { n 232 } } }
}
T{ ##reload
    { dst 951 }
    { rep double-rep }
    { src T{ spill-slot { n 240 } } }
}
T{ ##reload
    { dst 952 }
    { rep double-rep }
    { src T{ spill-slot { n 72 } } }
}
T{ ##reload
    { dst 953 }
    { rep double-rep }
    { src T{ spill-slot { n 80 } } }
}
T{ ##reload
    { dst 954 }
    { rep double-rep }
    { src T{ spill-slot { n 64 } } }
}
T{ ##reload
    { dst 955 }
    { rep double-rep }
    { src T{ spill-slot { n 88 } } }
}
T{ ##reload
    { dst 956 }
    { rep double-rep }
    { src T{ spill-slot { n 56 } } }
}
T{ ##branch }
BLOCK
12
{ 903 { 736 941 } }
{ 901 { 858 942 } }
{ 902 { 859 943 } }
{ 904 { 860 944 } }
{ 905 { 861 945 } }
{ 906 { 862 946 } }
{ 907 { 863 947 } }
{ 908 { 864 948 } }
{ 909 { 865 949 } }
{ 910 { 866 950 } }
{ 911 { 867 951 } }
{ 912 { 868 952 } }
{ 913 { 869 953 } }
{ 914 { 870 954 } }
{ 915 { 872 955 } }
{ 916 { 940 956 } }
T{ ##mul-float
    { dst 740 }
    { src1 901 }
    { src2 902 }
    { insn# 82 }
}
T{ ##add-float
    { dst 741 }
    { src1 903 }
    { src2 740 }
    { insn# 83 }
}
T{ ##mul-float
    { dst 742 }
    { src1 904 }
    { src2 905 }
    { insn# 84 }
}
T{ ##add-float
    { dst 743 }
    { src1 741 }
    { src2 742 }
    { insn# 85 }
}
T{ ##mul-float
    { dst 744 }
    { src1 906 }
    { src2 907 }
    { insn# 86 }
}
T{ ##add-float
    { dst 745 }
    { src1 743 }
    { src2 744 }
    { insn# 87 }
}
T{ ##mul-float
    { dst 746 }
    { src1 908 }
    { src2 909 }
    { insn# 88 }
}
T{ ##add-float
    { dst 747 }
    { src1 745 }
    { src2 746 }
    { insn# 89 }
}
T{ ##mul-float
    { dst 748 }
    { src1 910 }
    { src2 911 }
    { insn# 90 }
}
T{ ##add-float
    { dst 749 }
    { src1 747 }
    { src2 748 }
    { insn# 91 }
}
T{ ##mul-float
    { dst 750 }
    { src1 912 }
    { src2 913 }
    { insn# 92 }
}
T{ ##add-float
    { dst 751 }
    { src1 749 }
    { src2 750 }
    { insn# 93 }
}
T{ ##mul-float
    { dst 752 }
    { src1 914 }
    { src2 915 }
    { insn# 94 }
}
T{ ##add-float
    { dst 753 }
    { src1 751 }
    { src2 752 }
    { insn# 95 }
}
T{ ##reload
    { dst 917 }
    { rep double-rep }
    { src T{ spill-slot { n 96 } } }
}
T{ ##mul-float
    { dst 754 }
    { src1 916 }
    { src2 917 }
    { insn# 96 }
}
T{ ##add-float
    { dst 755 }
    { src1 753 }
    { src2 754 }
    { insn# 97 }
}
T{ ##reload
    { dst 918 }
    { rep double-rep }
    { src T{ spill-slot { n 48 } } }
}
T{ ##reload
    { dst 919 }
    { rep double-rep }
    { src T{ spill-slot { n 104 } } }
}
T{ ##mul-float
    { dst 756 }
    { src1 918 }
    { src2 919 }
    { insn# 98 }
}
T{ ##add-float
    { dst 757 }
    { src1 755 }
    { src2 756 }
    { insn# 99 }
}
T{ ##reload
    { dst 920 }
    { rep double-rep }
    { src T{ spill-slot { n 40 } } }
}
T{ ##reload
    { dst 921 }
    { rep double-rep }
    { src T{ spill-slot { n 112 } } }
}
T{ ##mul-float
    { dst 758 }
    { src1 920 }
    { src2 921 }
    { insn# 100 }
}
T{ ##add-float
    { dst 759 }
    { src1 757 }
    { src2 758 }
    { insn# 101 }
}
T{ ##reload
    { dst 922 }
    { rep double-rep }
    { src T{ spill-slot { n 32 } } }
}
T{ ##reload
    { dst 923 }
    { rep double-rep }
    { src T{ spill-slot { n 120 } } }
}
T{ ##mul-float
    { dst 760 }
    { src1 922 }
    { src2 923 }
    { insn# 102 }
}
T{ ##add-float
    { dst 761 }
    { src1 759 }
    { src2 760 }
    { insn# 103 }
}
T{ ##reload
    { dst 924 }
    { rep double-rep }
    { src T{ spill-slot { n 24 } } }
}
T{ ##reload
    { dst 925 }
    { rep double-rep }
    { src T{ spill-slot { n 128 } } }
}
T{ ##mul-float
    { dst 762 }
    { src1 924 }
    { src2 925 }
    { insn# 104 }
}
T{ ##add-float
    { dst 763 }
    { src1 761 }
    { src2 762 }
    { insn# 105 }
}
T{ ##reload
    { dst 926 }
    { rep double-rep }
    { src T{ spill-slot } }
}
T{ ##reload
    { dst 927 }
    { rep double-rep }
    { src T{ spill-slot { n 136 } } }
}
T{ ##mul-float
    { dst 764 }
    { src1 926 }
    { src2 927 }
    { insn# 106 }
}
T{ ##add-float
    { dst 765 }
    { src1 763 }
    { src2 764 }
    { insn# 107 }
}
T{ ##reload
    { dst 928 }
    { rep double-rep }
    { src T{ spill-slot { n 8 } } }
}
T{ ##reload
    { dst 929 }
    { rep double-rep }
    { src T{ spill-slot { n 144 } } }
}
T{ ##mul-float
    { dst 766 }
    { src1 928 }
    { src2 929 }
    { insn# 108 }
}
T{ ##add-float
    { dst 767 }
    { src1 765 }
    { src2 766 }
    { insn# 109 }
}
T{ ##reload
    { dst 930 }
    { rep double-rep }
    { src T{ spill-slot { n 16 } } }
}
T{ ##reload
    { dst 931 }
    { rep double-rep }
    { src T{ spill-slot { n 160 } } }
}
T{ ##mul-float
    { dst 768 }
    { src1 930 }
    { src2 931 }
    { insn# 110 }
}
T{ ##add-float
    { dst 803 }
    { src1 767 }
    { src2 768 }
    { insn# 111 }
}
T{ ##allot
    { dst 769 }
    { size 16 }
    { class-of float }
    { temp 804 }
    { insn# 112 }
}
T{ ##store-memory-imm
    { src 803 }
    { base 769 }
    { offset 5 }
    { rep double-rep }
    { insn# 113 }
}
T{ ##inc { loc R: -30 } { insn# 114 } }
T{ ##replace { src 769 } { loc D: 0 } { insn# 115 } }
T{ ##branch { insn# 116 } }
BLOCK
13
T{ ##safepoint { insn# 117 } }
T{ ##epilogue { insn# 118 } }
T{ ##return { insn# 119 } }
SOURCE SPILL PLANS
BLOCK
3
ENTRY VERSIONS
H{
    { 1163 1332 }
    { 1101 1320 }
    { 1133 1321 }
    { 1103 1322 }
    { 1135 1323 }
    { 1105 1324 }
    { 1137 1325 }
    { 1107 1326 }
    { 1139 1327 }
    { 1109 1328 }
    { 1141 1329 }
    { 1111 1330 }
    { 1143 1331 }
    { 1113 1333 }
    { 1145 1334 }
    { 1115 1335 }
}
SAVED ENTRY
{
    1151
    1153
    1121
    1155
    1123
    1157
    1125
    1159
    1127
    1161
    1129
    1131
    1113
    1145
    1115
    1147
    1117
    1149
    1119
}
EXIT VERSIONS
H{
    { 1163 1332 }
    { 1103 1322 }
    { 1135 1323 }
    { 1105 1324 }
    { 1137 1325 }
    { 1107 1326 }
    { 1139 1327 }
    { 1109 1328 }
    { 1141 1329 }
    { 1111 1330 }
    { 1143 1331 }
    { 1113 1333 }
    { 1145 1334 }
    { 1115 1335 }
    { 1209 1209 }
}
SAVED EXIT
{
    1151
    1153
    1121
    1155
    1123
    1157
    1125
    1159
    1127
    1161
    1129
    1131
    1113
    1145
    1115
    1147
    1117
    1149
    1119
}
BLOCK
7
ENTRY VERSIONS
H{ }
SAVED ENTRY
{ }
EXIT VERSIONS
H{ }
SAVED EXIT
{ }
BLOCK
2
ENTRY VERSIONS
H{
    { 1163 1316 }
    { 1101 1304 }
    { 1133 1305 }
    { 1103 1306 }
    { 1135 1307 }
    { 1105 1308 }
    { 1137 1309 }
    { 1107 1310 }
    { 1139 1311 }
    { 1109 1312 }
    { 1141 1313 }
    { 1111 1314 }
    { 1143 1315 }
    { 1113 1317 }
    { 1145 1318 }
    { 1115 1319 }
}
SAVED ENTRY
{
    1151
    1153
    1121
    1155
    1123
    1157
    1125
    1159
    1127
    1161
    1129
    1131
    1113
    1145
    1115
    1147
    1117
    1149
    1119
}
EXIT VERSIONS
H{
    { 1163 1316 }
    { 1103 1306 }
    { 1135 1307 }
    { 1105 1308 }
    { 1137 1309 }
    { 1107 1310 }
    { 1139 1311 }
    { 1109 1312 }
    { 1141 1313 }
    { 1111 1314 }
    { 1143 1315 }
    { 1113 1317 }
    { 1145 1318 }
    { 1115 1319 }
    { 1205 1205 }
}
SAVED EXIT
{
    1151
    1153
    1121
    1155
    1123
    1157
    1125
    1159
    1127
    1161
    1129
    1131
    1113
    1145
    1115
    1147
    1117
    1149
    1119
}
BLOCK
1
ENTRY VERSIONS
H{ }
SAVED ENTRY
{ }
EXIT VERSIONS
H{
    { 1163 1163 }
    { 1101 1101 }
    { 1133 1133 }
    { 1103 1103 }
    { 1135 1135 }
    { 1105 1105 }
    { 1137 1137 }
    { 1107 1107 }
    { 1139 1139 }
    { 1109 1109 }
    { 1141 1141 }
    { 1111 1111 }
    { 1143 1143 }
}
SAVED EXIT
{
    1151
    1121
    1153
    1123
    1155
    1125
    1157
    1127
    1159
    1129
    1161
    1131
    1113
    1145
    1115
    1147
    1117
    1149
    1119
}
BLOCK
4
ENTRY VERSIONS
H{
    { 1217 1217 }
    { 1163 1349 }
    { 1135 1337 }
    { 1103 1336 }
    { 1105 1338 }
    { 1137 1339 }
    { 1107 1340 }
    { 1139 1341 }
    { 1109 1342 }
    { 1141 1343 }
    { 1111 1344 }
    { 1143 1345 }
    { 1113 1346 }
    { 1145 1347 }
    { 1115 1348 }
    { 1147 1350 }
}
SAVED ENTRY
{
    1151
    1153
    1121
    1155
    1123
    1157
    1125
    1159
    1127
    1161
    1129
    1131
    1113
    1145
    1115
    1147
    1117
    1149
    1119
}
EXIT VERSIONS
H{
    { 1217 1217 }
    { 1163 1349 }
    { 1135 1337 }
    { 1103 1336 }
    { 1105 1338 }
    { 1137 1339 }
    { 1107 1340 }
    { 1139 1341 }
    { 1109 1342 }
    { 1141 1343 }
    { 1111 1344 }
    { 1143 1345 }
    { 1113 1346 }
    { 1145 1347 }
    { 1115 1348 }
    { 1147 1350 }
}
SAVED EXIT
{
    1151
    1153
    1121
    1155
    1123
    1157
    1125
    1159
    1127
    1161
    1129
    1131
    1113
    1145
    1115
    1147
    1117
    1149
    1119
}
BLOCK
5
ENTRY VERSIONS
H{
    { 1217 1353 }
    { 1163 1366 }
    { 1135 1352 }
    { 1103 1351 }
    { 1105 1354 }
    { 1137 1355 }
    { 1107 1356 }
    { 1139 1357 }
    { 1109 1358 }
    { 1141 1359 }
    { 1111 1360 }
    { 1143 1361 }
    { 1113 1362 }
    { 1145 1363 }
    { 1115 1364 }
    { 1147 1365 }
}
SAVED ENTRY
{
    1151
    1153
    1121
    1155
    1123
    1157
    1125
    1159
    1127
    1161
    1129
    1131
    1113
    1145
    1115
    1147
    1117
    1149
    1119
}
EXIT VERSIONS
H{ }
SAVED EXIT
{
    1153
    1217
    1155
    1157
    1159
    1161
    1163
    1103
    1105
    1107
    1109
    1111
    1113
    1115
    1117
    1119
    1121
    1123
    1125
    1127
    1129
    1131
    1135
    1137
    1139
    1141
    1143
    1145
    1147
    1149
    1151
}
BLOCK
6
ENTRY VERSIONS
H{
    { 1217 1381 }
    { 1135 1380 }
    { 1103 1379 }
    { 1105 1382 }
    { 1137 1383 }
    { 1107 1384 }
    { 1139 1385 }
    { 1109 1386 }
    { 1141 1387 }
    { 1111 1388 }
    { 1143 1389 }
    { 1113 1390 }
    { 1145 1391 }
    { 1115 1392 }
    { 1147 1393 }
    { 1117 1394 }
}
SAVED ENTRY
{
    1217
    1153
    1155
    1157
    1159
    1161
    1163
    1103
    1105
    1107
    1109
    1111
    1113
    1115
    1117
    1119
    1121
    1123
    1125
    1127
    1129
    1131
    1135
    1137
    1139
    1141
    1143
    1145
    1147
    1149
    1151
}
EXIT VERSIONS
H{ }
SAVED EXIT
{
    1217
    1153
    1155
    1157
    1159
    1161
    1163
    1103
    1105
    1107
    1109
    1111
    1113
    1115
    1117
    1119
    1121
    1123
    1125
    1127
    1129
    1131
    1135
    1137
    1139
    1141
    1143
    1145
    1147
    1149
    1151
}
BLOCK
0
ENTRY VERSIONS
H{ }
SAVED ENTRY
{ }
EXIT VERSIONS
H{ }
SAVED EXIT
{ }
SOURCE INSTRUCTIONS
BLOCK
0
T{ ##safepoint { insn# 0 } }
T{ ##prologue { insn# 1 } }
T{ ##branch { insn# 2 } }
BLOCK
1
T{ ##peek { dst 1099 } { loc D: 0 } { insn# 3 } }
T{ ##load-double { dst 1100 } { val 1.0 } { insn# 4 } }
T{ ##load-memory-imm
    { dst 1280 }
    { base 1099 }
    { offset 5 }
    { rep double-rep }
    { insn# 5 }
}
T{ ##add-float
    { dst 1101 }
    { src1 1280 }
    { src2 1100 }
    { insn# 6 }
}
T{ ##load-double { dst 1102 } { val 2.0 } { insn# 7 } }
T{ ##add-float
    { dst 1103 }
    { src1 1280 }
    { src2 1102 }
    { insn# 8 }
}
T{ ##load-double { dst 1104 } { val 3.0 } { insn# 9 } }
T{ ##add-float
    { dst 1105 }
    { src1 1280 }
    { src2 1104 }
    { insn# 10 }
}
T{ ##load-double { dst 1106 } { val 4.0 } { insn# 11 } }
T{ ##add-float
    { dst 1107 }
    { src1 1280 }
    { src2 1106 }
    { insn# 12 }
}
T{ ##load-double { dst 1108 } { val 5.0 } { insn# 13 } }
T{ ##add-float
    { dst 1109 }
    { src1 1280 }
    { src2 1108 }
    { insn# 14 }
}
T{ ##load-double { dst 1110 } { val 6.0 } { insn# 15 } }
T{ ##add-float
    { dst 1111 }
    { src1 1280 }
    { src2 1110 }
    { insn# 16 }
}
T{ ##load-double { dst 1112 } { val 7.0 } { insn# 17 } }
T{ ##add-float
    { dst 1113 }
    { src1 1280 }
    { src2 1112 }
    { insn# 18 }
}
T{ ##load-double { dst 1114 } { val 8.0 } { insn# 19 } }
T{ ##add-float
    { dst 1115 }
    { src1 1280 }
    { src2 1114 }
    { insn# 20 }
}
T{ ##load-double { dst 1116 } { val 9.0 } { insn# 21 } }
T{ ##add-float
    { dst 1117 }
    { src1 1280 }
    { src2 1116 }
    { insn# 22 }
}
T{ ##load-double { dst 1118 } { val 10.0 } { insn# 23 } }
T{ ##add-float
    { dst 1119 }
    { src1 1280 }
    { src2 1118 }
    { insn# 24 }
}
T{ ##load-double { dst 1120 } { val 11.0 } { insn# 25 } }
T{ ##add-float
    { dst 1121 }
    { src1 1280 }
    { src2 1120 }
    { insn# 26 }
}
T{ ##load-double { dst 1122 } { val 12.0 } { insn# 27 } }
T{ ##add-float
    { dst 1123 }
    { src1 1280 }
    { src2 1122 }
    { insn# 28 }
}
T{ ##load-double { dst 1124 } { val 13.0 } { insn# 29 } }
T{ ##add-float
    { dst 1125 }
    { src1 1280 }
    { src2 1124 }
    { insn# 30 }
}
T{ ##load-double { dst 1126 } { val 14.0 } { insn# 31 } }
T{ ##add-float
    { dst 1127 }
    { src1 1280 }
    { src2 1126 }
    { insn# 32 }
}
T{ ##load-double { dst 1128 } { val 15.0 } { insn# 33 } }
T{ ##spill
    { src 1127 }
    { rep double-rep }
    { dst T{ spill-slot } }
}
T{ ##add-float
    { dst 1129 }
    { src1 1280 }
    { src2 1128 }
    { insn# 34 }
}
T{ ##load-double { dst 1130 } { val 16.0 } { insn# 35 } }
T{ ##spill
    { src 1129 }
    { rep double-rep }
    { dst T{ spill-slot { n 8 } } }
}
T{ ##add-float
    { dst 1131 }
    { src1 1280 }
    { src2 1130 }
    { insn# 36 }
}
T{ ##spill
    { src 1131 }
    { rep double-rep }
    { dst T{ spill-slot { n 16 } } }
}
T{ ##load-double { dst 1132 } { val 17.0 } { insn# 37 } }
T{ ##spill
    { src 1125 }
    { rep double-rep }
    { dst T{ spill-slot { n 24 } } }
}
T{ ##add-float
    { dst 1133 }
    { src1 1280 }
    { src2 1132 }
    { insn# 38 }
}
T{ ##load-double { dst 1134 } { val 18.0 } { insn# 39 } }
T{ ##spill
    { src 1123 }
    { rep double-rep }
    { dst T{ spill-slot { n 32 } } }
}
T{ ##add-float
    { dst 1135 }
    { src1 1280 }
    { src2 1134 }
    { insn# 40 }
}
T{ ##load-double { dst 1136 } { val 19.0 } { insn# 41 } }
T{ ##spill
    { src 1121 }
    { rep double-rep }
    { dst T{ spill-slot { n 40 } } }
}
T{ ##add-float
    { dst 1137 }
    { src1 1280 }
    { src2 1136 }
    { insn# 42 }
}
T{ ##load-double { dst 1138 } { val 20.0 } { insn# 43 } }
T{ ##spill
    { src 1119 }
    { rep double-rep }
    { dst T{ spill-slot { n 48 } } }
}
T{ ##add-float
    { dst 1139 }
    { src1 1280 }
    { src2 1138 }
    { insn# 44 }
}
T{ ##load-double { dst 1140 } { val 21.0 } { insn# 45 } }
T{ ##spill
    { src 1117 }
    { rep double-rep }
    { dst T{ spill-slot { n 56 } } }
}
T{ ##add-float
    { dst 1141 }
    { src1 1280 }
    { src2 1140 }
    { insn# 46 }
}
T{ ##load-double { dst 1142 } { val 22.0 } { insn# 47 } }
T{ ##spill
    { src 1115 }
    { rep double-rep }
    { dst T{ spill-slot { n 64 } } }
}
T{ ##add-float
    { dst 1143 }
    { src1 1280 }
    { src2 1142 }
    { insn# 48 }
}
T{ ##load-double { dst 1144 } { val 23.0 } { insn# 49 } }
T{ ##spill
    { src 1113 }
    { rep double-rep }
    { dst T{ spill-slot { n 72 } } }
}
T{ ##add-float
    { dst 1145 }
    { src1 1280 }
    { src2 1144 }
    { insn# 50 }
}
T{ ##load-double { dst 1146 } { val 24.0 } { insn# 51 } }
T{ ##spill
    { src 1145 }
    { rep double-rep }
    { dst T{ spill-slot { n 80 } } }
}
T{ ##add-float
    { dst 1147 }
    { src1 1280 }
    { src2 1146 }
    { insn# 52 }
}
T{ ##load-double { dst 1148 } { val 25.0 } { insn# 53 } }
T{ ##spill
    { src 1147 }
    { rep double-rep }
    { dst T{ spill-slot { n 88 } } }
}
T{ ##add-float
    { dst 1149 }
    { src1 1280 }
    { src2 1148 }
    { insn# 54 }
}
T{ ##load-double { dst 1150 } { val 26.0 } { insn# 55 } }
T{ ##spill
    { src 1149 }
    { rep double-rep }
    { dst T{ spill-slot { n 96 } } }
}
T{ ##add-float
    { dst 1151 }
    { src1 1280 }
    { src2 1150 }
    { insn# 56 }
}
T{ ##load-double { dst 1152 } { val 27.0 } { insn# 57 } }
T{ ##spill
    { src 1151 }
    { rep double-rep }
    { dst T{ spill-slot { n 104 } } }
}
T{ ##add-float
    { dst 1153 }
    { src1 1280 }
    { src2 1152 }
    { insn# 58 }
}
T{ ##load-double { dst 1154 } { val 28.0 } { insn# 59 } }
T{ ##spill
    { src 1153 }
    { rep double-rep }
    { dst T{ spill-slot { n 112 } } }
}
T{ ##add-float
    { dst 1155 }
    { src1 1280 }
    { src2 1154 }
    { insn# 60 }
}
T{ ##load-double { dst 1156 } { val 29.0 } { insn# 61 } }
T{ ##spill
    { src 1155 }
    { rep double-rep }
    { dst T{ spill-slot { n 120 } } }
}
T{ ##add-float
    { dst 1157 }
    { src1 1280 }
    { src2 1156 }
    { insn# 62 }
}
T{ ##load-double { dst 1158 } { val 30.0 } { insn# 63 } }
T{ ##spill
    { src 1157 }
    { rep double-rep }
    { dst T{ spill-slot { n 128 } } }
}
T{ ##add-float
    { dst 1159 }
    { src1 1280 }
    { src2 1158 }
    { insn# 64 }
}
T{ ##load-double { dst 1160 } { val 31.0 } { insn# 65 } }
T{ ##spill
    { src 1159 }
    { rep double-rep }
    { dst T{ spill-slot { n 136 } } }
}
T{ ##add-float
    { dst 1161 }
    { src1 1280 }
    { src2 1160 }
    { insn# 66 }
}
T{ ##load-double { dst 1162 } { val 32.0 } { insn# 67 } }
T{ ##spill
    { src 1161 }
    { rep double-rep }
    { dst T{ spill-slot { n 144 } } }
}
T{ ##add-float
    { dst 1163 }
    { src1 1280 }
    { src2 1162 }
    { insn# 68 }
}
T{ ##inc { loc D: 3 } { insn# 69 } }
T{ ##inc { loc R: 30 } { insn# 70 } }
T{ ##compare-float-ordered-branch
    { src1 1280 }
    { src2 1130 }
    { cc cc< }
    { insn# 71 }
}
BLOCK
2
T{ ##reload
    { dst 1410 }
    { rep double-rep }
    { src T{ spill-slot { n 72 } } }
}
T{ ##reload
    { dst 1411 }
    { rep double-rep }
    { src T{ spill-slot { n 80 } } }
}
T{ ##reload
    { dst 1412 }
    { rep double-rep }
    { src T{ spill-slot { n 64 } } }
}
T{ ##branch }
BLOCK
3
{ 1316 { 1163 } }
{ 1304 { 1101 } }
{ 1305 { 1133 } }
{ 1306 { 1103 } }
{ 1307 { 1135 } }
{ 1308 { 1105 } }
{ 1309 { 1137 } }
{ 1310 { 1107 } }
{ 1311 { 1139 } }
{ 1312 { 1109 } }
{ 1313 { 1141 } }
{ 1314 { 1111 } }
{ 1315 { 1143 } }
{ 1317 { 1410 } }
{ 1318 { 1411 } }
{ 1319 { 1412 } }
T{ ##mul-float
    { dst 1205 }
    { src1 1304 }
    { src2 1305 }
    { insn# 72 }
}
T{ ##inc { loc D: -3 } { insn# 73 } }
T{ ##branch { insn# 74 } }
BLOCK
4
T{ ##reload
    { dst 1416 }
    { rep double-rep }
    { src T{ spill-slot { n 88 } } }
}
T{ ##branch }
BLOCK
5
T{ ##reload
    { dst 1413 }
    { rep double-rep }
    { src T{ spill-slot { n 72 } } }
}
T{ ##reload
    { dst 1414 }
    { rep double-rep }
    { src T{ spill-slot { n 80 } } }
}
T{ ##reload
    { dst 1415 }
    { rep double-rep }
    { src T{ spill-slot { n 64 } } }
}
T{ ##branch }
BLOCK
6
{ 1332 { 1163 } }
{ 1320 { 1101 } }
{ 1321 { 1133 } }
{ 1322 { 1103 } }
{ 1323 { 1135 } }
{ 1324 { 1105 } }
{ 1325 { 1137 } }
{ 1326 { 1107 } }
{ 1327 { 1139 } }
{ 1328 { 1109 } }
{ 1329 { 1141 } }
{ 1330 { 1111 } }
{ 1331 { 1143 } }
{ 1333 { 1413 } }
{ 1334 { 1414 } }
{ 1335 { 1415 } }
T{ ##add-float
    { dst 1209 }
    { src1 1320 }
    { src2 1321 }
    { insn# 75 }
}
T{ ##inc { loc D: -3 } { insn# 76 } }
T{ ##branch { insn# 77 } }
BLOCK
7
T{ ##reload
    { dst 1417 }
    { rep double-rep }
    { src T{ spill-slot { n 88 } } }
}
T{ ##branch }
BLOCK
8
{ 1217 { 1205 1209 } }
{ 1349 { 1316 1332 } }
{ 1337 { 1307 1323 } }
{ 1336 { 1306 1322 } }
{ 1338 { 1308 1324 } }
{ 1339 { 1309 1325 } }
{ 1340 { 1310 1326 } }
{ 1341 { 1311 1327 } }
{ 1342 { 1312 1328 } }
{ 1343 { 1313 1329 } }
{ 1344 { 1314 1330 } }
{ 1345 { 1315 1331 } }
{ 1346 { 1317 1333 } }
{ 1347 { 1318 1334 } }
{ 1348 { 1319 1335 } }
{ 1350 { 1416 1417 } }
T{ ##check-nursery-branch
    { size 16 }
    { cc cc<= }
    { temp1 1283 }
    { temp2 1284 }
    { insn# 79 }
}
BLOCK
9
T{ ##spill
    { src 1217 }
    { rep double-rep }
    { dst T{ spill-slot { n 152 } } }
}
T{ ##spill
    { src 1349 }
    { rep double-rep }
    { dst T{ spill-slot { n 160 } } }
}
T{ ##spill
    { src 1336 }
    { rep double-rep }
    { dst T{ spill-slot { n 176 } } }
}
T{ ##spill
    { src 1338 }
    { rep double-rep }
    { dst T{ spill-slot { n 184 } } }
}
T{ ##spill
    { src 1340 }
    { rep double-rep }
    { dst T{ spill-slot { n 200 } } }
}
T{ ##spill
    { src 1342 }
    { rep double-rep }
    { dst T{ spill-slot { n 216 } } }
}
T{ ##spill
    { src 1344 }
    { rep double-rep }
    { dst T{ spill-slot { n 232 } } }
}
T{ ##spill
    { src 1337 }
    { rep double-rep }
    { dst T{ spill-slot { n 168 } } }
}
T{ ##spill
    { src 1339 }
    { rep double-rep }
    { dst T{ spill-slot { n 192 } } }
}
T{ ##spill
    { src 1341 }
    { rep double-rep }
    { dst T{ spill-slot { n 208 } } }
}
T{ ##spill
    { src 1343 }
    { rep double-rep }
    { dst T{ spill-slot { n 224 } } }
}
T{ ##spill
    { src 1345 }
    { rep double-rep }
    { dst T{ spill-slot { n 240 } } }
}
T{ ##reload
    { dst 1418 }
    { rep double-rep }
    { src T{ spill-slot { n 56 } } }
}
T{ ##branch }
BLOCK
10
{ 1353 { 1217 } }
{ 1366 { 1349 } }
{ 1352 { 1337 } }
{ 1351 { 1336 } }
{ 1354 { 1338 } }
{ 1355 { 1339 } }
{ 1356 { 1340 } }
{ 1357 { 1341 } }
{ 1358 { 1342 } }
{ 1359 { 1343 } }
{ 1360 { 1344 } }
{ 1361 { 1345 } }
{ 1362 { 1346 } }
{ 1363 { 1347 } }
{ 1364 { 1348 } }
{ 1365 { 1350 } }
T{ ##clear { loc R: 29 } }
T{ ##clear { loc R: 28 } }
T{ ##clear { loc R: 27 } }
T{ ##clear { loc R: 26 } }
T{ ##clear { loc R: 25 } }
T{ ##clear { loc R: 24 } }
T{ ##clear { loc R: 23 } }
T{ ##clear { loc R: 22 } }
T{ ##clear { loc R: 21 } }
T{ ##clear { loc R: 20 } }
T{ ##clear { loc R: 19 } }
T{ ##clear { loc R: 18 } }
T{ ##clear { loc R: 17 } }
T{ ##clear { loc R: 16 } }
T{ ##clear { loc R: 15 } }
T{ ##clear { loc R: 14 } }
T{ ##clear { loc R: 13 } }
T{ ##clear { loc R: 12 } }
T{ ##clear { loc R: 11 } }
T{ ##clear { loc R: 10 } }
T{ ##clear { loc R: 9 } }
T{ ##clear { loc R: 8 } }
T{ ##clear { loc R: 7 } }
T{ ##clear { loc R: 6 } }
T{ ##clear { loc R: 5 } }
T{ ##clear { loc R: 4 } }
T{ ##clear { loc R: 3 } }
T{ ##clear { loc R: 2 } }
T{ ##clear { loc R: 1 } }
T{ ##clear { loc R: 0 } }
T{ ##spill
    { src 1353 }
    { rep double-rep }
    { dst T{ spill-slot { n 152 } } }
}
T{ ##spill
    { src 1366 }
    { rep double-rep }
    { dst T{ spill-slot { n 160 } } }
}
T{ ##spill
    { src 1352 }
    { rep double-rep }
    { dst T{ spill-slot { n 168 } } }
}
T{ ##spill
    { src 1351 }
    { rep double-rep }
    { dst T{ spill-slot { n 176 } } }
}
T{ ##spill
    { src 1354 }
    { rep double-rep }
    { dst T{ spill-slot { n 184 } } }
}
T{ ##spill
    { src 1355 }
    { rep double-rep }
    { dst T{ spill-slot { n 192 } } }
}
T{ ##spill
    { src 1356 }
    { rep double-rep }
    { dst T{ spill-slot { n 200 } } }
}
T{ ##spill
    { src 1357 }
    { rep double-rep }
    { dst T{ spill-slot { n 208 } } }
}
T{ ##spill
    { src 1358 }
    { rep double-rep }
    { dst T{ spill-slot { n 216 } } }
}
T{ ##spill
    { src 1359 }
    { rep double-rep }
    { dst T{ spill-slot { n 224 } } }
}
T{ ##spill
    { src 1360 }
    { rep double-rep }
    { dst T{ spill-slot { n 232 } } }
}
T{ ##spill
    { src 1361 }
    { rep double-rep }
    { dst T{ spill-slot { n 240 } } }
}
T{ ##call-gc
    { gc-map
        T{ gc-map { gc-roots { } } { derived-roots V{ } } }
    }
    { insn# 80 }
}
T{ ##branch { insn# 81 } }
BLOCK
11
T{ ##reload
    { dst 1419 }
    { rep double-rep }
    { src T{ spill-slot { n 152 } } }
}
T{ ##reload
    { dst 1420 }
    { rep double-rep }
    { src T{ spill-slot { n 168 } } }
}
T{ ##reload
    { dst 1421 }
    { rep double-rep }
    { src T{ spill-slot { n 176 } } }
}
T{ ##reload
    { dst 1422 }
    { rep double-rep }
    { src T{ spill-slot { n 184 } } }
}
T{ ##reload
    { dst 1423 }
    { rep double-rep }
    { src T{ spill-slot { n 192 } } }
}
T{ ##reload
    { dst 1424 }
    { rep double-rep }
    { src T{ spill-slot { n 200 } } }
}
T{ ##reload
    { dst 1425 }
    { rep double-rep }
    { src T{ spill-slot { n 208 } } }
}
T{ ##reload
    { dst 1426 }
    { rep double-rep }
    { src T{ spill-slot { n 216 } } }
}
T{ ##reload
    { dst 1427 }
    { rep double-rep }
    { src T{ spill-slot { n 224 } } }
}
T{ ##reload
    { dst 1428 }
    { rep double-rep }
    { src T{ spill-slot { n 232 } } }
}
T{ ##reload
    { dst 1429 }
    { rep double-rep }
    { src T{ spill-slot { n 240 } } }
}
T{ ##reload
    { dst 1430 }
    { rep double-rep }
    { src T{ spill-slot { n 72 } } }
}
T{ ##reload
    { dst 1431 }
    { rep double-rep }
    { src T{ spill-slot { n 80 } } }
}
T{ ##reload
    { dst 1432 }
    { rep double-rep }
    { src T{ spill-slot { n 64 } } }
}
T{ ##reload
    { dst 1433 }
    { rep double-rep }
    { src T{ spill-slot { n 88 } } }
}
T{ ##reload
    { dst 1434 }
    { rep double-rep }
    { src T{ spill-slot { n 56 } } }
}
T{ ##branch }
BLOCK
12
{ 1381 { 1419 1217 } }
{ 1380 { 1420 1337 } }
{ 1379 { 1421 1336 } }
{ 1382 { 1422 1338 } }
{ 1383 { 1423 1339 } }
{ 1384 { 1424 1340 } }
{ 1385 { 1425 1341 } }
{ 1386 { 1426 1342 } }
{ 1387 { 1427 1343 } }
{ 1388 { 1428 1344 } }
{ 1389 { 1429 1345 } }
{ 1390 { 1430 1346 } }
{ 1391 { 1431 1347 } }
{ 1392 { 1432 1348 } }
{ 1393 { 1433 1350 } }
{ 1394 { 1434 1418 } }
T{ ##mul-float
    { dst 1218 }
    { src1 1379 }
    { src2 1380 }
    { insn# 82 }
}
T{ ##add-float
    { dst 1219 }
    { src1 1381 }
    { src2 1218 }
    { insn# 83 }
}
T{ ##mul-float
    { dst 1220 }
    { src1 1382 }
    { src2 1383 }
    { insn# 84 }
}
T{ ##add-float
    { dst 1221 }
    { src1 1219 }
    { src2 1220 }
    { insn# 85 }
}
T{ ##mul-float
    { dst 1222 }
    { src1 1384 }
    { src2 1385 }
    { insn# 86 }
}
T{ ##add-float
    { dst 1223 }
    { src1 1221 }
    { src2 1222 }
    { insn# 87 }
}
T{ ##mul-float
    { dst 1224 }
    { src1 1386 }
    { src2 1387 }
    { insn# 88 }
}
T{ ##add-float
    { dst 1225 }
    { src1 1223 }
    { src2 1224 }
    { insn# 89 }
}
T{ ##mul-float
    { dst 1226 }
    { src1 1388 }
    { src2 1389 }
    { insn# 90 }
}
T{ ##add-float
    { dst 1227 }
    { src1 1225 }
    { src2 1226 }
    { insn# 91 }
}
T{ ##mul-float
    { dst 1228 }
    { src1 1390 }
    { src2 1391 }
    { insn# 92 }
}
T{ ##add-float
    { dst 1229 }
    { src1 1227 }
    { src2 1228 }
    { insn# 93 }
}
T{ ##mul-float
    { dst 1230 }
    { src1 1392 }
    { src2 1393 }
    { insn# 94 }
}
T{ ##add-float
    { dst 1231 }
    { src1 1229 }
    { src2 1230 }
    { insn# 95 }
}
T{ ##reload
    { dst 1395 }
    { rep double-rep }
    { src T{ spill-slot { n 96 } } }
}
T{ ##mul-float
    { dst 1232 }
    { src1 1394 }
    { src2 1395 }
    { insn# 96 }
}
T{ ##add-float
    { dst 1233 }
    { src1 1231 }
    { src2 1232 }
    { insn# 97 }
}
T{ ##reload
    { dst 1396 }
    { rep double-rep }
    { src T{ spill-slot { n 48 } } }
}
T{ ##reload
    { dst 1397 }
    { rep double-rep }
    { src T{ spill-slot { n 104 } } }
}
T{ ##mul-float
    { dst 1234 }
    { src1 1396 }
    { src2 1397 }
    { insn# 98 }
}
T{ ##add-float
    { dst 1235 }
    { src1 1233 }
    { src2 1234 }
    { insn# 99 }
}
T{ ##reload
    { dst 1398 }
    { rep double-rep }
    { src T{ spill-slot { n 40 } } }
}
T{ ##reload
    { dst 1399 }
    { rep double-rep }
    { src T{ spill-slot { n 112 } } }
}
T{ ##mul-float
    { dst 1236 }
    { src1 1398 }
    { src2 1399 }
    { insn# 100 }
}
T{ ##add-float
    { dst 1237 }
    { src1 1235 }
    { src2 1236 }
    { insn# 101 }
}
T{ ##reload
    { dst 1400 }
    { rep double-rep }
    { src T{ spill-slot { n 32 } } }
}
T{ ##reload
    { dst 1401 }
    { rep double-rep }
    { src T{ spill-slot { n 120 } } }
}
T{ ##mul-float
    { dst 1238 }
    { src1 1400 }
    { src2 1401 }
    { insn# 102 }
}
T{ ##add-float
    { dst 1239 }
    { src1 1237 }
    { src2 1238 }
    { insn# 103 }
}
T{ ##reload
    { dst 1402 }
    { rep double-rep }
    { src T{ spill-slot { n 24 } } }
}
T{ ##reload
    { dst 1403 }
    { rep double-rep }
    { src T{ spill-slot { n 128 } } }
}
T{ ##mul-float
    { dst 1240 }
    { src1 1402 }
    { src2 1403 }
    { insn# 104 }
}
T{ ##add-float
    { dst 1241 }
    { src1 1239 }
    { src2 1240 }
    { insn# 105 }
}
T{ ##reload
    { dst 1404 }
    { rep double-rep }
    { src T{ spill-slot } }
}
T{ ##reload
    { dst 1405 }
    { rep double-rep }
    { src T{ spill-slot { n 136 } } }
}
T{ ##mul-float
    { dst 1242 }
    { src1 1404 }
    { src2 1405 }
    { insn# 106 }
}
T{ ##add-float
    { dst 1243 }
    { src1 1241 }
    { src2 1242 }
    { insn# 107 }
}
T{ ##reload
    { dst 1406 }
    { rep double-rep }
    { src T{ spill-slot { n 8 } } }
}
T{ ##reload
    { dst 1407 }
    { rep double-rep }
    { src T{ spill-slot { n 144 } } }
}
T{ ##mul-float
    { dst 1244 }
    { src1 1406 }
    { src2 1407 }
    { insn# 108 }
}
T{ ##add-float
    { dst 1245 }
    { src1 1243 }
    { src2 1244 }
    { insn# 109 }
}
T{ ##reload
    { dst 1408 }
    { rep double-rep }
    { src T{ spill-slot { n 16 } } }
}
T{ ##reload
    { dst 1409 }
    { rep double-rep }
    { src T{ spill-slot { n 160 } } }
}
T{ ##mul-float
    { dst 1246 }
    { src1 1408 }
    { src2 1409 }
    { insn# 110 }
}
T{ ##add-float
    { dst 1281 }
    { src1 1245 }
    { src2 1246 }
    { insn# 111 }
}
T{ ##allot
    { dst 1247 }
    { size 16 }
    { class-of float }
    { temp 1282 }
    { insn# 112 }
}
T{ ##store-memory-imm
    { src 1281 }
    { base 1247 }
    { offset 5 }
    { rep double-rep }
    { insn# 113 }
}
T{ ##inc { loc R: -30 } { insn# 114 } }
T{ ##replace { src 1247 } { loc D: 0 } { insn# 115 } }
T{ ##branch { insn# 116 } }
BLOCK
13
T{ ##safepoint { insn# 117 } }
T{ ##epilogue { insn# 118 } }
T{ ##return { insn# 119 } }
