ALLOCATOR
linear-scan-allocator
METRICS
H{
    { "input" "branch-pressure" }
    {
        "procedures"
        V{
            H{
                { "allocation" H{ } }
                {
                    "passes"
                    {
                        H{
                            { "reloads" 0 }
                            { "instructions" 195 }
                            { "pass" "optimize-tail-calls" }
                            { "frame-bytes" 0 }
                            { "spill-bytes" 0 }
                            { "blocks" 8 }
                            { "copies" 78 }
                            { "spills" 0 }
                            { "nanoseconds" 4268 }
                        }
                        H{
                            { "reloads" 0 }
                            { "instructions" 195 }
                            {
                                "pass"
                                "delete-useless-conditionals"
                            }
                            { "frame-bytes" 0 }
                            { "spill-bytes" 0 }
                            { "blocks" 8 }
                            { "copies" 78 }
                            { "spills" 0 }
                            { "nanoseconds" 1102 }
                        }
                        H{
                            { "reloads" 0 }
                            { "instructions" 195 }
                            { "pass" "split-branches" }
                            { "frame-bytes" 0 }
                            { "spill-bytes" 0 }
                            { "blocks" 8 }
                            { "copies" 78 }
                            { "spills" 0 }
                            { "nanoseconds" 2564 }
                        }
                        H{
                            { "reloads" 0 }
                            { "instructions" 193 }
                            { "pass" "join-blocks" }
                            { "frame-bytes" 0 }
                            { "spill-bytes" 0 }
                            { "blocks" 6 }
                            { "copies" 78 }
                            { "spills" 0 }
                            { "nanoseconds" 3226 }
                        }
                        H{
                            { "reloads" 0 }
                            { "instructions" 114 }
                            { "pass" "optimize-ssa" }
                            { "frame-bytes" 0 }
                            { "spill-bytes" 0 }
                            { "blocks" 6 }
                            { "copies" 0 }
                            { "spills" 0 }
                            { "nanoseconds" 561564 }
                        }
                        H{
                            { "reloads" 0 }
                            { "instructions" 117 }
                            { "pass" "select-representations" }
                            { "frame-bytes" 0 }
                            { "spill-bytes" 0 }
                            { "blocks" 6 }
                            { "copies" 0 }
                            { "spills" 0 }
                            { "nanoseconds" 222353 }
                        }
                        H{
                            { "reloads" 0 }
                            { "instructions" 120 }
                            { "pass" "insert-gc-checks" }
                            { "frame-bytes" 0 }
                            { "spill-bytes" 0 }
                            { "blocks" 8 }
                            { "copies" 0 }
                            { "spills" 0 }
                            { "nanoseconds" 10269 }
                        }
                        H{
                            { "reloads" 0 }
                            { "instructions" 120 }
                            {
                                "pass"
                                "eliminate-write-barriers"
                            }
                            { "frame-bytes" 0 }
                            { "spill-bytes" 0 }
                            { "blocks" 8 }
                            { "copies" 0 }
                            { "spills" 0 }
                            { "nanoseconds" 6372 }
                        }
                        H{
                            { "reloads" 0 }
                            { "instructions" 150 }
                            { "pass" "clear-uninitialized" }
                            { "frame-bytes" 0 }
                            { "spill-bytes" 0 }
                            { "blocks" 8 }
                            { "copies" 0 }
                            { "spills" 0 }
                            { "nanoseconds" 65902 }
                        }
                        H{
                            { "reloads" 0 }
                            { "instructions" 150 }
                            { "pass" "insert-save-contexts" }
                            { "frame-bytes" 0 }
                            { "spill-bytes" 0 }
                            { "blocks" 8 }
                            { "copies" 0 }
                            { "spills" 0 }
                            { "nanoseconds" 2305 }
                        }
                        H{
                            { "reloads" 31 }
                            { "instructions" 213 }
                            { "pass" "allocate-registers" }
                            { "frame-bytes" 0 }
                            { "spill-bytes" 248 }
                            { "blocks" 10 }
                            { "copies" 0 }
                            { "spills" 31 }
                            { "nanoseconds" 14058577 }
                        }
                        H{
                            { "reloads" 31 }
                            { "instructions" 213 }
                            { "pass" "build-stack-frame" }
                            { "frame-bytes" 256 }
                            { "spill-bytes" 248 }
                            { "blocks" 10 }
                            { "copies" 0 }
                            { "spills" 31 }
                            { "nanoseconds" 14727 }
                        }
                    }
                }
                { "code-bytes" 1888 }
                { "codegen-nanoseconds" 205442 }
            }
        }
    }
    { "allocator" "linear-scan-allocator" }
    { "frontend-nanoseconds" 4915279 }
}
EXECUTED
ALLOCATOR
chordal-allocator
METRICS
SOURCE SPILL PLANS
BLOCK
6
ENTRY VERSIONS
H{
    { 258 411 }
    { 207 420 }
    { 179 410 }
    { 147 409 }
    { 149 412 }
    { 181 413 }
    { 151 414 }
    { 183 415 }
    { 153 416 }
    { 185 417 }
    { 155 418 }
    { 187 419 }
}
SAVED ENTRY
{
    193
    258
    195
    197
    199
    201
    203
    205
    207
    147
    149
    151
    153
    155
    157
    159
    161
    163
    165
    167
    169
    171
    173
    175
    179
    181
    183
    185
    187
    189
    191
}
EXIT VERSIONS
H{ }
SAVED EXIT
{
    193
    258
    195
    197
    199
    201
    203
    205
    207
    147
    149
    151
    153
    155
    157
    159
    161
    163
    165
    167
    169
    171
    173
    175
    179
    181
    183
    185
    187
    189
    191
}
BLOCK
0
ENTRY VERSIONS
H{ }
SAVED ENTRY
{ }
EXIT VERSIONS
H{ }
SAVED EXIT
{ }
BLOCK
3
ENTRY VERSIONS
H{
    { 207 373 }
    { 145 361 }
    { 177 362 }
    { 147 363 }
    { 179 364 }
    { 149 365 }
    { 181 366 }
    { 151 367 }
    { 183 368 }
    { 153 369 }
    { 185 370 }
    { 155 371 }
    { 187 372 }
}
SAVED ENTRY
{
    191
    193
    161
    195
    163
    197
    165
    199
    167
    201
    169
    203
    171
    205
    173
    175
    157
    189
    159
}
EXIT VERSIONS
H{
    { 207 373 }
    { 147 363 }
    { 179 364 }
    { 149 365 }
    { 181 366 }
    { 151 367 }
    { 183 368 }
    { 153 369 }
    { 185 370 }
    { 155 371 }
    { 187 372 }
    { 253 253 }
}
SAVED EXIT
{
    191
    193
    161
    195
    163
    197
    165
    199
    167
    201
    169
    203
    171
    205
    173
    175
    157
    189
    159
}
BLOCK
7
ENTRY VERSIONS
H{ }
SAVED ENTRY
{ }
EXIT VERSIONS
H{ }
SAVED EXIT
{ }
BLOCK
2
ENTRY VERSIONS
H{
    { 207 360 }
    { 145 348 }
    { 177 349 }
    { 147 350 }
    { 179 351 }
    { 149 352 }
    { 181 353 }
    { 151 354 }
    { 183 355 }
    { 153 356 }
    { 185 357 }
    { 155 358 }
    { 187 359 }
}
SAVED ENTRY
{
    191
    193
    161
    195
    163
    197
    165
    199
    167
    201
    169
    203
    171
    205
    173
    175
    157
    189
    159
}
EXIT VERSIONS
H{
    { 207 360 }
    { 147 350 }
    { 179 351 }
    { 149 352 }
    { 181 353 }
    { 151 354 }
    { 183 355 }
    { 153 356 }
    { 185 357 }
    { 155 358 }
    { 187 359 }
    { 249 249 }
}
SAVED EXIT
{
    191
    193
    161
    195
    163
    197
    165
    199
    167
    201
    169
    203
    171
    205
    173
    175
    157
    189
    159
}
BLOCK
1
ENTRY VERSIONS
H{ }
SAVED ENTRY
{ }
EXIT VERSIONS
H{
    { 207 207 }
    { 145 145 }
    { 177 177 }
    { 147 147 }
    { 179 179 }
    { 149 149 }
    { 181 181 }
    { 151 151 }
    { 183 183 }
    { 153 153 }
    { 185 185 }
    { 155 155 }
    { 187 187 }
}
SAVED EXIT
{
    191
    161
    193
    163
    195
    165
    197
    167
    199
    169
    201
    171
    203
    173
    205
    175
    157
    189
    159
}
BLOCK
4
ENTRY VERSIONS
H{
    { 258 258 }
    { 207 384 }
    { 179 375 }
    { 147 374 }
    { 149 376 }
    { 181 377 }
    { 151 378 }
    { 183 379 }
    { 153 380 }
    { 185 381 }
    { 155 382 }
    { 187 383 }
}
SAVED ENTRY
{
    191
    193
    161
    195
    163
    197
    165
    199
    167
    201
    169
    203
    171
    205
    173
    175
    157
    189
    159
}
EXIT VERSIONS
H{
    { 258 258 }
    { 207 384 }
    { 179 375 }
    { 147 374 }
    { 149 376 }
    { 181 377 }
    { 151 378 }
    { 183 379 }
    { 153 380 }
    { 185 381 }
    { 155 382 }
    { 187 383 }
}
SAVED EXIT
{
    191
    193
    161
    195
    163
    197
    165
    199
    167
    201
    169
    203
    171
    205
    173
    175
    157
    189
    159
}
BLOCK
5
ENTRY VERSIONS
H{
    { 258 387 }
    { 207 396 }
    { 179 386 }
    { 147 385 }
    { 149 388 }
    { 181 389 }
    { 151 390 }
    { 183 391 }
    { 153 392 }
    { 185 393 }
    { 155 394 }
    { 187 395 }
}
SAVED ENTRY
{
    191
    193
    161
    195
    163
    197
    165
    199
    167
    201
    169
    203
    171
    205
    173
    175
    157
    189
    159
}
EXIT VERSIONS
H{ }
SAVED EXIT
{
    193
    258
    195
    197
    199
    201
    203
    205
    207
    147
    149
    151
    153
    155
    157
    159
    161
    163
    165
    167
    169
    171
    173
    175
    179
    181
    183
    185
    187
    189
    191
}
SOURCE INSTRUCTIONS
BLOCK
0
T{ ##safepoint { insn# 0 } }
T{ ##prologue { insn# 1 } }
T{ ##branch { insn# 2 } }
BLOCK
1
T{ ##peek { dst 143 } { loc D: 0 } { insn# 3 } }
T{ ##load-double { dst 144 } { val 1.0 } { insn# 4 } }
T{ ##load-memory-imm
    { dst 324 }
    { base 143 }
    { offset 5 }
    { rep double-rep }
    { insn# 5 }
}
T{ ##add-float
    { dst 145 }
    { src1 324 }
    { src2 144 }
    { insn# 6 }
}
T{ ##load-double { dst 146 } { val 2.0 } { insn# 7 } }
T{ ##add-float
    { dst 147 }
    { src1 324 }
    { src2 146 }
    { insn# 8 }
}
T{ ##load-double { dst 148 } { val 3.0 } { insn# 9 } }
T{ ##add-float
    { dst 149 }
    { src1 324 }
    { src2 148 }
    { insn# 10 }
}
T{ ##load-double { dst 150 } { val 4.0 } { insn# 11 } }
T{ ##add-float
    { dst 151 }
    { src1 324 }
    { src2 150 }
    { insn# 12 }
}
T{ ##load-double { dst 152 } { val 5.0 } { insn# 13 } }
T{ ##add-float
    { dst 153 }
    { src1 324 }
    { src2 152 }
    { insn# 14 }
}
T{ ##load-double { dst 154 } { val 6.0 } { insn# 15 } }
T{ ##add-float
    { dst 155 }
    { src1 324 }
    { src2 154 }
    { insn# 16 }
}
T{ ##load-double { dst 156 } { val 7.0 } { insn# 17 } }
T{ ##add-float
    { dst 157 }
    { src1 324 }
    { src2 156 }
    { insn# 18 }
}
T{ ##load-double { dst 158 } { val 8.0 } { insn# 19 } }
T{ ##add-float
    { dst 159 }
    { src1 324 }
    { src2 158 }
    { insn# 20 }
}
T{ ##load-double { dst 160 } { val 9.0 } { insn# 21 } }
T{ ##add-float
    { dst 161 }
    { src1 324 }
    { src2 160 }
    { insn# 22 }
}
T{ ##load-double { dst 162 } { val 10.0 } { insn# 23 } }
T{ ##add-float
    { dst 163 }
    { src1 324 }
    { src2 162 }
    { insn# 24 }
}
T{ ##load-double { dst 164 } { val 11.0 } { insn# 25 } }
T{ ##add-float
    { dst 165 }
    { src1 324 }
    { src2 164 }
    { insn# 26 }
}
T{ ##load-double { dst 166 } { val 12.0 } { insn# 27 } }
T{ ##add-float
    { dst 167 }
    { src1 324 }
    { src2 166 }
    { insn# 28 }
}
T{ ##load-double { dst 168 } { val 13.0 } { insn# 29 } }
T{ ##add-float
    { dst 169 }
    { src1 324 }
    { src2 168 }
    { insn# 30 }
}
T{ ##load-double { dst 170 } { val 14.0 } { insn# 31 } }
T{ ##add-float
    { dst 171 }
    { src1 324 }
    { src2 170 }
    { insn# 32 }
}
T{ ##load-double { dst 172 } { val 15.0 } { insn# 33 } }
T{ ##spill
    { src 171 }
    { rep double-rep }
    { dst T{ spill-slot } }
}
T{ ##add-float
    { dst 173 }
    { src1 324 }
    { src2 172 }
    { insn# 34 }
}
T{ ##load-double { dst 174 } { val 16.0 } { insn# 35 } }
T{ ##spill
    { src 173 }
    { rep double-rep }
    { dst T{ spill-slot { n 8 } } }
}
T{ ##add-float
    { dst 175 }
    { src1 324 }
    { src2 174 }
    { insn# 36 }
}
T{ ##spill
    { src 175 }
    { rep double-rep }
    { dst T{ spill-slot { n 16 } } }
}
T{ ##load-double { dst 176 } { val 17.0 } { insn# 37 } }
T{ ##spill
    { src 169 }
    { rep double-rep }
    { dst T{ spill-slot { n 24 } } }
}
T{ ##add-float
    { dst 177 }
    { src1 324 }
    { src2 176 }
    { insn# 38 }
}
T{ ##load-double { dst 178 } { val 18.0 } { insn# 39 } }
T{ ##spill
    { src 167 }
    { rep double-rep }
    { dst T{ spill-slot { n 32 } } }
}
T{ ##add-float
    { dst 179 }
    { src1 324 }
    { src2 178 }
    { insn# 40 }
}
T{ ##load-double { dst 180 } { val 19.0 } { insn# 41 } }
T{ ##spill
    { src 165 }
    { rep double-rep }
    { dst T{ spill-slot { n 40 } } }
}
T{ ##add-float
    { dst 181 }
    { src1 324 }
    { src2 180 }
    { insn# 42 }
}
T{ ##load-double { dst 182 } { val 20.0 } { insn# 43 } }
T{ ##spill
    { src 163 }
    { rep double-rep }
    { dst T{ spill-slot { n 48 } } }
}
T{ ##add-float
    { dst 183 }
    { src1 324 }
    { src2 182 }
    { insn# 44 }
}
T{ ##load-double { dst 184 } { val 21.0 } { insn# 45 } }
T{ ##spill
    { src 161 }
    { rep double-rep }
    { dst T{ spill-slot { n 56 } } }
}
T{ ##add-float
    { dst 185 }
    { src1 324 }
    { src2 184 }
    { insn# 46 }
}
T{ ##load-double { dst 186 } { val 22.0 } { insn# 47 } }
T{ ##spill
    { src 159 }
    { rep double-rep }
    { dst T{ spill-slot { n 64 } } }
}
T{ ##add-float
    { dst 187 }
    { src1 324 }
    { src2 186 }
    { insn# 48 }
}
T{ ##load-double { dst 188 } { val 23.0 } { insn# 49 } }
T{ ##spill
    { src 157 }
    { rep double-rep }
    { dst T{ spill-slot { n 72 } } }
}
T{ ##add-float
    { dst 189 }
    { src1 324 }
    { src2 188 }
    { insn# 50 }
}
T{ ##load-double { dst 190 } { val 24.0 } { insn# 51 } }
T{ ##spill
    { src 189 }
    { rep double-rep }
    { dst T{ spill-slot { n 80 } } }
}
T{ ##add-float
    { dst 191 }
    { src1 324 }
    { src2 190 }
    { insn# 52 }
}
T{ ##load-double { dst 192 } { val 25.0 } { insn# 53 } }
T{ ##spill
    { src 191 }
    { rep double-rep }
    { dst T{ spill-slot { n 88 } } }
}
T{ ##add-float
    { dst 193 }
    { src1 324 }
    { src2 192 }
    { insn# 54 }
}
T{ ##load-double { dst 194 } { val 26.0 } { insn# 55 } }
T{ ##spill
    { src 193 }
    { rep double-rep }
    { dst T{ spill-slot { n 96 } } }
}
T{ ##add-float
    { dst 195 }
    { src1 324 }
    { src2 194 }
    { insn# 56 }
}
T{ ##load-double { dst 196 } { val 27.0 } { insn# 57 } }
T{ ##spill
    { src 195 }
    { rep double-rep }
    { dst T{ spill-slot { n 104 } } }
}
T{ ##add-float
    { dst 197 }
    { src1 324 }
    { src2 196 }
    { insn# 58 }
}
T{ ##load-double { dst 198 } { val 28.0 } { insn# 59 } }
T{ ##spill
    { src 197 }
    { rep double-rep }
    { dst T{ spill-slot { n 112 } } }
}
T{ ##add-float
    { dst 199 }
    { src1 324 }
    { src2 198 }
    { insn# 60 }
}
T{ ##load-double { dst 200 } { val 29.0 } { insn# 61 } }
T{ ##spill
    { src 199 }
    { rep double-rep }
    { dst T{ spill-slot { n 120 } } }
}
T{ ##add-float
    { dst 201 }
    { src1 324 }
    { src2 200 }
    { insn# 62 }
}
T{ ##load-double { dst 202 } { val 30.0 } { insn# 63 } }
T{ ##spill
    { src 201 }
    { rep double-rep }
    { dst T{ spill-slot { n 128 } } }
}
T{ ##add-float
    { dst 203 }
    { src1 324 }
    { src2 202 }
    { insn# 64 }
}
T{ ##load-double { dst 204 } { val 31.0 } { insn# 65 } }
T{ ##spill
    { src 203 }
    { rep double-rep }
    { dst T{ spill-slot { n 136 } } }
}
T{ ##add-float
    { dst 205 }
    { src1 324 }
    { src2 204 }
    { insn# 66 }
}
T{ ##load-double { dst 206 } { val 32.0 } { insn# 67 } }
T{ ##spill
    { src 205 }
    { rep double-rep }
    { dst T{ spill-slot { n 144 } } }
}
T{ ##add-float
    { dst 207 }
    { src1 324 }
    { src2 206 }
    { insn# 68 }
}
T{ ##inc { loc D: 3 } { insn# 69 } }
T{ ##inc { loc R: 30 } { insn# 70 } }
T{ ##compare-float-ordered-branch
    { src1 324 }
    { src2 174 }
    { cc cc< }
    { insn# 71 }
}
BLOCK
2
{ 360 { 207 } }
{ 348 { 145 } }
{ 349 { 177 } }
{ 350 { 147 } }
{ 351 { 179 } }
{ 352 { 149 } }
{ 353 { 181 } }
{ 354 { 151 } }
{ 355 { 183 } }
{ 356 { 153 } }
{ 357 { 185 } }
{ 358 { 155 } }
{ 359 { 187 } }
T{ ##mul-float
    { dst 249 }
    { src1 348 }
    { src2 349 }
    { insn# 72 }
}
T{ ##inc { loc D: -3 } { insn# 73 } }
T{ ##branch { insn# 74 } }
BLOCK
3
{ 373 { 207 } }
{ 361 { 145 } }
{ 362 { 177 } }
{ 363 { 147 } }
{ 364 { 179 } }
{ 365 { 149 } }
{ 366 { 181 } }
{ 367 { 151 } }
{ 368 { 183 } }
{ 369 { 153 } }
{ 370 { 185 } }
{ 371 { 155 } }
{ 372 { 187 } }
T{ ##add-float
    { dst 253 }
    { src1 361 }
    { src2 362 }
    { insn# 75 }
}
T{ ##inc { loc D: -3 } { insn# 76 } }
T{ ##branch { insn# 77 } }
BLOCK
4
{ 258 { 253 249 } }
{ 384 { 373 360 } }
{ 375 { 364 351 } }
{ 374 { 363 350 } }
{ 376 { 365 352 } }
{ 377 { 366 353 } }
{ 378 { 367 354 } }
{ 379 { 368 355 } }
{ 380 { 369 356 } }
{ 381 { 370 357 } }
{ 382 { 371 358 } }
{ 383 { 372 359 } }
T{ ##check-nursery-branch
    { size 16 }
    { cc cc<= }
    { temp1 327 }
    { temp2 328 }
    { insn# 79 }
}
BLOCK
5
T{ ##spill
    { src 258 }
    { rep double-rep }
    { dst T{ spill-slot { n 152 } } }
}
T{ ##spill
    { src 384 }
    { rep double-rep }
    { dst T{ spill-slot { n 160 } } }
}
T{ ##spill
    { src 374 }
    { rep double-rep }
    { dst T{ spill-slot { n 176 } } }
}
T{ ##spill
    { src 376 }
    { rep double-rep }
    { dst T{ spill-slot { n 184 } } }
}
T{ ##spill
    { src 378 }
    { rep double-rep }
    { dst T{ spill-slot { n 200 } } }
}
T{ ##spill
    { src 380 }
    { rep double-rep }
    { dst T{ spill-slot { n 216 } } }
}
T{ ##spill
    { src 382 }
    { rep double-rep }
    { dst T{ spill-slot { n 232 } } }
}
T{ ##spill
    { src 375 }
    { rep double-rep }
    { dst T{ spill-slot { n 168 } } }
}
T{ ##spill
    { src 377 }
    { rep double-rep }
    { dst T{ spill-slot { n 192 } } }
}
T{ ##spill
    { src 379 }
    { rep double-rep }
    { dst T{ spill-slot { n 208 } } }
}
T{ ##spill
    { src 381 }
    { rep double-rep }
    { dst T{ spill-slot { n 224 } } }
}
T{ ##spill
    { src 383 }
    { rep double-rep }
    { dst T{ spill-slot { n 240 } } }
}
T{ ##branch }
BLOCK
6
{ 387 { 258 } }
{ 396 { 384 } }
{ 386 { 375 } }
{ 385 { 374 } }
{ 388 { 376 } }
{ 389 { 377 } }
{ 390 { 378 } }
{ 391 { 379 } }
{ 392 { 380 } }
{ 393 { 381 } }
{ 394 { 382 } }
{ 395 { 383 } }
T{ ##clear { loc R: 29 } }
T{ ##clear { loc R: 28 } }
T{ ##clear { loc R: 27 } }
T{ ##clear { loc R: 26 } }
T{ ##clear { loc R: 25 } }
T{ ##clear { loc R: 24 } }
T{ ##clear { loc R: 23 } }
T{ ##clear { loc R: 22 } }
T{ ##clear { loc R: 21 } }
T{ ##clear { loc R: 20 } }
T{ ##clear { loc R: 19 } }
T{ ##clear { loc R: 18 } }
T{ ##clear { loc R: 17 } }
T{ ##clear { loc R: 16 } }
T{ ##clear { loc R: 15 } }
T{ ##clear { loc R: 14 } }
T{ ##clear { loc R: 13 } }
T{ ##clear { loc R: 12 } }
T{ ##clear { loc R: 11 } }
T{ ##clear { loc R: 10 } }
T{ ##clear { loc R: 9 } }
T{ ##clear { loc R: 8 } }
T{ ##clear { loc R: 7 } }
T{ ##clear { loc R: 6 } }
T{ ##clear { loc R: 5 } }
T{ ##clear { loc R: 4 } }
T{ ##clear { loc R: 3 } }
T{ ##clear { loc R: 2 } }
T{ ##clear { loc R: 1 } }
T{ ##clear { loc R: 0 } }
T{ ##spill
    { src 387 }
    { rep double-rep }
    { dst T{ spill-slot { n 152 } } }
}
T{ ##spill
    { src 396 }
    { rep double-rep }
    { dst T{ spill-slot { n 160 } } }
}
T{ ##spill
    { src 386 }
    { rep double-rep }
    { dst T{ spill-slot { n 168 } } }
}
T{ ##spill
    { src 385 }
    { rep double-rep }
    { dst T{ spill-slot { n 176 } } }
}
T{ ##spill
    { src 388 }
    { rep double-rep }
    { dst T{ spill-slot { n 184 } } }
}
T{ ##spill
    { src 389 }
    { rep double-rep }
    { dst T{ spill-slot { n 192 } } }
}
T{ ##spill
    { src 390 }
    { rep double-rep }
    { dst T{ spill-slot { n 200 } } }
}
T{ ##spill
    { src 391 }
    { rep double-rep }
    { dst T{ spill-slot { n 208 } } }
}
T{ ##spill
    { src 392 }
    { rep double-rep }
    { dst T{ spill-slot { n 216 } } }
}
T{ ##spill
    { src 393 }
    { rep double-rep }
    { dst T{ spill-slot { n 224 } } }
}
T{ ##spill
    { src 394 }
    { rep double-rep }
    { dst T{ spill-slot { n 232 } } }
}
T{ ##spill
    { src 395 }
    { rep double-rep }
    { dst T{ spill-slot { n 240 } } }
}
T{ ##call-gc
    { gc-map
        T{ gc-map { gc-roots { } } { derived-roots V{ } } }
    }
    { insn# 80 }
}
T{ ##branch { insn# 81 } }
BLOCK
7
T{ ##reload
    { dst 440 }
    { rep double-rep }
    { src T{ spill-slot { n 152 } } }
}
T{ ##reload
    { dst 441 }
    { rep double-rep }
    { src T{ spill-slot { n 160 } } }
}
T{ ##reload
    { dst 442 }
    { rep double-rep }
    { src T{ spill-slot { n 168 } } }
}
T{ ##reload
    { dst 443 }
    { rep double-rep }
    { src T{ spill-slot { n 176 } } }
}
T{ ##reload
    { dst 444 }
    { rep double-rep }
    { src T{ spill-slot { n 184 } } }
}
T{ ##reload
    { dst 445 }
    { rep double-rep }
    { src T{ spill-slot { n 192 } } }
}
T{ ##reload
    { dst 446 }
    { rep double-rep }
    { src T{ spill-slot { n 200 } } }
}
T{ ##reload
    { dst 447 }
    { rep double-rep }
    { src T{ spill-slot { n 208 } } }
}
T{ ##reload
    { dst 448 }
    { rep double-rep }
    { src T{ spill-slot { n 216 } } }
}
T{ ##reload
    { dst 449 }
    { rep double-rep }
    { src T{ spill-slot { n 224 } } }
}
T{ ##reload
    { dst 450 }
    { rep double-rep }
    { src T{ spill-slot { n 232 } } }
}
T{ ##reload
    { dst 451 }
    { rep double-rep }
    { src T{ spill-slot { n 240 } } }
}
T{ ##branch }
BLOCK
8
{ 411 { 258 440 } }
{ 420 { 384 441 } }
{ 410 { 375 442 } }
{ 409 { 374 443 } }
{ 412 { 376 444 } }
{ 413 { 377 445 } }
{ 414 { 378 446 } }
{ 415 { 379 447 } }
{ 416 { 380 448 } }
{ 417 { 381 449 } }
{ 418 { 382 450 } }
{ 419 { 383 451 } }
T{ ##mul-float
    { dst 262 }
    { src1 409 }
    { src2 410 }
    { insn# 82 }
}
T{ ##add-float
    { dst 263 }
    { src1 411 }
    { src2 262 }
    { insn# 83 }
}
T{ ##mul-float
    { dst 264 }
    { src1 412 }
    { src2 413 }
    { insn# 84 }
}
T{ ##add-float
    { dst 265 }
    { src1 263 }
    { src2 264 }
    { insn# 85 }
}
T{ ##mul-float
    { dst 266 }
    { src1 414 }
    { src2 415 }
    { insn# 86 }
}
T{ ##add-float
    { dst 267 }
    { src1 265 }
    { src2 266 }
    { insn# 87 }
}
T{ ##mul-float
    { dst 268 }
    { src1 416 }
    { src2 417 }
    { insn# 88 }
}
T{ ##add-float
    { dst 269 }
    { src1 267 }
    { src2 268 }
    { insn# 89 }
}
T{ ##mul-float
    { dst 270 }
    { src1 418 }
    { src2 419 }
    { insn# 90 }
}
T{ ##add-float
    { dst 271 }
    { src1 269 }
    { src2 270 }
    { insn# 91 }
}
T{ ##reload
    { dst 421 }
    { rep double-rep }
    { src T{ spill-slot { n 72 } } }
}
T{ ##reload
    { dst 422 }
    { rep double-rep }
    { src T{ spill-slot { n 80 } } }
}
T{ ##mul-float
    { dst 272 }
    { src1 421 }
    { src2 422 }
    { insn# 92 }
}
T{ ##add-float
    { dst 273 }
    { src1 271 }
    { src2 272 }
    { insn# 93 }
}
T{ ##reload
    { dst 423 }
    { rep double-rep }
    { src T{ spill-slot { n 64 } } }
}
T{ ##reload
    { dst 424 }
    { rep double-rep }
    { src T{ spill-slot { n 88 } } }
}
T{ ##mul-float
    { dst 274 }
    { src1 423 }
    { src2 424 }
    { insn# 94 }
}
T{ ##add-float
    { dst 275 }
    { src1 273 }
    { src2 274 }
    { insn# 95 }
}
T{ ##reload
    { dst 425 }
    { rep double-rep }
    { src T{ spill-slot { n 56 } } }
}
T{ ##reload
    { dst 426 }
    { rep double-rep }
    { src T{ spill-slot { n 96 } } }
}
T{ ##mul-float
    { dst 276 }
    { src1 425 }
    { src2 426 }
    { insn# 96 }
}
T{ ##add-float
    { dst 277 }
    { src1 275 }
    { src2 276 }
    { insn# 97 }
}
T{ ##reload
    { dst 427 }
    { rep double-rep }
    { src T{ spill-slot { n 48 } } }
}
T{ ##reload
    { dst 428 }
    { rep double-rep }
    { src T{ spill-slot { n 104 } } }
}
T{ ##mul-float
    { dst 278 }
    { src1 427 }
    { src2 428 }
    { insn# 98 }
}
T{ ##add-float
    { dst 279 }
    { src1 277 }
    { src2 278 }
    { insn# 99 }
}
T{ ##reload
    { dst 429 }
    { rep double-rep }
    { src T{ spill-slot { n 40 } } }
}
T{ ##reload
    { dst 430 }
    { rep double-rep }
    { src T{ spill-slot { n 112 } } }
}
T{ ##mul-float
    { dst 280 }
    { src1 429 }
    { src2 430 }
    { insn# 100 }
}
T{ ##add-float
    { dst 281 }
    { src1 279 }
    { src2 280 }
    { insn# 101 }
}
T{ ##reload
    { dst 431 }
    { rep double-rep }
    { src T{ spill-slot { n 32 } } }
}
T{ ##reload
    { dst 432 }
    { rep double-rep }
    { src T{ spill-slot { n 120 } } }
}
T{ ##mul-float
    { dst 282 }
    { src1 431 }
    { src2 432 }
    { insn# 102 }
}
T{ ##add-float
    { dst 283 }
    { src1 281 }
    { src2 282 }
    { insn# 103 }
}
T{ ##reload
    { dst 433 }
    { rep double-rep }
    { src T{ spill-slot { n 24 } } }
}
T{ ##reload
    { dst 434 }
    { rep double-rep }
    { src T{ spill-slot { n 128 } } }
}
T{ ##mul-float
    { dst 284 }
    { src1 433 }
    { src2 434 }
    { insn# 104 }
}
T{ ##add-float
    { dst 285 }
    { src1 283 }
    { src2 284 }
    { insn# 105 }
}
T{ ##reload
    { dst 435 }
    { rep double-rep }
    { src T{ spill-slot } }
}
T{ ##reload
    { dst 436 }
    { rep double-rep }
    { src T{ spill-slot { n 136 } } }
}
T{ ##mul-float
    { dst 286 }
    { src1 435 }
    { src2 436 }
    { insn# 106 }
}
T{ ##add-float
    { dst 287 }
    { src1 285 }
    { src2 286 }
    { insn# 107 }
}
T{ ##reload
    { dst 437 }
    { rep double-rep }
    { src T{ spill-slot { n 8 } } }
}
T{ ##reload
    { dst 438 }
    { rep double-rep }
    { src T{ spill-slot { n 144 } } }
}
T{ ##mul-float
    { dst 288 }
    { src1 437 }
    { src2 438 }
    { insn# 108 }
}
T{ ##add-float
    { dst 289 }
    { src1 287 }
    { src2 288 }
    { insn# 109 }
}
T{ ##reload
    { dst 439 }
    { rep double-rep }
    { src T{ spill-slot { n 16 } } }
}
T{ ##mul-float
    { dst 290 }
    { src1 439 }
    { src2 420 }
    { insn# 110 }
}
T{ ##add-float
    { dst 325 }
    { src1 289 }
    { src2 290 }
    { insn# 111 }
}
T{ ##allot
    { dst 291 }
    { size 16 }
    { class-of float }
    { temp 326 }
    { insn# 112 }
}
T{ ##store-memory-imm
    { src 325 }
    { base 291 }
    { offset 5 }
    { rep double-rep }
    { insn# 113 }
}
T{ ##inc { loc R: -30 } { insn# 114 } }
T{ ##replace { src 291 } { loc D: 0 } { insn# 115 } }
T{ ##branch { insn# 116 } }
BLOCK
9
T{ ##safepoint { insn# 117 } }
T{ ##epilogue { insn# 118 } }
T{ ##return { insn# 119 } }
H{
    { "input" "branch-pressure" }
    {
        "procedures"
        V{
            H{
                {
                    "allocation"
                    H{
                        { "post-spill-chordal?" t }
                        { "edge-blocks" 2 }
                        { "chordal?" t }
                        { "color-assignments" 195 }
                        { "vertices" 195 }
                        { "repair-phis" 61 }
                        { "pressure-stores" 43 }
                        { "edges" 1370 }
                        { "repair-assignments" 0 }
                        { "pressure-decisions" 297 }
                        { "algorithm" "decoupled-ssa-chordal" }
                        { "fallback-count" 0 }
                        { "reload-definitions" 31 }
                    }
                }
                {
                    "passes"
                    {
                        H{
                            { "reloads" 0 }
                            { "instructions" 195 }
                            { "pass" "optimize-tail-calls" }
                            { "frame-bytes" 0 }
                            { "spill-bytes" 0 }
                            { "blocks" 8 }
                            { "copies" 78 }
                            { "spills" 0 }
                            { "nanoseconds" 3046 }
                        }
                        H{
                            { "reloads" 0 }
                            { "instructions" 195 }
                            {
                                "pass"
                                "delete-useless-conditionals"
                            }
                            { "frame-bytes" 0 }
                            { "spill-bytes" 0 }
                            { "blocks" 8 }
                            { "copies" 78 }
                            { "spills" 0 }
                            { "nanoseconds" 972 }
                        }
                        H{
                            { "reloads" 0 }
                            { "instructions" 195 }
                            { "pass" "split-branches" }
                            { "frame-bytes" 0 }
                            { "spill-bytes" 0 }
                            { "blocks" 8 }
                            { "copies" 78 }
                            { "spills" 0 }
                            { "nanoseconds" 2134 }
                        }
                        H{
                            { "reloads" 0 }
                            { "instructions" 193 }
                            { "pass" "join-blocks" }
                            { "frame-bytes" 0 }
                            { "spill-bytes" 0 }
                            { "blocks" 6 }
                            { "copies" 78 }
                            { "spills" 0 }
                            { "nanoseconds" 2865 }
                        }
                        H{
                            { "reloads" 0 }
                            { "instructions" 114 }
                            { "pass" "optimize-ssa" }
                            { "frame-bytes" 0 }
                            { "spill-bytes" 0 }
                            { "blocks" 6 }
                            { "copies" 0 }
                            { "spills" 0 }
                            { "nanoseconds" 531298 }
                        }
                        H{
                            { "reloads" 0 }
                            { "instructions" 117 }
                            { "pass" "select-representations" }
                            { "frame-bytes" 0 }
                            { "spill-bytes" 0 }
                            { "blocks" 6 }
                            { "copies" 0 }
                            { "spills" 0 }
                            { "nanoseconds" 139870 }
                        }
                        H{
                            { "reloads" 0 }
                            { "instructions" 120 }
                            { "pass" "insert-gc-checks" }
                            { "frame-bytes" 0 }
                            { "spill-bytes" 0 }
                            { "blocks" 8 }
                            { "copies" 0 }
                            { "spills" 0 }
                            { "nanoseconds" 7043 }
                        }
                        H{
                            { "reloads" 0 }
                            { "instructions" 120 }
                            {
                                "pass"
                                "eliminate-write-barriers"
                            }
                            { "frame-bytes" 0 }
                            { "spill-bytes" 0 }
                            { "blocks" 8 }
                            { "copies" 0 }
                            { "spills" 0 }
                            { "nanoseconds" 3096 }
                        }
                        H{
                            { "reloads" 0 }
                            { "instructions" 150 }
                            { "pass" "clear-uninitialized" }
                            { "frame-bytes" 0 }
                            { "spill-bytes" 0 }
                            { "blocks" 8 }
                            { "copies" 0 }
                            { "spills" 0 }
                            { "nanoseconds" 47338 }
                        }
                        H{
                            { "reloads" 0 }
                            { "instructions" 150 }
                            { "pass" "insert-save-contexts" }
                            { "frame-bytes" 0 }
                            { "spill-bytes" 0 }
                            { "blocks" 8 }
                            { "copies" 0 }
                            { "spills" 0 }
                            { "nanoseconds" 2033 }
                        }
                        H{
                            { "reloads" 35 }
                            { "instructions" 248 }
                            { "pass" "allocate-registers" }
                            { "frame-bytes" 0 }
                            { "spill-bytes" 256 }
                            { "blocks" 15 }
                            { "copies" 10 }
                            { "spills" 47 }
                            { "nanoseconds" 23731851 }
                        }
                        H{
                            { "reloads" 35 }
                            { "instructions" 248 }
                            { "pass" "build-stack-frame" }
                            { "frame-bytes" 272 }
                            { "spill-bytes" 256 }
                            { "blocks" 15 }
                            { "copies" 10 }
                            { "spills" 47 }
                            { "nanoseconds" 11772 }
                        }
                    }
                }
                { "code-bytes" 2176 }
                { "codegen-nanoseconds" 220580 }
            }
        }
    }
    { "allocator" "chordal-allocator" }
    { "frontend-nanoseconds" 4259128 }
}
EXECUTED
SOURCE SPILL PLANS
BLOCK
3
ENTRY VERSIONS
H{
    { 658 824 }
    { 596 812 }
    { 628 813 }
    { 598 814 }
    { 630 815 }
    { 600 816 }
    { 632 817 }
    { 602 818 }
    { 634 819 }
    { 604 820 }
    { 636 821 }
    { 606 822 }
    { 638 823 }
}
SAVED ENTRY
{
    640
    608
    642
    610
    644
    612
    646
    614
    648
    616
    650
    618
    652
    620
    654
    622
    656
    624
    626
}
EXIT VERSIONS
H{
    { 704 704 }
    { 658 824 }
    { 598 814 }
    { 630 815 }
    { 600 816 }
    { 632 817 }
    { 602 818 }
    { 634 819 }
    { 604 820 }
    { 636 821 }
    { 606 822 }
    { 638 823 }
}
SAVED EXIT
{
    640
    608
    642
    610
    644
    612
    646
    614
    648
    616
    650
    618
    652
    620
    654
    622
    656
    624
    626
}
BLOCK
7
ENTRY VERSIONS
H{ }
SAVED ENTRY
{ }
EXIT VERSIONS
H{ }
SAVED EXIT
{ }
BLOCK
2
ENTRY VERSIONS
H{
    { 658 811 }
    { 596 799 }
    { 628 800 }
    { 598 801 }
    { 630 802 }
    { 600 803 }
    { 632 804 }
    { 602 805 }
    { 634 806 }
    { 604 807 }
    { 636 808 }
    { 606 809 }
    { 638 810 }
}
SAVED ENTRY
{
    640
    608
    642
    610
    644
    612
    646
    614
    648
    616
    650
    618
    652
    620
    654
    622
    656
    624
    626
}
EXIT VERSIONS
H{
    { 700 700 }
    { 658 811 }
    { 598 801 }
    { 630 802 }
    { 600 803 }
    { 632 804 }
    { 602 805 }
    { 634 806 }
    { 604 807 }
    { 636 808 }
    { 606 809 }
    { 638 810 }
}
SAVED EXIT
{
    640
    608
    642
    610
    644
    612
    646
    614
    648
    616
    650
    618
    652
    620
    654
    622
    656
    624
    626
}
BLOCK
1
ENTRY VERSIONS
H{ }
SAVED ENTRY
{ }
EXIT VERSIONS
H{
    { 658 658 }
    { 596 596 }
    { 628 628 }
    { 598 598 }
    { 630 630 }
    { 600 600 }
    { 632 632 }
    { 602 602 }
    { 634 634 }
    { 604 604 }
    { 636 636 }
    { 638 638 }
    { 606 606 }
}
SAVED EXIT
{
    608
    640
    610
    642
    612
    644
    614
    646
    616
    648
    618
    650
    620
    652
    622
    654
    624
    656
    626
}
BLOCK
4
ENTRY VERSIONS
H{
    { 709 709 }
    { 658 835 }
    { 598 825 }
    { 630 826 }
    { 600 827 }
    { 632 828 }
    { 602 829 }
    { 634 830 }
    { 604 831 }
    { 636 832 }
    { 606 833 }
    { 638 834 }
}
SAVED ENTRY
{
    640
    608
    642
    610
    644
    612
    646
    614
    648
    616
    650
    618
    652
    620
    654
    622
    656
    624
    626
}
EXIT VERSIONS
H{
    { 709 709 }
    { 658 835 }
    { 598 825 }
    { 630 826 }
    { 600 827 }
    { 632 828 }
    { 602 829 }
    { 634 830 }
    { 604 831 }
    { 636 832 }
    { 606 833 }
    { 638 834 }
}
SAVED EXIT
{
    640
    608
    642
    610
    644
    612
    646
    614
    648
    616
    650
    618
    652
    620
    654
    622
    656
    624
    626
}
BLOCK
5
ENTRY VERSIONS
H{
    { 709 838 }
    { 658 847 }
    { 598 836 }
    { 630 837 }
    { 600 839 }
    { 632 840 }
    { 602 841 }
    { 634 842 }
    { 604 843 }
    { 636 844 }
    { 606 845 }
    { 638 846 }
}
SAVED ENTRY
{
    640
    608
    642
    610
    644
    612
    646
    614
    648
    616
    650
    618
    652
    620
    654
    622
    656
    624
    626
}
EXIT VERSIONS
H{ }
SAVED EXIT
{
    640
    642
    644
    709
    646
    648
    650
    652
    654
    656
    658
    598
    600
    602
    604
    606
    608
    610
    612
    614
    616
    618
    620
    622
    624
    626
    630
    632
    634
    636
    638
}
BLOCK
6
ENTRY VERSIONS
H{
    { 709 862 }
    { 658 871 }
    { 598 860 }
    { 630 861 }
    { 600 863 }
    { 632 864 }
    { 602 865 }
    { 634 866 }
    { 604 867 }
    { 636 868 }
    { 606 869 }
    { 638 870 }
}
SAVED ENTRY
{
    640
    642
    644
    709
    646
    648
    650
    652
    654
    656
    658
    598
    600
    602
    604
    606
    608
    610
    612
    614
    616
    618
    620
    622
    624
    626
    630
    632
    634
    636
    638
}
EXIT VERSIONS
H{ }
SAVED EXIT
{
    640
    642
    644
    709
    646
    648
    650
    652
    654
    656
    658
    598
    600
    602
    604
    606
    608
    610
    612
    614
    616
    618
    620
    622
    624
    626
    630
    632
    634
    636
    638
}
BLOCK
0
ENTRY VERSIONS
H{ }
SAVED ENTRY
{ }
EXIT VERSIONS
H{ }
SAVED EXIT
{ }
SOURCE INSTRUCTIONS
BLOCK
0
T{ ##safepoint { insn# 0 } }
T{ ##prologue { insn# 1 } }
T{ ##branch { insn# 2 } }
BLOCK
1
T{ ##peek { dst 594 } { loc D: 0 } { insn# 3 } }
T{ ##load-double { dst 595 } { val 1.0 } { insn# 4 } }
T{ ##load-memory-imm
    { dst 775 }
    { base 594 }
    { offset 5 }
    { rep double-rep }
    { insn# 5 }
}
T{ ##add-float
    { dst 596 }
    { src1 775 }
    { src2 595 }
    { insn# 6 }
}
T{ ##load-double { dst 597 } { val 2.0 } { insn# 7 } }
T{ ##add-float
    { dst 598 }
    { src1 775 }
    { src2 597 }
    { insn# 8 }
}
T{ ##load-double { dst 599 } { val 3.0 } { insn# 9 } }
T{ ##add-float
    { dst 600 }
    { src1 775 }
    { src2 599 }
    { insn# 10 }
}
T{ ##load-double { dst 601 } { val 4.0 } { insn# 11 } }
T{ ##add-float
    { dst 602 }
    { src1 775 }
    { src2 601 }
    { insn# 12 }
}
T{ ##load-double { dst 603 } { val 5.0 } { insn# 13 } }
T{ ##add-float
    { dst 604 }
    { src1 775 }
    { src2 603 }
    { insn# 14 }
}
T{ ##load-double { dst 605 } { val 6.0 } { insn# 15 } }
T{ ##add-float
    { dst 606 }
    { src1 775 }
    { src2 605 }
    { insn# 16 }
}
T{ ##load-double { dst 607 } { val 7.0 } { insn# 17 } }
T{ ##add-float
    { dst 608 }
    { src1 775 }
    { src2 607 }
    { insn# 18 }
}
T{ ##load-double { dst 609 } { val 8.0 } { insn# 19 } }
T{ ##add-float
    { dst 610 }
    { src1 775 }
    { src2 609 }
    { insn# 20 }
}
T{ ##load-double { dst 611 } { val 9.0 } { insn# 21 } }
T{ ##add-float
    { dst 612 }
    { src1 775 }
    { src2 611 }
    { insn# 22 }
}
T{ ##load-double { dst 613 } { val 10.0 } { insn# 23 } }
T{ ##add-float
    { dst 614 }
    { src1 775 }
    { src2 613 }
    { insn# 24 }
}
T{ ##load-double { dst 615 } { val 11.0 } { insn# 25 } }
T{ ##add-float
    { dst 616 }
    { src1 775 }
    { src2 615 }
    { insn# 26 }
}
T{ ##load-double { dst 617 } { val 12.0 } { insn# 27 } }
T{ ##add-float
    { dst 618 }
    { src1 775 }
    { src2 617 }
    { insn# 28 }
}
T{ ##load-double { dst 619 } { val 13.0 } { insn# 29 } }
T{ ##add-float
    { dst 620 }
    { src1 775 }
    { src2 619 }
    { insn# 30 }
}
T{ ##load-double { dst 621 } { val 14.0 } { insn# 31 } }
T{ ##add-float
    { dst 622 }
    { src1 775 }
    { src2 621 }
    { insn# 32 }
}
T{ ##load-double { dst 623 } { val 15.0 } { insn# 33 } }
T{ ##spill
    { src 622 }
    { rep double-rep }
    { dst T{ spill-slot } }
}
T{ ##add-float
    { dst 624 }
    { src1 775 }
    { src2 623 }
    { insn# 34 }
}
T{ ##load-double { dst 625 } { val 16.0 } { insn# 35 } }
T{ ##spill
    { src 624 }
    { rep double-rep }
    { dst T{ spill-slot { n 8 } } }
}
T{ ##add-float
    { dst 626 }
    { src1 775 }
    { src2 625 }
    { insn# 36 }
}
T{ ##spill
    { src 626 }
    { rep double-rep }
    { dst T{ spill-slot { n 16 } } }
}
T{ ##load-double { dst 627 } { val 17.0 } { insn# 37 } }
T{ ##spill
    { src 620 }
    { rep double-rep }
    { dst T{ spill-slot { n 24 } } }
}
T{ ##add-float
    { dst 628 }
    { src1 775 }
    { src2 627 }
    { insn# 38 }
}
T{ ##load-double { dst 629 } { val 18.0 } { insn# 39 } }
T{ ##spill
    { src 618 }
    { rep double-rep }
    { dst T{ spill-slot { n 32 } } }
}
T{ ##add-float
    { dst 630 }
    { src1 775 }
    { src2 629 }
    { insn# 40 }
}
T{ ##load-double { dst 631 } { val 19.0 } { insn# 41 } }
T{ ##spill
    { src 616 }
    { rep double-rep }
    { dst T{ spill-slot { n 40 } } }
}
T{ ##add-float
    { dst 632 }
    { src1 775 }
    { src2 631 }
    { insn# 42 }
}
T{ ##load-double { dst 633 } { val 20.0 } { insn# 43 } }
T{ ##spill
    { src 614 }
    { rep double-rep }
    { dst T{ spill-slot { n 48 } } }
}
T{ ##add-float
    { dst 634 }
    { src1 775 }
    { src2 633 }
    { insn# 44 }
}
T{ ##load-double { dst 635 } { val 21.0 } { insn# 45 } }
T{ ##spill
    { src 612 }
    { rep double-rep }
    { dst T{ spill-slot { n 56 } } }
}
T{ ##add-float
    { dst 636 }
    { src1 775 }
    { src2 635 }
    { insn# 46 }
}
T{ ##load-double { dst 637 } { val 22.0 } { insn# 47 } }
T{ ##spill
    { src 610 }
    { rep double-rep }
    { dst T{ spill-slot { n 64 } } }
}
T{ ##add-float
    { dst 638 }
    { src1 775 }
    { src2 637 }
    { insn# 48 }
}
T{ ##load-double { dst 639 } { val 23.0 } { insn# 49 } }
T{ ##spill
    { src 608 }
    { rep double-rep }
    { dst T{ spill-slot { n 72 } } }
}
T{ ##add-float
    { dst 640 }
    { src1 775 }
    { src2 639 }
    { insn# 50 }
}
T{ ##load-double { dst 641 } { val 24.0 } { insn# 51 } }
T{ ##spill
    { src 640 }
    { rep double-rep }
    { dst T{ spill-slot { n 80 } } }
}
T{ ##add-float
    { dst 642 }
    { src1 775 }
    { src2 641 }
    { insn# 52 }
}
T{ ##load-double { dst 643 } { val 25.0 } { insn# 53 } }
T{ ##spill
    { src 642 }
    { rep double-rep }
    { dst T{ spill-slot { n 88 } } }
}
T{ ##add-float
    { dst 644 }
    { src1 775 }
    { src2 643 }
    { insn# 54 }
}
T{ ##load-double { dst 645 } { val 26.0 } { insn# 55 } }
T{ ##spill
    { src 644 }
    { rep double-rep }
    { dst T{ spill-slot { n 96 } } }
}
T{ ##add-float
    { dst 646 }
    { src1 775 }
    { src2 645 }
    { insn# 56 }
}
T{ ##load-double { dst 647 } { val 27.0 } { insn# 57 } }
T{ ##spill
    { src 646 }
    { rep double-rep }
    { dst T{ spill-slot { n 104 } } }
}
T{ ##add-float
    { dst 648 }
    { src1 775 }
    { src2 647 }
    { insn# 58 }
}
T{ ##load-double { dst 649 } { val 28.0 } { insn# 59 } }
T{ ##spill
    { src 648 }
    { rep double-rep }
    { dst T{ spill-slot { n 112 } } }
}
T{ ##add-float
    { dst 650 }
    { src1 775 }
    { src2 649 }
    { insn# 60 }
}
T{ ##load-double { dst 651 } { val 29.0 } { insn# 61 } }
T{ ##spill
    { src 650 }
    { rep double-rep }
    { dst T{ spill-slot { n 120 } } }
}
T{ ##add-float
    { dst 652 }
    { src1 775 }
    { src2 651 }
    { insn# 62 }
}
T{ ##load-double { dst 653 } { val 30.0 } { insn# 63 } }
T{ ##spill
    { src 652 }
    { rep double-rep }
    { dst T{ spill-slot { n 128 } } }
}
T{ ##add-float
    { dst 654 }
    { src1 775 }
    { src2 653 }
    { insn# 64 }
}
T{ ##load-double { dst 655 } { val 31.0 } { insn# 65 } }
T{ ##spill
    { src 654 }
    { rep double-rep }
    { dst T{ spill-slot { n 136 } } }
}
T{ ##add-float
    { dst 656 }
    { src1 775 }
    { src2 655 }
    { insn# 66 }
}
T{ ##load-double { dst 657 } { val 32.0 } { insn# 67 } }
T{ ##spill
    { src 656 }
    { rep double-rep }
    { dst T{ spill-slot { n 144 } } }
}
T{ ##add-float
    { dst 658 }
    { src1 775 }
    { src2 657 }
    { insn# 68 }
}
T{ ##inc { loc D: 3 } { insn# 69 } }
T{ ##inc { loc R: 30 } { insn# 70 } }
T{ ##compare-float-ordered-branch
    { src1 775 }
    { src2 625 }
    { cc cc< }
    { insn# 71 }
}
BLOCK
2
{ 811 { 658 } }
{ 799 { 596 } }
{ 800 { 628 } }
{ 801 { 598 } }
{ 802 { 630 } }
{ 803 { 600 } }
{ 804 { 632 } }
{ 805 { 602 } }
{ 806 { 634 } }
{ 807 { 604 } }
{ 808 { 636 } }
{ 809 { 606 } }
{ 810 { 638 } }
T{ ##mul-float
    { dst 700 }
    { src1 799 }
    { src2 800 }
    { insn# 72 }
}
T{ ##inc { loc D: -3 } { insn# 73 } }
T{ ##branch { insn# 74 } }
BLOCK
3
{ 824 { 658 } }
{ 812 { 596 } }
{ 813 { 628 } }
{ 814 { 598 } }
{ 815 { 630 } }
{ 816 { 600 } }
{ 817 { 632 } }
{ 818 { 602 } }
{ 819 { 634 } }
{ 820 { 604 } }
{ 821 { 636 } }
{ 822 { 606 } }
{ 823 { 638 } }
T{ ##add-float
    { dst 704 }
    { src1 812 }
    { src2 813 }
    { insn# 75 }
}
T{ ##inc { loc D: -3 } { insn# 76 } }
T{ ##branch { insn# 77 } }
BLOCK
4
{ 709 { 700 704 } }
{ 835 { 811 824 } }
{ 825 { 801 814 } }
{ 826 { 802 815 } }
{ 827 { 803 816 } }
{ 828 { 804 817 } }
{ 829 { 805 818 } }
{ 830 { 806 819 } }
{ 831 { 807 820 } }
{ 832 { 808 821 } }
{ 833 { 809 822 } }
{ 834 { 810 823 } }
T{ ##check-nursery-branch
    { size 16 }
    { cc cc<= }
    { temp1 778 }
    { temp2 779 }
    { insn# 79 }
}
BLOCK
5
T{ ##spill
    { src 709 }
    { rep double-rep }
    { dst T{ spill-slot { n 152 } } }
}
T{ ##spill
    { src 835 }
    { rep double-rep }
    { dst T{ spill-slot { n 160 } } }
}
T{ ##spill
    { src 825 }
    { rep double-rep }
    { dst T{ spill-slot { n 168 } } }
}
T{ ##spill
    { src 827 }
    { rep double-rep }
    { dst T{ spill-slot { n 184 } } }
}
T{ ##spill
    { src 829 }
    { rep double-rep }
    { dst T{ spill-slot { n 200 } } }
}
T{ ##spill
    { src 831 }
    { rep double-rep }
    { dst T{ spill-slot { n 216 } } }
}
T{ ##spill
    { src 833 }
    { rep double-rep }
    { dst T{ spill-slot { n 232 } } }
}
T{ ##spill
    { src 826 }
    { rep double-rep }
    { dst T{ spill-slot { n 176 } } }
}
T{ ##spill
    { src 828 }
    { rep double-rep }
    { dst T{ spill-slot { n 192 } } }
}
T{ ##spill
    { src 830 }
    { rep double-rep }
    { dst T{ spill-slot { n 208 } } }
}
T{ ##spill
    { src 832 }
    { rep double-rep }
    { dst T{ spill-slot { n 224 } } }
}
T{ ##spill
    { src 834 }
    { rep double-rep }
    { dst T{ spill-slot { n 240 } } }
}
T{ ##branch }
BLOCK
6
{ 838 { 709 } }
{ 847 { 835 } }
{ 836 { 825 } }
{ 837 { 826 } }
{ 839 { 827 } }
{ 840 { 828 } }
{ 841 { 829 } }
{ 842 { 830 } }
{ 843 { 831 } }
{ 844 { 832 } }
{ 845 { 833 } }
{ 846 { 834 } }
T{ ##clear { loc R: 29 } }
T{ ##clear { loc R: 28 } }
T{ ##clear { loc R: 27 } }
T{ ##clear { loc R: 26 } }
T{ ##clear { loc R: 25 } }
T{ ##clear { loc R: 24 } }
T{ ##clear { loc R: 23 } }
T{ ##clear { loc R: 22 } }
T{ ##clear { loc R: 21 } }
T{ ##clear { loc R: 20 } }
T{ ##clear { loc R: 19 } }
T{ ##clear { loc R: 18 } }
T{ ##clear { loc R: 17 } }
T{ ##clear { loc R: 16 } }
T{ ##clear { loc R: 15 } }
T{ ##clear { loc R: 14 } }
T{ ##clear { loc R: 13 } }
T{ ##clear { loc R: 12 } }
T{ ##clear { loc R: 11 } }
T{ ##clear { loc R: 10 } }
T{ ##clear { loc R: 9 } }
T{ ##clear { loc R: 8 } }
T{ ##clear { loc R: 7 } }
T{ ##clear { loc R: 6 } }
T{ ##clear { loc R: 5 } }
T{ ##clear { loc R: 4 } }
T{ ##clear { loc R: 3 } }
T{ ##clear { loc R: 2 } }
T{ ##clear { loc R: 1 } }
T{ ##clear { loc R: 0 } }
T{ ##spill
    { src 838 }
    { rep double-rep }
    { dst T{ spill-slot { n 152 } } }
}
T{ ##spill
    { src 847 }
    { rep double-rep }
    { dst T{ spill-slot { n 160 } } }
}
T{ ##spill
    { src 836 }
    { rep double-rep }
    { dst T{ spill-slot { n 168 } } }
}
T{ ##spill
    { src 837 }
    { rep double-rep }
    { dst T{ spill-slot { n 176 } } }
}
T{ ##spill
    { src 839 }
    { rep double-rep }
    { dst T{ spill-slot { n 184 } } }
}
T{ ##spill
    { src 840 }
    { rep double-rep }
    { dst T{ spill-slot { n 192 } } }
}
T{ ##spill
    { src 841 }
    { rep double-rep }
    { dst T{ spill-slot { n 200 } } }
}
T{ ##spill
    { src 842 }
    { rep double-rep }
    { dst T{ spill-slot { n 208 } } }
}
T{ ##spill
    { src 843 }
    { rep double-rep }
    { dst T{ spill-slot { n 216 } } }
}
T{ ##spill
    { src 844 }
    { rep double-rep }
    { dst T{ spill-slot { n 224 } } }
}
T{ ##spill
    { src 845 }
    { rep double-rep }
    { dst T{ spill-slot { n 232 } } }
}
T{ ##spill
    { src 846 }
    { rep double-rep }
    { dst T{ spill-slot { n 240 } } }
}
T{ ##call-gc
    { gc-map
        T{ gc-map { gc-roots { } } { derived-roots V{ } } }
    }
    { insn# 80 }
}
T{ ##branch { insn# 81 } }
BLOCK
7
T{ ##reload
    { dst 891 }
    { rep double-rep }
    { src T{ spill-slot { n 152 } } }
}
T{ ##reload
    { dst 892 }
    { rep double-rep }
    { src T{ spill-slot { n 160 } } }
}
T{ ##reload
    { dst 893 }
    { rep double-rep }
    { src T{ spill-slot { n 168 } } }
}
T{ ##reload
    { dst 894 }
    { rep double-rep }
    { src T{ spill-slot { n 176 } } }
}
T{ ##reload
    { dst 895 }
    { rep double-rep }
    { src T{ spill-slot { n 184 } } }
}
T{ ##reload
    { dst 896 }
    { rep double-rep }
    { src T{ spill-slot { n 192 } } }
}
T{ ##reload
    { dst 897 }
    { rep double-rep }
    { src T{ spill-slot { n 200 } } }
}
T{ ##reload
    { dst 898 }
    { rep double-rep }
    { src T{ spill-slot { n 208 } } }
}
T{ ##reload
    { dst 899 }
    { rep double-rep }
    { src T{ spill-slot { n 216 } } }
}
T{ ##reload
    { dst 900 }
    { rep double-rep }
    { src T{ spill-slot { n 224 } } }
}
T{ ##reload
    { dst 901 }
    { rep double-rep }
    { src T{ spill-slot { n 232 } } }
}
T{ ##reload
    { dst 902 }
    { rep double-rep }
    { src T{ spill-slot { n 240 } } }
}
T{ ##branch }
BLOCK
8
{ 862 { 709 891 } }
{ 871 { 835 892 } }
{ 860 { 825 893 } }
{ 861 { 826 894 } }
{ 863 { 827 895 } }
{ 864 { 828 896 } }
{ 865 { 829 897 } }
{ 866 { 830 898 } }
{ 867 { 831 899 } }
{ 868 { 832 900 } }
{ 869 { 833 901 } }
{ 870 { 834 902 } }
T{ ##mul-float
    { dst 713 }
    { src1 860 }
    { src2 861 }
    { insn# 82 }
}
T{ ##add-float
    { dst 714 }
    { src1 862 }
    { src2 713 }
    { insn# 83 }
}
T{ ##mul-float
    { dst 715 }
    { src1 863 }
    { src2 864 }
    { insn# 84 }
}
T{ ##add-float
    { dst 716 }
    { src1 714 }
    { src2 715 }
    { insn# 85 }
}
T{ ##mul-float
    { dst 717 }
    { src1 865 }
    { src2 866 }
    { insn# 86 }
}
T{ ##add-float
    { dst 718 }
    { src1 716 }
    { src2 717 }
    { insn# 87 }
}
T{ ##mul-float
    { dst 719 }
    { src1 867 }
    { src2 868 }
    { insn# 88 }
}
T{ ##add-float
    { dst 720 }
    { src1 718 }
    { src2 719 }
    { insn# 89 }
}
T{ ##mul-float
    { dst 721 }
    { src1 869 }
    { src2 870 }
    { insn# 90 }
}
T{ ##add-float
    { dst 722 }
    { src1 720 }
    { src2 721 }
    { insn# 91 }
}
T{ ##reload
    { dst 872 }
    { rep double-rep }
    { src T{ spill-slot { n 72 } } }
}
T{ ##reload
    { dst 873 }
    { rep double-rep }
    { src T{ spill-slot { n 80 } } }
}
T{ ##mul-float
    { dst 723 }
    { src1 872 }
    { src2 873 }
    { insn# 92 }
}
T{ ##add-float
    { dst 724 }
    { src1 722 }
    { src2 723 }
    { insn# 93 }
}
T{ ##reload
    { dst 874 }
    { rep double-rep }
    { src T{ spill-slot { n 64 } } }
}
T{ ##reload
    { dst 875 }
    { rep double-rep }
    { src T{ spill-slot { n 88 } } }
}
T{ ##mul-float
    { dst 725 }
    { src1 874 }
    { src2 875 }
    { insn# 94 }
}
T{ ##add-float
    { dst 726 }
    { src1 724 }
    { src2 725 }
    { insn# 95 }
}
T{ ##reload
    { dst 876 }
    { rep double-rep }
    { src T{ spill-slot { n 56 } } }
}
T{ ##reload
    { dst 877 }
    { rep double-rep }
    { src T{ spill-slot { n 96 } } }
}
T{ ##mul-float
    { dst 727 }
    { src1 876 }
    { src2 877 }
    { insn# 96 }
}
T{ ##add-float
    { dst 728 }
    { src1 726 }
    { src2 727 }
    { insn# 97 }
}
T{ ##reload
    { dst 878 }
    { rep double-rep }
    { src T{ spill-slot { n 48 } } }
}
T{ ##reload
    { dst 879 }
    { rep double-rep }
    { src T{ spill-slot { n 104 } } }
}
T{ ##mul-float
    { dst 729 }
    { src1 878 }
    { src2 879 }
    { insn# 98 }
}
T{ ##add-float
    { dst 730 }
    { src1 728 }
    { src2 729 }
    { insn# 99 }
}
T{ ##reload
    { dst 880 }
    { rep double-rep }
    { src T{ spill-slot { n 40 } } }
}
T{ ##reload
    { dst 881 }
    { rep double-rep }
    { src T{ spill-slot { n 112 } } }
}
T{ ##mul-float
    { dst 731 }
    { src1 880 }
    { src2 881 }
    { insn# 100 }
}
T{ ##add-float
    { dst 732 }
    { src1 730 }
    { src2 731 }
    { insn# 101 }
}
T{ ##reload
    { dst 882 }
    { rep double-rep }
    { src T{ spill-slot { n 32 } } }
}
T{ ##reload
    { dst 883 }
    { rep double-rep }
    { src T{ spill-slot { n 120 } } }
}
T{ ##mul-float
    { dst 733 }
    { src1 882 }
    { src2 883 }
    { insn# 102 }
}
T{ ##add-float
    { dst 734 }
    { src1 732 }
    { src2 733 }
    { insn# 103 }
}
T{ ##reload
    { dst 884 }
    { rep double-rep }
    { src T{ spill-slot { n 24 } } }
}
T{ ##reload
    { dst 885 }
    { rep double-rep }
    { src T{ spill-slot { n 128 } } }
}
T{ ##mul-float
    { dst 735 }
    { src1 884 }
    { src2 885 }
    { insn# 104 }
}
T{ ##add-float
    { dst 736 }
    { src1 734 }
    { src2 735 }
    { insn# 105 }
}
T{ ##reload
    { dst 886 }
    { rep double-rep }
    { src T{ spill-slot } }
}
T{ ##reload
    { dst 887 }
    { rep double-rep }
    { src T{ spill-slot { n 136 } } }
}
T{ ##mul-float
    { dst 737 }
    { src1 886 }
    { src2 887 }
    { insn# 106 }
}
T{ ##add-float
    { dst 738 }
    { src1 736 }
    { src2 737 }
    { insn# 107 }
}
T{ ##reload
    { dst 888 }
    { rep double-rep }
    { src T{ spill-slot { n 8 } } }
}
T{ ##reload
    { dst 889 }
    { rep double-rep }
    { src T{ spill-slot { n 144 } } }
}
T{ ##mul-float
    { dst 739 }
    { src1 888 }
    { src2 889 }
    { insn# 108 }
}
T{ ##add-float
    { dst 740 }
    { src1 738 }
    { src2 739 }
    { insn# 109 }
}
T{ ##reload
    { dst 890 }
    { rep double-rep }
    { src T{ spill-slot { n 16 } } }
}
T{ ##mul-float
    { dst 741 }
    { src1 890 }
    { src2 871 }
    { insn# 110 }
}
T{ ##add-float
    { dst 776 }
    { src1 740 }
    { src2 741 }
    { insn# 111 }
}
T{ ##allot
    { dst 742 }
    { size 16 }
    { class-of float }
    { temp 777 }
    { insn# 112 }
}
T{ ##store-memory-imm
    { src 776 }
    { base 742 }
    { offset 5 }
    { rep double-rep }
    { insn# 113 }
}
T{ ##inc { loc R: -30 } { insn# 114 } }
T{ ##replace { src 742 } { loc D: 0 } { insn# 115 } }
T{ ##branch { insn# 116 } }
BLOCK
9
T{ ##safepoint { insn# 117 } }
T{ ##epilogue { insn# 118 } }
T{ ##return { insn# 119 } }
SOURCE SPILL PLANS
BLOCK
2
ENTRY VERSIONS
H{
    { 1055 1258 }
    { 1057 1260 }
    { 1089 1261 }
    { 1109 1262 }
    { 1047 1250 }
    { 1079 1251 }
    { 1049 1252 }
    { 1081 1253 }
    { 1051 1254 }
    { 1083 1255 }
    { 1053 1256 }
    { 1085 1257 }
    { 1087 1259 }
}
SAVED ENTRY
{
    1091
    1059
    1093
    1061
    1095
    1063
    1097
    1065
    1099
    1067
    1101
    1069
    1103
    1071
    1105
    1073
    1107
    1075
    1077
}
EXIT VERSIONS
H{
    { 1055 1258 }
    { 1057 1260 }
    { 1089 1261 }
    { 1151 1151 }
    { 1109 1262 }
    { 1049 1252 }
    { 1081 1253 }
    { 1051 1254 }
    { 1083 1255 }
    { 1053 1256 }
    { 1085 1257 }
    { 1087 1259 }
}
SAVED EXIT
{
    1091
    1059
    1093
    1061
    1095
    1063
    1097
    1065
    1099
    1067
    1101
    1069
    1103
    1071
    1105
    1073
    1107
    1075
    1077
}
BLOCK
1
ENTRY VERSIONS
H{ }
SAVED ENTRY
{ }
EXIT VERSIONS
H{
    { 1055 1055 }
    { 1057 1057 }
    { 1089 1089 }
    { 1109 1109 }
    { 1047 1047 }
    { 1079 1079 }
    { 1049 1049 }
    { 1081 1081 }
    { 1051 1051 }
    { 1083 1083 }
    { 1085 1085 }
    { 1053 1053 }
    { 1087 1087 }
}
SAVED EXIT
{
    1059
    1091
    1061
    1093
    1063
    1095
    1065
    1097
    1067
    1099
    1069
    1101
    1071
    1103
    1073
    1105
    1075
    1107
    1077
}
BLOCK
4
ENTRY VERSIONS
H{
    { 1055 1282 }
    { 1057 1284 }
    { 1089 1285 }
    { 1160 1160 }
    { 1109 1286 }
    { 1049 1276 }
    { 1081 1277 }
    { 1051 1278 }
    { 1083 1279 }
    { 1053 1280 }
    { 1085 1281 }
    { 1087 1283 }
}
SAVED ENTRY
{
    1091
    1059
    1093
    1061
    1095
    1063
    1097
    1065
    1099
    1067
    1101
    1069
    1103
    1071
    1105
    1073
    1107
    1075
    1077
}
EXIT VERSIONS
H{
    { 1055 1282 }
    { 1057 1284 }
    { 1089 1285 }
    { 1160 1160 }
    { 1109 1286 }
    { 1049 1276 }
    { 1081 1277 }
    { 1051 1278 }
    { 1083 1279 }
    { 1053 1280 }
    { 1085 1281 }
    { 1087 1283 }
}
SAVED EXIT
{
    1091
    1059
    1093
    1061
    1095
    1063
    1097
    1065
    1099
    1067
    1101
    1069
    1103
    1071
    1105
    1073
    1107
    1075
    1077
}
BLOCK
5
ENTRY VERSIONS
H{
    { 1055 1294 }
    { 1057 1296 }
    { 1089 1297 }
    { 1160 1289 }
    { 1109 1298 }
    { 1049 1287 }
    { 1081 1288 }
    { 1051 1290 }
    { 1083 1291 }
    { 1053 1292 }
    { 1085 1293 }
    { 1087 1295 }
}
SAVED ENTRY
{
    1091
    1059
    1093
    1061
    1095
    1063
    1097
    1065
    1099
    1067
    1101
    1069
    1103
    1071
    1105
    1073
    1107
    1075
    1077
}
EXIT VERSIONS
H{ }
SAVED EXIT
{
    1089
    1091
    1093
    1095
    1160
    1097
    1099
    1101
    1103
    1105
    1107
    1109
    1049
    1051
    1053
    1055
    1057
    1059
    1061
    1063
    1065
    1067
    1069
    1071
    1073
    1075
    1077
    1081
    1083
    1085
    1087
}
BLOCK
6
ENTRY VERSIONS
H{
    { 1055 1318 }
    { 1057 1320 }
    { 1089 1321 }
    { 1160 1313 }
    { 1109 1322 }
    { 1049 1311 }
    { 1081 1312 }
    { 1051 1314 }
    { 1083 1315 }
    { 1053 1316 }
    { 1085 1317 }
    { 1087 1319 }
}
SAVED ENTRY
{
    1089
    1091
    1093
    1095
    1160
    1097
    1099
    1101
    1103
    1105
    1107
    1109
    1049
    1051
    1053
    1055
    1057
    1059
    1061
    1063
    1065
    1067
    1069
    1071
    1073
    1075
    1077
    1081
    1083
    1085
    1087
}
EXIT VERSIONS
H{ }
SAVED EXIT
{
    1089
    1091
    1093
    1095
    1160
    1097
    1099
    1101
    1103
    1105
    1107
    1109
    1049
    1051
    1053
    1055
    1057
    1059
    1061
    1063
    1065
    1067
    1069
    1071
    1073
    1075
    1077
    1081
    1083
    1085
    1087
}
BLOCK
0
ENTRY VERSIONS
H{ }
SAVED ENTRY
{ }
EXIT VERSIONS
H{ }
SAVED EXIT
{ }
BLOCK
3
ENTRY VERSIONS
H{
    { 1055 1271 }
    { 1057 1273 }
    { 1089 1274 }
    { 1109 1275 }
    { 1047 1263 }
    { 1079 1264 }
    { 1049 1265 }
    { 1081 1266 }
    { 1051 1267 }
    { 1083 1268 }
    { 1053 1269 }
    { 1085 1270 }
    { 1087 1272 }
}
SAVED ENTRY
{
    1091
    1059
    1093
    1061
    1095
    1063
    1097
    1065
    1099
    1067
    1101
    1069
    1103
    1071
    1105
    1073
    1107
    1075
    1077
}
EXIT VERSIONS
H{
    { 1055 1271 }
    { 1057 1273 }
    { 1089 1274 }
    { 1155 1155 }
    { 1109 1275 }
    { 1049 1265 }
    { 1081 1266 }
    { 1051 1267 }
    { 1083 1268 }
    { 1053 1269 }
    { 1085 1270 }
    { 1087 1272 }
}
SAVED EXIT
{
    1091
    1059
    1093
    1061
    1095
    1063
    1097
    1065
    1099
    1067
    1101
    1069
    1103
    1071
    1105
    1073
    1107
    1075
    1077
}
BLOCK
7
ENTRY VERSIONS
H{ }
SAVED ENTRY
{ }
EXIT VERSIONS
H{ }
SAVED EXIT
{ }
SOURCE INSTRUCTIONS
BLOCK
0
T{ ##safepoint { insn# 0 } }
T{ ##prologue { insn# 1 } }
T{ ##branch { insn# 2 } }
BLOCK
1
T{ ##peek { dst 1045 } { loc D: 0 } { insn# 3 } }
T{ ##load-double { dst 1046 } { val 1.0 } { insn# 4 } }
T{ ##load-memory-imm
    { dst 1226 }
    { base 1045 }
    { offset 5 }
    { rep double-rep }
    { insn# 5 }
}
T{ ##add-float
    { dst 1047 }
    { src1 1226 }
    { src2 1046 }
    { insn# 6 }
}
T{ ##load-double { dst 1048 } { val 2.0 } { insn# 7 } }
T{ ##add-float
    { dst 1049 }
    { src1 1226 }
    { src2 1048 }
    { insn# 8 }
}
T{ ##load-double { dst 1050 } { val 3.0 } { insn# 9 } }
T{ ##add-float
    { dst 1051 }
    { src1 1226 }
    { src2 1050 }
    { insn# 10 }
}
T{ ##load-double { dst 1052 } { val 4.0 } { insn# 11 } }
T{ ##add-float
    { dst 1053 }
    { src1 1226 }
    { src2 1052 }
    { insn# 12 }
}
T{ ##load-double { dst 1054 } { val 5.0 } { insn# 13 } }
T{ ##add-float
    { dst 1055 }
    { src1 1226 }
    { src2 1054 }
    { insn# 14 }
}
T{ ##load-double { dst 1056 } { val 6.0 } { insn# 15 } }
T{ ##add-float
    { dst 1057 }
    { src1 1226 }
    { src2 1056 }
    { insn# 16 }
}
T{ ##load-double { dst 1058 } { val 7.0 } { insn# 17 } }
T{ ##add-float
    { dst 1059 }
    { src1 1226 }
    { src2 1058 }
    { insn# 18 }
}
T{ ##load-double { dst 1060 } { val 8.0 } { insn# 19 } }
T{ ##add-float
    { dst 1061 }
    { src1 1226 }
    { src2 1060 }
    { insn# 20 }
}
T{ ##load-double { dst 1062 } { val 9.0 } { insn# 21 } }
T{ ##add-float
    { dst 1063 }
    { src1 1226 }
    { src2 1062 }
    { insn# 22 }
}
T{ ##load-double { dst 1064 } { val 10.0 } { insn# 23 } }
T{ ##add-float
    { dst 1065 }
    { src1 1226 }
    { src2 1064 }
    { insn# 24 }
}
T{ ##load-double { dst 1066 } { val 11.0 } { insn# 25 } }
T{ ##add-float
    { dst 1067 }
    { src1 1226 }
    { src2 1066 }
    { insn# 26 }
}
T{ ##load-double { dst 1068 } { val 12.0 } { insn# 27 } }
T{ ##add-float
    { dst 1069 }
    { src1 1226 }
    { src2 1068 }
    { insn# 28 }
}
T{ ##load-double { dst 1070 } { val 13.0 } { insn# 29 } }
T{ ##add-float
    { dst 1071 }
    { src1 1226 }
    { src2 1070 }
    { insn# 30 }
}
T{ ##load-double { dst 1072 } { val 14.0 } { insn# 31 } }
T{ ##add-float
    { dst 1073 }
    { src1 1226 }
    { src2 1072 }
    { insn# 32 }
}
T{ ##load-double { dst 1074 } { val 15.0 } { insn# 33 } }
T{ ##spill
    { src 1073 }
    { rep double-rep }
    { dst T{ spill-slot } }
}
T{ ##add-float
    { dst 1075 }
    { src1 1226 }
    { src2 1074 }
    { insn# 34 }
}
T{ ##load-double { dst 1076 } { val 16.0 } { insn# 35 } }
T{ ##spill
    { src 1075 }
    { rep double-rep }
    { dst T{ spill-slot { n 8 } } }
}
T{ ##add-float
    { dst 1077 }
    { src1 1226 }
    { src2 1076 }
    { insn# 36 }
}
T{ ##spill
    { src 1077 }
    { rep double-rep }
    { dst T{ spill-slot { n 16 } } }
}
T{ ##load-double { dst 1078 } { val 17.0 } { insn# 37 } }
T{ ##spill
    { src 1071 }
    { rep double-rep }
    { dst T{ spill-slot { n 24 } } }
}
T{ ##add-float
    { dst 1079 }
    { src1 1226 }
    { src2 1078 }
    { insn# 38 }
}
T{ ##load-double { dst 1080 } { val 18.0 } { insn# 39 } }
T{ ##spill
    { src 1069 }
    { rep double-rep }
    { dst T{ spill-slot { n 32 } } }
}
T{ ##add-float
    { dst 1081 }
    { src1 1226 }
    { src2 1080 }
    { insn# 40 }
}
T{ ##load-double { dst 1082 } { val 19.0 } { insn# 41 } }
T{ ##spill
    { src 1067 }
    { rep double-rep }
    { dst T{ spill-slot { n 40 } } }
}
T{ ##add-float
    { dst 1083 }
    { src1 1226 }
    { src2 1082 }
    { insn# 42 }
}
T{ ##load-double { dst 1084 } { val 20.0 } { insn# 43 } }
T{ ##spill
    { src 1065 }
    { rep double-rep }
    { dst T{ spill-slot { n 48 } } }
}
T{ ##add-float
    { dst 1085 }
    { src1 1226 }
    { src2 1084 }
    { insn# 44 }
}
T{ ##load-double { dst 1086 } { val 21.0 } { insn# 45 } }
T{ ##spill
    { src 1063 }
    { rep double-rep }
    { dst T{ spill-slot { n 56 } } }
}
T{ ##add-float
    { dst 1087 }
    { src1 1226 }
    { src2 1086 }
    { insn# 46 }
}
T{ ##load-double { dst 1088 } { val 22.0 } { insn# 47 } }
T{ ##spill
    { src 1061 }
    { rep double-rep }
    { dst T{ spill-slot { n 64 } } }
}
T{ ##add-float
    { dst 1089 }
    { src1 1226 }
    { src2 1088 }
    { insn# 48 }
}
T{ ##load-double { dst 1090 } { val 23.0 } { insn# 49 } }
T{ ##spill
    { src 1059 }
    { rep double-rep }
    { dst T{ spill-slot { n 72 } } }
}
T{ ##add-float
    { dst 1091 }
    { src1 1226 }
    { src2 1090 }
    { insn# 50 }
}
T{ ##load-double { dst 1092 } { val 24.0 } { insn# 51 } }
T{ ##spill
    { src 1091 }
    { rep double-rep }
    { dst T{ spill-slot { n 80 } } }
}
T{ ##add-float
    { dst 1093 }
    { src1 1226 }
    { src2 1092 }
    { insn# 52 }
}
T{ ##load-double { dst 1094 } { val 25.0 } { insn# 53 } }
T{ ##spill
    { src 1093 }
    { rep double-rep }
    { dst T{ spill-slot { n 88 } } }
}
T{ ##add-float
    { dst 1095 }
    { src1 1226 }
    { src2 1094 }
    { insn# 54 }
}
T{ ##load-double { dst 1096 } { val 26.0 } { insn# 55 } }
T{ ##spill
    { src 1095 }
    { rep double-rep }
    { dst T{ spill-slot { n 96 } } }
}
T{ ##add-float
    { dst 1097 }
    { src1 1226 }
    { src2 1096 }
    { insn# 56 }
}
T{ ##load-double { dst 1098 } { val 27.0 } { insn# 57 } }
T{ ##spill
    { src 1097 }
    { rep double-rep }
    { dst T{ spill-slot { n 104 } } }
}
T{ ##add-float
    { dst 1099 }
    { src1 1226 }
    { src2 1098 }
    { insn# 58 }
}
T{ ##load-double { dst 1100 } { val 28.0 } { insn# 59 } }
T{ ##spill
    { src 1099 }
    { rep double-rep }
    { dst T{ spill-slot { n 112 } } }
}
T{ ##add-float
    { dst 1101 }
    { src1 1226 }
    { src2 1100 }
    { insn# 60 }
}
T{ ##load-double { dst 1102 } { val 29.0 } { insn# 61 } }
T{ ##spill
    { src 1101 }
    { rep double-rep }
    { dst T{ spill-slot { n 120 } } }
}
T{ ##add-float
    { dst 1103 }
    { src1 1226 }
    { src2 1102 }
    { insn# 62 }
}
T{ ##load-double { dst 1104 } { val 30.0 } { insn# 63 } }
T{ ##spill
    { src 1103 }
    { rep double-rep }
    { dst T{ spill-slot { n 128 } } }
}
T{ ##add-float
    { dst 1105 }
    { src1 1226 }
    { src2 1104 }
    { insn# 64 }
}
T{ ##load-double { dst 1106 } { val 31.0 } { insn# 65 } }
T{ ##spill
    { src 1105 }
    { rep double-rep }
    { dst T{ spill-slot { n 136 } } }
}
T{ ##add-float
    { dst 1107 }
    { src1 1226 }
    { src2 1106 }
    { insn# 66 }
}
T{ ##load-double { dst 1108 } { val 32.0 } { insn# 67 } }
T{ ##spill
    { src 1107 }
    { rep double-rep }
    { dst T{ spill-slot { n 144 } } }
}
T{ ##add-float
    { dst 1109 }
    { src1 1226 }
    { src2 1108 }
    { insn# 68 }
}
T{ ##inc { loc D: 3 } { insn# 69 } }
T{ ##inc { loc R: 30 } { insn# 70 } }
T{ ##compare-float-ordered-branch
    { src1 1226 }
    { src2 1076 }
    { cc cc< }
    { insn# 71 }
}
BLOCK
2
{ 1258 { 1055 } }
{ 1260 { 1057 } }
{ 1261 { 1089 } }
{ 1262 { 1109 } }
{ 1250 { 1047 } }
{ 1251 { 1079 } }
{ 1252 { 1049 } }
{ 1253 { 1081 } }
{ 1254 { 1051 } }
{ 1255 { 1083 } }
{ 1256 { 1053 } }
{ 1257 { 1085 } }
{ 1259 { 1087 } }
T{ ##mul-float
    { dst 1151 }
    { src1 1250 }
    { src2 1251 }
    { insn# 72 }
}
T{ ##inc { loc D: -3 } { insn# 73 } }
T{ ##branch { insn# 74 } }
BLOCK
3
{ 1271 { 1055 } }
{ 1273 { 1057 } }
{ 1274 { 1089 } }
{ 1275 { 1109 } }
{ 1263 { 1047 } }
{ 1264 { 1079 } }
{ 1265 { 1049 } }
{ 1266 { 1081 } }
{ 1267 { 1051 } }
{ 1268 { 1083 } }
{ 1269 { 1053 } }
{ 1270 { 1085 } }
{ 1272 { 1087 } }
T{ ##add-float
    { dst 1155 }
    { src1 1263 }
    { src2 1264 }
    { insn# 75 }
}
T{ ##inc { loc D: -3 } { insn# 76 } }
T{ ##branch { insn# 77 } }
BLOCK
4
{ 1282 { 1258 1271 } }
{ 1284 { 1260 1273 } }
{ 1285 { 1261 1274 } }
{ 1160 { 1151 1155 } }
{ 1286 { 1262 1275 } }
{ 1276 { 1252 1265 } }
{ 1277 { 1253 1266 } }
{ 1278 { 1254 1267 } }
{ 1279 { 1255 1268 } }
{ 1280 { 1256 1269 } }
{ 1281 { 1257 1270 } }
{ 1283 { 1259 1272 } }
T{ ##check-nursery-branch
    { size 16 }
    { cc cc<= }
    { temp1 1229 }
    { temp2 1230 }
    { insn# 79 }
}
BLOCK
5
T{ ##spill
    { src 1285 }
    { rep double-rep }
    { dst T{ spill-slot { n 168 } } }
}
T{ ##spill
    { src 1160 }
    { rep double-rep }
    { dst T{ spill-slot { n 176 } } }
}
T{ ##spill
    { src 1286 }
    { rep double-rep }
    { dst T{ spill-slot { n 184 } } }
}
T{ ##spill
    { src 1276 }
    { rep double-rep }
    { dst T{ spill-slot { n 192 } } }
}
T{ ##spill
    { src 1278 }
    { rep double-rep }
    { dst T{ spill-slot { n 208 } } }
}
T{ ##spill
    { src 1280 }
    { rep double-rep }
    { dst T{ spill-slot { n 224 } } }
}
T{ ##spill
    { src 1282 }
    { rep double-rep }
    { dst T{ spill-slot { n 152 } } }
}
T{ ##spill
    { src 1284 }
    { rep double-rep }
    { dst T{ spill-slot { n 160 } } }
}
T{ ##spill
    { src 1277 }
    { rep double-rep }
    { dst T{ spill-slot { n 200 } } }
}
T{ ##spill
    { src 1279 }
    { rep double-rep }
    { dst T{ spill-slot { n 216 } } }
}
T{ ##spill
    { src 1281 }
    { rep double-rep }
    { dst T{ spill-slot { n 232 } } }
}
T{ ##spill
    { src 1283 }
    { rep double-rep }
    { dst T{ spill-slot { n 240 } } }
}
T{ ##branch }
BLOCK
6
{ 1294 { 1282 } }
{ 1296 { 1284 } }
{ 1297 { 1285 } }
{ 1289 { 1160 } }
{ 1298 { 1286 } }
{ 1287 { 1276 } }
{ 1288 { 1277 } }
{ 1290 { 1278 } }
{ 1291 { 1279 } }
{ 1292 { 1280 } }
{ 1293 { 1281 } }
{ 1295 { 1283 } }
T{ ##clear { loc R: 29 } }
T{ ##clear { loc R: 28 } }
T{ ##clear { loc R: 27 } }
T{ ##clear { loc R: 26 } }
T{ ##clear { loc R: 25 } }
T{ ##clear { loc R: 24 } }
T{ ##clear { loc R: 23 } }
T{ ##clear { loc R: 22 } }
T{ ##clear { loc R: 21 } }
T{ ##clear { loc R: 20 } }
T{ ##clear { loc R: 19 } }
T{ ##clear { loc R: 18 } }
T{ ##clear { loc R: 17 } }
T{ ##clear { loc R: 16 } }
T{ ##clear { loc R: 15 } }
T{ ##clear { loc R: 14 } }
T{ ##clear { loc R: 13 } }
T{ ##clear { loc R: 12 } }
T{ ##clear { loc R: 11 } }
T{ ##clear { loc R: 10 } }
T{ ##clear { loc R: 9 } }
T{ ##clear { loc R: 8 } }
T{ ##clear { loc R: 7 } }
T{ ##clear { loc R: 6 } }
T{ ##clear { loc R: 5 } }
T{ ##clear { loc R: 4 } }
T{ ##clear { loc R: 3 } }
T{ ##clear { loc R: 2 } }
T{ ##clear { loc R: 1 } }
T{ ##clear { loc R: 0 } }
T{ ##spill
    { src 1294 }
    { rep double-rep }
    { dst T{ spill-slot { n 152 } } }
}
T{ ##spill
    { src 1296 }
    { rep double-rep }
    { dst T{ spill-slot { n 160 } } }
}
T{ ##spill
    { src 1297 }
    { rep double-rep }
    { dst T{ spill-slot { n 168 } } }
}
T{ ##spill
    { src 1289 }
    { rep double-rep }
    { dst T{ spill-slot { n 176 } } }
}
T{ ##spill
    { src 1298 }
    { rep double-rep }
    { dst T{ spill-slot { n 184 } } }
}
T{ ##spill
    { src 1287 }
    { rep double-rep }
    { dst T{ spill-slot { n 192 } } }
}
T{ ##spill
    { src 1288 }
    { rep double-rep }
    { dst T{ spill-slot { n 200 } } }
}
T{ ##spill
    { src 1290 }
    { rep double-rep }
    { dst T{ spill-slot { n 208 } } }
}
T{ ##spill
    { src 1291 }
    { rep double-rep }
    { dst T{ spill-slot { n 216 } } }
}
T{ ##spill
    { src 1292 }
    { rep double-rep }
    { dst T{ spill-slot { n 224 } } }
}
T{ ##spill
    { src 1293 }
    { rep double-rep }
    { dst T{ spill-slot { n 232 } } }
}
T{ ##spill
    { src 1295 }
    { rep double-rep }
    { dst T{ spill-slot { n 240 } } }
}
T{ ##call-gc
    { gc-map
        T{ gc-map { gc-roots { } } { derived-roots V{ } } }
    }
    { insn# 80 }
}
T{ ##branch { insn# 81 } }
BLOCK
7
T{ ##reload
    { dst 1342 }
    { rep double-rep }
    { src T{ spill-slot { n 152 } } }
}
T{ ##reload
    { dst 1343 }
    { rep double-rep }
    { src T{ spill-slot { n 160 } } }
}
T{ ##reload
    { dst 1344 }
    { rep double-rep }
    { src T{ spill-slot { n 168 } } }
}
T{ ##reload
    { dst 1345 }
    { rep double-rep }
    { src T{ spill-slot { n 176 } } }
}
T{ ##reload
    { dst 1346 }
    { rep double-rep }
    { src T{ spill-slot { n 184 } } }
}
T{ ##reload
    { dst 1347 }
    { rep double-rep }
    { src T{ spill-slot { n 192 } } }
}
T{ ##reload
    { dst 1348 }
    { rep double-rep }
    { src T{ spill-slot { n 200 } } }
}
T{ ##reload
    { dst 1349 }
    { rep double-rep }
    { src T{ spill-slot { n 208 } } }
}
T{ ##reload
    { dst 1350 }
    { rep double-rep }
    { src T{ spill-slot { n 216 } } }
}
T{ ##reload
    { dst 1351 }
    { rep double-rep }
    { src T{ spill-slot { n 224 } } }
}
T{ ##reload
    { dst 1352 }
    { rep double-rep }
    { src T{ spill-slot { n 232 } } }
}
T{ ##reload
    { dst 1353 }
    { rep double-rep }
    { src T{ spill-slot { n 240 } } }
}
T{ ##branch }
BLOCK
8
{ 1318 { 1282 1342 } }
{ 1320 { 1284 1343 } }
{ 1321 { 1285 1344 } }
{ 1313 { 1160 1345 } }
{ 1322 { 1286 1346 } }
{ 1311 { 1276 1347 } }
{ 1312 { 1277 1348 } }
{ 1314 { 1278 1349 } }
{ 1315 { 1279 1350 } }
{ 1316 { 1280 1351 } }
{ 1317 { 1281 1352 } }
{ 1319 { 1283 1353 } }
T{ ##mul-float
    { dst 1164 }
    { src1 1311 }
    { src2 1312 }
    { insn# 82 }
}
T{ ##add-float
    { dst 1165 }
    { src1 1313 }
    { src2 1164 }
    { insn# 83 }
}
T{ ##mul-float
    { dst 1166 }
    { src1 1314 }
    { src2 1315 }
    { insn# 84 }
}
T{ ##add-float
    { dst 1167 }
    { src1 1165 }
    { src2 1166 }
    { insn# 85 }
}
T{ ##mul-float
    { dst 1168 }
    { src1 1316 }
    { src2 1317 }
    { insn# 86 }
}
T{ ##add-float
    { dst 1169 }
    { src1 1167 }
    { src2 1168 }
    { insn# 87 }
}
T{ ##mul-float
    { dst 1170 }
    { src1 1318 }
    { src2 1319 }
    { insn# 88 }
}
T{ ##add-float
    { dst 1171 }
    { src1 1169 }
    { src2 1170 }
    { insn# 89 }
}
T{ ##mul-float
    { dst 1172 }
    { src1 1320 }
    { src2 1321 }
    { insn# 90 }
}
T{ ##add-float
    { dst 1173 }
    { src1 1171 }
    { src2 1172 }
    { insn# 91 }
}
T{ ##reload
    { dst 1323 }
    { rep double-rep }
    { src T{ spill-slot { n 72 } } }
}
T{ ##reload
    { dst 1324 }
    { rep double-rep }
    { src T{ spill-slot { n 80 } } }
}
T{ ##mul-float
    { dst 1174 }
    { src1 1323 }
    { src2 1324 }
    { insn# 92 }
}
T{ ##add-float
    { dst 1175 }
    { src1 1173 }
    { src2 1174 }
    { insn# 93 }
}
T{ ##reload
    { dst 1325 }
    { rep double-rep }
    { src T{ spill-slot { n 64 } } }
}
T{ ##reload
    { dst 1326 }
    { rep double-rep }
    { src T{ spill-slot { n 88 } } }
}
T{ ##mul-float
    { dst 1176 }
    { src1 1325 }
    { src2 1326 }
    { insn# 94 }
}
T{ ##add-float
    { dst 1177 }
    { src1 1175 }
    { src2 1176 }
    { insn# 95 }
}
T{ ##reload
    { dst 1327 }
    { rep double-rep }
    { src T{ spill-slot { n 56 } } }
}
T{ ##reload
    { dst 1328 }
    { rep double-rep }
    { src T{ spill-slot { n 96 } } }
}
T{ ##mul-float
    { dst 1178 }
    { src1 1327 }
    { src2 1328 }
    { insn# 96 }
}
T{ ##add-float
    { dst 1179 }
    { src1 1177 }
    { src2 1178 }
    { insn# 97 }
}
T{ ##reload
    { dst 1329 }
    { rep double-rep }
    { src T{ spill-slot { n 48 } } }
}
T{ ##reload
    { dst 1330 }
    { rep double-rep }
    { src T{ spill-slot { n 104 } } }
}
T{ ##mul-float
    { dst 1180 }
    { src1 1329 }
    { src2 1330 }
    { insn# 98 }
}
T{ ##add-float
    { dst 1181 }
    { src1 1179 }
    { src2 1180 }
    { insn# 99 }
}
T{ ##reload
    { dst 1331 }
    { rep double-rep }
    { src T{ spill-slot { n 40 } } }
}
T{ ##reload
    { dst 1332 }
    { rep double-rep }
    { src T{ spill-slot { n 112 } } }
}
T{ ##mul-float
    { dst 1182 }
    { src1 1331 }
    { src2 1332 }
    { insn# 100 }
}
T{ ##add-float
    { dst 1183 }
    { src1 1181 }
    { src2 1182 }
    { insn# 101 }
}
T{ ##reload
    { dst 1333 }
    { rep double-rep }
    { src T{ spill-slot { n 32 } } }
}
T{ ##reload
    { dst 1334 }
    { rep double-rep }
    { src T{ spill-slot { n 120 } } }
}
T{ ##mul-float
    { dst 1184 }
    { src1 1333 }
    { src2 1334 }
    { insn# 102 }
}
T{ ##add-float
    { dst 1185 }
    { src1 1183 }
    { src2 1184 }
    { insn# 103 }
}
T{ ##reload
    { dst 1335 }
    { rep double-rep }
    { src T{ spill-slot { n 24 } } }
}
T{ ##reload
    { dst 1336 }
    { rep double-rep }
    { src T{ spill-slot { n 128 } } }
}
T{ ##mul-float
    { dst 1186 }
    { src1 1335 }
    { src2 1336 }
    { insn# 104 }
}
T{ ##add-float
    { dst 1187 }
    { src1 1185 }
    { src2 1186 }
    { insn# 105 }
}
T{ ##reload
    { dst 1337 }
    { rep double-rep }
    { src T{ spill-slot } }
}
T{ ##reload
    { dst 1338 }
    { rep double-rep }
    { src T{ spill-slot { n 136 } } }
}
T{ ##mul-float
    { dst 1188 }
    { src1 1337 }
    { src2 1338 }
    { insn# 106 }
}
T{ ##add-float
    { dst 1189 }
    { src1 1187 }
    { src2 1188 }
    { insn# 107 }
}
T{ ##reload
    { dst 1339 }
    { rep double-rep }
    { src T{ spill-slot { n 8 } } }
}
T{ ##reload
    { dst 1340 }
    { rep double-rep }
    { src T{ spill-slot { n 144 } } }
}
T{ ##mul-float
    { dst 1190 }
    { src1 1339 }
    { src2 1340 }
    { insn# 108 }
}
T{ ##add-float
    { dst 1191 }
    { src1 1189 }
    { src2 1190 }
    { insn# 109 }
}
T{ ##reload
    { dst 1341 }
    { rep double-rep }
    { src T{ spill-slot { n 16 } } }
}
T{ ##mul-float
    { dst 1192 }
    { src1 1341 }
    { src2 1322 }
    { insn# 110 }
}
T{ ##add-float
    { dst 1227 }
    { src1 1191 }
    { src2 1192 }
    { insn# 111 }
}
T{ ##allot
    { dst 1193 }
    { size 16 }
    { class-of float }
    { temp 1228 }
    { insn# 112 }
}
T{ ##store-memory-imm
    { src 1227 }
    { base 1193 }
    { offset 5 }
    { rep double-rep }
    { insn# 113 }
}
T{ ##inc { loc R: -30 } { insn# 114 } }
T{ ##replace { src 1193 } { loc D: 0 } { insn# 115 } }
T{ ##branch { insn# 116 } }
BLOCK
9
T{ ##safepoint { insn# 117 } }
T{ ##epilogue { insn# 118 } }
T{ ##return { insn# 119 } }
