Unit Test: {
    { ( logLevel text args -- ) }
    [ \ TraceLogCallback "callback-effect" word-prop ]
}
Unit Test: { { 2 } [ 4 \ trace-log def>> nth ] }
--> test failed!
Unit Test: { { 1 } [ 4 \ text-format def>> nth ] }
--> test failed!
Unit Test: { { "literal 100%" } [ "literal 100%%" text-format ] }
Unit Test: {
    { "7/2.50/-3/4.5/11" }
    [ "%d/%.2f/%d/%.1f/%d" 7 2.5 -3 4.5 11 raylib-test-format ]
}
Unit Test: {
    { { 3 "%d/%.2f" 7 2.5 } }
    [
        [
            [ capture-raylib-log ] TraceLogCallback [
                load-local 0 get-local [
                    load-local LOG_ALL set-trace-log-level
                    0 get-local set-trace-log-callback
                    LOG_INFO "%d/%.2f" 7 2.5 raylib-test-log
                    raylib-log-result get-global 1 drop-locals
                ] curry [
                    f set-trace-log-callback
                    LOG_INFO set-trace-log-level
                ] finally 1 drop-locals
            ] with-callback
        ] compile-call
    ]
}
TEST FAILURES 2
COMPILER ERRORS 0

==== resource:extra/raylib/raylib-tests.factor

resource:extra/raylib/raylib-tests.factor: 11

Unit Test: { { 2 } [ 4 \ trace-log def>> nth ] }

=== Expected:
2
=== Got:
f
(U) [ c-to-factor => ]
    c-to-factor
(U) [ [ (get-catchstack) push ] dip call => (get-catchstack) pop* ]
(O) command-line-startup
(O) run-script
(U) [
        2dup check-call-effect 2dup [
            ~quotation~ dip
            dup terminated?>> ~quotation~ ~quotation~ if
        ] 2dip => rot [ 2drop ] [ wrong-values ] if
    ]
(U) [
        [ ~quotation~ dip dip ] dip => dup terminated?>>
        [ 2drop f ]
        [ dup in>> length swap out>> length check-datastack ] if
    ]
(U) [ swap [ call ] dip => ]
    dip
(U) [ output>array => datastack. ]
(U) [ [ ~quotation~ ~quotation~ bi ] dip => nsequence ]
    output>sequence
(U) [ [ keep ] dip => call ]
    bi
(U) [ over [ call ] dip => ]
    keep
(U) [
        "raylib" reload "raylib" library-dll dll-valid?
        [ "Raylib library is required" throw ] unless
        f restartable-tests? set-global "raylib" test
        => test-status :test-failures compiler-errors get values
        [ print-error ] each
        test-failures get empty? compiler-errors get assoc-empty?
        and [ 0 ] [ 1 ] if exit
    ]
(O) test-vocabs
(O) test-vocab
(O) run-test-file
(U) [
        { ( logLevel text args -- ) }
        [ \ TraceLogCallback "callback-effect" word-prop ]
        \ (unit-test) 8 experiment
        { 2 } [ 4 \ trace-log def>> nth ] \ (unit-test) 11
        experiment =>
        { 1 } [ 4 \ text-format def>> nth ] \ (unit-test) 12
        experiment "raylib" library-dll dll-valid? [
            "resource:extra/raylib/native/varargs.factor"
            run-test-file
        ] [
            "Raylib native formatting tests unavailable: shared library no..."
            print
        ] if
    ]
(U) [
        2 load-locals -1 get-local <experiment> load-local
        silent-tests? get 0 get-local
        [ load-local 0 get-local experiment. 1 drop-locals ] curry
        unless -2 get-local execute => 0 get-local -1 get-local [
            2 load-locals -1 get-local 0 get-local ~quotation~ curry
            curry ~quotation~ if 2 drop-locals
        ] curry curry [ 2drop "Warning: test skipped!" print ] if
        3 drop-locals
    ]
    experiment
(O) (unit-test)
(O) assert-sequence=
(O) assert-sequence
(O) M\ object throw
(U) [
        OBJ-CURRENT-THREAD special-object error-thread set-global
        current-continuation => error-continuation set-global
        [ original-error set-global ] [ rethrow ] bi
    ]

resource:extra/raylib/raylib-tests.factor: 12

Unit Test: { { 1 } [ 4 \ text-format def>> nth ] }

=== Expected:
1
=== Got:
f
(U) [ c-to-factor => ]
    c-to-factor
(U) [ [ (get-catchstack) push ] dip call => (get-catchstack) pop* ]
(O) command-line-startup
(O) run-script
(U) [
        2dup check-call-effect 2dup [
            ~quotation~ dip
            dup terminated?>> ~quotation~ ~quotation~ if
        ] 2dip => rot [ 2drop ] [ wrong-values ] if
    ]
(U) [
        [ ~quotation~ dip dip ] dip => dup terminated?>>
        [ 2drop f ]
        [ dup in>> length swap out>> length check-datastack ] if
    ]
(U) [ swap [ call ] dip => ]
    dip
(U) [ output>array => datastack. ]
(U) [ [ ~quotation~ ~quotation~ bi ] dip => nsequence ]
    output>sequence
(U) [ [ keep ] dip => call ]
    bi
(U) [ over [ call ] dip => ]
    keep
(U) [
        "raylib" reload "raylib" library-dll dll-valid?
        [ "Raylib library is required" throw ] unless
        f restartable-tests? set-global "raylib" test
        => test-status :test-failures compiler-errors get values
        [ print-error ] each
        test-failures get empty? compiler-errors get assoc-empty?
        and [ 0 ] [ 1 ] if exit
    ]
(O) test-vocabs
(O) test-vocab
(O) run-test-file
(U) [
        { ( logLevel text args -- ) }
        [ \ TraceLogCallback "callback-effect" word-prop ]
        \ (unit-test) 8 experiment
        { 2 } [ 4 \ trace-log def>> nth ] \ (unit-test) 11
        experiment
        { 1 } [ 4 \ text-format def>> nth ] \ (unit-test) 12
        experiment => "raylib" library-dll dll-valid? [
            "resource:extra/raylib/native/varargs.factor"
            run-test-file
        ] [
            "Raylib native formatting tests unavailable: shared library no..."
            print
        ] if
    ]
(U) [
        2 load-locals -1 get-local <experiment> load-local
        silent-tests? get 0 get-local
        [ load-local 0 get-local experiment. 1 drop-locals ] curry
        unless -2 get-local execute => 0 get-local -1 get-local [
            2 load-locals -1 get-local 0 get-local ~quotation~ curry
            curry ~quotation~ if 2 drop-locals
        ] curry curry [ 2drop "Warning: test skipped!" print ] if
        3 drop-locals
    ]
    experiment
(O) (unit-test)
(O) assert-sequence=
(O) assert-sequence
(O) M\ object throw
(U) [
        OBJ-CURRENT-THREAD special-object error-thread set-global
        current-continuation => error-continuation set-global
        [ original-error set-global ] [ rethrow ] bi
    ]
