Refreshing backend
Backend refreshed; compiling workload

Restarts were invoked adding vocabularies to the search path.
To avoid doing this in the future, add the following forms
at the top of the source file:

USING: cpu.architecture cpu.arm.64 system ;
IN: cpu.arm.64

signed min nanoseconds / 1000000 iterations
longlong-2{ -9223372036853775808 123456788012345 }
4955178
5757917
6269023
5004665
4789415
6377140
4925043
unsigned max nanoseconds / 1000000 iterations
ulonglong-2{ 9223372036855775808 987654321098764 }
6616949
6737530
5204745
4700814
4717214
4666497
4677321
float to int nanoseconds / 1000000 iterations
int-4{ 1680198416 -1469948416 1512644608 1781678080 }
25092369
29006680
28334403
23890946
25477933
25893468
26052343
float conversion reps: { }
signed min CFG: f
unsigned max CFG: f
float conversion CFG: f
