Refreshing backend
Backend refreshed; compiling workload
Native conversion CFG: t
Effective traps requested invalid+inexact: { +fp-invalid-operation+ +fp-inexact+ }
Input bits: uint-4{ 1069547520 3217031168 1056964608 3204448256 }
Native flags: { }
Portable flags: { +fp-inexact+ }
Native with invalid+inexact traps: returned
Portable with invalid+inexact traps: { +fp-inexact+ }
Input bits: uint-4{ 2139095040 4286578688 2139095040 4286578688 }
Native flags: { }
Portable flags: { +fp-inexact+ }
Native with invalid+inexact traps: returned
Portable with invalid+inexact traps: { +fp-inexact+ }
Input bits: uint-4{ 2143289345 4290772993 2143289345 4290772993 }
Native flags: { }
Portable flags: { +fp-invalid-operation+ +fp-inexact+ }
Native with invalid+inexact traps: returned
Portable with invalid+inexact traps: { +fp-inexact+ }
Input bits: uint-4{ 2139095041 4286578689 2139095041 4286578689 }
Native flags: { }
Portable flags: { +fp-invalid-operation+ +fp-inexact+ }
Native with invalid+inexact traps: returned
Portable with invalid+inexact traps: { +fp-invalid-operation+ }
Input bits: uint-4{ 1 2147483649 8388607 2155872255 }
Native flags: { }
Portable flags: { +fp-inexact+ }
Native with invalid+inexact traps: returned
Portable with invalid+inexact traps: { +fp-inexact+ }
Input bits: uint-4{ 1325400064 1333788673 3472883713 3481272321 }
Native flags: { }
Portable flags: { +fp-inexact+ }
Native with invalid+inexact traps: returned
Portable with invalid+inexact traps: { +fp-inexact+ }
