Unit Test: {
    { ( value -- int ) }
    [ \ x11-parser-fixed "declared-effect" word-prop ]
}
Unit Test: {
    { ( tag value scale -- int ) }
    [ \ x11-parser-varargs "declared-effect" word-prop ]
}
Unit Test: { { f } [ \ x11-parser-fixed def>> 4 swap nth ] }
Unit Test: { { 1 } [ \ x11-parser-varargs def>> 4 swap nth ] }
Unit Test: {
    { t }
    [ \ x11-parser-varargs def>> last \ awaken-event-loop eq? ]
}
Unit Test: { { 1 } [ \ XCreateIC def>> 4 swap nth ] }
Unit Test: {
    { 12 }
    [ \ XCreateIC "declared-effect" word-prop in>> length ]
}
Unit Test: { { XIMStyle } [ \ XCreateIC def>> 3 swap nth 6 swap nth ] }
Unit Test: { { t } [ \ XCreateIC def>> 3 swap nth last pointer? ] }
Unit Test: { { t } [ XIMStyle heap-size ulong heap-size = ] }
Unit Test: { { t } [ \ XCreateIC def>> last \ awaken-event-loop eq? ] }
X11 parser checks passed
