Unit Test: {
    { t t 1 }
    [
        V{
            T{ ##peek { dst 0 } { loc D: 0 } }
            T{ ##slot-imm
                { dst 1 }
                { obj 0 }
                { slot 1 }
                { tag 0 }
            }
            T{ ##branch }
        } 0 test-bb V{
            T{ ##slot-imm
                { dst 2 }
                { obj 0 }
                { slot 1 }
                { tag 0 }
            }
            T{ ##branch }
        } 1 test-bb 0 1 edge
        0 get block>cfg check-memory 1 get instructions>> first
        [ ##copy? ] [ src>> ] bi
    ]
}
Unit Test: {
    { f t }
    [
        V{ T{ ##peek { dst 0 } { loc D: 0 } } T{ ##branch } } 0
        test-bb V{
            T{ ##slot-imm
                { dst 1 }
                { obj 0 }
                { slot 1 }
                { tag 0 }
            }
            T{ ##branch }
        } 1 test-bb V{
            T{ ##slot-imm
                { dst 2 }
                { obj 0 }
                { slot 1 }
                { tag 0 }
            }
            T{ ##branch }
        } 2 test-bb V{
            T{ ##slot-imm
                { dst 3 }
                { obj 0 }
                { slot 1 }
                { tag 0 }
            }
            T{ ##branch }
        } 3 test-bb 0 { 1 2 } edges 1 3 edge 2 3 edge
        0 get block>cfg check-memory 3 get instructions>> first
        ##slot-imm?
    ]
}
Unit Test: {
    { f t }
    [
        V{
            T{ ##peek { dst 0 } { loc D: 0 } }
            T{ ##peek { dst 1 } { loc D: 1 } }
            T{ ##peek { dst 2 } { loc D: 2 } }
            T{ ##slot-imm
                { dst 3 }
                { obj 0 }
                { slot 1 }
                { tag 0 }
            }
            T{ ##branch }
        } 0 test-bb V{
            T{ ##set-slot-imm
                { src 2 }
                { obj 1 }
                { slot 1 }
                { tag 0 }
            }
            T{ ##branch }
        } 1 test-bb V{ T{ ##branch } } 2 test-bb V{
            T{ ##slot-imm
                { dst 4 }
                { obj 0 }
                { slot 1 }
                { tag 0 }
            }
            T{ ##branch }
        } 3 test-bb 0 { 1 2 } edges 1 3 edge 2 3 edge
        0 get block>cfg check-memory 3 get instructions>> first
        ##slot-imm?
    ]
}
Unit Test: {
    { t }
    [
        {
            ##set-slot
            ##set-slot-imm
            ##set-vm-field
            ##store-memory
            ##store-memory-imm
            ##call
            ##call-gc
            ##alien-invoke
            ##alien-indirect
            ##alien-assembly
            ##allot
            ##box
            ##box-long-long
            ##box-alien
            ##box-displaced-alien
            ##unbox
            ##unbox-long-long
            ##write-barrier
            ##write-barrier-imm
            ##spill
        } [
            load-local H{ { { 0 1 0 } 5 } } clone load-local
            -1 get-local new 0 get-local update-memory-facts
            0 get-local assoc-empty? 2 drop-locals
        ] all?
    ]
}
Unit Test: {
    { f }
    [
        V{
            T{ ##peek { dst 0 } { loc D: 0 } }
            T{ ##slot-imm
                { dst 1 }
                { obj 0 }
                { slot 1 }
                { tag 0 }
            }
            T{ ##branch }
        } 0 test-bb V{
            T{ ##slot-imm
                { dst 2 }
                { obj 0 }
                { slot 1 }
                { tag 1 }
            }
            T{ ##slot-imm
                { dst 3 }
                { obj 0 }
                { slot 2 }
                { tag 0 }
            }
            T{ ##branch }
        } 1 test-bb 0 1 edge 0 get block>cfg check-memory
    ]
}
Unit Test: {
    { f }
    [
        V{
            T{ ##peek { dst 0 } { loc D: 0 } }
            T{ ##slot-imm
                { dst 2 }
                { obj 0 }
                { slot 2 }
                { tag 0 }
            }
            T{ ##branch }
        } 0 test-bb V{
            T{ ##slot-imm
                { dst 1 }
                { obj 0 }
                { slot 1 }
                { tag 0 }
            }
            T{ ##branch }
        } 1 test-bb 0 1 edge 1 1 edge
        0 get block>cfg check-memory
    ]
}
Unit Test: {
    { t t }
    [
        V{
            T{ ##peek { dst 0 } { loc D: 0 } }
            T{ ##slot-imm
                { dst 1 }
                { obj 0 }
                { slot 1 }
                { tag 0 }
            }
            T{ ##branch }
        } 0 test-bb V{ T{ ##branch } } 1 test-bb
        V{ T{ ##branch } } 2 test-bb V{
            T{ ##slot-imm
                { dst 2 }
                { obj 0 }
                { slot 1 }
                { tag 0 }
            }
            T{ ##branch }
        } 3 test-bb 0 { 1 2 } edges 1 { 1 3 } edges 2 3 edge
        0 get block>cfg check-memory 3 get instructions>> first
        ##copy?
    ]
}
Unit Test: {
    { f t }
    [
        V{
            T{ ##peek { dst 0 } { loc D: 0 } }
            T{ ##peek { dst 1 } { loc D: 1 } }
            T{ ##slot-imm
                { dst 2 }
                { obj 0 }
                { slot 1 }
                { tag 0 }
            }
            T{ ##branch }
        } 0 test-bb V{
            T{ ##slot-imm
                { dst 3 }
                { obj 0 }
                { slot 1 }
                { tag 0 }
            }
            T{ ##branch }
        } 1 test-bb V{
            T{ ##set-slot-imm
                { src 1 }
                { obj 0 }
                { slot 1 }
                { tag 0 }
            }
            T{ ##branch }
        } 2 test-bb 0 1 edge 1 2 edge 2 1 edge
        0 get block>cfg check-memory 1 get instructions>> first
        ##slot-imm?
    ]
}
Unit Test: {
    { t }
    [
        [
            f memory-optimization? set
            [ memory-branch ] test-ssa [
                [
                    load-local
                    0 get-local eliminate-redundant-loads 0
                    get-local check-ssa 1 drop-locals
                ] call
            ] any?
        ] with-scope
    ]
}
Unit Test: {
    { t }
    [
        [
            t check-ssa? set t check-allocation? set
            linear-scan-allocator register-allocator set
            value-flow-verifier-enabled? t assert=
            { f t } [
                [
                    load-local
                    0 get-local memory-optimization? set
                    [ memory-branch ] fresh-memory-word
                    load-local
                    [ memory-alias-branch ] fresh-memory-word
                    load-local
                    [ memory-alias-loop ] fresh-memory-word
                    load-local
                    { -19 0 7 38 } -2 get-local -1 get-local 0
                    get-local [
                        3 load-locals
                        -2 get-local -1 get-local 0 get-local [
                            3 load-locals load-local
                            { f t } 0 get-local -3 get-local -2
                            get-local [
                                3 load-locals
                                -2 get-local -1 get-local 0
                                get-local ~quotation~ curry
                                curry curry call 3 drop-locals
                            ] curry curry curry all?
                            { 0 1 2 7 } 0 get-local -1 get-local 
                            [
                                2 load-locals
                                -1 get-local 0 get-local
                                ~quotation~ curry curry call
                                2 drop-locals
                            ] curry curry all? and 4 drop-locals
                        ] curry curry curry call 3 drop-locals
                    ] curry curry curry all? 4 drop-locals
                ] call
            ] all?
        ] with-scope
    ]
}
f
H{ { "cfgs" 0 } { "eliminated" 0 } }
t
H{ { "eliminated" 1 } { "cfgs" 2 } }
MEMORY INTEGRATED PIPELINE PASS
