
Restarts were invoked adding vocabularies to the search path.
To avoid doing this in the future, add the following forms
at the top of the source file:

USING: compiler.cfg.linear-scan.allocation.state
compiler.cfg.register-allocation
compiler.cfg.register-allocation.chordal
compiler.cfg.register-allocation.rematerialization
compiler.cfg.register-allocation.verifier io kernel namespaces
parser prettyprint sequences system tools.test vocabs.loader
vocabs.refresh ;
IN: chordal.callback.regression

callback rematerialization=f
Unit Test: {
    { 6 15 24 }
    [
        1 2 3 4 5 6 7 8 9 ffi_test_large_return
        large-return-values
    ]
}
Unit Test: {
    { -6 -15 -24 }
    [
        -1 -2 -3 -4 -5 -6 -7 -8 -9 ffi_test_large_return
        large-return-values
    ]
}
Unit Test: {
    { 6 15 24 }
    [
        1 2 3 4 5 6 7 8 9 "ffi_test_large_return"
        "large-return-test" library-dll dlsym
        indirect-large-return large-return-values
    ]
}
Unit Test: {
    { 45 }
    [
        large-return-callback
        [ ffi_test_large_return_callback ] with-callback
    ]
}
Unit Test: {
    { 45 }
    [
        nested-large-return-callback
        [ ffi_test_large_return_callback ] with-callback
    ]
}
callback rematerialization=t
Unit Test: {
    { 6 15 24 }
    [
        1 2 3 4 5 6 7 8 9 ffi_test_large_return
        large-return-values
    ]
}
Unit Test: {
    { -6 -15 -24 }
    [
        -1 -2 -3 -4 -5 -6 -7 -8 -9 ffi_test_large_return
        large-return-values
    ]
}
Unit Test: {
    { 6 15 24 }
    [
        1 2 3 4 5 6 7 8 9 "ffi_test_large_return"
        "large-return-test" library-dll dlsym
        indirect-large-return large-return-values
    ]
}
Unit Test: {
    { 45 }
    [
        large-return-callback
        [ ffi_test_large_return_callback ] with-callback
    ]
}
Unit Test: {
    { 45 }
    [
        nested-large-return-callback
        [ ffi_test_large_return_callback ] with-callback
    ]
}
Unit Test: {
    { t t t t }
    [
        f rematerialize-constants? set H{
            { 1 int-rep }
            { 2 int-rep }
            { 3 int-rep }
            { 4 int-rep }
            { 5 int-rep }
        } clone representations set 10 vreg-counter set
        pressure-cfg [
            dup
            H{ { int-regs { 0 1 } } } spill-ssa 2 load-locals
            cfg>insns load-local 0 get-local [ ##spill? ] any?
            0 get-local [ ##reload? ] filter
            [ dst>> 10 >= ] all? -2 get-local values
            [ spill-slot? ] all? 0 get-local [ ##add? ] filter
            last src2>> 10 >= 3 drop-locals
        ] with-cfg
    ]
}
Unit Test: {
    { t t t t }
    [
        f rematerialize-constants? set
        H{ { 1 int-rep } { 2 int-rep } } clone representations
        set 10 vreg-counter set V{
            T{ ##load-integer { dst 1 } { val 100 } }
            T{ ##branch }
        } clone 0 insns>block load-local
        V{ T{ ##call } T{ ##branch } } clone 1 insns>block
        t >>kill-block? load-local V{
            T{ ##add-imm { dst 2 } { src1 1 } { src2 8 } }
            T{ ##return }
        } clone 2 insns>block load-local
        -2 get-local -1 get-local connect-bbs
        -1 get-local 0 get-local connect-bbs
        -2 get-local block>cfg -1 get-local [
            load-local dup
            H{ { int-regs { 0 1 } } } spill-ssa 2drop
            cfg>insns load-local 0 get-local [ ##spill? ] any?
            -1 get-local instructions>> [ ##phi? ] any?
            not -1 get-local spill-plans get at
            exit-versions>> assoc-empty? 0 get-local
            [ ##reload? ] any? 2 drop-locals
        ] curry with-cfg 3 drop-locals
    ]
}
Unit Test: {
    { t t t }
    [
        f rematerialize-constants? set 6 3 <validation-diamond> 
        [
            dup construct-ssa-bases dup compute-ssa-live-sets
            dup dup 2 2 validation-register-bank
            spill-ssa 2 load-locals
            check-rewritten-phis "memory-phis" 0 get-local at
            0 > "edge-blocks" 0 get-local at 0 > 2 drop-locals
        ] with-cfg
    ]
}
Unit Test: {
    { t t }
    [
        f rematerialize-constants? set 2 t <validation-cycle> [
            dup construct-ssa-bases dup compute-ssa-live-sets
            dup dup 2 2 validation-register-bank
            spill-ssa 2 load-locals
            check-rewritten-phis "reload-definitions" 0
            get-local at 0 > 2 drop-locals
        ] with-cfg
    ]
}
Unit Test: {
    { H{ { 1 3 } { 2 8 } { 3 100002 } } }
    [
        H{ { 1 3 } { 2 8 } } clone
        H{ { 1 1 } { 3 2 } } loop-exit-distance pick
        merge-next-use!
    ]
}
Unit Test: {
    { H{ { 1 0 } { 2 0 } { 9 6 } } }
    [
        H{ { 9 5 } { 3 2 } }
        T{ ##add { dst 3 } { src1 1 } { src2 2 } }
        transfer-next-use
    ]
}
Unit Test: {
    { H{ { 9 6 } } }
    [
        H{ { 9 5 } { 3 2 } }
        T{ ##phi { dst 3 } { inputs H{ { 10 1 } { 11 2 } } } }
        transfer-next-use
    ]
}
Unit Test: {
    { H{ { 1 0 } { 9 6 } } H{ { 9 6 } { 2 0 } } }
    [
        T{ basic-block
            { instructions
                V{
                    T{ ##phi
                        { dst 3 }
                        { inputs H{ ~array~ ~array~ } }
                    }
                }
            }
        } load-local H{ } clone load-local
        H{ { 9 6 } } -1 get-local 0 get-local set-at
        10 -1 get-local 0 get-local edge-next-use
        11 -1 get-local 0 get-local edge-next-use 2 drop-locals
    ]
}
Unit Test: {
    { 100000 0 }
    [
        H{
            { 1 T{ natural-loop { blocks HS{ 1 2 } } } }
            { 3 T{ natural-loop { blocks HS{ 4 3 } } } }
        } loops
        [ 2 3 loop-exit-penalty 1 2 loop-exit-penalty ]
        with-variable
    ]
}
Unit Test: {
    { { 4 3 } }
    [
        { 1 2 3 4 } { 1 2 5 } H{ { 1 100 } { 2 1 } { 3 40 } } 3
        pressure-victims
    ]
}
Unit Test: {
    { { 3 } }
    [
        { 4 3 2 } { 2 } H{ { 1 100 } { 2 1 } { 3 40 } }
        eviction-stores
    ]
}
Must Fail With: {
    [ { 1 } { 1 2 3 } H{ } 2 pressure-victims ]
    [ impossible-register-pressure? ]
}
Unit Test: {
    { { 3 2 } }
    [
        { 1 2 3 } { 3 } H{ { 1 100002 } { 2 4 } { 3 7 } } 2
        select-entry-residents
    ]
}
Unit Test: {
    { { 2 } { 3 } }
    [ { 1 2 } { 1 } { 1 3 } { 1 2 } edge-transfers ]
}
V{ }
