SPEED compiler-suite allocator=chordal-allocator rematerialization=f
SPEED loop-spills=f
SPEED checks=ssa,intervals,final-value-flow gvn=off

Restarts were invoked adding vocabularies to the search path.
To avoid doing this in the future, add the following forms
at the top of the source file:

USING: accessors arrays compiler.cfg compiler.cfg.comparisons
compiler.cfg.instructions
compiler.cfg.linear-scan.allocation.spilling
compiler.cfg.linear-scan.allocation.state
compiler.cfg.linear-scan.assignment
compiler.cfg.linear-scan.live-intervals
compiler.cfg.linear-scan.numbering
compiler.cfg.linear-scan.resolve compiler.cfg.liveness
compiler.cfg.register-allocation.verifier compiler.cfg.registers
compiler.cfg.ssa.destruction.leaders compiler.cfg.utilities
cpu.architecture cpu.x86.assembler.operands heaps kernel locals
make math namespaces sequences sorting tools.test ;
IN: compiler.cfg.linear-scan.assignment.tests

TEST-FAILURES 0
SPEED compiler-suite=passed
