Unit Test: { { 80 } [ "http" f getservbyname port>> ntohs ] }
Unit Test: {
    { }
    [ "http" f getservbyname aliases>> utf8 alien>strings drop ]
}
Unit Test: { { "http" } [ 80 htons f getservbyport name>> ] }
Unit Test: { { 4294967294 } [ group new 4294967294 >>gr_gid gr_gid>> ] }
Unit Test: {
    { }
    [
        "factor-truncate-" ""
        [ check-large-truncation ] cleanup-unique-file
    ]
}
Unit Test: { { 2 } [ \ ioctl def>> 4 swap nth ] }
Unit Test: { { 0 7 } [ unread-pipe-bytes ] }
Unit Test: {
    { { 2 2 2 2 } }
    [
        {
            curl_easy_setopt_long
            curl_easy_setopt_string
            curl_easy_setopt_pointer
            curl_easy_setopt_curl_off_t
        } [ def>> 4 swap nth ] map
    ]
}
Unit Test: { { CURLE_BAD_FUNCTION_ARGUMENT } [ reject-negative-timeout ] }
Unit Test: { { CURLE_BAD_FUNCTION_ARGUMENT } [ reject-negative-speed ] }
Unit Test: { { "https://example.invalid/no-transfer" } [ configured-url ] }
Unit Test: { { t } [ configured-pointer ] }
Unit Test: { { 2 } [ \ BIO_printf def>> 4 swap nth ] }
Unit Test: { { 14 "plain BIO text" } [ format-memory-bio ] }
