
Restarts were invoked adding vocabularies to the search path.
To avoid doing this in the future, add the following forms
at the top of the source file:

USING: accessors arrays assocs compiler.cfg
compiler.cfg.build-stack-frame compiler.cfg.checker
compiler.cfg.comparisons compiler.cfg.instructions
compiler.cfg.linear-scan.allocation.state
compiler.cfg.linearization compiler.cfg.register-allocation
compiler.cfg.register-allocation.backtracking
compiler.cfg.register-allocation.chordal
compiler.cfg.register-allocation.greedy
compiler.cfg.register-allocation.rematerialization
compiler.cfg.register-allocation.spill-sites
compiler.cfg.register-allocation.verifier
compiler.cfg.register-allocation.verifier.rematerialization
compiler.cfg.registers compiler.cfg.rpo compiler.cfg.utilities
compiler.cfg.value-numbering compiler.codegen compiler.units
cpu.architecture hashtables io kernel locals make math
namespaces prettyprint sequences system tools.test vocabs.loader
vocabs.refresh words ;
IN: allocator-derived-phi-gc-probe

moving GC GVN=f
moving GC rematerialization=f
{ linear-scan-allocator t t }
{ greedy-allocator t t }
{ backtracking-allocator t t }
{ chordal-allocator t t }
moving GC rematerialization=t
{ linear-scan-allocator t t }
{ greedy-allocator t t }
{ backtracking-allocator t t }
{ chordal-allocator t t }
moving GC GVN=t
moving GC rematerialization=f
{ linear-scan-allocator t t }
{ greedy-allocator t t }
{ backtracking-allocator t t }
{ chordal-allocator t t }
moving GC rematerialization=t
{ linear-scan-allocator t t }
{ greedy-allocator t t }
{ backtracking-allocator t t }
{ chordal-allocator t t }
MOVING-GC-MATRIX-COMPLETE: 16 configurations, 768 native answers
