resource:extra/raylib/raylib-tests.factor
Unit Test: {
    { ( logLevel text args -- ) }
    [ \ TraceLogCallback "callback-effect" word-prop ]
}
Unit Test: { { 2 } [ 4 \ trace-log def>> nth ] }
Unit Test: { { 1 } [ 4 \ text-format def>> nth ] }
Unit Test: { { "literal 100%" } [ "literal 100%%" text-format ] }
Unit Test: {
    { "7/2.50/-3/4.5/11" }
    [ "%d/%.2f/%d/%.1f/%d" 7 2.5 -3 4.5 11 raylib-test-format ]
}
Unit Test: {
    { { 3 "%d/%.2f" 7 2.5 } }
    [
        [
            [ capture-raylib-log ] TraceLogCallback [
                load-local 0 get-local [
                    load-local LOG_ALL set-trace-log-level
                    0 get-local set-trace-log-callback
                    LOG_INFO "%d/%.2f" 7 2.5 raylib-test-log
                    raylib-log-result get-global 1 drop-locals
                ] curry [
                    f set-trace-log-callback
                    LOG_INFO set-trace-log-level
                ] finally 1 drop-locals
            ] with-callback
        ] compile-call
    ]
}
resource:extra/curses/ffi/ffi-tests.factor
Unit Test: { { t } [ va_list lookup-c-type va_list lookup-c-type eq? ] }
Unit Test: {
    { { 1 2 3 4 1 } }
    [
        { printw wprintw mvprintw mvwprintw tparm }
        [ def>> 4 swap nth ] map
    ]
}
Unit Test: {
    { ( fmt value -- int ) }
    [ \ printw "declared-effect" word-prop ]
}
Unit Test: {
    { ( win fmt value -- int ) }
    [ \ wprintw "declared-effect" word-prop ]
}
Unit Test: {
    { ( y x fmt value -- int ) }
    [ \ mvprintw "declared-effect" word-prop ]
}
Unit Test: {
    { ( win y x fmt value -- int ) }
    [ \ mvwprintw "declared-effect" word-prop ]
}
Unit Test: {
    { { f f } }
    [ { vwprintw vw_printw } [ def>> 4 swap nth ] map ]
}
Unit Test: {
    { 0 "value=12345" }
    [
        ALIEN: 1008ff600
        load-local
        0
        get-local
        werase
        drop
        "value=%d"
        12345
        printw
        0
        get-local
        0
        0
        11
        read-window
        1
        drop-locals
    ]
}
Unit Test: {
    { 0 "value=-2468" }
    [
        S{ WINDOW
            { _cury 0 }
            { _curx 0 }
            { _maxy 3 }
            { _maxx 79 }
            { _begy 0 }
            { _begx 0 }
            { _flags 2 }
            { _attrs 0 }
            { _bkgd 0 }
            { _notimeout f }
            { _clear f }
            { _leaveok f }
            { _scroll f }
            { _idlok f }
            { _idcok t }
            { _immed f }
            { _sync f }
            { _use_keypad f }
            { _delay -1 }
            { _line "" }
            { _regtop 0 }
            { _regbottom 3 }
            { _parx -1 }
            { _pary -1 }
            { _parent f }
            { _pad
                S{ pdat
                    { _pad_y -1 }
                    { _pad_x -1 }
                    { _pad_top -1 }
                    { _pad_left -1 }
                    { _pad_bottom -1 }
                    { _pad_right -1 }
                }
            }
            { _yoffset 0 }
            { _bkgrnd
                S{ cchar_t
                    { attr 0 }
                    { chars ushort-array{ 32 0 0 0 0 } }
                }
            }
        }
        load-local
        0
        get-local
        werase
        drop
        0
        get-local
        "value=%d"
        -2468
        wprintw
        0
        get-local
        0
        0
        11
        read-window
        1
        drop-locals
    ]
}
Unit Test: {
    { 0 "value=13579" }
    [
        ALIEN: 1008ff600
        load-local
        0
        get-local
        werase
        drop
        1
        2
        "value=%d"
        13579
        mvprintw
        0
        get-local
        1
        2
        11
        read-window
        1
        drop-locals
    ]
}
Unit Test: {
    { 0 "value=-9753" }
    [
        S{ WINDOW
            { _cury 0 }
            { _curx 0 }
            { _maxy 3 }
            { _maxx 79 }
            { _begy 0 }
            { _begx 0 }
            { _flags 34 }
            { _attrs 0 }
            { _bkgd 0 }
            { _notimeout f }
            { _clear f }
            { _leaveok f }
            { _scroll f }
            { _idlok f }
            { _idcok t }
            { _immed f }
            { _sync f }
            { _use_keypad f }
            { _delay -1 }
            { _line "" }
            { _regtop 0 }
            { _regbottom 3 }
            { _parx -1 }
            { _pary -1 }
            { _parent f }
            { _pad
                S{ pdat
                    { _pad_y -1 }
                    { _pad_x -1 }
                    { _pad_top -1 }
                    { _pad_left -1 }
                    { _pad_bottom -1 }
                    { _pad_right -1 }
                }
            }
            { _yoffset 0 }
            { _bkgrnd
                S{ cchar_t
                    { attr 0 }
                    { chars ushort-array{ 32 0 0 0 0 } }
                }
            }
        }
        load-local
        0
        get-local
        werase
        drop
        0
        get-local
        1
        2
        "value=%d"
        -9753
        mvwprintw
        0
        get-local
        1
        2
        11
        read-window
        1
        drop-locals
    ]
}
Unit Test: {
    { 0 "value=1.25/7" }
    [
        S{ WINDOW
            { _cury 1 }
            { _curx 2 }
            { _maxy 3 }
            { _maxx 79 }
            { _begy 0 }
            { _begx 0 }
            { _flags 34 }
            { _attrs 0 }
            { _bkgd 0 }
            { _notimeout f }
            { _clear f }
            { _leaveok f }
            { _scroll f }
            { _idlok f }
            { _idcok t }
            { _immed f }
            { _sync f }
            { _use_keypad f }
            { _delay -1 }
            { _line "" }
            { _regtop 0 }
            { _regbottom 3 }
            { _parx -1 }
            { _pary -1 }
            { _parent f }
            { _pad
                S{ pdat
                    { _pad_y -1 }
                    { _pad_x -1 }
                    { _pad_top -1 }
                    { _pad_left -1 }
                    { _pad_bottom -1 }
                    { _pad_right -1 }
                }
            }
            { _yoffset 0 }
            { _bkgrnd
                S{ cchar_t
                    { attr 0 }
                    { chars ushort-array{ 32 0 0 0 0 } }
                }
            }
        }
        load-local
        0
        get-local
        werase
        drop
        0
        get-local
        "%s=%.2f/%d"
        "value"
        1.25
        7
        wprintw-mixed
        0
        get-local
        0
        0
        12
        read-window
        1
        drop-locals
    ]
}
Unit Test: {
    { 0 "literal" }
    [
        S{ WINDOW
            { _cury 0 }
            { _curx 0 }
            { _maxy 3 }
            { _maxx 79 }
            { _begy 0 }
            { _begx 0 }
            { _flags 34 }
            { _attrs 0 }
            { _bkgd 0 }
            { _notimeout f }
            { _clear f }
            { _leaveok f }
            { _scroll f }
            { _idlok f }
            { _idcok t }
            { _immed f }
            { _sync f }
            { _use_keypad f }
            { _delay -1 }
            { _line "" }
            { _regtop 0 }
            { _regbottom 3 }
            { _parx -1 }
            { _pary -1 }
            { _parent f }
            { _pad
                S{ pdat
                    { _pad_y -1 }
                    { _pad_x -1 }
                    { _pad_top -1 }
                    { _pad_left -1 }
                    { _pad_bottom -1 }
                    { _pad_right -1 }
                }
            }
            { _yoffset 0 }
            { _bkgrnd
                S{ cchar_t
                    { attr 0 }
                    { chars ushort-array{ 32 0 0 0 0 } }
                }
            }
        }
        load-local
        0
        get-local
        werase
        drop
        0
        get-local
        "literal"
        wprintw-literal
        0
        get-local
        0
        0
        7
        read-window
        1
        drop-locals
    ]
}
Unit Test: {
    { "11:99" }
    [ "%p1%d:%p9%d" 11 22 33 44 55 66 77 88 99 tparm ]
}
Unit Test: { { "3:5" } [ "%p1%d:%p2%d" 3 5 tparm-position ] }
Unit Test: { { "text" } [ "%p1%s" "text" tparm-text ] }
resource:basis/db/sqlite/ffi/ffi-tests.factor
Unit Test: {
    { { 1 3 2 1 2 1 2 2 } }
    [
        {
            sqlite3_mprintf
            sqlite3_snprintf
            sqlite3_str_appendf
            sqlite3_config
            sqlite3_db_config
            sqlite3_test_control
            sqlite3_log
            sqlite3_vtab_config
        } [ def>> 4 swap nth ] map
    ]
}
Unit Test: { { t } [ "literal" sqlite3_mprintf owned-result? ] }
Unit Test: {
    { t }
    [
        f sqlite3_str_new dup "literal" sqlite3_str_appendf
        sqlite3_str_finish owned-result?
    ]
}
Unit Test: { { t "literal" } [ literal-buffer ] }
Unit Test: {
    { "'O''Brien':42:1.25" }
    [ "%Q:%d:%.2f" "O'Brien" 42 1.25 format-sql owned-text ]
}
Unit Test: { { "'O''Brien':42:1.25" t } [ 32 truncated-buffer ] }
Unit Test: { { "'O''Bri" t } [ 8 truncated-buffer ] }
Unit Test: { { "" t } [ 0 truncated-buffer ] }
Unit Test: {
    { "prefix:'O''Brien':42:1.25" }
    [
        f sqlite3_str_new dup "prefix:" sqlite3_str_appendf
        dup "%Q:%d:%.2f" "O'Brien" 42 1.25 append-sql
        sqlite3_str_finish owned-text
    ]
}
Unit Test: {
    { t }
    [
        {
            sqlite3_mprintf
            sqlite3_vmprintf
            sqlite3_snprintf
            sqlite3_vsnprintf
            sqlite3_str_finish
        } [ def>> first pointer: char = ] all?
    ]
}
Unit Test: {
    { t }
    [
        { sqlite3_snprintf sqlite3_vsnprintf }
        [ def>> fourth second pointer: char = ] all?
    ]
}
Unit Test: {
    { t }
    [
        {
            sqlite3_vmprintf
            sqlite3_vsnprintf
            sqlite3_str_vappendf
        } [ def>> fourth last va_list = ] all?
    ]
}
resource:basis/compiler/tests/sqlite-varargs.factor
Unit Test: {
    {
        1
        {
            "value:-42:1.250:-1234567890123"
            "value:-42:1.250:-1234567890123"
            "value"
        }
    }
    [
        [
            [
                2 load-locals
                -1 get-local 0 get-local sqlite3_vmprintf
                owned-text -1 get-local 0 get-local
                sqlite3_vmprintf
                owned-text 0 get-local c-string va-arg 3array
                formatted set-global 1 2 drop-locals
            ] sqlite-format-list
            [ va_call_format_list ] with-callback formatted get
        ] compile-call
    ]
}
Unit Test: {
    { 1 "value:-42:1.250:-1234567890123" }
    [
        [
            [
                2 load-locals 64 <byte-array> load-local
                64 0 get-local -2 get-local -1 get-local
                sqlite3_vsnprintf alien? t assert=
                0 get-local utf8 alien>string
                formatted set-global 1 3 drop-locals
            ] sqlite-format-list
            [ va_call_format_list ] with-callback formatted get
        ] compile-call
    ]
}
Unit Test: {
    { 1 "value:-" }
    [
        [
            [
                2 load-locals 8 <byte-array> load-local
                8 0 get-local -2 get-local -1 get-local
                sqlite3_vsnprintf drop
                0 get-local utf8 alien>string
                formatted set-global 1 3 drop-locals
            ] sqlite-format-list
            [ va_call_format_list ] with-callback formatted get
        ] compile-call
    ]
}
Unit Test: {
    { 1 "prefix:value:-42:1.250:-1234567890123" }
    [
        [
            [
                2 load-locals f sqlite3_str_new load-local
                0 get-local "prefix:" sqlite3_str_appendf
                0 get-local -2 get-local -1 get-local
                sqlite3_str_vappendf
                0 get-local sqlite3_str_finish owned-text
                formatted set-global 1 3 drop-locals
            ] sqlite-format-list
            [ va_call_format_list ] with-callback formatted get
        ] compile-call
    ]
}
resource:extra/lua/lua-tests.factor
Unit Test: {
    { 2 2 2 2 }
    [
        \ lua_pushfstring def>> 4 swap nth
        \ luaL_error def>> 4 swap nth
        \ lua-push-mixed def>> 4 swap nth
        \ lua-error-mixed def>> 4 swap nth
    ]
}
Unit Test: { { t } [ \ lua_pushvfstring def>> 3 swap nth last va_list = ] }
Unit Test: {
    { "literal %" 1 "literal %" }
    [
        [
            [
                load-local
                0 get-local "literal %%" lua_pushfstring
                0 get-local lua_gettop 0 get-local -1 f
                lua_tolstring 1 drop-locals
            ] with-lua-test-state
        ]
        compile-call
    ]
}
Unit Test: {
    { "lua/-37/2.5/Z/%" 1 "lua/-37/2.5/Z/%" }
    [
        [
            [
                load-local
                0 get-local "%s/%d/%f/%c/%%" "lua" -37 2.5 90
                lua-push-mixed
                0 get-local lua_gettop 0 get-local -1 f
                lua_tolstring 1 drop-locals
            ] with-lua-test-state
        ]
        compile-call
    ]
}
Unit Test: {
    { "-1/2.5" }
    [
        [
            [ "%d/%f" 255 2.5 lua-push-promoted ]
            with-lua-test-state
        ]
        compile-call
    ]
}
Unit Test: {
    { }
    [
        [ [ lua-error-mixed ] dup infer define-temp drop ]
        with-compilation-unit
    ]
}
resource:extra/lua/native/varargs.factor
Unit Test: {
    { "lua/-37/2.5/Z/%" }
    [
        [ [ factor_lua_format_control ] with-lua-test-state ]
        compile-call
    ]
}
Unit Test: {
    { t }
    [
        [
            [
                load-local
                0 get-local "%p" 0 get-local lua-push-pointer
                0 get-local 0 get-local
                factor_lua_pointer_control = 1 drop-locals
            ] with-lua-test-state
        ]
        compile-call
    ]
}
Unit Test: {
    { 2 "failure lua/-37/2.5" 1 }
    [
        [
            [
                load-local
                0 get-local "luaL_error" "liblua5.1" address-of
                factor_lua_protected_error
                0 get-local -1 f lua_tolstring
                0 get-local lua_gettop 1 drop-locals
            ] with-lua-test-state
        ]
        compile-call
    ]
}
Unit Test: {
    { 73 3 }
    [
        [
            [
                load-local 0 get-local [
                    [
                        3 load-locals
                        0 get-local va-copy lua-escaped-list
                        set-global
                        -2 get-local -1 get-local 0 get-local
                        lua_pushvfstring
                        -2 get-local -1 get-local 0 get-local
                        va-copy lua_pushvfstring
                        0 get-local c-string va-arg -2 get-local
                        "%d/%f/%c/%%" 0 get-local
                        lua_pushvfstring
                        0 get-local int va-arg 5
                        { } new-sequence
                        [ 4 swap set-nth-unsafe ] keep
                        [ 3 swap set-nth-unsafe ] keep
                        [ 2 swap set-nth-unsafe ] keep
                        [ 1 swap set-nth-unsafe ] keep
                        [ 0 swap set-nth-unsafe ] keep { } like
                        lua-list-results set-global
                        73 3 drop-locals
                    ] call
                ] lua-list-reader factor_lua_call_list
                0 get-local lua_gettop 1 drop-locals
            ] with-lua-test-state
        ]
        compile-call
    ]
}
Unit Test: {
    {
        {
            "lua/-37/2.5/Z/%"
            "lua/-37/2.5/Z/%"
            "lua"
            "-37/2.5/Z/%"
            -37
        }
    }
    [ lua-list-results get ]
}
Must Fail With: { [ lua-escaped-list get int va-arg ] [ expired-va-list? ] }
resource:extra/curl/ffi/ffi-tests.factor
Unit Test: {
    { { 2 2 2 2 } }
    [
        {
            curl_easy_setopt_long
            curl_easy_setopt_string
            curl_easy_setopt_pointer
            curl_easy_setopt_curl_off_t
        } [ def>> 4 swap nth ] map
    ]
}
Unit Test: { { CURLE_BAD_FUNCTION_ARGUMENT } [ reject-negative-timeout ] }
Unit Test: { { CURLE_BAD_FUNCTION_ARGUMENT } [ reject-negative-speed ] }
Unit Test: { { "https://example.invalid/no-transfer" } [ configured-url ] }
Unit Test: { { t } [ configured-pointer ] }
resource:basis/unix/ffi/ffi-tests.factor
Unit Test: { { 80 } [ "http" f getservbyname port>> ntohs ] }
Unit Test: {
    { }
    [ "http" f getservbyname aliases>> utf8 alien>strings drop ]
}
Unit Test: { { "http" } [ 80 htons f getservbyport name>> ] }
Unit Test: { { 4294967294 } [ group new 4294967294 >>gr_gid gr_gid>> ] }
Unit Test: {
    { }
    [
        "factor-truncate-" ""
        [ check-large-truncation ] cleanup-unique-file
    ]
}
Unit Test: { { 2 } [ \ ioctl def>> 4 swap nth ] }
Unit Test: { { 0 7 } [ unread-pipe-bytes ] }
resource:basis/openssl/libcrypto/tests/varargs.factor
Unit Test: { { 2 } [ \ BIO_printf def>> 4 swap nth ] }
Unit Test: { { 14 "plain BIO text" } [ format-memory-bio ] }
resource:basis/x11/syntax/syntax-tests.factor
Unit Test: { { 1 } [ \ XCreateIC def>> 4 swap nth ] }
Unit Test: { { f } [ \ XSetErrorHandler def>> 4 swap nth ] }
Unit Test: {
    { t }
    [
        \ XSetErrorHandler def>> first dup wrapper?
        [ wrapped>> ] when pointer?
    ]
}
Unit Test: {
    { ( value -- int ) }
    [ \ x11-parser-fixed "declared-effect" word-prop ]
}
Unit Test: {
    { ( tag value scale -- int ) }
    [ \ x11-parser-varargs "declared-effect" word-prop ]
}
Unit Test: { { f } [ \ x11-parser-fixed def>> 4 swap nth ] }
Unit Test: { { 1 } [ \ x11-parser-varargs def>> 4 swap nth ] }
Unit Test: {
    { t }
    [ \ x11-parser-varargs def>> last \ awaken-event-loop eq? ]
}
resource:basis/x11/xlib/xlib-tests.factor
Unit Test: {
    { 12 }
    [ \ XCreateIC "declared-effect" word-prop in>> length ]
}
Unit Test: { { ulong } [ \ XCreateIC def>> 3 swap nth 6 swap nth ] }
Unit Test: { { t } [ \ XCreateIC def>> 3 swap nth last pointer? ] }
Unit Test: {
    { t }
    [
        \ XCreateIC def>> 3 swap nth 6 swap nth
        heap-size ulong heap-size =
    ]
}
Unit Test: { { t } [ \ XCreateIC def>> last \ awaken-event-loop eq? ] }
TEST FAILURES 0
COMPILER ERRORS 0
