Unit Test: {
    { t }
    [
        [
            clear-fp-exception-flags 1.0 0.0 ffi_fp_divide drop
            +fp-zero-divide+ fp-exception-flags member?
        ] without-fp-traps
    ]
}
Unit Test: { { 2.0 } [ 4.0 2.0 ffi_fp_divide ] }
Must Fail With: {
    [
        { +fp-zero-divide+ } [ 1.0 0.0 ffi_fp_divide drop ]
        with-fp-traps
    ]
    [ +fp-zero-divide+ vm-error-exception-flag? ]
}
--> test failed!

==== /tmp/factor-abi-candidate-233db947/basis/compiler/tests/fixtures/fp-status.factor

/tmp/factor-abi-candidate-233db947/basis/compiler/tests/fixtures/fp-status.factor

Generic word nth does not define a method for the word class.
Dispatching on object: +fp-zero-divide+
(U) [ c-to-factor => ]
    c-to-factor
(U) [ [ (get-catchstack) push ] dip call => (get-catchstack) pop* ]
(O) command-line-startup
(O) run-script
(U) [
        2dup check-call-effect 2dup [
            ~quotation~ dip
            dup terminated?>> ~quotation~ ~quotation~ if
        ] 2dip => rot [ 2drop ] [ wrong-values ] if
    ]
(U) [
        [ ~quotation~ dip dip ] dip => dup terminated?>>
        [ 2drop f ]
        [ dup in>> length swap out>> length check-datastack ] if
    ]
(U) [ swap [ call ] dip => ]
    dip
(U) [ output>array => datastack. ]
(U) [ [ ~quotation~ ~quotation~ bi ] dip => nsequence ]
    output>sequence
(U) [ [ keep ] dip => call ]
    bi
(U) [ over [ call ] dip => ]
    keep
(U) [
        f restartable-tests? set-global
        "FACTOR_REPRO_TESTS" os-env run-test-file
        => :test-failures compiler-errors get values
        [ print-error ] each
        test-failures get empty? compiler-errors get assoc-empty?
        and 0 1 ? flush exit
    ]
(O) run-test-file
(U) [
        [ ~array~ ~quotation~ with-fp-traps ]
        [ +fp-zero-divide+ vm-error-exception-flag? ]
        \ (must-fail-with) 19 experiment =>
        { 2.0 } [ 4.0 2.0 ffi_fp_divide ] \ (unit-test) 20
        experiment "FFI-COVERAGE native-fp-trap executed=1" print
    ]
(U) [
        2 load-locals -1 get-local <experiment> load-local
        silent-tests? get 0 get-local
        [ load-local 0 get-local experiment. 1 drop-locals ] curry
        unless -2 get-local execute => 0 get-local -1 get-local [
            2 load-locals -1 get-local 0 get-local ~quotation~ curry
            curry ~quotation~ if 2 drop-locals
        ] curry curry [ 2drop "Warning: test skipped!" print ] if
        3 drop-locals
    ]
    experiment
(O) (must-fail-with)
(O) vm-error-exception-flag?
(O) vm-error>exception-flags
(O) M\ object nth
(O) no-method
(O) M\ object throw
(U) [
        OBJ-CURRENT-THREAD special-object error-thread set-global
        current-continuation => error-continuation set-global
        [ original-error set-global ] [ rethrow ] bi
    ]
