
Restarts were invoked adding vocabularies to the search path.
To avoid doing this in the future, add the following forms
at the top of the source file:

USING: io kernel namespaces parser sequences tools.test vocabs
vocabs.loader vocabs.refresh ;

SPILLING-SHA256 0b99de1ca0b34495605f7750c24bec261b7b51d43c13b87c1bdb83c97509f7df
Unit Test: {
    { t t }
    [
        [
            entry-fixture 4 load-locals
            -3 get-local spill-plans get at
            H{ } clone >>exit-versions drop
            -1 get-local -2 get-local connect-bbs
            1 0 get-local entry-resident-candidate?
            -2 get-local spill-plans get at
            H{ } clone >>exit-versions drop
            1 0 get-local entry-resident-candidate?
            not 4 drop-locals
        ] with-scope
    ]
}
Unit Test: {
    { t t }
    [
        [
            entry-fixture 4 load-locals
            -3 get-local 1vector -1 get-local predecessors<<
            -3 get-local spill-plans get at
            H{ } clone >>exit-versions drop
            0 get-local choose-entry-values empty? -3 get-local
            spill-plans get at
            H{ { 1 10 } } clone >>exit-versions drop
            1 0 get-local choose-entry-values member?
            4 drop-locals
        ] with-scope
    ]
}
Unit Test: {
    { t }
    [
        [
            entry-fixture 4 load-locals
            -3 get-local spill-plans get at
            H{ { 2 10 } } clone >>exit-versions drop
            -2 get-local spill-plans get at
            H{ } clone >>exit-versions drop
            H{ } clone load-local
            2 -4 get-local 0 get-local set-at
            1 -3 get-local 0 get-local set-at
            0 get-local 1 -1 get-local phi-sources>> set-at
            1 -1 get-local choose-entry-values member?
            5 drop-locals
        ] with-scope
    ]
}
Unit Test: {
    { t t t t t t }
    [
        [
            entry-fixture 4 load-locals
            -3 get-local spill-plans get at
            H{ { 1 10 } } clone >>exit-versions
            H{ } clone >>saved-exit drop
            -2 get-local spill-plans get at
            H{ } clone >>exit-versions
            H{ { 1 t } } clone >>saved-exit drop
            H{ { 1 11 } } clone spill-homes set
            H{ } clone spill-memory-locations set
            0 <spill-slot> 11 spill-memory-locations get set-at
            H{ } clone spill-statistics set
            0 get-local make-entry-versions
            0 get-local saved-entry>> 1 swap key?
            not -3 get-local spill-plans get at
            0 get-local couple-spill-edge
            -2 get-local spill-plans get at
            0 get-local couple-spill-edge
            -3 get-local successors>> first -1 get-local eq?
            -2 get-local successors>> first instructions>> first
            ##reload? 0 get-local entry-versions>> clone spill-W
            set 0 get-local saved-entry>> clone spill-S set
            V{ } clone ~37 more~
        ] with-scope
    ]
}
Unit Test: {
    { t f t f f }
    [
        [
            entry-fixture 4 load-locals
            -1 get-local -2 get-local connect-bbs
            -3 get-local spill-plans get at
            H{ { 1 t } } clone >>saved-exit drop
            1 0 get-local entry-memory-valid?
            -3 get-local spill-plans get at
            H{ } clone >>saved-exit drop
            1 0 get-local entry-memory-valid?
            -3 get-local spill-plans get at
            H{ { 1 t } } clone >>saved-exit drop
            -2 get-local spill-plans get at
            H{ { 1 t } } clone >>saved-exit drop
            1 0 get-local entry-memory-valid?
            -2 get-local spill-plans get at
            H{ } clone >>saved-exit drop
            1 0 get-local entry-memory-valid?
            -2 get-local spill-plans get at
            H{ { 1 t } } clone >>saved-exit drop
            H{ } clone 1 0 get-local phi-sources>> set-at
            1 0 get-local entry-memory-valid? 4 drop-locals
        ] with-scope
    ]
}
