*** Stage 2 early init... done
Loading resource:basis/bootstrap/stage2.factor
Loading resource:basis/bootstrap/compat/compat.factor
Loading resource:basis/command-line/command-line.factor
Loading resource:basis/debugger/debugger.factor
Loading resource:basis/compiler/errors/errors.factor
Loading resource:basis/fixups/fixups.factor
Loading resource:basis/grouping/grouping.factor
Loading resource:basis/io/styles/styles.factor
Loading resource:basis/colors/colors.factor
Loading resource:basis/ascii/ascii.factor
Loading resource:basis/hints/hints.factor
Loading resource:basis/math/functions/functions.factor
Loading resource:basis/math/bits/bits.factor
Loading resource:basis/math/constants/constants.factor
Loading resource:basis/math/libm/libm.factor
Loading resource:basis/alien/c-types/c-types.factor
Loading resource:basis/cpu/architecture/architecture.factor
Loading resource:basis/delegate/delegate.factor
Loading resource:basis/alien/syntax/syntax.factor
Loading resource:basis/alien/enums/enums.factor
Loading resource:basis/alien/libraries/libraries.factor
Loading resource:basis/alien/libraries/unix/unix.factor
Loading resource:basis/alien/parser/parser.factor
Loading resource:basis/alien/arrays/arrays.factor
Loading resource:basis/delegate/protocols/protocols.factor
Loading resource:basis/deques/deques.factor
Loading resource:basis/io/streams/string/string.factor
Loading resource:basis/present/present.factor
Loading resource:basis/strings/tables/tables.factor
Loading resource:basis/libc/libc.factor
Loading resource:basis/alien/destructors/destructors.factor
Loading resource:basis/functors/functors.factor
Loading resource:basis/functors/backend/backend.factor
Loading resource:basis/libc/macos/macos.factor
Loading resource:basis/prettyprint/prettyprint.factor
Loading resource:basis/prettyprint/config/config.factor
Loading resource:basis/prettyprint/custom/custom.factor
Loading resource:basis/prettyprint/sections/sections.factor
Loading resource:basis/vocabs/prettyprint/prettyprint.factor
Loading resource:basis/prettyprint/backend/backend.factor
Loading resource:basis/lists/lists.factor
Loading resource:basis/prettyprint/stylesheet/stylesheet.factor
Loading resource:basis/hashtables/wrapped/prettyprint/prettyprint.factor
Loading resource:basis/hashtables/identity/prettyprint/prettyprint.factor
Loading resource:basis/locals/definitions/definitions.factor
Loading resource:basis/see/see.factor
Loading resource:basis/locals/prettyprint/prettyprint.factor
Loading resource:basis/colors/prettyprint/prettyprint.factor
Loading resource:basis/debugger/unix/unix.factor
Loading resource:basis/unix/signals/signals.factor
Loading resource:basis/threads/threads.factor
Loading resource:basis/boxes/boxes.factor
Loading resource:basis/dlists/dlists.factor
Loading resource:basis/search-deques/search-deques.factor
Loading resource:basis/dlists/prettyprint/prettyprint.factor
Loading resource:basis/heaps/heaps.factor
Loading resource:basis/source-files/errors/debugger/debugger.factor
Loading resource:basis/command-line/debugger/debugger.factor
Loading resource:basis/debugger/threads/threads.factor
Loading resource:basis/listener/listener.factor
* Loading the math component
Loading resource:basis/bootstrap/math/math.factor
Loading resource:basis/math/complex/complex.factor
* Loading the compiler component
Loading resource:basis/bootstrap/compiler/compiler.factor
Loading resource:basis/compiler/compiler.factor
Loading resource:basis/compiler/cfg/cfg.factor
Loading resource:basis/compiler/cfg/stack-frame/stack-frame.factor
Loading resource:basis/compiler/cfg/builder/builder.factor
Loading resource:basis/compiler/cfg/builder/blocks/blocks.factor
Loading resource:basis/compiler/cfg/instructions/instructions.factor
Loading resource:basis/compiler/cfg/instructions/syntax/syntax.factor
Loading resource:basis/compiler/cfg/registers/registers.factor
Loading resource:basis/compiler/cfg/stacks/local/local.factor
Loading resource:basis/compiler/cfg/parallel-copy/parallel-copy.factor
Loading resource:basis/compiler/cfg/ssa/destruction/leaders/leaders.factor
Loading resource:basis/compiler/utilities/utilities.factor
Loading resource:basis/compiler/cfg/utilities/utilities.factor
Loading resource:basis/compiler/cfg/rpo/rpo.factor
Loading resource:basis/compiler/cfg/comparisons/comparisons.factor
Loading resource:basis/compiler/cfg/hats/hats.factor
Loading resource:basis/compiler/constants/constants.factor
Loading resource:basis/literals/literals.factor
Loading resource:basis/compiler/cfg/stacks/stacks.factor
Loading resource:basis/biassocs/biassocs.factor
Loading resource:basis/compiler/cfg/stacks/finalize/finalize.factor
Loading resource:basis/compiler/cfg/stacks/global/global.factor
Loading resource:basis/compiler/cfg/dataflow-analysis/dataflow-analysis.factor
Loading resource:basis/compiler/cfg/predecessors/predecessors.factor
Loading resource:basis/compiler/tree/tree.factor
Loading resource:basis/stack-checker/visitor/visitor.factor
Loading resource:basis/compiler/cfg/builder/alien/alien.factor
Loading resource:basis/classes/struct/struct.factor
Loading resource:basis/alien/data/data.factor
Loading resource:basis/stack-checker/dependencies/dependencies.factor
Loading resource:basis/classes/struct/bit-accessors/bit-accessors.factor
Loading resource:basis/math/bitwise/bitwise.factor
Loading resource:basis/specialized-arrays/specialized-arrays.factor
Loading resource:basis/math/vectors/vectors.factor
Loading resource:basis/math/vectors/ranges/ranges.factor
Loading resource:basis/vocabs/generated/generated.factor
Loading resource:basis/specialized-arrays/prettyprint/prettyprint.factor
Loading resource:basis/combinators/smart/smart.factor
Loading resource:basis/sequences/generalizations/generalizations.factor
Loading resource:basis/sequences/padded/padded.factor
Loading resource:basis/stack-checker/stack-checker.factor
Loading resource:basis/stack-checker/backend/backend.factor
Loading resource:basis/stack-checker/errors/errors.factor
Loading resource:basis/stack-checker/errors/prettyprint/prettyprint.factor
Loading resource:basis/stack-checker/recursive-state/recursive-state.factor
Loading resource:basis/stack-checker/recursive-state/tree/tree.factor
Loading resource:basis/stack-checker/state/state.factor
Loading resource:basis/stack-checker/values/values.factor
Loading resource:basis/stack-checker/inlining/inlining.factor
Loading resource:basis/stack-checker/known-words/known-words.factor
Loading resource:basis/stack-checker/alien/alien.factor
Loading resource:basis/alien/c-types/varargs/varargs.factor
Loading resource:basis/stack-checker/branches/branches.factor
Loading resource:basis/stack-checker/row-polymorphism/row-polymorphism.factor
Loading resource:basis/stack-checker/transforms/transforms.factor
Loading resource:basis/stack-checker/visitor/dummy/dummy.factor
Loading resource:basis/classes/struct/prettyprint/prettyprint.factor
Loading resource:basis/alien/prettyprint/prettyprint.factor
Loading resource:basis/mirrors/mirrors.factor
Loading resource:basis/hashtables/identity/mirrors/mirrors.factor
Loading resource:basis/specialized-arrays/mirrors/mirrors.factor
Loading resource:basis/compiler/cfg/builder/alien/boxing/boxing.factor
Loading resource:basis/compiler/cfg/builder/alien/params/params.factor
Loading resource:basis/compiler/cfg/intrinsics/allot/allot.factor
Loading resource:basis/compiler/tree/propagation/info/info.factor
Loading resource:basis/compiler/tree/propagation/copy/copy.factor
Loading resource:basis/compiler/tree/def-use/def-use.factor
Loading resource:basis/compiler/tree/combinators/combinators.factor
Loading resource:basis/math/intervals/intervals.factor
Loading resource:basis/compiler/cfg/finalization/finalization.factor
Loading resource:basis/compiler/cfg/build-stack-frame/build-stack-frame.factor
Loading resource:basis/compiler/cfg/linearization/linearization.factor
Loading resource:basis/compiler/cfg/loop-detection/loop-detection.factor
Loading resource:basis/compiler/cfg/gc-checks/gc-checks.factor
Loading resource:basis/compiler/cfg/register-allocation/register-allocation.factor
Loading resource:basis/compiler/cfg/linear-scan/linear-scan.factor
Loading resource:basis/compiler/cfg/linear-scan/allocation/allocation.factor
Loading resource:basis/compiler/cfg/linear-scan/allocation/spilling/spilling.factor
Loading resource:basis/compiler/cfg/linear-scan/allocation/splitting/splitting.factor
Loading resource:basis/compiler/cfg/linear-scan/allocation/state/state.factor
Loading resource:basis/compiler/cfg/linear-scan/live-intervals/live-intervals.factor
Loading resource:basis/binary-search/binary-search.factor
Loading resource:basis/compiler/cfg/def-use/def-use.factor
Loading resource:basis/compiler/cfg/linear-scan/ranges/ranges.factor
Loading resource:basis/compiler/cfg/liveness/liveness.factor
Loading resource:basis/linked-assocs/linked-assocs.factor
Loading resource:basis/linked-assocs/prettyprint/prettyprint.factor
Loading resource:basis/compiler/cfg/linear-scan/assignment/assignment.factor
Loading resource:basis/compiler/cfg/renaming/functor/functor.factor
Loading resource:basis/compiler/cfg/linear-scan/checker/checker.factor
Loading resource:basis/compiler/cfg/linear-scan/numbering/numbering.factor
Loading resource:basis/compiler/cfg/linear-scan/resolve/resolve.factor
Loading resource:basis/compiler/cfg/ssa/destruction/destruction.factor
Loading resource:basis/compiler/cfg/dominance/dominance.factor
Loading resource:basis/compiler/cfg/ssa/cssa/cssa.factor
Loading resource:basis/compiler/cfg/ssa/destruction/coalescing/coalescing.factor
Loading resource:basis/compiler/cfg/ssa/interference/interference.factor
Loading resource:basis/compiler/cfg/ssa/interference/live-ranges/live-ranges.factor
Loading resource:basis/compiler/cfg/representations/representations.factor
Loading resource:basis/compiler/cfg/representations/coalescing/coalescing.factor
Loading resource:basis/disjoint-sets/disjoint-sets.factor
Loading resource:basis/compiler/cfg/representations/peephole/peephole.factor
Loading resource:basis/compiler/cfg/representations/rewrite/rewrite.factor
Loading resource:basis/compiler/cfg/representations/conversion/conversion.factor
Loading resource:basis/compiler/cfg/representations/preferred/preferred.factor
Loading resource:basis/compiler/cfg/representations/selection/selection.factor
Loading resource:basis/compiler/cfg/value-numbering/folding/folding.factor
Loading resource:basis/compiler/cfg/value-numbering/graph/graph.factor
Loading resource:basis/compiler/cfg/value-numbering/rewrite/rewrite.factor
Loading resource:basis/compiler/cfg/save-contexts/save-contexts.factor
Loading resource:basis/compiler/cfg/stacks/clearing/clearing.factor
Loading resource:basis/compiler/cfg/stacks/padding/padding.factor
Loading resource:basis/compiler/cfg/write-barrier/write-barrier.factor
Loading resource:basis/compiler/cfg/optimizer/optimizer.factor
Loading resource:basis/compiler/cfg/alias-analysis/alias-analysis.factor
Loading resource:basis/compiler/cfg/block-joining/block-joining.factor
Loading resource:basis/compiler/cfg/branch-splitting/branch-splitting.factor
Loading resource:basis/compiler/cfg/renaming/renaming.factor
Loading resource:basis/compiler/cfg/checker/checker.factor
Loading resource:basis/compiler/cfg/copy-prop/copy-prop.factor
Loading resource:basis/compiler/cfg/dce/dce.factor
Loading resource:basis/compiler/cfg/multiply-negate/multiply-negate.factor
Loading resource:basis/compiler/cfg/ssa/construction/construction.factor
Loading resource:basis/compiler/cfg/ssa/construction/tdmsc/tdmsc.factor
Loading resource:basis/bit-sets/bit-sets.factor
Loading resource:basis/bit-arrays/bit-arrays.factor
Loading resource:basis/endian/endian.factor
Loading resource:basis/bit-arrays/prettyprint/prettyprint.factor
Loading resource:basis/compiler/cfg/tco/tco.factor
Loading resource:basis/compiler/cfg/useless-conditionals/useless-conditionals.factor
Loading resource:basis/compiler/cfg/value-numbering/value-numbering.factor
Loading resource:basis/compiler/cfg/value-numbering/global/global.factor
Loading resource:basis/compiler/cfg/value-numbering/expressions/expressions.factor
Loading resource:basis/sequences/deep/deep.factor
Loading resource:basis/compiler/cfg/value-numbering/alien/alien.factor
Loading resource:basis/compiler/cfg/value-numbering/math/math.factor
Loading resource:basis/compiler/cfg/value-numbering/comparisons/comparisons.factor
Loading resource:basis/compiler/cfg/value-numbering/misc/misc.factor
Loading resource:basis/compiler/cfg/value-numbering/slots/slots.factor
Loading resource:basis/compiler/codegen/codegen.factor
Loading resource:basis/compiler/codegen/gc-maps/gc-maps.factor
Loading resource:basis/compiler/codegen/relocation/relocation.factor
Loading resource:basis/compiler/codegen/labels/labels.factor
Loading resource:basis/compiler/crossref/crossref.factor
Loading resource:basis/compiler/tree/builder/builder.factor
Loading resource:basis/compiler/tree/optimizer/optimizer.factor
Loading resource:basis/compiler/tree/recursive/recursive.factor
Loading resource:basis/compiler/tree/normalization/normalization.factor
Loading resource:basis/compiler/tree/normalization/introductions/introductions.factor
Loading resource:basis/compiler/tree/normalization/renaming/renaming.factor
Loading resource:basis/compiler/tree/propagation/propagation.factor
Loading resource:basis/compiler/tree/propagation/branches/branches.factor
Loading resource:basis/compiler/tree/propagation/constraints/constraints.factor
Loading resource:basis/compiler/tree/propagation/nodes/nodes.factor
Loading resource:basis/compiler/tree/propagation/simple/simple.factor
Loading resource:basis/compiler/tree/propagation/inlining/inlining.factor
Loading resource:basis/math/partial-dispatch/partial-dispatch.factor
Loading resource:basis/compiler/tree/propagation/slots/slots.factor
Loading resource:basis/compiler/tree/propagation/call-effect/call-effect.factor
Loading resource:basis/compiler/tree/propagation/known-words/known-words.factor
Loading resource:basis/compiler/tree/comparisons/comparisons.factor
Loading resource:basis/compiler/tree/propagation/recursive/recursive.factor
Loading resource:basis/compiler/tree/propagation/transforms/transforms.factor
Loading resource:basis/compiler/tree/cleanup/cleanup.factor
Loading resource:basis/compiler/tree/escape-analysis/escape-analysis.factor
Loading resource:basis/compiler/tree/escape-analysis/allocations/allocations.factor
Loading resource:basis/compiler/tree/escape-analysis/nodes/nodes.factor
Loading resource:basis/compiler/tree/escape-analysis/recursive/recursive.factor
Loading resource:basis/compiler/tree/escape-analysis/branches/branches.factor
Loading resource:basis/compiler/tree/escape-analysis/simple/simple.factor
Loading resource:basis/compiler/tree/escape-analysis/check/check.factor
Loading resource:basis/compiler/tree/tuple-unboxing/tuple-unboxing.factor
Loading resource:basis/compiler/tree/identities/identities.factor
Loading resource:basis/compiler/tree/dead-code/dead-code.factor
Loading resource:basis/compiler/tree/dead-code/branches/branches.factor
Loading resource:basis/columns/columns.factor
Loading resource:basis/compiler/tree/dead-code/liveness/liveness.factor
Loading resource:basis/compiler/tree/dead-code/simple/simple.factor
Loading resource:basis/compiler/tree/dead-code/recursive/recursive.factor
Loading resource:basis/compiler/tree/modular-arithmetic/modular-arithmetic.factor
Loading resource:basis/compiler/tree/def-use/simplified/simplified.factor
Loading resource:basis/compiler/tree/late-optimizations/late-optimizations.factor
Loading resource:basis/compiler/tree/finalization/finalization.factor
Loading resource:basis/compiler/tree/checker/checker.factor
Loading resource:basis/compiler/prettyprint/prettyprint.factor
Loading resource:basis/compiler/threads/threads.factor
Loading resource:basis/alien/remote-control/remote-control.factor
Loading resource:basis/eval/eval.factor
Loading resource:basis/cpu/arm/64/64.factor
Loading resource:basis/compiler/cfg/intrinsics/intrinsics.factor
Loading resource:basis/compiler/cfg/intrinsics/alien/alien.factor
Loading resource:basis/compiler/cfg/intrinsics/fixnum/fixnum.factor
Loading resource:basis/compiler/cfg/intrinsics/float/float.factor
Loading resource:basis/compiler/cfg/intrinsics/misc/misc.factor
Loading resource:basis/vm/vm.factor
Loading resource:basis/compiler/cfg/intrinsics/slots/slots.factor
Loading resource:basis/compiler/cfg/intrinsics/strings/strings.factor
Loading resource:basis/cpu/arm/64/abi/abi.factor
Loading resource:basis/cpu/arm/64/assembler/assembler.factor
Loading resource:basis/cpu/arm/64/assembler/registers/registers.factor
Loading resource:extra/sequences/repeating/repeating.factor
Loading resource:basis/circular/circular.factor

Compiling.............................................................................................................................................................................................................................................................................................................................................................................................................................................................................................................................................. done
Loading resource:basis/io/streams/byte-array/fast/fast.factor
* Loading the threads component
Loading resource:basis/bootstrap/threads/threads.factor
Loading resource:basis/io/thread/thread.factor
* Loading the io component
Loading resource:basis/bootstrap/io/io.factor
Loading resource:basis/io/backend/unix/macos/macos.factor
Loading resource:basis/io/backend/unix/unix.factor
Loading resource:basis/io/backend/unix/multiplexers/multiplexers.factor
Loading resource:basis/io/buffers/buffers.factor
Loading resource:basis/typed/typed.factor
Loading resource:basis/typed/prettyprint/prettyprint.factor
Loading resource:basis/io/ports/ports.factor
Loading resource:basis/io/timeouts/timeouts.factor
Loading resource:basis/io/streams/null/null.factor
Loading resource:basis/timers/timers.factor
Loading resource:basis/calendar/calendar.factor
Loading resource:basis/math/statistics/statistics.factor
Loading resource:basis/calendar/unix/unix.factor
Loading resource:basis/unix/unix.factor
Loading resource:basis/unix/ffi/ffi.factor
Loading resource:basis/unix/time/time.factor
Loading resource:basis/unix/types/types.factor
Loading resource:basis/unix/types/macos/macos.factor
Loading resource:basis/unix/ffi/macos/macos.factor
Loading resource:basis/unix/ffi/macos/arm/arm.factor
Loading resource:basis/unix/debugger/debugger.factor
Loading resource:basis/calendar/threads/threads.factor
Loading resource:basis/unix/stat/stat.factor
Loading resource:basis/unix/stat/macos/macos.factor
Loading resource:basis/io/backend/unix/multiplexers/kqueue/kqueue.factor
Loading resource:basis/unix/kqueue/kqueue.factor
Loading resource:basis/unix/kqueue/macos/macos.factor
Loading resource:basis/io/backend/unix/multiplexers/run-loop/run-loop.factor
Loading resource:basis/core-foundation/core-foundation.factor
Loading resource:basis/core-foundation/run-loop/run-loop.factor
Loading resource:basis/core-foundation/file-descriptors/file-descriptors.factor
Loading resource:basis/core-foundation/strings/strings.factor
Loading resource:basis/core-foundation/arrays/arrays.factor
Loading resource:basis/core-foundation/data/data.factor
Loading resource:basis/io/encodings/string/string.factor
Loading resource:basis/core-foundation/time/time.factor
Loading resource:basis/core-foundation/timers/timers.factor
Loading resource:basis/io/files/unix/unix.factor
Loading resource:basis/environment/environment.factor
Loading resource:basis/environment/unix/unix.factor
Loading resource:basis/alien/utilities/utilities.factor
Loading resource:basis/environment/unix/macos/macos.factor
* Loading the tools component
Loading resource:basis/bootstrap/tools/tools.factor
Loading resource:basis/editors/editors.factor
Loading resource:basis/io/launcher/launcher.factor
Loading resource:basis/concurrency/flags/flags.factor
Loading resource:basis/concurrency/conditions/conditions.factor
Loading resource:basis/io/pipes/pipes.factor
Loading resource:basis/concurrency/combinators/combinators.factor
Loading resource:basis/concurrency/count-downs/count-downs.factor
Loading resource:basis/concurrency/promises/promises.factor
Loading resource:basis/concurrency/futures/futures.factor
Loading resource:basis/sequences/product/product.factor
Loading resource:basis/io/streams/duplex/duplex.factor
Loading resource:basis/simple-tokenizer/simple-tokenizer.factor
Loading resource:basis/peg/ebnf/ebnf.factor
Loading resource:basis/multiline/multiline.factor
Loading resource:basis/peg/peg.factor
Loading resource:basis/unicode/unicode.factor
Loading resource:basis/interval-maps/interval-maps.factor
Loading resource:basis/unicode/breaks/breaks.factor
Loading resource:basis/simple-flat-file/simple-flat-file.factor
Loading resource:basis/unicode/categories/categories.factor
Loading resource:basis/unicode/data/data.factor
Loading resource:basis/interval-sets/interval-sets.factor
Loading resource:basis/unicode/normalize/normalize.factor
Loading resource:basis/sorting/insertion/insertion.factor
Loading resource:basis/unicode/case/case.factor
Loading resource:basis/unicode/collation/collation.factor
Loading resource:basis/unicode/script/script.factor
Loading resource:basis/peg/debugger/debugger.factor
Loading resource:basis/peg/parsers/parsers.factor
Loading resource:basis/peg/search/search.factor
Loading resource:basis/io/pipes/unix/unix.factor
Loading resource:basis/io/launcher/unix/unix.factor
Loading resource:basis/unix/process/process.factor
Loading resource:basis/tools/crossref/crossref.factor
Loading resource:basis/hash-sets/identity/identity.factor
Loading resource:basis/hash-sets/wrapped/wrapped.factor
Loading resource:basis/hash-sets/wrapped/prettyprint/prettyprint.factor
Loading resource:basis/hash-sets/identity/prettyprint/prettyprint.factor
Loading resource:basis/help/help.factor
Loading resource:basis/help/crossref/crossref.factor
Loading resource:basis/help/markup/markup.factor
Loading resource:basis/definitions/icons/icons.factor
Loading resource:basis/help/topics/topics.factor
Loading resource:basis/english/english.factor
Loading resource:basis/help/stylesheet/stylesheet.factor
Loading resource:basis/fonts/fonts.factor
Loading resource:basis/ui/theme/theme.factor
Loading resource:basis/urls/urls.factor
Loading resource:basis/io/sockets/sockets.factor
Loading resource:basis/ip-parser/ip-parser.factor
Loading resource:basis/hex-strings/hex-strings.factor
Loading resource:basis/regexp/regexp.factor
Loading resource:basis/regexp/ast/ast.factor
Loading resource:basis/regexp/classes/classes.factor
Loading resource:basis/regexp/captures/captures.factor
Loading resource:basis/regexp/compiler/compiler.factor
Loading resource:basis/regexp/transition-tables/transition-tables.factor
Loading resource:basis/regexp/negation/negation.factor
Loading resource:basis/regexp/dfa/dfa.factor
Loading resource:basis/regexp/disambiguate/disambiguate.factor
Loading resource:basis/regexp/minimize/minimize.factor
Loading resource:basis/regexp/nfa/nfa.factor
Loading resource:basis/regexp/parser/parser.factor
Loading resource:basis/regexp/prettyprint/prettyprint.factor
Loading resource:basis/random/random.factor
Loading resource:basis/random/unix/unix.factor
Loading resource:basis/random/mersenne-twister/mersenne-twister.factor
Loading resource:basis/io/sockets/unix/unix.factor
Loading resource:basis/io/sockets/secure/secure.factor
Loading resource:basis/openssl/libssl/libssl.factor
Loading resource:basis/alien/libraries/finder/finder.factor
Loading resource:basis/alien/libraries/finder/macos/macos.factor
Loading resource:basis/io/files/info/info.factor
Loading resource:basis/io/files/types/types.factor
Loading resource:basis/io/files/info/unix/unix.factor
Loading resource:basis/unix/groups/groups.factor
Loading resource:basis/unix/users/users.factor
Loading resource:basis/unix/users/macos/macos.factor
Loading resource:basis/io/files/info/unix/macos/macos.factor
Loading resource:basis/unix/getfsstat/macos/macos.factor
Loading resource:basis/unix/statfs/macos/macos.factor
Loading resource:basis/unix/statvfs/macos/macos.factor
Loading resource:basis/system-info/system-info.factor
Loading resource:basis/system-info/macos/macos.factor
Loading resource:basis/unix/sysctl/sysctl.factor
Loading resource:basis/openssl/libcrypto/libcrypto.factor
Loading resource:basis/io/sockets/secure/unix/unix.factor
Loading resource:basis/io/sockets/secure/openssl/openssl.factor
Loading resource:basis/io/encodings/latin1/latin1.factor
Loading resource:basis/io/encodings/iana/iana.factor
Loading resource:core/io/encodings/utf16/utf16.factor
Loading resource:basis/openssl/openssl.factor
Loading resource:basis/protocols/protocols.factor
Loading resource:basis/urls/encoding/encoding.factor
Loading resource:basis/urls/prettyprint/prettyprint.factor
Loading resource:basis/tools/scaffold/scaffold.factor
Loading resource:basis/interpolate/interpolate.factor
Loading resource:basis/formatting/formatting.factor
Loading resource:basis/calendar/english/english.factor
Loading resource:basis/io/directories/directories.factor
Loading resource:basis/io/files/links/links.factor
Loading resource:basis/io/files/links/unix/unix.factor
Loading resource:basis/io/directories/unix/unix.factor
Loading resource:basis/vocabs/metadata/metadata.factor
Loading resource:basis/vocabs/files/files.factor
Loading resource:basis/vocabs/hierarchy/hierarchy.factor
Loading resource:basis/inspector/inspector.factor
Loading resource:basis/bootstrap/image/image.factor
Loading resource:basis/tools/annotations/annotations.factor
Loading resource:basis/tools/time/time.factor
Loading resource:basis/tools/memory/memory.factor
Loading resource:basis/tools/dispatch/dispatch.factor
Loading resource:basis/tools/errors/errors.factor
Loading resource:basis/tools/deploy/deploy.factor
Loading resource:basis/tools/deploy/backend/backend.factor
Loading resource:basis/io/files/temp/temp.factor
Loading resource:basis/io/files/temp/unix/unix.factor
Loading resource:basis/xdg/xdg.factor
Loading resource:basis/io/files/temp/macos/macos.factor
Loading resource:basis/cocoa/plists/plists.factor
Loading resource:basis/cocoa/cocoa.factor
Loading resource:basis/cocoa/messages/messages.factor
Loading resource:basis/cocoa/runtime/runtime.factor
Loading resource:basis/cocoa/types/types.factor
Loading resource:basis/core-graphics/types/types.factor
Loading resource:basis/math/rectangles/rectangles.factor
Loading resource:basis/math/rectangles/prettyprint/prettyprint.factor
Loading resource:basis/core-foundation/bundles/bundles.factor
Loading resource:basis/core-foundation/urls/urls.factor
Importing Cocoa classes...
Loading resource:basis/cocoa/application/application.factor
Loading resource:basis/cocoa/enumeration/enumeration.factor
Loading resource:basis/core-foundation/utilities/utilities.factor
Loading resource:basis/core-foundation/dictionaries/dictionaries.factor
Loading resource:basis/core-foundation/numbers/numbers.factor
Loading resource:basis/tools/deploy/config/config.factor
Loading resource:basis/tools/deploy/config/editor/editor.factor
Loading resource:basis/tools/deploy/embed/embed.factor
Loading resource:basis/vocabs/metadata/resources/resources.factor
Loading resource:basis/globs/globs.factor
Loading resource:basis/regexp/combinators/combinators.factor
Loading resource:basis/webbrowser/webbrowser.factor
Loading resource:basis/ui/operations/operations.factor
Loading resource:basis/ui/commands/commands.factor
Loading resource:basis/tr/tr.factor
Loading resource:basis/ui/gestures/gestures.factor
Loading resource:basis/ui/gadgets/gadgets.factor
Loading resource:basis/models/models.factor
Loading resource:basis/opengl/opengl.factor
Loading resource:basis/opengl/gl/gl.factor
Loading resource:basis/opengl/gl/extensions/extensions.factor
Loading resource:basis/opengl/gl/macos/macos.factor
Loading resource:basis/ui/gadgets/prettyprint/prettyprint.factor
Loading resource:basis/webbrowser/macos/macos.factor
Loading resource:basis/command-line/parser/parser.factor
Loading resource:basis/tools/completion/completion.factor
Loading resource:basis/splitting/monotonic/monotonic.factor
Loading resource:basis/tools/deploy/macos/macos.factor
Loading resource:basis/tools/deploy/unix/unix.factor
Loading resource:basis/tools/destructors/destructors.factor
Loading resource:basis/tools/disassembler/disassembler.factor
Loading resource:basis/tools/disassembler/capstone/capstone.factor
Loading resource:basis/tools/profiler/sampling/sampling.factor
Loading resource:basis/tools/test/test.factor
Loading resource:basis/io/files/unique/unique.factor
Loading resource:basis/random/data/data.factor
Loading resource:basis/combinators/random/random.factor
Loading resource:basis/io/files/unique/unix/unix.factor
Loading resource:basis/vocabs/refresh/refresh.factor
Loading resource:basis/tools/threads/threads.factor
Loading resource:basis/tools/deprecation/deprecation.factor
Loading resource:basis/vocabs/refresh/monitor/monitor.factor
Loading resource:basis/io/monitors/monitors.factor
Loading resource:basis/concurrency/mailboxes/mailboxes.factor
Loading resource:basis/io/monitors/macos/macos.factor
Loading resource:basis/core-foundation/fsevents/fsevents.factor
Loading resource:basis/vocabs/cache/cache.factor
Loading resource:basis/bootstrap/compat/arm64/arm64.factor
Loading resource:basis/bootstrap/assembler/arm.unix.factor
Loading resource:basis/bootstrap/assembler/arm.64.factor
Core bootstrap completed in 10 minutes and 13 seconds.
User bootstrap completed in 10 minutes and 13 seconds.
Bootstrapping is complete.
Now, you can run Factor:
/Users/erg/factor.worktrees/arm64-varargs-entry/Factor.app/Contents/MacOS/factor -i=/tmp/factor-varargs-old-seed.image
Loading resource:basis/bootstrap/finish-bootstrap.factor
Loading resource:basis/command-line/startup/startup.factor
