Finding OS...
Finding ARCH...
Finding NUM_CORES...
Checking for all(clang clang++)...found!
Finding WORD...
Getting checksum from https://downloads.factorcode.org/images/audit/arm64-gaps-integration-20260908/checksums.txt
boot image for branch `audit/arm64-gaps-integration-20260908` is not on server, trying master instead
  tried nonexistent url: https://downloads.factorcode.org/images/audit/arm64-gaps-integration-20260908/checksums.txt
OS=macos
ARCH=arm
NUM_CORES=18
WORD=64
DEBUG=
REPRODUCIBLE=
CURRENT_BRANCH=audit/arm64-gaps-integration-20260908
CURRENT_BRANCH_FULL=heads/audit/arm64-gaps-integration-20260908
FACTOR_BINARY=factor
FACTOR_LIBRARY=libfactor.dylib
FACTOR_IMAGE=factor.image
MAKE_TARGET=macos-arm-64
BOOT_IMAGE=boot.unix-arm.64.image
MAKE_IMAGE_TARGET=unix-arm.64
GIT_PROTOCOL=https
GIT_URL=https://github.com/factor/factor.git
CHECKSUM_URL=https://downloads.factorcode.org/images/master/checksums.txt
BOOT_IMAGE_URL=https://downloads.factorcode.org/images/master/boot.unix-arm.64.image
DOWNLOADER_NAME=curl
CC=clang
CXX=clang++
CC_VERSION=Apple clang version 21.0.0 (clang-2100.1.1.101)
CXX_VERSION=Apple clang version 21.0.0 (clang-2100.1.1.101)
LTO=
MUSL=
CC_OPT=
CXX_OPT=
MAKE=make
Building factor with 18 cores
invoke_make CC=clang CXX=clang++ CC_OPT= CXX_OPT= SITE_CFLAGS= SITE_CXXFLAGS= LDFLAGS= macos-arm-64 -j18
/Applications/Xcode.app/Contents/Developer/usr/bin/make factor-executable factor-ffi-test factor-lib macos.app CONFIG=vm/Config.macos.arm.64
clang++ -L. build/os-unix.o build/os-macos.o build/mach_signal.o build/mvm-unix.o build/cpu-arm.64.o build/cpu-arm.64-trampoline.o build/aging_collector.o build/alien.o build/arrays.o build/bignum.o build/byte_arrays.o build/callbacks.o build/callstack.o build/code_blocks.o build/code_heap.o build/compaction.o build/contexts.o build/data_heap.o build/data_heap_checker.o build/debug.o build/dispatch.o build/entry_points.o build/errors.o build/factor.o build/full_collector.o build/gc.o build/image.o build/inline_cache.o build/instruction_operands.o build/io.o build/jit.o build/math.o build/mvm.o build/nursery_collector.o build/object_start_map.o build/objects.o build/primitives.o build/quotations.o build/run.o build/safepoints.o build/sampling_profiler.o build/strings.o build/to_tenured_collector.o build/tuples.o build/utilities.o build/vm.o build/words.o build/zstd.o -mmacos-version-min=11.0 -target arm64-apple-darwin -std=c++17  -Wall -Wextra -pedantic -DFACTOR_VERSION="0.102" -DFACTOR_GIT_LABEL="heads/audit/arm64-gaps-integration-20260908-ca4baef72edc9bc96e4bb012b6a5ff52e69e10da"   -O3  -o factor -lm -framework Cocoa -framework AppKit build/main-unix.o
clang -c -mmacos-version-min=11.0 -target arm64-apple-darwin  -Wall -Wextra -pedantic -DFACTOR_VERSION="0.102" -DFACTOR_GIT_LABEL="heads/audit/arm64-gaps-integration-20260908-ca4baef72edc9bc96e4bb012b6a5ff52e69e10da"  -O3  -std=c99 -o build/ffi_test.o vm/ffi_test.c
make[1]: Nothing to be done for `factor-lib'.
clang -mmacos-version-min=11.0 -target arm64-apple-darwin  -Wall -Wextra -pedantic -DFACTOR_VERSION="0.102" -DFACTOR_GIT_LABEL="heads/audit/arm64-gaps-integration-20260908-ca4baef72edc9bc96e4bb012b6a5ff52e69e10da"  -O3  -dynamiclib -o libfactor-ffi-test.dylib build/ffi_test.o
mkdir -p Factor.app/Contents/MacOS
mkdir -p Factor.app/Contents/Frameworks
mv factor Factor.app/Contents/MacOS/factor
ln -s Factor.app/Contents/MacOS/factor ./factor
codesign --force --sign - Factor.app
Factor.app: replacing existing signature
