Unit Test: { { "3.53.4" } [ sqlite3_libversion ] }
Unit Test: {
    { t }
    [
        {
            "ENABLE_SESSION"
            "ENABLE_PREUPDATE_HOOK"
            "ENABLE_FTS5"
            "ENABLE_CARRAY"
            "ENABLE_COLUMN_METADATA"
            "ENABLE_STMT_SCANSTATUS"
            "ENABLE_NORMALIZE"
            "ENABLE_SNAPSHOT"
        } [ sqlite3_compileoption_used 1 = ] all?
    ]
}
Unit Test: {
    { t }
    [
        "sqlite3session_create" "db.sqlite.ffi" lookup-word
        >boolean
    ]
}
Unit Test: {
    { t }
    [
        "sqlite3_carray_bind_v2" "db.sqlite.ffi" lookup-word
        >boolean
    ]
}
Unit Test: {
    { t }
    [
        "sqlite3_preupdate_hook" "db.sqlite.ffi" lookup-word
        >boolean
    ]
}
Unit Test: { { 48 } [ fts5_api heap-size ] }
Unit Test: { { 48 } [ session-roundtrip ] }
Unit Test: { { 1000000042 1 } [ carray-query ] }
Unit Test: { { 1 } [ preupdate-callback ] }
Unit Test: { { 3 0 1 } [ tokenizer-v2 ] }
Unit Test: {
    { t t }
    [
        fts5_api heap-size optional_fts5_api_size =
        fts5_tokenizer_v2 heap-size optional_fts5_tokenizer_size
        =
    ]
}
0
