
Restarts were invoked adding vocabularies to the search path.
To avoid doing this in the future, add the following forms
at the top of the source file:

USING: alien.c-types assocs db.sqlite.ffi debugger io kernel
namespaces prettyprint sequences system tools.test vocabs.loader
words ;
IN: sqlite-optional-baseline

Unit Test: {
    { t }
    [
        "sqlite3session_create" "db.sqlite.ffi" lookup-word
        >boolean
    ]
}
--> test failed!
Unit Test: {
    { t }
    [
        "sqlite3_carray_bind_v2" "db.sqlite.ffi" lookup-word
        >boolean
    ]
}
--> test failed!
Unit Test: {
    { t }
    [
        "sqlite3_preupdate_hook" "db.sqlite.ffi" lookup-word
        >boolean
    ]
}
--> test failed!
Unit Test: { { 48 } [ fts5_api heap-size ] }
--> test failed!

==== resource:reference/sqlite-3534-completion-20260908/optional/baseline-tests.factor

resource:reference/sqlite-3534-completion-20260908/optional/baseline-tests.factor: 4

Unit Test: {
    { t }
    [
        "sqlite3session_create" "db.sqlite.ffi" lookup-word
        >boolean
    ]
}

=== Expected:
t
=== Got:
f
(U) [ c-to-factor => ]
    c-to-factor
(U) [ [ (get-catchstack) push ] dip call => (get-catchstack) pop* ]
(O) command-line-startup
(O) run-script
(U) [
        2dup check-call-effect 2dup [
            ~quotation~ dip
            dup terminated?>> ~quotation~ ~quotation~ if
        ] 2dip => rot [ 2drop ] [ wrong-values ] if
    ]
(U) [
        [ ~quotation~ dip dip ] dip => dup terminated?>>
        [ 2drop f ]
        [ dup in>> length swap out>> length check-datastack ] if
    ]
(U) [ swap [ call ] dip => ]
    dip
(U) [ output>array => datastack. ]
(U) [ [ ~quotation~ ~quotation~ bi ] dip => nsequence ]
    output>sequence
(U) [ [ keep ] dip => call ]
    bi
(U) [ over [ call ] dip => ]
    keep
(U) [
        f restartable-tests? set-global "db.sqlite.ffi" reload
        "resource:reference/sqlite-3534-completion-20260908/optional/b..."
        run-test-file => :test-failures test-failures get length .
        test-failures get empty? 0 1 ? exit
    ]
(O) run-test-file
(U) [
        { t } [
            "sqlite3session_create" "db.sqlite.ffi" lookup-word
            >boolean
        ] \ (unit-test) 4 experiment =>
        { t } [
            "sqlite3_carray_bind_v2" "db.sqlite.ffi" lookup-word
            >boolean
        ] \ (unit-test) 5 experiment
        { t } [
            "sqlite3_preupdate_hook" "db.sqlite.ffi" lookup-word
            >boolean
        ] \ (unit-test) 6 experiment
        { 48 } [ fts5_api heap-size ] \ (unit-test) 7 experiment
    ]
(U) [
        2 load-locals -1 get-local <experiment> load-local
        silent-tests? get 0 get-local
        [ load-local 0 get-local experiment. 1 drop-locals ] curry
        unless -2 get-local execute => 0 get-local -1 get-local [
            2 load-locals -1 get-local 0 get-local ~quotation~ curry
            curry ~quotation~ if 2 drop-locals
        ] curry curry [ 2drop "Warning: test skipped!" print ] if
        3 drop-locals
    ]
    experiment
(O) (unit-test)
(O) assert-sequence=
(O) assert-sequence
(O) M\ object throw
(U) [
        OBJ-CURRENT-THREAD special-object error-thread set-global
        current-continuation => error-continuation set-global
        [ original-error set-global ] [ rethrow ] bi
    ]

resource:reference/sqlite-3534-completion-20260908/optional/baseline-tests.factor: 5

Unit Test: {
    { t }
    [
        "sqlite3_carray_bind_v2" "db.sqlite.ffi" lookup-word
        >boolean
    ]
}

=== Expected:
t
=== Got:
f
(U) [ c-to-factor => ]
    c-to-factor
(U) [ [ (get-catchstack) push ] dip call => (get-catchstack) pop* ]
(O) command-line-startup
(O) run-script
(U) [
        2dup check-call-effect 2dup [
            ~quotation~ dip
            dup terminated?>> ~quotation~ ~quotation~ if
        ] 2dip => rot [ 2drop ] [ wrong-values ] if
    ]
(U) [
        [ ~quotation~ dip dip ] dip => dup terminated?>>
        [ 2drop f ]
        [ dup in>> length swap out>> length check-datastack ] if
    ]
(U) [ swap [ call ] dip => ]
    dip
(U) [ output>array => datastack. ]
(U) [ [ ~quotation~ ~quotation~ bi ] dip => nsequence ]
    output>sequence
(U) [ [ keep ] dip => call ]
    bi
(U) [ over [ call ] dip => ]
    keep
(U) [
        f restartable-tests? set-global "db.sqlite.ffi" reload
        "resource:reference/sqlite-3534-completion-20260908/optional/b..."
        run-test-file => :test-failures test-failures get length .
        test-failures get empty? 0 1 ? exit
    ]
(O) run-test-file
(U) [
        { t } [
            "sqlite3session_create" "db.sqlite.ffi" lookup-word
            >boolean
        ] \ (unit-test) 4 experiment
        { t } [
            "sqlite3_carray_bind_v2" "db.sqlite.ffi" lookup-word
            >boolean
        ] \ (unit-test) 5 experiment =>
        { t } [
            "sqlite3_preupdate_hook" "db.sqlite.ffi" lookup-word
            >boolean
        ] \ (unit-test) 6 experiment
        { 48 } [ fts5_api heap-size ] \ (unit-test) 7 experiment
    ]
(U) [
        2 load-locals -1 get-local <experiment> load-local
        silent-tests? get 0 get-local
        [ load-local 0 get-local experiment. 1 drop-locals ] curry
        unless -2 get-local execute => 0 get-local -1 get-local [
            2 load-locals -1 get-local 0 get-local ~quotation~ curry
            curry ~quotation~ if 2 drop-locals
        ] curry curry [ 2drop "Warning: test skipped!" print ] if
        3 drop-locals
    ]
    experiment
(O) (unit-test)
(O) assert-sequence=
(O) assert-sequence
(O) M\ object throw
(U) [
        OBJ-CURRENT-THREAD special-object error-thread set-global
        current-continuation => error-continuation set-global
        [ original-error set-global ] [ rethrow ] bi
    ]

resource:reference/sqlite-3534-completion-20260908/optional/baseline-tests.factor: 6

Unit Test: {
    { t }
    [
        "sqlite3_preupdate_hook" "db.sqlite.ffi" lookup-word
        >boolean
    ]
}

=== Expected:
t
=== Got:
f
(U) [ c-to-factor => ]
    c-to-factor
(U) [ [ (get-catchstack) push ] dip call => (get-catchstack) pop* ]
(O) command-line-startup
(O) run-script
(U) [
        2dup check-call-effect 2dup [
            ~quotation~ dip
            dup terminated?>> ~quotation~ ~quotation~ if
        ] 2dip => rot [ 2drop ] [ wrong-values ] if
    ]
(U) [
        [ ~quotation~ dip dip ] dip => dup terminated?>>
        [ 2drop f ]
        [ dup in>> length swap out>> length check-datastack ] if
    ]
(U) [ swap [ call ] dip => ]
    dip
(U) [ output>array => datastack. ]
(U) [ [ ~quotation~ ~quotation~ bi ] dip => nsequence ]
    output>sequence
(U) [ [ keep ] dip => call ]
    bi
(U) [ over [ call ] dip => ]
    keep
(U) [
        f restartable-tests? set-global "db.sqlite.ffi" reload
        "resource:reference/sqlite-3534-completion-20260908/optional/b..."
        run-test-file => :test-failures test-failures get length .
        test-failures get empty? 0 1 ? exit
    ]
(O) run-test-file
(U) [
        { t } [
            "sqlite3session_create" "db.sqlite.ffi" lookup-word
            >boolean
        ] \ (unit-test) 4 experiment
        { t } [
            "sqlite3_carray_bind_v2" "db.sqlite.ffi" lookup-word
            >boolean
        ] \ (unit-test) 5 experiment
        { t } [
            "sqlite3_preupdate_hook" "db.sqlite.ffi" lookup-word
            >boolean
        ] \ (unit-test) 6 experiment =>
        { 48 } [ fts5_api heap-size ] \ (unit-test) 7 experiment
    ]
(U) [
        2 load-locals -1 get-local <experiment> load-local
        silent-tests? get 0 get-local
        [ load-local 0 get-local experiment. 1 drop-locals ] curry
        unless -2 get-local execute => 0 get-local -1 get-local [
            2 load-locals -1 get-local 0 get-local ~quotation~ curry
            curry ~quotation~ if 2 drop-locals
        ] curry curry [ 2drop "Warning: test skipped!" print ] if
        3 drop-locals
    ]
    experiment
(O) (unit-test)
(O) assert-sequence=
(O) assert-sequence
(O) M\ object throw
(U) [
        OBJ-CURRENT-THREAD special-object error-thread set-global
        current-continuation => error-continuation set-global
        [ original-error set-global ] [ rethrow ] bi
    ]

resource:reference/sqlite-3534-completion-20260908/optional/baseline-tests.factor: 7

Unit Test: { { 48 } [ fts5_api heap-size ] }

=== Expected:
48
=== Got:
32
(U) [ c-to-factor => ]
    c-to-factor
(U) [ [ (get-catchstack) push ] dip call => (get-catchstack) pop* ]
(O) command-line-startup
(O) run-script
(U) [
        2dup check-call-effect 2dup [
            ~quotation~ dip
            dup terminated?>> ~quotation~ ~quotation~ if
        ] 2dip => rot [ 2drop ] [ wrong-values ] if
    ]
(U) [
        [ ~quotation~ dip dip ] dip => dup terminated?>>
        [ 2drop f ]
        [ dup in>> length swap out>> length check-datastack ] if
    ]
(U) [ swap [ call ] dip => ]
    dip
(U) [ output>array => datastack. ]
(U) [ [ ~quotation~ ~quotation~ bi ] dip => nsequence ]
    output>sequence
(U) [ [ keep ] dip => call ]
    bi
(U) [ over [ call ] dip => ]
    keep
(U) [
        f restartable-tests? set-global "db.sqlite.ffi" reload
        "resource:reference/sqlite-3534-completion-20260908/optional/b..."
        run-test-file => :test-failures test-failures get length .
        test-failures get empty? 0 1 ? exit
    ]
(O) run-test-file
(U) [
        2 load-locals -1 get-local <experiment> load-local
        silent-tests? get 0 get-local
        [ load-local 0 get-local experiment. 1 drop-locals ] curry
        unless -2 get-local execute => 0 get-local -1 get-local [
            2 load-locals -1 get-local 0 get-local ~quotation~ curry
            curry ~quotation~ if 2 drop-locals
        ] curry curry [ 2drop "Warning: test skipped!" print ] if
        3 drop-locals
    ]
    experiment
(O) (unit-test)
(O) assert-sequence=
(O) assert-sequence
(O) M\ object throw
(U) [
        OBJ-CURRENT-THREAD special-object error-thread set-global
        current-continuation => error-continuation set-global
        [ original-error set-global ] [ rethrow ] bi
    ]
4
