Unit Test: { { "3.53.4" } [ sqlite3_libversion ] }
Unit Test: {
    { t }
    [
        {
            "ENABLE_SESSION"
            "ENABLE_PREUPDATE_HOOK"
            "ENABLE_FTS5"
            "ENABLE_CARRAY"
            "ENABLE_COLUMN_METADATA"
            "ENABLE_STMT_SCANSTATUS"
            "ENABLE_NORMALIZE"
            "ENABLE_SNAPSHOT"
        } [ sqlite3_compileoption_used 1 = ] all?
    ]
}
Unit Test: {
    { t }
    [
        "sqlite3session_create" "db.sqlite.ffi" lookup-word
        >boolean
    ]
}
Unit Test: {
    { t }
    [
        "sqlite3_carray_bind_v2" "db.sqlite.ffi" lookup-word
        >boolean
    ]
}
Unit Test: {
    { t }
    [
        "sqlite3_preupdate_hook" "db.sqlite.ffi" lookup-word
        >boolean
    ]
}
Unit Test: { { 48 } [ fts5_api heap-size ] }
Unit Test: { { 48 } [ session-roundtrip ] }
Unit Test: { { 1000000042 1 } [ carray-query ] }
Unit Test: { { 1 } [ preupdate-callback ] }
Unit Test: { { 3 0 1 } [ tokenizer-v2 ] }
Unit Test: {
    { t t }
    [
        fts5_api heap-size optional_fts5_api_size =
        fts5_tokenizer_v2 heap-size optional_fts5_tokenizer_size
        =
    ]
}
Unit Test: {
    { t }
    [
        \ sqlite3_database_file_object def>> fourth first
        sqlite3_filename =
    ]
}
--> test failed!
Unit Test: { { 3 } [ filename-oracle ] }

==== resource:reference/sqlite-3534-completion-20260908/optional/tests.factor

resource:reference/sqlite-3534-completion-20260908/optional/tests.factor: 89

Unit Test: {
    { t }
    [
        \ sqlite3_database_file_object def>> fourth first
        sqlite3_filename =
    ]
}

=== Expected:
t
=== Got:
f
(U) [ c-to-factor => ]
    c-to-factor
(U) [ [ (get-catchstack) push ] dip call => (get-catchstack) pop* ]
(O) command-line-startup
(O) run-script
(U) [
        2dup check-call-effect 2dup [
            ~quotation~ dip
            dup terminated?>> ~quotation~ ~quotation~ if
        ] 2dip => rot [ 2drop ] [ wrong-values ] if
    ]
(U) [
        [ ~quotation~ dip dip ] dip => dup terminated?>>
        [ 2drop f ]
        [ dup in>> length swap out>> length check-datastack ] if
    ]
(U) [ swap [ call ] dip => ]
    dip
(U) [ output>array => datastack. ]
(U) [ [ ~quotation~ ~quotation~ bi ] dip => nsequence ]
    output>sequence
(U) [ [ keep ] dip => call ]
    bi
(U) [ over [ call ] dip => ]
    keep
(U) [
        f restartable-tests? set-global "db.sqlite.ffi" reload
        "SQLITE_3534_BINDINGS" os-env run-file
        "resource:reference/sqlite-3534-completion-20260908/optional/t..."
        run-test-file => :test-failures compiler-errors get values
        [ print-error ] each test-failures get length .
        test-failures get empty? compiler-errors get assoc-empty?
        and 0 1 ? exit
    ]
(O) run-test-file
(U) [
        { "3.53.4" } [ sqlite3_libversion ] \ (unit-test) 7
        experiment
        { t } [ ~array~ ~quotation~ all? ] \ (unit-test) 13
        experiment
        { t } [
            "sqlite3session_create" "db.sqlite.ffi" lookup-word
            >boolean
        ] \ (unit-test) 16 experiment
        { t } [
            "sqlite3_carray_bind_v2" "db.sqlite.ffi" lookup-word
            >boolean
        ] \ (unit-test) 17 experiment
        { t } [
            "sqlite3_preupdate_hook" "db.sqlite.ffi" lookup-word
            >boolean
        ] \ (unit-test) 18 experiment
        { 48 } [ fts5_api heap-size ] \ (unit-test) 19 experiment
        { 48 } [ session-roundtrip ] \ (unit-test) 35 experiment
        { 1000000042 1 } [ carray-query ] \ (unit-test) 49
        experiment
        { 1 } [ preupdate-callback ] \ (unit-test) 70 experiment
        { 3 0 1 } [ tokenizer-v2 ] \ (unit-test) 80 experiment
        { t t } [
            fts5_api heap-size optional_fts5_api_size =
            fts5_tokenizer_v2 heap-size optional_fts5_tokenizer_size
            =
        ] \ (unit-test) 84 experiment
        { t } [
            \ sqlite3_database_file_object def>> fourth first
            sqlite3_filename =
        ] \ (unit-test) 89 experiment =>
        { 3 } [ filename-oracle ] \ (unit-test) 93 experiment
    ]
(U) [
        2 load-locals -1 get-local <experiment> load-local
        silent-tests? get 0 get-local
        [ load-local 0 get-local experiment. 1 drop-locals ] curry
        unless -2 get-local execute => 0 get-local -1 get-local [
            2 load-locals -1 get-local 0 get-local ~quotation~ curry
            curry ~quotation~ if 2 drop-locals
        ] curry curry [ 2drop "Warning: test skipped!" print ] if
        3 drop-locals
    ]
    experiment
(O) (unit-test)
(O) assert-sequence=
(O) assert-sequence
(O) M\ object throw
(U) [
        OBJ-CURRENT-THREAD special-object error-thread set-global
        current-continuation => error-continuation set-global
        [ original-error set-global ] [ rethrow ] bi
    ]
1
