EXACT COLOR GRAPH COMPARISONS 0
EXACT-COLOR-CORPUS PASS
Unit Test: {
    { t 2 }
    [
        tree-graph dup maximum-cardinality-order
        [ perfect-order? ] [ greedy-colors values supremum 1 + ]
        2bi
    ]
}
Unit Test: {
    { f }
    [ cycle-graph dup maximum-cardinality-order perfect-order? ]
}
Must Fail With: {
    [
        H{ { 0 int-rep } { 1 int-rep } { 2 int-rep } }
        representations [
            H{ { 0 { 1 2 } } { 1 { 0 2 } } { 2 { 0 1 } } }
            { 0 1 2 } H{ { 0 H{ } } { 1 H{ } } { 2 H{ } } }
            H{ { int-regs { 0 1 } } } preference-guided-colors
        ] with-variable
    ]
    [ uncolorable-spill-result? ]
}
Unit Test: {
    { t }
    [
        64 <iota> [
            four-vertex-graph load-local
            0 get-local maximum-cardinality-order load-local
            -1 get-local scan-cardinality-order 0 get-local =
            -1 get-local 0 get-local perfect-order?
            -1 get-local 0 get-local clique-perfect-order? = and
            2 drop-locals
        ] all?
    ]
}
Unit Test: {
    { H{ { 0 V{ } } { 1 V{ } } } }
    [
        H{ { 0 int-rep } { 1 int-rep } } representations [
            {
                T{ live-interval-state
                    { vreg 0 }
                    { ranges V{ { 0 2 } { 8 10 } } }
                }
                T{ live-interval-state
                    { vreg 1 }
                    { ranges V{ { 4 6 } } }
                }
            } interference-graph
        ] with-variable
    ]
}
Unit Test: {
    { t t 0 }
    [
        H{ { 0 0 } { 1 1 } { 2 1 } { 3 0 } } clone load-local
        H{ { 0 { 2 } } { 2 { 0 } } } load-local exchange-graph
        { 0 1 2 3 } 0 get-local -1 get-local
        exchange-affinity-colors 0 -1 get-local at
        1 -1 get-local at = not 2 -1 get-local at
        3 -1 get-local at =
        not 0 get-local -1 get-local affinity-misses
        2 drop-locals
    ]
}
Unit Test: {
    { -1 }
    [
        H{ { 0 t } { 1 t } } 0 1
        H{ { 0 { 2 } } { 1 { 4 4 } } }
        H{ { 0 0 } { 1 1 } { 2 1 } { 4 1 } } exchange-benefit
    ]
}
Unit Test: {
    { t }
    [
        64 <iota> [
            four-vertex-graph load-local
            0 get-local maximum-cardinality-order load-local
            -1 get-local 0 get-local greedy-colors load-local
            -2 get-local keys [
                [
                    load-local 0 get-local 4 <iota> 0 get-local 
                    [
                        load-local 0 get-local =
                        not 1 drop-locals
                    ] curry filter 1 drop-locals
                ] call
            ] H{ } map>assoc load-local
            -3 get-local -2 get-local 0 get-local -1 get-local
            improve-affinity-colors
            -3 get-local -2 get-local 0 get-local -1 get-local
            exchange-affinity-colors
            -3 get-local >alist -1 get-local [
                load-local 0 get-local [
                    load-local load-local
                    0 get-local second -1 get-local 0 get-local 
                    [
                        2 load-locals -1 get-local at
                        0 get-local first -1 get-local at =
                        not 2 drop-locals
                    ] curry curry all? 2 drop-locals
                ] curry call 1 drop-locals
            ] curry all? 4 drop-locals
        ] all?
    ]
}
Unit Test: {
    { 0 0 3 }
    [
        [
            H{
                { 0 int-rep }
                { 1 int-rep }
                { 2 int-rep }
                { 3 tagged-rep }
            } representations set {
                T{ ##copy { dst 2 } { src 1 } { rep int-rep } }
                T{ ##copy { dst 1 } { src 0 } { rep int-rep } }
                T{ ##copy
                    { dst 3 }
                    { src 0 }
                    { rep tagged-rep }
                }
            } insns>cfg copy-leaders 1 leader 2 leader 3 leader
        ] with-scope
    ]
}
Unit Test: {
    { t t }
    [
        [
            small-bank-chordal-allocator register-allocator set
            basic-block new load-local
            basic-block new load-local
            basic-block new load-local ##phi new 0 >>dst
            -1 get-local 8 2 { } new-sequence
            [ 1 swap set-nth-unsafe ] keep
            [ 0 swap set-nth-unsafe ] keep { } like { } like
            -2 get-local 7 2 { } new-sequence
            [ 1 swap set-nth-unsafe ] keep
            [ 0 swap set-nth-unsafe ] keep { } like { } like 2
            { } new-sequence [ 1 swap set-nth-unsafe ] keep
            [ 0 swap set-nth-unsafe ] keep { } like { } like
            >hashtable >>inputs load-local
            basic-block new 0 get-local 1 V{ } new-sequence
            [ 0 swap set-nth-unsafe ] keep V{ } like V{ } like
            >>instructions load-local
            -4 get-local 0 get-local -2 get-local
            \ update-predecessor-phis def>> compile-call
            -2 get-local -1 get-local inputs>> at 7 =
            -3 get-local -1 get-local inputs>> at 8 =
            -4 ~9 more~
        ] with-chordal-test
    ]
}
Unit Test: {
    { 13 6 }
    [
        [
            5 [ dup 0 > [ 2 * ] [ 3 + ] if 3 + ] compile-call 0
            [ dup 0 > [ 2 * ] [ 3 + ] if 3 + ] compile-call
        ] with-chordal-test
    ]
}
Unit Test: {
    { { double-2-rep double-rep double-rep double-2-rep } }
    [
        [
            H{ { 0 double-rep } { 1 double-2-rep } }
            representations set machine-registers registers set
            H{ } clone scratch-spills set
            { } insns>cfg dup stack-frame>> 32 >>spill-area-size
            drop cfg set [
                0 <spill-slot> double-rep <location>
                8 <spill-slot> double-rep <location>
                memory>memory
            ] { } make [ rep>> ] map
        ] with-scope
    ]
}
Unit Test: {
    { 55 }
    [
        [
            10
            [ 0 swap [ dup 0 > ] [ [ + ] keep 1 - ] while drop ]
            compile-call
        ] with-chordal-test
    ]
}
Unit Test: {
    { 2 1 }
    [
        [ [ 1 2 5 [ swap ] times ] compile-call ]
        with-chordal-test
    ]
}
Unit Test: {
    { { 1 2 3 } }
    [ [ [ 1 2 3 3array gc ] compile-call ] with-chordal-test ]
}
Unit Test: {
    { t }
    [
        [
            [ 1.0 100 [ fsin ] times 1.0 float+ ] compile-call
            1.168852488727981 0.000000001 ~
        ] with-chordal-test
    ]
}
Unit Test: {
    { 65537.0 }
    [
        [ [ 2.0 4 [ 2.0 fpow ] times 1.0 float+ ] compile-call ]
        with-chordal-test
    ]
}
Unit Test: {
    { t }
    [
        [
            40 <iota> >array pressure-quotation compile-call
            40 <iota> [ >float 0.5 float+ ] map =
        ] with-chordal-test
    ]
}
Unit Test: {
    { t t t }
    [
        [
            pressure-quotation measure-compilation "procedures"
            of first
            [ "allocation" of "repair-assignments" of 0 = ]
            [ "allocation" of "pressure-stores" of 0 > ]
            [ "passes" of last "spills" of 0 > ] tri
        ] with-chordal-test
    ]
}
Unit Test: {
    { 920.0 -720.0 }
    [
        [
            2.5 t phi-pressure-quotation compile-call
            2.5 f phi-pressure-quotation compile-call
        ] with-chordal-test
    ]
}
Unit Test: {
    { t t }
    [
        [
            [ 1.0 100 [ fsin ] times 1.0 float+ ]
            measure-compilation "procedures" of
            first "allocation" of
            [ "chordal?" of ] [ "color-assignments" of 0 > ] bi
        ] with-chordal-test
    ]
}
Unit Test: {
    { t t { 0 1 } }
    [
        [
            f derived-diamond 3 load-locals
            -2 get-local construct-ssa-bases
            -2 get-local compute-ssa-live-sets
            4 phi-bases get at load-local
            -1 get-local gc-map>> gc-roots>> 0 get-local swap
            member?
            -1 get-local gc-map>> derived-roots>> 4 0 get-local
            2 { } new-sequence [ 1 swap set-nth-unsafe ] keep
            [ 0 swap set-nth-unsafe ] keep { } like { } like
            swap member?
            -2 get-local instructions>> first inputs>> values
            natural-sort 4 drop-locals
        ] with-scope
    ]
}
Unit Test: {
    { t t t }
    [
        [
            t derived-loop 4 load-locals
            -3 get-local construct-ssa-bases
            -3 get-local compute-ssa-live-sets
            2 phi-bases get at load-local
            -3 get-local instructions>> first inputs>>
            load-local -5 get-local entry>> 0 get-local at 0 =
            -3 get-local 0 get-local at -1 get-local =
            -2 get-local gc-map>> derived-roots>> 2 -1 get-local
            2 { } new-sequence [ 1 swap set-nth-unsafe ] keep
            [ 0 swap set-nth-unsafe ] keep { } like { } like
            swap member? 6 drop-locals
        ] with-scope
    ]
}
Unit Test: {
    { t }
    [
        [
            f derived-loop 3drop construct-ssa-bases
            phi-bases get assoc-empty?
        ] with-scope
    ]
}
Unit Test: {
    { t t }
    [
        [
            t check-allocation? set
            executable-derived-cfg compile-derived-cfg
            [ t execute-derived-gc ] [ f execute-derived-gc ] bi
        ] with-scope
    ]
}
Unit Test: {
    { t t }
    [
        [
            t derived-diamond 3 load-locals
            -2 get-local construct-ssa-bases
            -2 get-local compute-ssa-live-sets
            -1 get-local instructions>> first inputs>> values
            [ 0 = not ] find nip load-local
            0 get-local rep-of tagged-rep =
            -1 get-local gc-map>> derived-roots>> 4 phi-bases
            get at 4 swap 2array swap member? 4 drop-locals
        ] with-scope
    ]
}
Unit Test: {
    { t t t t }
    [
        f rematerialize-constants? set H{
            { 1 int-rep }
            { 2 int-rep }
            { 3 int-rep }
            { 4 int-rep }
            { 5 int-rep }
        } clone representations set 10 vreg-counter set
        pressure-cfg [
            dup
            H{ { int-regs { 0 1 } } } spill-ssa 2 load-locals
            cfg>insns load-local 0 get-local [ ##spill? ] any?
            0 get-local [ ##reload? ] filter
            [ dst>> 10 >= ] all? -2 get-local values
            [ spill-slot? ] all? 0 get-local [ ##add? ] filter
            last src2>> 10 >= 3 drop-locals
        ] with-cfg
    ]
}
Unit Test: {
    { t t t t }
    [
        f rematerialize-constants? set
        H{ { 1 int-rep } { 2 int-rep } } clone representations
        set 10 vreg-counter set V{
            T{ ##load-integer { dst 1 } { val 100 } }
            T{ ##branch }
        } clone 0 insns>block load-local
        V{ T{ ##call } T{ ##branch } } clone 1 insns>block
        t >>kill-block? load-local V{
            T{ ##add-imm { dst 2 } { src1 1 } { src2 8 } }
            T{ ##return }
        } clone 2 insns>block load-local
        -2 get-local -1 get-local connect-bbs
        -1 get-local 0 get-local connect-bbs
        -2 get-local block>cfg -1 get-local [
            load-local dup
            H{ { int-regs { 0 1 } } } spill-ssa 2drop
            cfg>insns load-local 0 get-local [ ##spill? ] any?
            -1 get-local instructions>> [ ##phi? ] any?
            not -1 get-local spill-plans get at
            exit-versions>> assoc-empty? 0 get-local
            [ ##reload? ] any? 2 drop-locals
        ] curry with-cfg 3 drop-locals
    ]
}
Unit Test: {
    { t t t }
    [
        f rematerialize-constants? set 6 3 <validation-diamond> 
        [
            dup construct-ssa-bases dup compute-ssa-live-sets
            dup dup 2 2 validation-register-bank
            spill-ssa 2 load-locals
            check-rewritten-phis "memory-phis" 0 get-local at
            0 > "edge-blocks" 0 get-local at 0 or
            zero? 2 drop-locals
        ] with-cfg
    ]
}
Unit Test: {
    { t t }
    [
        f rematerialize-constants? set 2 t <validation-cycle> [
            dup construct-ssa-bases dup compute-ssa-live-sets
            dup dup 2 2 validation-register-bank
            spill-ssa 2 load-locals
            check-rewritten-phis "reload-definitions" 0
            get-local at 0 > 2 drop-locals
        ] with-cfg
    ]
}
Unit Test: {
    { { { 1 1 } { 1 1 } } }
    [
        { f t } [
            [
                load-local
                0 get-local rematerialize-constants? set
                entry-reload-pressure-cfg [
                    dup construct-ssa-bases
                    dup compute-ssa-live-sets
                    dup 2 2 validation-register-bank
                    spill-ssa nip
                    [ "pressure-stores" of ]
                    [ "reload-definitions" of ] bi 2array
                ] with-cfg 1 drop-locals
            ] with-scope
        ] map
    ]
}
Unit Test: {
    { { { 110 92 } { 110 92 } } }
    [
        { f t } [
            [
                load-local
                0 get-local rematerialize-constants? set
                entry-reload-pressure-cfg load-local
                chordal-allocator 0 get-local 2 2
                validation-register-bank
                [ chordal-allocation-with-registers ]
                constrained-allocator boa
                0 get-local swap compile-validation-cfg
                load-local
                11 0 get-local ( input -- result )
                execute-effect
                -7 0 get-local ( input -- result )
                execute-effect 2array 3 drop-locals
            ] with-scope
        ] map
    ]
}
Unit Test: {
    { H{ { 1 3 } { 2 8 } { 3 100002 } } }
    [
        H{ { 1 3 } { 2 8 } } clone
        H{ { 1 1 } { 3 2 } } loop-exit-distance pick
        merge-next-use!
    ]
}
Unit Test: {
    { H{ { 1 0 } { 2 0 } { 9 6 } } }
    [
        H{ { 9 5 } { 3 2 } }
        T{ ##add { dst 3 } { src1 1 } { src2 2 } }
        transfer-next-use
    ]
}
Unit Test: {
    { H{ { 9 6 } } }
    [
        H{ { 9 5 } { 3 2 } }
        T{ ##phi { dst 3 } { inputs H{ { 10 1 } { 11 2 } } } }
        transfer-next-use
    ]
}
Unit Test: {
    { H{ { 1 0 } { 9 6 } } H{ { 9 6 } { 2 0 } } }
    [
        T{ basic-block
            { instructions
                V{
                    T{ ##phi
                        { dst 3 }
                        { inputs H{ ~array~ ~array~ } }
                    }
                }
            }
        } load-local H{ } clone load-local
        H{ { 9 6 } } -1 get-local 0 get-local set-at
        10 -1 get-local 0 get-local edge-next-use
        11 -1 get-local 0 get-local edge-next-use 2 drop-locals
    ]
}
Unit Test: {
    { 100000 0 }
    [
        H{
            { 1 T{ natural-loop { blocks HS{ 1 2 } } } }
            { 3 T{ natural-loop { blocks HS{ 4 3 } } } }
        } loops
        [ 2 3 loop-exit-penalty 1 2 loop-exit-penalty ]
        with-variable
    ]
}
Unit Test: {
    { { 4 3 } }
    [
        { 1 2 3 4 } { 1 2 5 } H{ { 1 100 } { 2 1 } { 3 40 } } 3
        pressure-victims
    ]
}
Unit Test: {
    { { 3 } }
    [
        { 4 3 2 } { 2 } H{ { 1 100 } { 2 1 } { 3 40 } }
        eviction-stores
    ]
}
Must Fail With: {
    [ { 1 } { 1 2 3 } H{ } 2 pressure-victims ]
    [ impossible-register-pressure? ]
}
Unit Test: {
    { { 3 2 } }
    [
        { 1 2 3 } { 3 } H{ { 1 100002 } { 2 4 } { 3 7 } } 2
        select-entry-residents
    ]
}
Unit Test: {
    { { 2 } { 3 } }
    [ { 1 2 } { 1 } { 1 3 } { 1 2 } edge-transfers ]
}
CHORDAL-GATE PASS
