
Restarts were invoked adding vocabularies to the search path.
To avoid doing this in the future, add the following forms
at the top of the source file:

USING: accessors combinators compiler.units kernel locals math
math.bitwise sequences stack-checker typed words ;
IN: compiler.cfg.memory-optimization.validation


Restarts were invoked adding vocabularies to the search path.
To avoid doing this in the future, add the following forms
at the top of the source file:

USING: accessors compiler.cfg.checker compiler.cfg.instructions
compiler.cfg.linear-scan.allocation.state
compiler.cfg.memory-optimization
compiler.cfg.memory-optimization.private
compiler.cfg.memory-optimization.validation
compiler.cfg.optimizer compiler.cfg.register-allocation
compiler.cfg.register-allocation.verifier io kernel math
math.bitwise namespaces parser prettyprint system vocabs.refresh
words ;
IN: compiler.cfg.memory-optimization.validation

UNSOUND MUTANT NATIVE RESULT 0
INDEPENDENT EXPECTED RESULT 74
MEMORY MUTATION CONTROL PASS: native oracle rejects ignored aliased store
