
Restarts were invoked adding vocabularies to the search path.
To avoid doing this in the future, add the following forms
at the top of the source file:

USING: accessors arrays assocs combinators compiler.cfg
compiler.cfg.instructions compiler.cfg.linear-scan
compiler.cfg.linear-scan.allocation.spilling
compiler.cfg.linear-scan.allocation.state
compiler.cfg.linear-scan.assignment
compiler.cfg.linear-scan.checker
compiler.cfg.linear-scan.live-intervals
compiler.cfg.linear-scan.numbering
compiler.cfg.linear-scan.ranges compiler.cfg.linear-scan.resolve
compiler.cfg.linearization compiler.cfg.register-allocation
compiler.cfg.register-allocation.chordal.bases
compiler.cfg.register-allocation.occupancy
compiler.cfg.register-allocation.rematerialization
compiler.cfg.register-allocation.spill-sites
compiler.cfg.register-allocation.ssa compiler.cfg.registers
compiler.cfg.rpo compiler.cfg.ssa.destruction.leaders
compiler.cfg.utilities cpu.architecture heaps kernel locals make
math math.order namespaces sequences sorting vectors ;
FROM: sets => members ;
IN: compiler.cfg.register-allocation.backtracking

33 reduced-bank CFGs / 225 independent native answers passed
