RELAXED VERTICES 59
PHI-MISS { { 14 1 } { 1457 471 } { 1 3 } { f -7 } }
PHI-MISS { { 15 1 } { 1459 480 } { 2 0 } { t 10 } }
PHI-MISS { { 17 1 } { 536 511 } { 0 1 } { t -8 } }
PHI-MISS { { 17 1 } { 524 1461 } { 1 3 } { t 0 } }
PHI-MISS { { 22 1 } { 1472 1464 } { 3 0 } { t -8 } }
PHI-MISS { { 22 1 } { 1473 1465 } { 5 3 } { t -8 } }
PHI-MISS { { 22 1 } { 1470 1462 } { 1 4 } { t -7 } }
PHI-MISS { { 32 2 } { 1483 1506 } { 0 5 } { f 0 } }
PHI-MISS { { 33 2 } { 1491 1483 } { 7 0 } { t -448 } }
PHI-MISS { { 33 2 } { 1487 1484 } { 5 2 } { f -448 } }
PHI-MISS { { 33 2 } { 1488 1485 } { 1 3 } { f -448 } }
PHI-MISS { { 35 3 } { 1498 650 } { 2 0 } { t 640 } }
PHI-MISS { { 36 2 } { 1509 649 } { 0 4 } { f 64 } }
PHI-MISS { { 36 2 } { 1504 1494 } { 0 4 } { t 80 } }
PHI-MISS { { 36 2 } { 1506 1496 } { 5 7 } { f 64 } }
PHI-MISS { { 36 2 } { 1507 1492 } { 2 5 } { t 0 } }
PHI-MISS { { 36 2 } { 1508 1493 } { 3 1 } { t 0 } }
PHI-MISS { { 50 2 } { 1534 749 } { 4 3 } { f -56 } }
PHI-MISS { { 51 2 } { 1537 762 } { 3 0 } { t -448 } }
PHI-MISS { { 51 2 } { 1536 1533 } { 2 7 } { f -448 } }
PHI-MISS { { 53 3 } { 1545 809 } { 1 0 } { t 640 } }
PHI-MISS { { 54 2 } { 1556 1541 } { 7 2 } { f 0 } }
PHI-MISS { { 54 2 } { 1557 808 } { 0 4 } { f 64 } }
PHI-MISS { { 54 2 } { 1553 1542 } { 1 3 } { t 64 } }
PHI-MISS { { 55 1 } { 1558 1534 } { 3 4 } { f -8 } }
PHI-MISS { { 65 2 } { 1564 1587 } { 0 5 } { f 0 } }
PHI-MISS { { 66 2 } { 1569 1566 } { 1 3 } { f -448 } }
PHI-MISS { { 66 2 } { 1572 1564 } { 7 0 } { t -448 } }
PHI-MISS { { 66 2 } { 1568 1565 } { 5 2 } { f -448 } }
PHI-MISS { { 68 3 } { 1579 964 } { 2 0 } { t 640 } }
PHI-MISS { { 69 2 } { 1590 963 } { 0 4 } { f 64 } }
PHI-MISS { { 69 2 } { 1585 1575 } { 0 4 } { t 80 } }
PHI-MISS { { 69 2 } { 1587 1577 } { 5 7 } { f 64 } }
PHI-MISS { { 69 2 } { 1588 1573 } { 2 5 } { t 0 } }
PHI-MISS { { 69 2 } { 1589 1574 } { 3 1 } { t 0 } }
PHI-MISS { { 83 2 } { 1615 1633 } { 3 1 } { f -8 } }
PHI-MISS { { 84 2 } { 1617 1614 } { 2 7 } { f -448 } }
PHI-MISS { { 84 2 } { 1619 1615 } { 5 3 } { t -448 } }
PHI-MISS { { 84 2 } { 1618 1076 } { 3 0 } { t -448 } }
PHI-MISS { { 84 2 } { 1620 1612 } { 4 5 } { t -448 } }
PHI-MISS { { 86 3 } { 1626 1123 } { 1 0 } { t 640 } }
PHI-MISS { { 87 2 } { 1637 1622 } { 7 2 } { t 0 } }
PHI-MISS { { 87 2 } { 1638 1122 } { 0 4 } { f 64 } }
PHI-MISS { { 87 2 } { 1634 1623 } { 2 3 } { t 64 } }
PHI-MISS { { 87 2 } { 1633 1624 } { 1 5 } { t 64 } }
PHI-MISS { { 87 2 } { 1635 1625 } { 5 4 } { f 0 } }
PHI-MISS { { 93 1 } { 1651 1266 } { 2 0 } { t 10 } }
PHI-MISS { { 93 1 } { 1654 1264 } { 2 1 } { t 9 } }
PHI-MISS { { 97 1 } { 1663 1345 } { 1 0 } { t 10 } }
FINAL-CFG
BLOCK 0
T{ ##safepoint { insn# 0 } }
T{ ##prologue { insn# 2 } }
T{ ##branch { insn# 4 } }
BLOCK 1
T{ ##peek { dst X0 } { loc D: 0 } { insn# 6 } }
T{ ##load-integer { dst X1 } { val 8 } { insn# 8 } }
T{ ##inc { loc D: 2 } { insn# 10 } }
T{ ##inc { loc R: 2 } { insn# 12 } }
T{ ##fixnum-mul
    { dst X2 }
    { src1 X0 }
    { src2 X1 }
    { cc cc/o }
    { insn# 14 }
}
BLOCK 2
T{ ##inc { loc D: -1 } { insn# 20 } }
T{ ##replace { src X0 } { loc R: 0 } { insn# 22 } }
T{ ##replace { src X2 } { loc D: 0 } { insn# 24 } }
T{ ##replace { src X0 } { loc R: 1 } { insn# 26 } }
T{ ##branch { insn# 28 } }
BLOCK 3
T{ ##call { word (byte-array) } { insn# 30 } }
T{ ##branch { insn# 32 } }
BLOCK 4
T{ ##peek { dst X1 } { loc R: 0 } { insn# 34 } }
T{ ##peek { dst X5 } { loc D: 1 } { insn# 36 } }
T{ ##sar-imm { dst X5 } { src1 X5 } { src2 4 } { insn# 38 } }
T{ ##peek { dst X4 } { loc D: 0 } { insn# 40 } }
T{ ##branch { insn# 42 } }
BLOCK 5
T{ ##replace { src X0 } { loc R: 0 } { insn# 46 } }
T{ ##replace { src X0 } { loc D: 1 } { insn# 48 } }
T{ ##replace { src X0 } { loc R: 1 } { insn# 50 } }
T{ ##replace-imm { src 8 } { loc D: 0 } { insn# 52 } }
T{ ##branch { insn# 54 } }
BLOCK 6
T{ ##call { word fixnum*overflow } { insn# 56 } }
T{ ##branch { insn# 58 } }
BLOCK 7
T{ ##branch { insn# 60 } }
BLOCK 8
T{ ##call { word (byte-array) } { insn# 62 } }
T{ ##branch { insn# 64 } }
BLOCK 9
T{ ##peek { dst X1 } { loc R: 0 } { insn# 66 } }
T{ ##peek { dst X5 } { loc D: 1 } { insn# 68 } }
T{ ##sar-imm { dst X5 } { src1 X5 } { src2 4 } { insn# 70 } }
T{ ##peek { dst X4 } { loc D: 0 } { insn# 72 } }
T{ ##branch { insn# 74 } }
BLOCK 10
T{ ##check-nursery-branch
    { size 32 }
    { cc cc<= }
    { temp1 X0 }
    { temp2 X2 }
    { insn# 82 }
}
BLOCK 11
T{ ##spill
    { src X4 }
    { rep tagged-rep }
    { dst T{ spill-slot } }
    { insn# 90 }
}
T{ ##spill
    { src X1 }
    { rep tagged-rep }
    { dst T{ spill-slot { n 8 } } }
    { insn# 92 }
}
T{ ##spill
    { src X5 }
    { rep int-rep }
    { dst T{ spill-slot { n 16 } } }
    { insn# 94 }
}
T{ ##call-gc
    { gc-map
        T{ gc-map
            { gc-roots
                { T{ spill-slot } T{ spill-slot { n 8 } } }
            }
            { derived-roots V{ } }
        }
    }
    { insn# 96 }
}
T{ ##branch { insn# 98 } }
BLOCK 12
T{ ##reload
    { dst X5 }
    { rep int-rep }
    { src T{ spill-slot { n 16 } } }
    { insn# 100 }
}
T{ ##reload
    { dst X4 }
    { rep tagged-rep }
    { src T{ spill-slot } }
    { insn# 102 }
}
T{ ##reload
    { dst X1 }
    { rep tagged-rep }
    { src T{ spill-slot { n 8 } } }
    { insn# 104 }
}
T{ ##branch { insn# 106 } }
BLOCK 13
T{ ##and-imm
    { dst X1 }
    { src1 X1 }
    { src2 4611686018427387888 }
    { insn# 114 }
}
T{ ##load-reference
    { dst X2 }
    { obj
        {
            double-array
            2
            1
            tuple
            236985587512
            double-array
            -502713508318760560
        }
    }
    { insn# 116 }
}
T{ ##allot
    { dst X3 }
    { size 32 }
    { class-of tuple }
    { temp X0 }
    { insn# 118 }
}
T{ ##set-slot-imm
    { src X2 }
    { obj X3 }
    { slot 1 }
    { tag 7 }
    { insn# 120 }
}
T{ ##set-slot-imm
    { src X4 }
    { obj X3 }
    { slot 2 }
    { tag 7 }
    { insn# 122 }
}
T{ ##set-slot-imm
    { src X1 }
    { obj X3 }
    { slot 3 }
    { tag 7 }
    { insn# 124 }
}
T{ ##load-integer { dst X0 } { val 0 } { insn# 126 } }
T{ ##inc { loc D: 1 } { insn# 128 } }
T{ ##branch { insn# 130 } }
BLOCK 14
T{ ##copy { dst X1 } { src X3 } { rep tagged-rep } }
T{ ##branch }
BLOCK 16
T{ ##copy { dst X2 } { src X0 } { rep int-rep } }
T{ ##branch }
BLOCK 17
T{ ##slot-imm
    { dst X3 }
    { obj X1 }
    { slot 2 }
    { tag 7 }
    { insn# 138 }
}
T{ ##shl-imm { dst X0 } { src1 X2 } { src2 3 } { insn# 140 } }
T{ ##load-double { dst V0 } { val 1.0 } { insn# 142 } }
T{ ##tagged>integer { dst X3 } { src X3 } { insn# 144 } }
T{ ##add-imm { dst X3 } { src1 X3 } { src2 7 } { insn# 146 } }
T{ ##store-memory
    { src V0 }
    { base X3 }
    { displacement X0 }
    { scale 0 }
    { offset 0 }
    { rep double-rep }
    { insn# 148 }
}
T{ ##add-imm { dst X0 } { src1 X2 } { src2 1 } { insn# 150 } }
T{ ##safepoint { insn# 152 } }
T{ ##branch { insn# 154 } }
BLOCK 15
T{ ##compare-integer-branch
    { src1 X0 }
    { src2 X5 }
    { cc cc< }
    { insn# 162 }
}
BLOCK 18
T{ ##copy { dst X3 } { src X1 } { rep tagged-rep } }
T{ ##branch }
BLOCK 19
T{ ##peek { dst X4 } { loc R: 1 } { insn# 166 } }
T{ ##inc { loc D: -3 } { insn# 168 } }
T{ ##load-tagged { dst X1 } { val 160 } { insn# 170 } }
T{ ##load-tagged { dst X2 } { val 0 } { insn# 172 } }
T{ ##inc { loc D: 5 } { insn# 174 } }
T{ ##inc { loc R: -2 } { insn# 176 } }
T{ ##branch { insn# 178 } }
BLOCK 20
T{ ##copy { dst X0 } { src X1 } { rep tagged-rep } }
T{ ##copy { dst X1 } { src X3 } { rep tagged-rep } }
T{ ##branch }
BLOCK 110
T{ ##peek { dst X0 } { loc R: 3 } { insn# 182 } }
T{ ##peek { dst X1 } { loc R: 1 } { insn# 184 } }
T{ ##peek { dst X4 } { loc R: 4 } { insn# 186 } }
T{ ##peek { dst X2 } { loc R: 2 } { insn# 188 } }
T{ ##inc { loc D: -5 } { insn# 190 } }
T{ ##add-imm { dst X2 } { src1 X2 } { src2 16 } { insn# 192 } }
T{ ##safepoint { insn# 194 } }
T{ ##inc { loc D: 5 } { insn# 196 } }
T{ ##inc { loc R: -5 } { insn# 198 } }
T{ ##branch { insn# 200 } }
BLOCK 21
T{ ##compare-integer-branch
    { src1 X2 }
    { src2 X0 }
    { cc cc< }
    { insn# 212 }
}
BLOCK 22
T{ ##inc { loc D: -4 } { insn# 222 } }
T{ ##inc { loc R: 7 } { insn# 224 } }
T{ ##compare-integer-imm-branch
    { src1 X4 }
    { src2 0 }
    { cc cc< }
    { insn# 226 }
}
BLOCK 26
T{ ##copy { dst X5 } { src X3 } { rep tagged-rep } }
T{ ##copy { dst X1 } { src X4 } { rep tagged-rep } }
T{ ##copy { dst X3 } { src X0 } { rep tagged-rep } }
T{ ##branch }
BLOCK 27
T{ ##load-integer { dst X0 } { val 8 } { insn# 236 } }
T{ ##inc { loc D: 4 } { insn# 238 } }
T{ ##inc { loc R: -2 } { insn# 240 } }
T{ ##fixnum-mul
    { dst X4 }
    { src1 X1 }
    { src2 X0 }
    { cc cc/o }
    { insn# 242 }
}
BLOCK 28
T{ ##inc { loc D: -1 } { insn# 254 } }
T{ ##replace { src X4 } { loc D: 0 } { insn# 256 } }
T{ ##replace { src X1 } { loc R: 0 } { insn# 258 } }
T{ ##replace { src X2 } { loc R: 2 } { insn# 260 } }
T{ ##replace { src X1 } { loc R: 1 } { insn# 262 } }
T{ ##replace { src X1 } { loc R: 4 } { insn# 264 } }
T{ ##replace { src X3 } { loc R: 3 } { insn# 266 } }
T{ ##replace { src X1 } { loc D: 3 } { insn# 268 } }
T{ ##replace { src X1 } { loc D: 2 } { insn# 270 } }
T{ ##replace { src X5 } { loc D: 1 } { insn# 272 } }
T{ ##branch { insn# 274 } }
BLOCK 29
T{ ##call { word (byte-array) } { insn# 276 } }
T{ ##branch { insn# 278 } }
BLOCK 30
T{ ##peek { dst X0 } { loc D: 3 } { insn# 280 } }
T{ ##sar-imm { dst X0 } { src1 X0 } { src2 4 } { insn# 282 } }
T{ ##peek { dst X6 } { loc D: 0 } { insn# 284 } }
T{ ##peek { dst X2 } { loc D: 2 } { insn# 286 } }
T{ ##sar-imm { dst X2 } { src1 X2 } { src2 4 } { insn# 288 } }
T{ ##peek { dst X3 } { loc D: 1 } { insn# 290 } }
T{ ##branch { insn# 292 } }
BLOCK 31
T{ ##replace { src X1 } { loc D: 1 } { insn# 302 } }
T{ ##replace-imm { src 8 } { loc D: 0 } { insn# 304 } }
T{ ##replace { src X1 } { loc R: 0 } { insn# 306 } }
T{ ##replace { src X2 } { loc R: 2 } { insn# 308 } }
T{ ##replace { src X1 } { loc R: 1 } { insn# 310 } }
T{ ##replace { src X1 } { loc R: 4 } { insn# 312 } }
T{ ##replace { src X3 } { loc R: 3 } { insn# 314 } }
T{ ##replace { src X1 } { loc D: 4 } { insn# 316 } }
T{ ##replace { src X1 } { loc D: 3 } { insn# 318 } }
T{ ##replace { src X5 } { loc D: 2 } { insn# 320 } }
T{ ##branch { insn# 322 } }
BLOCK 32
T{ ##call { word fixnum*overflow } { insn# 324 } }
T{ ##branch { insn# 326 } }
BLOCK 33
T{ ##branch { insn# 328 } }
BLOCK 34
T{ ##call { word (byte-array) } { insn# 330 } }
T{ ##branch { insn# 332 } }
BLOCK 35
T{ ##peek { dst X0 } { loc D: 3 } { insn# 334 } }
T{ ##sar-imm { dst X0 } { src1 X0 } { src2 4 } { insn# 336 } }
T{ ##peek { dst X6 } { loc D: 0 } { insn# 338 } }
T{ ##peek { dst X2 } { loc D: 2 } { insn# 340 } }
T{ ##sar-imm { dst X2 } { src1 X2 } { src2 4 } { insn# 342 } }
T{ ##peek { dst X3 } { loc D: 1 } { insn# 344 } }
T{ ##branch { insn# 346 } }
BLOCK 36
T{ ##load-integer { dst X4 } { val 0 } { insn# 356 } }
T{ ##inc { loc D: 1 } { insn# 358 } }
T{ ##inc { loc R: 1 } { insn# 360 } }
T{ ##branch { insn# 362 } }
BLOCK 43
T{ ##copy { dst X2 } { src X5 } { rep int-rep } }
T{ ##copy { dst V0 } { src V4 } { rep double-rep } }
T{ ##copy { dst X3 } { src X1 } { rep tagged-rep } }
T{ ##copy { dst X0 } { src X4 } { rep int-rep } }
T{ ##copy { dst X5 } { src X7 } { rep int-rep } }
T{ ##branch }
BLOCK 44
T{ ##inc { loc D: -4 } { insn# 376 } }
T{ ##shl-imm { dst X4 } { src1 X0 } { src2 3 } { insn# 378 } }
T{ ##tagged>integer { dst X1 } { src X6 } { insn# 380 } }
T{ ##add-imm { dst X1 } { src1 X1 } { src2 7 } { insn# 382 } }
T{ ##store-memory
    { src V0 }
    { base X1 }
    { displacement X4 }
    { scale 0 }
    { offset 0 }
    { rep double-rep }
    { insn# 384 }
}
T{ ##add-imm { dst X4 } { src1 X0 } { src2 1 } { insn# 386 } }
T{ ##safepoint { insn# 388 } }
T{ ##inc { loc D: 4 } { insn# 390 } }
T{ ##inc { loc R: -7 } { insn# 392 } }
T{ ##branch { insn# 394 } }
BLOCK 45
T{ ##copy { dst X0 } { src X5 } { rep int-rep } }
T{ ##branch }
BLOCK 37
T{ ##compare-integer-branch
    { src1 X4 }
    { src2 X0 }
    { cc cc< }
    { insn# 406 }
}
BLOCK 38
T{ ##copy { dst X5 } { src X2 } { rep int-rep } }
T{ ##copy { dst X7 } { src X0 } { rep int-rep } }
T{ ##copy { dst X1 } { src X3 } { rep tagged-rep } }
T{ ##branch }
BLOCK 39
T{ ##load-double { dst V4 } { val 0.0 } { insn# 418 } }
T{ ##load-integer { dst X0 } { val 0 } { insn# 420 } }
T{ ##inc { loc R: 7 } { insn# 422 } }
T{ ##branch { insn# 424 } }
BLOCK 41
T{ ##copy { dst X2 } { src X0 } { rep int-rep } }
T{ ##branch }
BLOCK 42
T{ ##slot-imm
    { dst X3 }
    { obj X1 }
    { slot 2 }
    { tag 7 }
    { insn# 440 }
}
T{ ##shl-imm { dst X0 } { src1 X2 } { src2 3 } { insn# 442 } }
T{ ##tagged>integer { dst X3 } { src X3 } { insn# 444 } }
T{ ##add-imm { dst X3 } { src1 X3 } { src2 7 } { insn# 446 } }
T{ ##load-memory
    { dst V0 }
    { base X3 }
    { displacement X0 }
    { scale 0 }
    { offset 0 }
    { rep double-rep }
    { insn# 448 }
}
T{ ##integer>float { dst V1 } { src X4 } { insn# 450 } }
T{ ##integer>float { dst V2 } { src X2 } { insn# 452 } }
T{ ##add-float
    { dst V3 }
    { src1 V1 }
    { src2 V2 }
    { insn# 454 }
}
T{ ##load-double { dst V2 } { val 1.0 } { insn# 456 } }
T{ ##add-float
    { dst V5 }
    { src1 V3 }
    { src2 V2 }
    { insn# 458 }
}
T{ ##mul-float
    { dst V3 }
    { src1 V3 }
    { src2 V5 }
    { insn# 460 }
}
T{ ##load-double { dst V5 } { val 0.5 } { insn# 462 } }
T{ ##mul-float
    { dst V3 }
    { src1 V3 }
    { src2 V5 }
    { insn# 464 }
}
T{ ##add-float
    { dst V1 }
    { src1 V1 }
    { src2 V3 }
    { insn# 466 }
}
T{ ##add-float
    { dst V1 }
    { src1 V1 }
    { src2 V2 }
    { insn# 468 }
}
T{ ##div-float
    { dst V2 }
    { src1 V2 }
    { src2 V1 }
    { insn# 470 }
}
T{ ##mul-float
    { dst V0 }
    { src1 V0 }
    { src2 V2 }
    { insn# 472 }
}
T{ ##add-float
    { dst V4 }
    { src1 V4 }
    { src2 V0 }
    { insn# 474 }
}
T{ ##add-imm { dst X0 } { src1 X2 } { src2 1 } { insn# 476 } }
T{ ##safepoint { insn# 478 } }
T{ ##branch { insn# 480 } }
BLOCK 40
T{ ##compare-integer-branch
    { src1 X0 }
    { src2 X5 }
    { cc cc< }
    { insn# 496 }
}
BLOCK 46
T{ ##peek { dst X0 } { loc R: 1 } { insn# 500 } }
T{ ##inc { loc D: -5 } { insn# 502 } }
T{ ##load-integer { dst X1 } { val 8 } { insn# 504 } }
T{ ##inc { loc D: 5 } { insn# 506 } }
T{ ##inc { loc R: -1 } { insn# 508 } }
T{ ##fixnum-mul
    { dst X2 }
    { src1 X0 }
    { src2 X1 }
    { cc cc/o }
    { insn# 510 }
}
BLOCK 47
T{ ##inc { loc D: -1 } { insn# 518 } }
T{ ##replace { src X2 } { loc D: 0 } { insn# 520 } }
T{ ##replace { src X0 } { loc D: 3 } { insn# 522 } }
T{ ##replace { src X0 } { loc D: 2 } { insn# 524 } }
T{ ##replace { src X6 } { loc D: 1 } { insn# 526 } }
T{ ##branch { insn# 528 } }
BLOCK 48
T{ ##call { word (byte-array) } { insn# 530 } }
T{ ##branch { insn# 532 } }
BLOCK 49
T{ ##peek { dst X5 } { loc D: 3 } { insn# 534 } }
T{ ##sar-imm { dst X5 } { src1 X5 } { src2 4 } { insn# 536 } }
T{ ##peek { dst X1 } { loc R: 0 } { insn# 538 } }
T{ ##peek { dst X4 } { loc D: 0 } { insn# 540 } }
T{ ##peek { dst X6 } { loc D: 2 } { insn# 542 } }
T{ ##sar-imm { dst X6 } { src1 X6 } { src2 4 } { insn# 544 } }
T{ ##peek { dst X7 } { loc D: 1 } { insn# 546 } }
T{ ##branch { insn# 548 } }
BLOCK 50
T{ ##replace { src X0 } { loc D: 1 } { insn# 554 } }
T{ ##replace-imm { src 8 } { loc D: 0 } { insn# 556 } }
T{ ##replace { src X0 } { loc D: 4 } { insn# 558 } }
T{ ##replace { src X0 } { loc D: 3 } { insn# 560 } }
T{ ##replace { src X6 } { loc D: 2 } { insn# 562 } }
T{ ##branch { insn# 564 } }
BLOCK 51
T{ ##call { word fixnum*overflow } { insn# 566 } }
T{ ##branch { insn# 568 } }
BLOCK 52
T{ ##branch { insn# 570 } }
BLOCK 53
T{ ##call { word (byte-array) } { insn# 572 } }
T{ ##branch { insn# 574 } }
BLOCK 54
T{ ##peek { dst X5 } { loc D: 3 } { insn# 576 } }
T{ ##sar-imm { dst X5 } { src1 X5 } { src2 4 } { insn# 578 } }
T{ ##peek { dst X1 } { loc R: 0 } { insn# 580 } }
T{ ##peek { dst X4 } { loc D: 0 } { insn# 582 } }
T{ ##peek { dst X6 } { loc D: 2 } { insn# 584 } }
T{ ##sar-imm { dst X6 } { src1 X6 } { src2 4 } { insn# 586 } }
T{ ##peek { dst X7 } { loc D: 1 } { insn# 588 } }
T{ ##branch { insn# 590 } }
BLOCK 55
T{ ##check-nursery-branch
    { size 32 }
    { cc cc<= }
    { temp1 X0 }
    { temp2 X2 }
    { insn# 602 }
}
BLOCK 56
T{ ##spill
    { src X1 }
    { rep tagged-rep }
    { dst T{ spill-slot { n 24 } } }
    { insn# 614 }
}
T{ ##spill
    { src X7 }
    { rep tagged-rep }
    { dst T{ spill-slot { n 32 } } }
    { insn# 616 }
}
T{ ##spill
    { src X4 }
    { rep tagged-rep }
    { dst T{ spill-slot { n 40 } } }
    { insn# 618 }
}
T{ ##spill
    { src X5 }
    { rep int-rep }
    { dst T{ spill-slot { n 48 } } }
    { insn# 620 }
}
T{ ##spill
    { src X6 }
    { rep int-rep }
    { dst T{ spill-slot { n 56 } } }
    { insn# 622 }
}
T{ ##call-gc
    { gc-map
        T{ gc-map
            { gc-roots
                {
                    T{ spill-slot { n 24 } }
                    T{ spill-slot { n 32 } }
                    T{ spill-slot { n 40 } }
                }
            }
            { derived-roots V{ } }
        }
    }
    { insn# 624 }
}
T{ ##branch { insn# 626 } }
BLOCK 57
T{ ##reload
    { dst X1 }
    { rep tagged-rep }
    { src T{ spill-slot { n 24 } } }
    { insn# 628 }
}
T{ ##reload
    { dst X5 }
    { rep int-rep }
    { src T{ spill-slot { n 48 } } }
    { insn# 630 }
}
T{ ##reload
    { dst X6 }
    { rep int-rep }
    { src T{ spill-slot { n 56 } } }
    { insn# 632 }
}
T{ ##reload
    { dst X7 }
    { rep tagged-rep }
    { src T{ spill-slot { n 32 } } }
    { insn# 634 }
}
T{ ##reload
    { dst X4 }
    { rep tagged-rep }
    { src T{ spill-slot { n 40 } } }
    { insn# 636 }
}
T{ ##branch { insn# 638 } }
BLOCK 58
T{ ##and-imm
    { dst X1 }
    { src1 X1 }
    { src2 4611686018427387888 }
    { insn# 650 }
}
T{ ##load-reference
    { dst X2 }
    { obj
        {
            double-array
            2
            1
            tuple
            236985587512
            double-array
            -502713508318760560
        }
    }
    { insn# 652 }
}
T{ ##allot
    { dst X3 }
    { size 32 }
    { class-of tuple }
    { temp X0 }
    { insn# 654 }
}
T{ ##set-slot-imm
    { src X2 }
    { obj X3 }
    { slot 1 }
    { tag 7 }
    { insn# 656 }
}
T{ ##set-slot-imm
    { src X4 }
    { obj X3 }
    { slot 2 }
    { tag 7 }
    { insn# 658 }
}
T{ ##set-slot-imm
    { src X1 }
    { obj X3 }
    { slot 3 }
    { tag 7 }
    { insn# 660 }
}
T{ ##load-integer { dst X0 } { val 0 } { insn# 662 } }
T{ ##inc { loc D: 1 } { insn# 664 } }
T{ ##branch { insn# 666 } }
BLOCK 59
T{ ##copy { dst X4 } { src X3 } { rep tagged-rep } }
T{ ##branch }
BLOCK 66
T{ ##copy { dst X7 } { src X2 } { rep tagged-rep } }
T{ ##copy { dst V0 } { src V4 } { rep double-rep } }
T{ ##copy { dst X1 } { src X3 } { rep int-rep } }
T{ ##branch }
BLOCK 67
T{ ##inc { loc D: -4 } { insn# 680 } }
T{ ##slot-imm
    { dst X3 }
    { obj X4 }
    { slot 2 }
    { tag 7 }
    { insn# 682 }
}
T{ ##shl-imm { dst X0 } { src1 X1 } { src2 3 } { insn# 684 } }
T{ ##tagged>integer { dst X3 } { src X3 } { insn# 686 } }
T{ ##add-imm { dst X3 } { src1 X3 } { src2 7 } { insn# 688 } }
T{ ##store-memory
    { src V0 }
    { base X3 }
    { displacement X0 }
    { scale 0 }
    { offset 0 }
    { rep double-rep }
    { insn# 690 }
}
T{ ##add-imm { dst X0 } { src1 X1 } { src2 1 } { insn# 692 } }
T{ ##safepoint { insn# 694 } }
T{ ##inc { loc D: 4 } { insn# 696 } }
T{ ##inc { loc R: -7 } { insn# 698 } }
T{ ##branch { insn# 700 } }
BLOCK 60
T{ ##compare-integer-branch
    { src1 X0 }
    { src2 X5 }
    { cc cc< }
    { insn# 712 }
}
BLOCK 61
T{ ##copy { dst X2 } { src X7 } { rep tagged-rep } }
T{ ##copy { dst X3 } { src X0 } { rep int-rep } }
T{ ##branch }
BLOCK 62
T{ ##load-double { dst V4 } { val 0.0 } { insn# 724 } }
T{ ##load-integer { dst X0 } { val 0 } { insn# 726 } }
T{ ##inc { loc R: 7 } { insn# 728 } }
T{ ##branch { insn# 730 } }
BLOCK 64
T{ ##copy { dst X1 } { src X0 } { rep int-rep } }
T{ ##branch }
BLOCK 65
T{ ##shl-imm { dst X0 } { src1 X1 } { src2 3 } { insn# 746 } }
T{ ##tagged>integer { dst X7 } { src X2 } { insn# 748 } }
T{ ##add-imm { dst X7 } { src1 X7 } { src2 7 } { insn# 750 } }
T{ ##load-memory
    { dst V0 }
    { base X7 }
    { displacement X0 }
    { scale 0 }
    { offset 0 }
    { rep double-rep }
    { insn# 752 }
}
T{ ##integer>float { dst V1 } { src X1 } { insn# 754 } }
T{ ##integer>float { dst V2 } { src X3 } { insn# 756 } }
T{ ##add-float
    { dst V3 }
    { src1 V1 }
    { src2 V2 }
    { insn# 758 }
}
T{ ##load-double { dst V2 } { val 1.0 } { insn# 760 } }
T{ ##add-float
    { dst V5 }
    { src1 V3 }
    { src2 V2 }
    { insn# 762 }
}
T{ ##mul-float
    { dst V3 }
    { src1 V3 }
    { src2 V5 }
    { insn# 764 }
}
T{ ##load-double { dst V5 } { val 0.5 } { insn# 766 } }
T{ ##mul-float
    { dst V3 }
    { src1 V3 }
    { src2 V5 }
    { insn# 768 }
}
T{ ##add-float
    { dst V1 }
    { src1 V1 }
    { src2 V3 }
    { insn# 770 }
}
T{ ##add-float
    { dst V1 }
    { src1 V1 }
    { src2 V2 }
    { insn# 772 }
}
T{ ##div-float
    { dst V2 }
    { src1 V2 }
    { src2 V1 }
    { insn# 774 }
}
T{ ##mul-float
    { dst V0 }
    { src1 V0 }
    { src2 V2 }
    { insn# 776 }
}
T{ ##add-float
    { dst V4 }
    { src1 V4 }
    { src2 V0 }
    { insn# 778 }
}
T{ ##add-imm { dst X0 } { src1 X1 } { src2 1 } { insn# 780 } }
T{ ##safepoint { insn# 782 } }
T{ ##branch { insn# 784 } }
BLOCK 63
T{ ##compare-integer-branch
    { src1 X0 }
    { src2 X6 }
    { cc cc< }
    { insn# 800 }
}
BLOCK 68
T{ ##copy { dst X3 } { src X4 } { rep tagged-rep } }
T{ ##branch }
BLOCK 69
T{ ##peek { dst X0 } { loc R: 1 } { insn# 804 } }
T{ ##inc { loc D: -5 } { insn# 806 } }
T{ ##load-integer { dst X1 } { val 8 } { insn# 808 } }
T{ ##inc { loc D: 5 } { insn# 810 } }
T{ ##fixnum-mul
    { dst X2 }
    { src1 X0 }
    { src2 X1 }
    { cc cc/o }
    { insn# 812 }
}
BLOCK 70
T{ ##inc { loc D: -1 } { insn# 820 } }
T{ ##replace { src X2 } { loc D: 0 } { insn# 822 } }
T{ ##replace { src X0 } { loc R: 0 } { insn# 824 } }
T{ ##replace { src X3 } { loc R: 1 } { insn# 826 } }
T{ ##replace { src X0 } { loc D: 3 } { insn# 828 } }
T{ ##replace { src X0 } { loc D: 2 } { insn# 830 } }
T{ ##replace { src X3 } { loc D: 1 } { insn# 832 } }
T{ ##branch { insn# 834 } }
BLOCK 71
T{ ##call { word (byte-array) } { insn# 836 } }
T{ ##branch { insn# 838 } }
BLOCK 72
T{ ##peek { dst X0 } { loc D: 3 } { insn# 840 } }
T{ ##sar-imm { dst X0 } { src1 X0 } { src2 4 } { insn# 842 } }
T{ ##peek { dst X6 } { loc D: 0 } { insn# 844 } }
T{ ##peek { dst X2 } { loc D: 2 } { insn# 846 } }
T{ ##sar-imm { dst X2 } { src1 X2 } { src2 4 } { insn# 848 } }
T{ ##peek { dst X3 } { loc D: 1 } { insn# 850 } }
T{ ##branch { insn# 852 } }
BLOCK 73
T{ ##replace { src X0 } { loc D: 1 } { insn# 858 } }
T{ ##replace-imm { src 8 } { loc D: 0 } { insn# 860 } }
T{ ##replace { src X0 } { loc R: 0 } { insn# 862 } }
T{ ##replace { src X3 } { loc R: 1 } { insn# 864 } }
T{ ##replace { src X0 } { loc D: 4 } { insn# 866 } }
T{ ##replace { src X0 } { loc D: 3 } { insn# 868 } }
T{ ##replace { src X3 } { loc D: 2 } { insn# 870 } }
T{ ##branch { insn# 872 } }
BLOCK 74
T{ ##call { word fixnum*overflow } { insn# 874 } }
T{ ##branch { insn# 876 } }
BLOCK 75
T{ ##branch { insn# 878 } }
BLOCK 76
T{ ##call { word (byte-array) } { insn# 880 } }
T{ ##branch { insn# 882 } }
BLOCK 77
T{ ##peek { dst X0 } { loc D: 3 } { insn# 884 } }
T{ ##sar-imm { dst X0 } { src1 X0 } { src2 4 } { insn# 886 } }
T{ ##peek { dst X6 } { loc D: 0 } { insn# 888 } }
T{ ##peek { dst X2 } { loc D: 2 } { insn# 890 } }
T{ ##sar-imm { dst X2 } { src1 X2 } { src2 4 } { insn# 892 } }
T{ ##peek { dst X3 } { loc D: 1 } { insn# 894 } }
T{ ##branch { insn# 896 } }
BLOCK 78
T{ ##load-integer { dst X4 } { val 0 } { insn# 906 } }
T{ ##inc { loc D: 1 } { insn# 908 } }
T{ ##inc { loc R: 1 } { insn# 910 } }
T{ ##branch { insn# 912 } }
BLOCK 85
T{ ##copy { dst X2 } { src X5 } { rep int-rep } }
T{ ##copy { dst V0 } { src V4 } { rep double-rep } }
T{ ##copy { dst X3 } { src X1 } { rep tagged-rep } }
T{ ##copy { dst X0 } { src X4 } { rep int-rep } }
T{ ##copy { dst X5 } { src X7 } { rep int-rep } }
T{ ##branch }
BLOCK 86
T{ ##inc { loc D: -4 } { insn# 926 } }
T{ ##shl-imm { dst X4 } { src1 X0 } { src2 3 } { insn# 928 } }
T{ ##tagged>integer { dst X1 } { src X6 } { insn# 930 } }
T{ ##add-imm { dst X1 } { src1 X1 } { src2 7 } { insn# 932 } }
T{ ##store-memory
    { src V0 }
    { base X1 }
    { displacement X4 }
    { scale 0 }
    { offset 0 }
    { rep double-rep }
    { insn# 934 }
}
T{ ##add-imm { dst X4 } { src1 X0 } { src2 1 } { insn# 936 } }
T{ ##safepoint { insn# 938 } }
T{ ##inc { loc D: 4 } { insn# 940 } }
T{ ##inc { loc R: -7 } { insn# 942 } }
T{ ##branch { insn# 944 } }
BLOCK 87
T{ ##copy { dst X0 } { src X5 } { rep int-rep } }
T{ ##branch }
BLOCK 79
T{ ##compare-integer-branch
    { src1 X4 }
    { src2 X0 }
    { cc cc< }
    { insn# 956 }
}
BLOCK 80
T{ ##copy { dst X5 } { src X2 } { rep int-rep } }
T{ ##copy { dst X7 } { src X0 } { rep int-rep } }
T{ ##copy { dst X1 } { src X3 } { rep tagged-rep } }
T{ ##branch }
BLOCK 81
T{ ##load-double { dst V4 } { val 0.0 } { insn# 968 } }
T{ ##load-integer { dst X0 } { val 0 } { insn# 970 } }
T{ ##inc { loc R: 7 } { insn# 972 } }
T{ ##branch { insn# 974 } }
BLOCK 83
T{ ##copy { dst X2 } { src X0 } { rep int-rep } }
T{ ##branch }
BLOCK 84
T{ ##slot-imm
    { dst X3 }
    { obj X1 }
    { slot 2 }
    { tag 7 }
    { insn# 990 }
}
T{ ##shl-imm { dst X0 } { src1 X2 } { src2 3 } { insn# 992 } }
T{ ##tagged>integer { dst X3 } { src X3 } { insn# 994 } }
T{ ##add-imm { dst X3 } { src1 X3 } { src2 7 } { insn# 996 } }
T{ ##load-memory
    { dst V0 }
    { base X3 }
    { displacement X0 }
    { scale 0 }
    { offset 0 }
    { rep double-rep }
    { insn# 998 }
}
T{ ##integer>float { dst V1 } { src X4 } { insn# 1000 } }
T{ ##integer>float { dst V2 } { src X2 } { insn# 1002 } }
T{ ##add-float
    { dst V3 }
    { src1 V1 }
    { src2 V2 }
    { insn# 1004 }
}
T{ ##load-double { dst V2 } { val 1.0 } { insn# 1006 } }
T{ ##add-float
    { dst V5 }
    { src1 V3 }
    { src2 V2 }
    { insn# 1008 }
}
T{ ##mul-float
    { dst V3 }
    { src1 V3 }
    { src2 V5 }
    { insn# 1010 }
}
T{ ##load-double { dst V5 } { val 0.5 } { insn# 1012 } }
T{ ##mul-float
    { dst V3 }
    { src1 V3 }
    { src2 V5 }
    { insn# 1014 }
}
T{ ##add-float
    { dst V1 }
    { src1 V1 }
    { src2 V3 }
    { insn# 1016 }
}
T{ ##add-float
    { dst V1 }
    { src1 V1 }
    { src2 V2 }
    { insn# 1018 }
}
T{ ##div-float
    { dst V2 }
    { src1 V2 }
    { src2 V1 }
    { insn# 1020 }
}
T{ ##mul-float
    { dst V0 }
    { src1 V0 }
    { src2 V2 }
    { insn# 1022 }
}
T{ ##add-float
    { dst V4 }
    { src1 V4 }
    { src2 V0 }
    { insn# 1024 }
}
T{ ##add-imm { dst X0 } { src1 X2 } { src2 1 } { insn# 1026 } }
T{ ##safepoint { insn# 1028 } }
T{ ##branch { insn# 1030 } }
BLOCK 82
T{ ##compare-integer-branch
    { src1 X0 }
    { src2 X5 }
    { cc cc< }
    { insn# 1046 }
}
BLOCK 88
T{ ##peek { dst X0 } { loc R: 1 } { insn# 1050 } }
T{ ##inc { loc D: -5 } { insn# 1052 } }
T{ ##load-integer { dst X1 } { val 8 } { insn# 1054 } }
T{ ##inc { loc D: 5 } { insn# 1056 } }
T{ ##inc { loc R: -1 } { insn# 1058 } }
T{ ##fixnum-mul
    { dst X2 }
    { src1 X0 }
    { src2 X1 }
    { cc cc/o }
    { insn# 1060 }
}
BLOCK 89
T{ ##inc { loc D: -1 } { insn# 1068 } }
T{ ##replace { src X2 } { loc D: 0 } { insn# 1070 } }
T{ ##replace { src X0 } { loc D: 3 } { insn# 1072 } }
T{ ##replace { src X0 } { loc D: 2 } { insn# 1074 } }
T{ ##replace { src X6 } { loc D: 1 } { insn# 1076 } }
T{ ##branch { insn# 1078 } }
BLOCK 90
T{ ##call { word (byte-array) } { insn# 1080 } }
T{ ##branch { insn# 1082 } }
BLOCK 91
T{ ##peek { dst X5 } { loc D: 3 } { insn# 1084 } }
T{ ##sar-imm { dst X5 } { src1 X5 } { src2 4 } { insn# 1086 } }
T{ ##peek { dst X1 } { loc R: 0 } { insn# 1088 } }
T{ ##peek { dst X4 } { loc D: 0 } { insn# 1090 } }
T{ ##peek { dst X6 } { loc D: 2 } { insn# 1092 } }
T{ ##sar-imm { dst X6 } { src1 X6 } { src2 4 } { insn# 1094 } }
T{ ##peek { dst X7 } { loc D: 1 } { insn# 1096 } }
T{ ##branch { insn# 1098 } }
BLOCK 92
T{ ##replace { src X0 } { loc D: 1 } { insn# 1104 } }
T{ ##replace-imm { src 8 } { loc D: 0 } { insn# 1106 } }
T{ ##replace { src X0 } { loc D: 4 } { insn# 1108 } }
T{ ##replace { src X0 } { loc D: 3 } { insn# 1110 } }
T{ ##replace { src X6 } { loc D: 2 } { insn# 1112 } }
T{ ##branch { insn# 1114 } }
BLOCK 93
T{ ##call { word fixnum*overflow } { insn# 1116 } }
T{ ##branch { insn# 1118 } }
BLOCK 94
T{ ##branch { insn# 1120 } }
BLOCK 95
T{ ##call { word (byte-array) } { insn# 1122 } }
T{ ##branch { insn# 1124 } }
BLOCK 96
T{ ##peek { dst X5 } { loc D: 3 } { insn# 1126 } }
T{ ##sar-imm { dst X5 } { src1 X5 } { src2 4 } { insn# 1128 } }
T{ ##peek { dst X1 } { loc R: 0 } { insn# 1130 } }
T{ ##peek { dst X4 } { loc D: 0 } { insn# 1132 } }
T{ ##peek { dst X6 } { loc D: 2 } { insn# 1134 } }
T{ ##sar-imm { dst X6 } { src1 X6 } { src2 4 } { insn# 1136 } }
T{ ##peek { dst X7 } { loc D: 1 } { insn# 1138 } }
T{ ##branch { insn# 1140 } }
BLOCK 97
T{ ##check-nursery-branch
    { size 32 }
    { cc cc<= }
    { temp1 X0 }
    { temp2 X2 }
    { insn# 1152 }
}
BLOCK 98
T{ ##spill
    { src X7 }
    { rep tagged-rep }
    { dst T{ spill-slot { n 64 } } }
    { insn# 1164 }
}
T{ ##spill
    { src X4 }
    { rep tagged-rep }
    { dst T{ spill-slot { n 72 } } }
    { insn# 1166 }
}
T{ ##spill
    { src X1 }
    { rep tagged-rep }
    { dst T{ spill-slot { n 80 } } }
    { insn# 1168 }
}
T{ ##spill
    { src X5 }
    { rep int-rep }
    { dst T{ spill-slot { n 88 } } }
    { insn# 1170 }
}
T{ ##spill
    { src X6 }
    { rep int-rep }
    { dst T{ spill-slot { n 96 } } }
    { insn# 1172 }
}
T{ ##call-gc
    { gc-map
        T{ gc-map
            { gc-roots
                {
                    T{ spill-slot { n 64 } }
                    T{ spill-slot { n 72 } }
                    T{ spill-slot { n 80 } }
                }
            }
            { derived-roots V{ } }
        }
    }
    { insn# 1174 }
}
T{ ##branch { insn# 1176 } }
BLOCK 99
T{ ##reload
    { dst X7 }
    { rep tagged-rep }
    { src T{ spill-slot { n 64 } } }
    { insn# 1178 }
}
T{ ##reload
    { dst X4 }
    { rep tagged-rep }
    { src T{ spill-slot { n 72 } } }
    { insn# 1180 }
}
T{ ##reload
    { dst X1 }
    { rep tagged-rep }
    { src T{ spill-slot { n 80 } } }
    { insn# 1182 }
}
T{ ##reload
    { dst X5 }
    { rep int-rep }
    { src T{ spill-slot { n 88 } } }
    { insn# 1184 }
}
T{ ##reload
    { dst X6 }
    { rep int-rep }
    { src T{ spill-slot { n 96 } } }
    { insn# 1186 }
}
T{ ##branch { insn# 1188 } }
BLOCK 100
T{ ##and-imm
    { dst X1 }
    { src1 X1 }
    { src2 4611686018427387888 }
    { insn# 1200 }
}
T{ ##load-reference
    { dst X2 }
    { obj
        {
            double-array
            2
            1
            tuple
            236985587512
            double-array
            -502713508318760560
        }
    }
    { insn# 1202 }
}
T{ ##allot
    { dst X3 }
    { size 32 }
    { class-of tuple }
    { temp X0 }
    { insn# 1204 }
}
T{ ##set-slot-imm
    { src X2 }
    { obj X3 }
    { slot 1 }
    { tag 7 }
    { insn# 1206 }
}
T{ ##set-slot-imm
    { src X4 }
    { obj X3 }
    { slot 2 }
    { tag 7 }
    { insn# 1208 }
}
T{ ##set-slot-imm
    { src X1 }
    { obj X3 }
    { slot 3 }
    { tag 7 }
    { insn# 1210 }
}
T{ ##load-integer { dst X0 } { val 0 } { insn# 1212 } }
T{ ##inc { loc D: 1 } { insn# 1214 } }
T{ ##branch { insn# 1216 } }
BLOCK 107
T{ ##copy { dst X7 } { src X2 } { rep tagged-rep } }
T{ ##copy { dst V0 } { src V4 } { rep double-rep } }
T{ ##copy { dst X1 } { src X5 } { rep tagged-rep } }
T{ ##copy { dst X2 } { src X3 } { rep int-rep } }
T{ ##copy { dst X5 } { src X4 } { rep int-rep } }
T{ ##branch }
BLOCK 108
T{ ##inc { loc D: -4 } { insn# 1230 } }
T{ ##slot-imm
    { dst X3 }
    { obj X1 }
    { slot 2 }
    { tag 7 }
    { insn# 1232 }
}
T{ ##shl-imm { dst X0 } { src1 X2 } { src2 3 } { insn# 1234 } }
T{ ##tagged>integer { dst X3 } { src X3 } { insn# 1236 } }
T{ ##add-imm { dst X3 } { src1 X3 } { src2 7 } { insn# 1238 } }
T{ ##store-memory
    { src V0 }
    { base X3 }
    { displacement X0 }
    { scale 0 }
    { offset 0 }
    { rep double-rep }
    { insn# 1240 }
}
T{ ##add-imm { dst X0 } { src1 X2 } { src2 1 } { insn# 1242 } }
T{ ##safepoint { insn# 1244 } }
T{ ##inc { loc D: 4 } { insn# 1246 } }
T{ ##inc { loc R: -7 } { insn# 1248 } }
T{ ##branch { insn# 1250 } }
BLOCK 109
T{ ##copy { dst X3 } { src X1 } { rep tagged-rep } }
T{ ##branch }
BLOCK 101
T{ ##compare-integer-branch
    { src1 X0 }
    { src2 X5 }
    { cc cc< }
    { insn# 1262 }
}
BLOCK 102
T{ ##copy { dst X2 } { src X7 } { rep tagged-rep } }
T{ ##copy { dst X4 } { src X5 } { rep int-rep } }
T{ ##copy { dst X5 } { src X3 } { rep tagged-rep } }
T{ ##copy { dst X3 } { src X0 } { rep int-rep } }
T{ ##branch }
BLOCK 103
T{ ##load-double { dst V4 } { val 0.0 } { insn# 1274 } }
T{ ##load-integer { dst X0 } { val 0 } { insn# 1276 } }
T{ ##inc { loc R: 7 } { insn# 1278 } }
T{ ##branch { insn# 1280 } }
BLOCK 105
T{ ##copy { dst X1 } { src X0 } { rep int-rep } }
T{ ##branch }
BLOCK 106
T{ ##shl-imm { dst X0 } { src1 X1 } { src2 3 } { insn# 1296 } }
T{ ##tagged>integer { dst X7 } { src X2 } { insn# 1298 } }
T{ ##add-imm { dst X7 } { src1 X7 } { src2 7 } { insn# 1300 } }
T{ ##load-memory
    { dst V0 }
    { base X7 }
    { displacement X0 }
    { scale 0 }
    { offset 0 }
    { rep double-rep }
    { insn# 1302 }
}
T{ ##integer>float { dst V1 } { src X1 } { insn# 1304 } }
T{ ##integer>float { dst V2 } { src X3 } { insn# 1306 } }
T{ ##add-float
    { dst V3 }
    { src1 V1 }
    { src2 V2 }
    { insn# 1308 }
}
T{ ##load-double { dst V2 } { val 1.0 } { insn# 1310 } }
T{ ##add-float
    { dst V5 }
    { src1 V3 }
    { src2 V2 }
    { insn# 1312 }
}
T{ ##mul-float
    { dst V3 }
    { src1 V3 }
    { src2 V5 }
    { insn# 1314 }
}
T{ ##load-double { dst V5 } { val 0.5 } { insn# 1316 } }
T{ ##mul-float
    { dst V3 }
    { src1 V3 }
    { src2 V5 }
    { insn# 1318 }
}
T{ ##add-float
    { dst V1 }
    { src1 V1 }
    { src2 V3 }
    { insn# 1320 }
}
T{ ##add-float
    { dst V1 }
    { src1 V1 }
    { src2 V2 }
    { insn# 1322 }
}
T{ ##div-float
    { dst V2 }
    { src1 V2 }
    { src2 V1 }
    { insn# 1324 }
}
T{ ##mul-float
    { dst V0 }
    { src1 V0 }
    { src2 V2 }
    { insn# 1326 }
}
T{ ##add-float
    { dst V4 }
    { src1 V4 }
    { src2 V0 }
    { insn# 1328 }
}
T{ ##add-imm { dst X0 } { src1 X1 } { src2 1 } { insn# 1330 } }
T{ ##safepoint { insn# 1332 } }
T{ ##branch { insn# 1334 } }
BLOCK 104
T{ ##compare-integer-branch
    { src1 X0 }
    { src2 X6 }
    { cc cc< }
    { insn# 1350 }
}
BLOCK 23
T{ ##replace { src X4 } { loc R: 0 } { insn# 1360 } }
T{ ##replace { src X4 } { loc R: 2 } { insn# 1362 } }
T{ ##replace { src X3 } { loc R: 1 } { insn# 1364 } }
T{ ##replace { src X2 } { loc R: 4 } { insn# 1366 } }
T{ ##replace { src X4 } { loc R: 3 } { insn# 1368 } }
T{ ##replace { src X4 } { loc R: 6 } { insn# 1370 } }
T{ ##replace { src X0 } { loc R: 5 } { insn# 1372 } }
T{ ##replace { src X4 } { loc D: 0 } { insn# 1374 } }
T{ ##branch { insn# 1376 } }
BLOCK 24
T{ ##call { word non-negative-number-expected } { insn# 1378 } }
T{ ##branch { insn# 1380 } }
BLOCK 25
T{ ##no-tco { insn# 1382 } }
BLOCK 111
T{ ##copy { dst X5 } { src X1 } { rep tagged-rep } }
T{ ##copy { dst X1 } { src X3 } { rep tagged-rep } }
T{ ##branch }
BLOCK 112
T{ ##inc { loc D: -3 } { insn# 1388 } }
T{ ##slot-imm
    { dst X3 }
    { obj X1 }
    { slot 3 }
    { tag 7 }
    { insn# 1390 }
}
T{ ##inc { loc R: 4 } { insn# 1392 } }
T{ ##compare-integer-imm-branch
    { src1 X3 }
    { src2 0 }
    { cc cc> }
    { insn# 1394 }
}
BLOCK 113
T{ ##inc { loc D: -1 } { insn# 1400 } }
T{ ##slot-imm
    { dst X3 }
    { obj X1 }
    { slot 2 }
    { tag 7 }
    { insn# 1402 }
}
T{ ##tagged>integer { dst X3 } { src X3 } { insn# 1404 } }
T{ ##load-memory-imm
    { dst V1 }
    { base X3 }
    { offset 7 }
    { rep double-rep }
    { insn# 1406 }
}
T{ ##slot-imm
    { dst X3 }
    { obj X5 }
    { slot 3 }
    { tag 7 }
    { insn# 1408 }
}
T{ ##inc { loc D: 2 } { insn# 1410 } }
T{ ##inc { loc R: -1 } { insn# 1412 } }
T{ ##compare-integer-imm-branch
    { src1 X3 }
    { src2 0 }
    { cc cc> }
    { insn# 1414 }
}
BLOCK 114
T{ ##inc { loc D: -1 } { insn# 1422 } }
T{ ##slot-imm
    { dst X3 }
    { obj X5 }
    { slot 2 }
    { tag 7 }
    { insn# 1424 }
}
T{ ##tagged>integer { dst X3 } { src X3 } { insn# 1426 } }
T{ ##load-memory-imm
    { dst V0 }
    { base X3 }
    { offset 7 }
    { rep double-rep }
    { insn# 1428 }
}
T{ ##mul-float
    { dst V1 }
    { src1 V1 }
    { src2 V0 }
    { insn# 1430 }
}
T{ ##load-integer { dst X0 } { val 1 } { insn# 1432 } }
T{ ##slot-imm
    { dst X3 }
    { obj X1 }
    { slot 3 }
    { tag 7 }
    { insn# 1434 }
}
T{ ##slot-imm
    { dst X2 }
    { obj X5 }
    { slot 3 }
    { tag 7 }
    { insn# 1436 }
}
T{ ##sar-imm { dst X3 } { src1 X3 } { src2 4 } { insn# 1438 } }
T{ ##sar-imm { dst X2 } { src1 X2 } { src2 4 } { insn# 1440 } }
T{ ##min { dst X4 } { src1 X3 } { src2 X2 } { insn# 1442 } }
T{ ##inc { loc D: 3 } { insn# 1444 } }
T{ ##inc { loc R: -2 } { insn# 1446 } }
T{ ##branch { insn# 1448 } }
BLOCK 116
T{ ##copy { dst X2 } { src X0 } { rep int-rep } }
T{ ##copy { dst V2 } { src V1 } { rep double-rep } }
T{ ##branch }
BLOCK 117
T{ ##slot-imm
    { dst X3 }
    { obj X1 }
    { slot 2 }
    { tag 7 }
    { insn# 1460 }
}
T{ ##shl-imm { dst X0 } { src1 X2 } { src2 3 } { insn# 1462 } }
T{ ##tagged>integer { dst X3 } { src X3 } { insn# 1464 } }
T{ ##add-imm { dst X3 } { src1 X3 } { src2 7 } { insn# 1466 } }
T{ ##load-memory
    { dst V0 }
    { base X3 }
    { displacement X0 }
    { scale 0 }
    { offset 0 }
    { rep double-rep }
    { insn# 1468 }
}
T{ ##slot-imm
    { dst X3 }
    { obj X5 }
    { slot 2 }
    { tag 7 }
    { insn# 1470 }
}
T{ ##tagged>integer { dst X3 } { src X3 } { insn# 1472 } }
T{ ##add-imm { dst X3 } { src1 X3 } { src2 7 } { insn# 1474 } }
T{ ##load-memory
    { dst V1 }
    { base X3 }
    { displacement X0 }
    { scale 0 }
    { offset 0 }
    { rep double-rep }
    { insn# 1476 }
}
T{ ##mul-float
    { dst V0 }
    { src1 V0 }
    { src2 V1 }
    { insn# 1478 }
}
T{ ##add-float
    { dst V1 }
    { src1 V2 }
    { src2 V0 }
    { insn# 1480 }
}
T{ ##add-imm { dst X0 } { src1 X2 } { src2 1 } { insn# 1482 } }
T{ ##safepoint { insn# 1484 } }
T{ ##branch { insn# 1486 } }
BLOCK 115
T{ ##compare-integer-branch
    { src1 X0 }
    { src2 X4 }
    { cc cc< }
    { insn# 1498 }
}
BLOCK 118
T{ ##inc { loc D: -4 } { insn# 1504 } }
T{ ##slot-imm
    { dst X3 }
    { obj X5 }
    { slot 3 }
    { tag 7 }
    { insn# 1506 }
}
T{ ##inc { loc D: 2 } { insn# 1508 } }
T{ ##compare-integer-imm-branch
    { src1 X3 }
    { src2 0 }
    { cc cc> }
    { insn# 1510 }
}
BLOCK 119
T{ ##copy { dst V3 } { src V1 } { rep double-rep } }
T{ ##branch }
BLOCK 120
T{ ##inc { loc D: -1 } { insn# 1516 } }
T{ ##slot-imm
    { dst X3 }
    { obj X5 }
    { slot 2 }
    { tag 7 }
    { insn# 1518 }
}
T{ ##tagged>integer { dst X3 } { src X3 } { insn# 1520 } }
T{ ##load-memory-imm
    { dst V0 }
    { base X3 }
    { offset 7 }
    { rep double-rep }
    { insn# 1522 }
}
T{ ##mul-float
    { dst V2 }
    { src1 V0 }
    { src2 V0 }
    { insn# 1524 }
}
T{ ##slot-imm
    { dst X3 }
    { obj X5 }
    { slot 3 }
    { tag 7 }
    { insn# 1526 }
}
T{ ##sar-imm { dst X2 } { src1 X3 } { src2 4 } { insn# 1528 } }
T{ ##load-integer { dst X0 } { val 1 } { insn# 1530 } }
T{ ##inc { loc D: 3 } { insn# 1532 } }
T{ ##inc { loc R: -1 } { insn# 1534 } }
T{ ##branch { insn# 1536 } }
BLOCK 122
T{ ##copy { dst X1 } { src X0 } { rep int-rep } }
T{ ##branch }
BLOCK 123
T{ ##slot-imm
    { dst X3 }
    { obj X5 }
    { slot 2 }
    { tag 7 }
    { insn# 1548 }
}
T{ ##shl-imm { dst X0 } { src1 X1 } { src2 3 } { insn# 1550 } }
T{ ##tagged>integer { dst X3 } { src X3 } { insn# 1552 } }
T{ ##add-imm { dst X3 } { src1 X3 } { src2 7 } { insn# 1554 } }
T{ ##load-memory
    { dst V0 }
    { base X3 }
    { displacement X0 }
    { scale 0 }
    { offset 0 }
    { rep double-rep }
    { insn# 1556 }
}
T{ ##mul-float
    { dst V1 }
    { src1 V0 }
    { src2 V0 }
    { insn# 1558 }
}
T{ ##add-float
    { dst V2 }
    { src1 V2 }
    { src2 V1 }
    { insn# 1560 }
}
T{ ##add-imm { dst X0 } { src1 X1 } { src2 1 } { insn# 1562 } }
T{ ##safepoint { insn# 1564 } }
T{ ##branch { insn# 1566 } }
BLOCK 121
T{ ##compare-integer-branch
    { src1 X0 }
    { src2 X2 }
    { cc cc< }
    { insn# 1578 }
}
BLOCK 124
T{ ##copy { dst V1 } { src V3 } { rep double-rep } }
T{ ##branch }
BLOCK 125
T{ ##inc { loc D: -3 } { insn# 1584 } }
T{ ##div-float
    { dst V1 }
    { src1 V1 }
    { src2 V2 }
    { insn# 1586 }
}
T{ ##load-double { dst V0 } { val 0.0 } { insn# 1588 } }
T{ ##inc { loc D: -1 } { insn# 1590 } }
T{ ##compare-float-ordered-branch
    { src1 V1 }
    { src2 V0 }
    { cc cc< }
    { insn# 1592 }
}
BLOCK 126
T{ ##check-nursery-branch
    { size 48 }
    { cc cc<= }
    { temp1 X0 }
    { temp2 X1 }
    { insn# 1596 }
}
BLOCK 127
T{ ##clear { loc D: 0 } { insn# 1600 } }
T{ ##spill
    { src V1 }
    { rep double-rep }
    { dst T{ spill-slot { n 104 } } }
    { insn# 1602 }
}
T{ ##call-gc
    { gc-map
        T{ gc-map { gc-roots { } } { derived-roots V{ } } }
    }
    { insn# 1604 }
}
T{ ##branch { insn# 1606 } }
BLOCK 128
T{ ##reload
    { dst V1 }
    { rep double-rep }
    { src T{ spill-slot { n 104 } } }
    { insn# 1608 }
}
T{ ##branch { insn# 1610 } }
BLOCK 129
T{ ##load-double { dst V0 } { val -1.0 } { insn# 1614 } }
T{ ##mul-float
    { dst V1 }
    { src1 V1 }
    { src2 V0 }
    { insn# 1616 }
}
T{ ##sqrt { dst V1 } { src V1 } { insn# 1618 } }
T{ ##allot
    { dst X1 }
    { size 16 }
    { class-of float }
    { temp X0 }
    { insn# 1620 }
}
T{ ##store-memory-imm
    { src V1 }
    { base X1 }
    { offset 5 }
    { rep double-rep }
    { insn# 1622 }
}
T{ ##load-reference { dst X2 } { obj 0.0 } { insn# 1624 } }
T{ ##load-reference
    { dst X3 }
    { obj
        { complex 2 1 tuple 236985587512 complex 109047267874 }
    }
    { insn# 1626 }
}
T{ ##allot
    { dst X4 }
    { size 32 }
    { class-of tuple }
    { temp X0 }
    { insn# 1628 }
}
T{ ##set-slot-imm
    { src X3 }
    { obj X4 }
    { slot 1 }
    { tag 7 }
    { insn# 1630 }
}
T{ ##set-slot-imm
    { src X2 }
    { obj X4 }
    { slot 2 }
    { tag 7 }
    { insn# 1632 }
}
T{ ##set-slot-imm
    { src X1 }
    { obj X4 }
    { slot 3 }
    { tag 7 }
    { insn# 1634 }
}
T{ ##replace { src X4 } { loc D: 0 } { insn# 1636 } }
T{ ##branch { insn# 1638 } }
BLOCK 130
T{ ##safepoint { insn# 1640 } }
T{ ##epilogue { insn# 1642 } }
T{ ##return { insn# 1644 } }
BLOCK 131
T{ ##check-nursery-branch
    { size 16 }
    { cc cc<= }
    { temp1 X0 }
    { temp2 X1 }
    { insn# 1648 }
}
BLOCK 132
T{ ##clear { loc D: 0 } { insn# 1652 } }
T{ ##spill
    { src V1 }
    { rep double-rep }
    { dst T{ spill-slot { n 104 } } }
    { insn# 1654 }
}
T{ ##call-gc
    { gc-map
        T{ gc-map { gc-roots { } } { derived-roots V{ } } }
    }
    { insn# 1656 }
}
T{ ##branch { insn# 1658 } }
BLOCK 133
T{ ##reload
    { dst V1 }
    { rep double-rep }
    { src T{ spill-slot { n 104 } } }
    { insn# 1660 }
}
T{ ##branch { insn# 1662 } }
BLOCK 134
T{ ##sqrt { dst V1 } { src V1 } { insn# 1666 } }
T{ ##allot
    { dst X0 }
    { size 16 }
    { class-of float }
    { temp X1 }
    { insn# 1668 }
}
T{ ##store-memory-imm
    { src V1 }
    { base X0 }
    { offset 5 }
    { rep double-rep }
    { insn# 1670 }
}
T{ ##replace { src X0 } { loc D: 0 } { insn# 1672 } }
T{ ##branch { insn# 1674 } }
BLOCK 135
T{ ##safepoint { insn# 1676 } }
T{ ##epilogue { insn# 1678 } }
T{ ##return { insn# 1680 } }
BLOCK 136
T{ ##copy { dst X3 } { src X5 } { rep tagged-rep } }
T{ ##branch }
BLOCK 137
T{ ##check-nursery-branch
    { size 16 }
    { cc cc<= }
    { temp1 X0 }
    { temp2 X1 }
    { insn# 1686 }
}
BLOCK 138
T{ ##clear { loc D: 1 } { insn# 1692 } }
T{ ##clear { loc D: 0 } { insn# 1694 } }
T{ ##clear { loc D: 2 } { insn# 1696 } }
T{ ##clear { loc R: 0 } { insn# 1698 } }
T{ ##spill
    { src X3 }
    { rep tagged-rep }
    { dst T{ spill-slot { n 112 } } }
    { insn# 1700 }
}
T{ ##spill
    { src V1 }
    { rep double-rep }
    { dst T{ spill-slot { n 120 } } }
    { insn# 1702 }
}
T{ ##call-gc
    { gc-map
        T{ gc-map
            { gc-roots { T{ spill-slot { n 112 } } } }
            { derived-roots V{ } }
        }
    }
    { insn# 1704 }
}
T{ ##branch { insn# 1706 } }
BLOCK 139
T{ ##reload
    { dst X3 }
    { rep tagged-rep }
    { src T{ spill-slot { n 112 } } }
    { insn# 1708 }
}
T{ ##reload
    { dst V1 }
    { rep double-rep }
    { src T{ spill-slot { n 120 } } }
    { insn# 1710 }
}
T{ ##branch { insn# 1712 } }
BLOCK 140
T{ ##replace { src X3 } { loc R: 0 } { insn# 1718 } }
T{ ##allot
    { dst X0 }
    { size 16 }
    { class-of float }
    { temp X1 }
    { insn# 1720 }
}
T{ ##store-memory-imm
    { src V1 }
    { base X0 }
    { offset 5 }
    { rep double-rep }
    { insn# 1722 }
}
T{ ##replace { src X0 } { loc D: 2 } { insn# 1724 } }
T{ ##replace-imm { src 0 } { loc D: 1 } { insn# 1726 } }
T{ ##replace { src X3 } { loc D: 0 } { insn# 1728 } }
T{ ##branch { insn# 1730 } }
BLOCK 141
T{ ##call { word bounds-error } { insn# 1732 } }
T{ ##branch { insn# 1734 } }
BLOCK 142
T{ ##no-tco { insn# 1736 } }
BLOCK 143
T{ ##copy { dst X3 } { src X1 } { rep tagged-rep } }
T{ ##branch }
BLOCK 144
T{ ##check-nursery-branch
    { size 16 }
    { cc cc<= }
    { temp1 X0 }
    { temp2 X1 }
    { insn# 1744 }
}
BLOCK 145
T{ ##spill
    { src X3 }
    { rep tagged-rep }
    { dst T{ spill-slot { n 144 } } }
}
T{ ##copy { dst X3 } { src X5 } { rep tagged-rep } }
T{ ##reload
    { dst X5 }
    { rep tagged-rep }
    { src T{ spill-slot { n 144 } } }
}
T{ ##branch }
BLOCK 146
T{ ##clear { loc D: 1 } { insn# 1752 } }
T{ ##clear { loc D: 0 } { insn# 1754 } }
T{ ##clear { loc D: 2 } { insn# 1756 } }
T{ ##clear { loc R: 2 } { insn# 1758 } }
T{ ##clear { loc R: 1 } { insn# 1760 } }
T{ ##clear { loc R: 0 } { insn# 1762 } }
T{ ##spill
    { src X3 }
    { rep tagged-rep }
    { dst T{ spill-slot { n 128 } } }
    { insn# 1764 }
}
T{ ##spill
    { src X5 }
    { rep tagged-rep }
    { dst T{ spill-slot { n 112 } } }
    { insn# 1766 }
}
T{ ##spill
    { src V1 }
    { rep double-rep }
    { dst T{ spill-slot { n 136 } } }
    { insn# 1768 }
}
T{ ##call-gc
    { gc-map
        T{ gc-map
            { gc-roots
                {
                    T{ spill-slot { n 128 } }
                    T{ spill-slot { n 112 } }
                }
            }
            { derived-roots V{ } }
        }
    }
    { insn# 1770 }
}
T{ ##branch { insn# 1772 } }
BLOCK 147
T{ ##reload
    { dst X3 }
    { rep tagged-rep }
    { src T{ spill-slot { n 128 } } }
    { insn# 1774 }
}
T{ ##reload
    { dst X5 }
    { rep tagged-rep }
    { src T{ spill-slot { n 112 } } }
    { insn# 1776 }
}
T{ ##reload
    { dst V1 }
    { rep double-rep }
    { src T{ spill-slot { n 136 } } }
    { insn# 1778 }
}
T{ ##branch { insn# 1780 } }
BLOCK 148
T{ ##spill
    { src X3 }
    { rep tagged-rep }
    { dst T{ spill-slot { n 144 } } }
}
T{ ##copy { dst X3 } { src X5 } { rep tagged-rep } }
T{ ##reload
    { dst X5 }
    { rep tagged-rep }
    { src T{ spill-slot { n 144 } } }
}
T{ ##branch }
BLOCK 149
T{ ##replace { src X5 } { loc R: 0 } { insn# 1788 } }
T{ ##replace { src X3 } { loc R: 2 } { insn# 1790 } }
T{ ##replace { src X3 } { loc R: 1 } { insn# 1792 } }
T{ ##allot
    { dst X0 }
    { size 16 }
    { class-of float }
    { temp X1 }
    { insn# 1794 }
}
T{ ##store-memory-imm
    { src V1 }
    { base X0 }
    { offset 5 }
    { rep double-rep }
    { insn# 1796 }
}
T{ ##replace { src X0 } { loc D: 2 } { insn# 1798 } }
T{ ##replace-imm { src 0 } { loc D: 1 } { insn# 1800 } }
T{ ##replace { src X3 } { loc D: 0 } { insn# 1802 } }
T{ ##branch { insn# 1804 } }
BLOCK 150
T{ ##call { word bounds-error } { insn# 1806 } }
T{ ##branch { insn# 1808 } }
BLOCK 151
T{ ##no-tco { insn# 1810 } }
BLOCK 152
T{ ##replace { src X1 } { loc R: 1 } { insn# 1816 } }
T{ ##replace { src X5 } { loc R: 0 } { insn# 1818 } }
T{ ##replace { src X5 } { loc R: 3 } { insn# 1820 } }
T{ ##replace { src X5 } { loc R: 2 } { insn# 1822 } }
T{ ##replace-imm { src 0 } { loc D: 1 } { insn# 1824 } }
T{ ##replace { src X1 } { loc D: 0 } { insn# 1826 } }
T{ ##branch { insn# 1828 } }
BLOCK 153
T{ ##call { word bounds-error } { insn# 1830 } }
T{ ##branch { insn# 1832 } }
BLOCK 154
T{ ##no-tco { insn# 1834 } }
H{
    { "input" "spectral-norm" }
    {
        "procedures"
        V{
            H{
                {
                    "allocation"
                    H{
                        { "post-spill-chordal?" t }
                        { "edge-blocks" 7 }
                        { "chordal?" t }
                        { "fixed-memory-values" 18 }
                        { "color-assignments" 578 }
                        {
                            "colors"
                            H{
                                { 1033 0 }
                                { 1034 1 }
                                { 17 0 }
                                { 1042 2 }
                                { 1044 5 }
                                { 1045 1 }
                                { 1046 4 }
                                { 1047 6 }
                                { 1048 7 }
                                { 1049 5 }
                                { 1050 1 }
                                { 1051 4 }
                                { 1052 6 }
                                { 1053 7 }
                                { 1054 5 }
                                { 1055 6 }
                                { 1056 7 }
                                { 1057 4 }
                                { 1058 1 }
                                { 1060 1 }
                                { 1061 2 }
                                { 1063 3 }
                                { 1064 0 }
                                { 1076 0 }
                                { 1103 4 }
                                { 1104 0 }
                                { 1122 4 }
                                { 1123 0 }
                                { 1139 0 }
                                { 1140 7 }
                                { 1141 7 }
                                { 1143 0 }
                                { 1144 1 }
                                { 1145 2 }
                                { 1146 3 }
                                { 1147 2 }
                                { 1148 5 }
                                { 1149 3 }
                                { 1150 5 }
                                { 1151 3 }
                                { 1152 1 }
                                { 1154 1 }
                                { 1156 2 }
                                { 1157 0 }
                                { 1158 4 }
                                { 1160 0 }
                                { 142 0 }
                                { 1174 3 }
                                { 1176 0 }
                                { 1177 3 }
                                { 1178 3 }
                                { 1181 0 }
                                { 1193 0 }
                                { 1194 1 }
                                { 1195 4 }
                                { 1196 2 }
                                { 1198 2 }
                                { 1208 3 }
                                { 1224 3 }
                                { 1226 3 }
                                { 1229 1 }
                                { 1232 3 }
                                { 1244 3 }
                                { 1246 3 }
                                { 1249 0 }
                                { 1250 1 }
                                { 1251 0 }
                                { 1253 3 }
                                { 1255 2 }
                                { 1256 4 }
                                { 1264 1 }
                                { 1266 0 }
                                { 1281 3 }
                                { 1283 0 }
                                { 260 0 }
                                { 1284 3 }
                                { 1285 3 }
                                { 1287 0 }
                                { 1289 3 }
                                { 1292 3 }
                                { 1293 3 }
                                { 1295 1 }
                                { 1296 0 }
                                { 1297 1 }
                                { 1299 0 }
                                { 1314 3 }
                                { 1326 3 }
                                { 1328 3 }
                                { 1331 0 }
                                { 1332 2 }
                                { 1334 2 }
                                { 1335 0 }
                                { 1342 2 }
                                { 1345 0 }
                                { 1355 3 }
                                { 1357 0 }
                                { 1358 3 }
                                { 1359 3 }
                                { 1361 0 }
                                ~479 more~
                            }
                        }
                        { "vertices" 578 }
                        { "pressure-stores" 20 }
                        {
                            "register-capacities"
                            {
                                { int-regs 16 }
                                { float-regs 22 }
                            }
                        }
                        { "edges" 1262 }
                        { "source-stores-before-color" 20 }
                        { "repair-phis" 235 }
                        { "repair-assignments" 0 }
                        { "pressure-decisions" 1179 }
                        { "algorithm" "decoupled-ssa-chordal" }
                        {
                            "perfect-elimination-order"
                            V{
                                1716
                                1715
                                1714
                                1713
                                1712
                                1711
                                1710
                                1709
                                1708
                                1707
                                1706
                                1705
                                1704
                                1703
                                1702
                                1701
                                1700
                                1699
                                1698
                                1697
                                1696
                                1695
                                1694
                                1689
                                1688
                                1687
                                1686
                                1683
                                1679
                                1678
                                1677
                                1675
                                1674
                                1673
                                1670
                                1669
                                1656
                                1638
                                1601
                                1600
                                1599
                                1598
                                1597
                                1596
                                1595
                                1594
                                1593
                                1592
                                1590
                                1563
                                1562
                                1561
                                1560
                                1559
                                1557
                                1520
                                1519
                                1518
                                1517
                                1516
                                1515
                                1514
                                1513
                                1512
                                1511
                                1509
                                1482
                                1481
                                1480
                                1479
                                1478
                                1477
                                1476
                                1475
                                1474
                                1469
                                1468
                                1467
                                1466
                                1465
                                1464
                                1463
                                1462
                                1449
                                1448
                                1447
                                1446
                                1445
                                1444
                                1437
                                1436
                                1435
                                1434
                                1676
                                1433
                                1432
                                1685
                                1684
                                1431
                                ~479 more~
                            }
                        }
                        { "fallback-count" 0 }
                        { "source-reloads-before-color" 20 }
                        { "reload-definitions" 20 }
                        {
                            "interference-graph"
                            H{
                                { 1033 V{ 1591 1034 1042 } }
                                { 1034 V{ 1591 1033 1042 } }
                                {
                                    17
                                    V{ 1454 1455 468 469 471 }
                                }
                                { 1042 V{ 1591 1033 1034 } }
                                {
                                    1044
                                    V{
                                        1045
                                        1046
                                        1416
                                        1047
                                        1048
                                    }
                                }
                                {
                                    1045
                                    V{
                                        1044
                                        1046
                                        1416
                                        1047
                                        1048
                                    }
                                }
                                {
                                    1046
                                    V{
                                        1044
                                        1045
                                        1416
                                        1047
                                        1048
                                    }
                                }
                                {
                                    1047
                                    V{ 1044 1045 1046 1048 }
                                }
                                {
                                    1048
                                    V{ 1044 1045 1046 1047 }
                                }
                                {
                                    1049
                                    V{
                                        1050
                                        1051
                                        1418
                                        1052
                                        1053
                                    }
                                }
                                {
                                    1050
                                    V{
                                        1049
                                        1051
                                        1418
                                        1052
                                        1053
                                    }
                                }
                                {
                                    1051
                                    V{
                                        1049
                                        1050
                                        1418
                                        1052
                                        1053
                                    }
                                }
                                {
                                    1052
                                    V{ 1049 1050 1051 1053 }
                                }
                                {
                                    1053
                                    V{ 1049 1050 1051 1052 }
                                }
                                {
                                    1054
                                    V{
                                        1055
                                        1056
                                        1057
                                        1058
                                        1438
                                        1439
                                    }
                                }
                                {
                                    1055
                                    V{
                                        1054
                                        1056
                                        1057
                                        1058
                                        1438
                                        1439
                                    }
                                }
                                {
                                    1056
                                    V{
                                        1054
                                        1055
                                        1057
                                        1058
                                        1438
                                        1439
                                    }
                                }
                                {
                                    1057
                                    V{
                                        1054
                                        1055
                                        1056
                                        1058
                                        1438
                                        1439
                                    }
                                }
                                {
                                    1058
                                    V{
                                        1054
                                        1055
                                        1056
                                        1057
                                        1438
                                        1439
                                    }
                                }
                                {
                                    1060
                                    V{
                                        1608
                                        1609
                                        1610
                                        1611
                                        1061
                                        260
                                        1063
                                    }
                                }
                                {
                                    1061
                                    V{
                                        1608
                                        1609
                                        1610
                                        1611
                                        1060
                                        260
                                        1063
                                    }
                                }
                                {
                                    1063
                                    V{
                                        1608
                                        1609
                                        1610
                                        1611
                                        1060
                                        1061
                                        260
                                        1064
                                    }
                                }
                                {
                                    1064
                                    V{ 1609 1610 1611 1063 }
                                }
                                {
                                    1076
                                    V{ 1612 1613 1614 1615 }
                                }
                                { 1103 V{ } }
                                {
                                    1104
                                    V{
                                        1616
                                        1617
                                        1618
                                        1619
                                        1620
                                    }
                                }
                                { 1122 V{ } }
                                {
                                    1123
                                    V{
                                        1621
                                        1622
                                        1623
                                        1624
                                        1625
                                    }
                                }
                                {
                                    1139
                                    V{
                                        1626
                                        1627
                                        1628
                                        1629
                                        1630
                                        1631
                                        1140
                                        1141
                                    }
                                }
                                {
                                    1140
                                    V{
                                        1626
                                        1627
                                        1628
                                        1629
                                        1630
                                        1631
                                        1139
                                    }
                                }
                                {
                                    1141
                                    V{
                                        1626
                                        1627
                                        1628
                                        1629
                                        1630
                                        1631
                                        1139
                                    }
                                }
                                {
                                    1143
                                    V{
                                        1632
                                        1144
                                        1145
                                        1146
                                        1147
                                        1148
                                        1149
                                        1150
                                        1151
                                        1152
                                        1154
                                        1156
                                    }
                                }
                                {
                                    1144
                                    V{
                                        1632
                                        1143
                                        1145
                                        1146
                                        1147
                                        1148
                                        1149
                                        1150
                                        1151
                                    }
                                }
                                {
                                    1145
                                    V{ 1632 1143 1144 1146 }
                                }
                                {
                                    1146
                                    V{
                                        1632
                                        1143
                                        1144
                                        1145
                                        1147
                                        1148
                                    }
                                }
                                {
                                    1147
                                    V{
                                        1632
                                        1143
                                        1144
                                        1146
                                        1148
                                        1149
                                        1150
                                        1151
                                        1152
                                        1154
                                    }
                                }
                                {
                                    1148
                                    V{
                                        1632
                                        1143
                                        1144
                                        1146
                                        1147
                                        1149
                                    }
                                }
                                {
                                    1149
                                    V{
                                        1632
                                        1143
                                        1144
                                        1147
                                        1148
                                        1150
                                    }
                                }
                                {
                                    1150
                                    V{
                                        1632
                                        1143
                                        1144
                                        1147
                                        1149
                                        1151
                                    }
                                }
                                {
                                    1151
                                    V{
                                        1632
                                        1143
                                        1144
                                        1147
                                        1150
                                        1152
                                    }
                                }
                                {
                                    1152
                                    V{ 1632 1143 1147 1151 }
                                }
                                {
                                    1154
                                    V{ 1632 1143 1147 1156 }
                                }
                                {
                                    1156
                                    V{ 1632 1143 1154 1157 }
                                }
                                { 1157 V{ 1632 1156 1158 } }
                                { 1158 V{ 1157 } }
                                {
                                    1160
                                    V{
                                        1627
                                        1628
                                        1629
                                        1630
                                        1631
                                    }
                                }
                                {
                                    142
                                    V{
                                        1527
                                        1528
                                        1529
                                        1530
                                        746
                                        747
                                        749
                                    }
                                }
                                {
                                    1174
                                    V{
                                        1633
                                        1634
                                        1635
                                        1636
                                        1637
                                        1176
                                    }
                                }
                                {
                                    1176
                                    V{
                                        1633
                                        1634
                                        1635
                                        1636
                                        1637
                                        1174
                                        1177
                                        1178
                                    }
                                }
                                {
                                    1177
                                    V{
                                        1633
                                        1634
                                        1635
                                        1636
                                        1637
                                        1176
                                    }
                                }
                                {
                                    1178
                                    V{
                                        1633
                                        1634
                                        1635
                                        1636
                                        1637
                                        1176
                                    }
                                }
                                {
                                    1181
                                    V{ 1633 1635 1636 1637 }
                                }
                                {
                                    1193
                                    V{
                                        1639
                                        1194
                                        1195
                                        1196
                                        1198
                                    }
                                }
                                {
                                    1194
                                    V{
                                        1639
                                        1193
                                        1195
                                        1196
                                        1198
                                    }
                                }
                                {
                                    1195
                                    V{
                                        1639
                                        1193
                                        1194
                                        1196
                                        1198
                                    }
                                }
                                {
                                    1196
                                    V{ 1639 1193 1194 1195 }
                                }
                                {
                                    1198
                                    V{ 1639 1193 1194 1195 }
                                }
                                { 1208 V{ 1640 1641 } }
                                { 1224 V{ 1642 1643 } }
                                { 1226 V{ 1642 1643 } }
                                { 1229 V{ } }
                                { 1232 V{ 1642 1643 } }
                                { 1244 V{ 1644 1645 } }
                                { 1246 V{ 1644 1645 } }
                                { 1249 V{ 1646 1250 } }
                                { 1250 V{ 1249 } }
                                {
                                    1251
                                    V{
                                        1644
                                        1645
                                        1253
                                        1255
                                        1419
                                        1420
                                        1256
                                    }
                                }
                                {
                                    1253
                                    V{ 1644 1645 1251 1255 }
                                }
                                {
                                    1255
                                    V{
                                        1644
                                        1645
                                        1251
                                        1253
                                        1419
                                    }
                                }
                                {
                                    1256
                                    V{ 1644 1645 1251 1420 }
                                }
                                { 1264 V{ } }
                                { 1266 V{ 1647 1648 1649 } }
                                {
                                    1281
                                    V{
                                        1650
                                        1651
                                        1652
                                        1653
                                        1283
                                    }
                                }
                                {
                                    1283
                                    V{
                                        1650
                                        1651
                                        1652
                                        1653
                                        1281
                                        1284
                                        1285
                                        1289
                                        1292
                                        1293
                                    }
                                }
                                {
                                    1284
                                    V{
                                        1650
                                        1651
                                        1652
                                        1653
                                        1283
                                    }
                                }
                                {
                                    1285
                                    V{
                                        1650
                                        1651
                                        1652
                                        1653
                                        1283
                                    }
                                }
                                { 1287 V{ 1654 1295 } }
                                {
                                    1289
                                    V{
                                        1650
                                        1651
                                        1652
                                        1653
                                        1283
                                    }
                                }
                                {
                                    260
                                    V{
                                        1608
                                        1609
                                        1610
                                        1611
                                        1060
                                        1061
                                        1063
                                    }
                                }
                                {
                                    1292
                                    V{
                                        1650
                                        1651
                                        1652
                                        1653
                                        1283
                                    }
                                }
                                {
                                    1293
                                    V{
                                        1650
                                        1651
                                        1652
                                        1653
                                        1283
                                    }
                                }
                                { 1295 V{ 1654 1287 1296 } }
                                { 1296 V{ 1654 1295 1297 } }
                                { 1297 V{ 1296 } }
                                { 1299 V{ 1650 1652 1653 } }
                                { 1314 V{ 1655 } }
                                { 1326 V{ 1657 } }
                                { 1328 V{ 1657 } }
                                { 1331 V{ 1658 1332 } }
                                { 1332 V{ 1658 1331 } }
                                { 1334 V{ 1657 1335 } }
                                { 1335 V{ 1657 1334 } }
                                { 1342 V{ 1661 } }
                                { 1345 V{ 1659 1660 } }
                                {
                                    1355
                                    V{ 1662 1663 1664 1357 }
                                }
                                {
                                    1357
                                    V{
                                        1662
                                        1663
                                        1664
                                        1355
                                        1358
                                        1359
                                    }
                                }
                                {
                                    1358
                                    V{ 1662 1663 1664 1357 }
                                }
                                {
                                    1359
                                    V{ 1662 1663 1664 1357 }
                                }
                                { 1361 V{ 1665 1666 1362 } }
                                ~479 more~
                            }
                        }
                    }
                }
                {
                    "passes"
                    {
                        H{
                            { "reloads" 0 }
                            { "instructions" 1019 }
                            { "pass" "optimize-tail-calls" }
                            { "frame-bytes" 0 }
                            { "spill-bytes" 0 }
                            { "blocks" 125 }
                            { "copies" 393 }
                            { "spills" 0 }
                            { "nanoseconds" 34112 }
                        }
                        H{
                            { "reloads" 0 }
                            { "instructions" 1019 }
                            {
                                "pass"
                                "delete-useless-conditionals"
                            }
                            { "frame-bytes" 0 }
                            { "spill-bytes" 0 }
                            { "blocks" 125 }
                            { "copies" 393 }
                            { "spills" 0 }
                            { "nanoseconds" 6806 }
                        }
                        H{
                            { "reloads" 0 }
                            { "instructions" 1066 }
                            { "pass" "split-branches" }
                            { "frame-bytes" 0 }
                            { "spill-bytes" 0 }
                            { "blocks" 143 }
                            { "copies" 393 }
                            { "spills" 0 }
                            { "nanoseconds" 66953 }
                        }
                        H{
                            { "reloads" 0 }
                            { "instructions" 1026 }
                            { "pass" "join-blocks" }
                            { "frame-bytes" 0 }
                            { "spill-bytes" 0 }
                            { "blocks" 103 }
                            { "copies" 393 }
                            { "spills" 0 }
                            { "nanoseconds" 17712 }
                        }
                        H{
                            { "reloads" 0 }
                            { "instructions" 574 }
                            { "pass" "optimize-ssa" }
                            { "frame-bytes" 0 }
                            { "spill-bytes" 0 }
                            { "blocks" 103 }
                            { "copies" 0 }
                            { "spills" 0 }
                            { "nanoseconds" 4166092 }
                        }
                        H{
                            { "reloads" 0 }
                            { "instructions" 603 }
                            { "pass" "select-representations" }
                            { "frame-bytes" 0 }
                            { "spill-bytes" 0 }
                            { "blocks" 103 }
                            { "copies" 0 }
                            { "spills" 0 }
                            { "nanoseconds" 946280 }
                        }
                        H{
                            { "reloads" 0 }
                            { "instructions" 624 }
                            { "pass" "insert-gc-checks" }
                            { "frame-bytes" 0 }
                            { "spill-bytes" 0 }
                            { "blocks" 117 }
                            { "copies" 0 }
                            { "spills" 0 }
                            { "nanoseconds" 96022 }
                        }
                        H{
                            { "reloads" 0 }
                            { "instructions" 624 }
                            {
                                "pass"
                                "eliminate-write-barriers"
                            }
                            { "frame-bytes" 0 }
                            { "spill-bytes" 0 }
                            { "blocks" 117 }
                            { "copies" 0 }
                            { "spills" 0 }
                            { "nanoseconds" 30094 }
                        }
                        H{
                            { "reloads" 0 }
                            { "instructions" 636 }
                            { "pass" "clear-uninitialized" }
                            { "frame-bytes" 0 }
                            { "spill-bytes" 0 }
                            { "blocks" 117 }
                            { "copies" 0 }
                            { "spills" 0 }
                            { "nanoseconds" 519716 }
                        }
                        H{
                            { "reloads" 0 }
                            { "instructions" 636 }
                            { "pass" "insert-save-contexts" }
                            { "frame-bytes" 0 }
                            { "spill-bytes" 0 }
                            { "blocks" 117 }
                            { "copies" 0 }
                            { "spills" 0 }
                            { "nanoseconds" 14268 }
                        }
                        H{
                            { "reloads" 22 }
                            { "instructions" 733 }
                            { "pass" "allocate-registers" }
                            { "frame-bytes" 0 }
                            { "spill-bytes" 152 }
                            { "blocks" 155 }
                            { "copies" 58 }
                            { "spills" 22 }
                            { "nanoseconds" 50100729 }
                        }
                        H{
                            { "reloads" 22 }
                            { "instructions" 733 }
                            { "pass" "build-stack-frame" }
                            { "frame-bytes" 176 }
                            { "spill-bytes" 152 }
                            { "blocks" 155 }
                            { "copies" 58 }
                            { "spills" 22 }
                            { "nanoseconds" 126936 }
                        }
                    }
                }
                { "code-bytes" 3248 }
                { "codegen-nanoseconds" 764445 }
            }
        }
    }
    { "allocator" "chordal-allocator" }
    { "frontend-nanoseconds" 107586337 }
}
