reference/arm64-gap-isa-20260908/encodings.factor

9: 0x20fcdf88 [ W0 X1 LDAR ] check-insn
                          ^
No word named 'LDAR' found in current vocabulary search path

(U) [ c-to-factor => ]
    c-to-factor
(U) [ [ (get-catchstack) push ] dip call => (get-catchstack) pop* ]
(O) command-line-startup
(O) run-script
(O) parse-file
(O) parse-stream
(O) finish-compilation-unit
(O) M\ optimizing-compiler recompile
(O) compile-word
(O) frontend
(O) optimize-tree
(O) (propagate)
(O) M\ #branch propagate-around
(O) infer-children
(O) (propagate)
(O) M\ node propagate-around
(O) M\ #call propagate-before
(O) do-inlining
(O) inline-custom
(O) call-inlining
(O) infer-value
(O) (infer-value)
(O) uninferable
(O) M\ object throw
(U) [
        OBJ-CURRENT-THREAD special-object error-thread set-global
        current-continuation => error-continuation set-global
        [ original-error set-global ] [ rethrow ] bi
    ]
