
Restarts were invoked adding vocabularies to the search path.
To avoid doing this in the future, add the following forms
at the top of the source file:

USING: accessors allocator-runtime-comparison assocs
compiler-next.chordal.profile compiler.cfg.checker
compiler.cfg.linear-scan.allocation.state compiler.cfg.metrics
compiler.cfg.register-allocation
compiler.cfg.register-allocation.chordal
compiler.cfg.register-allocation.chordal.spilling
compiler.cfg.register-allocation.chordal.spilling.next-use
compiler.cfg.register-allocation.rematerialization
compiler.cfg.register-allocation.ssa.phases
compiler.cfg.value-numbering io kernel locals math namespaces
parser prettyprint sequences system vocabs.refresh words ;
IN: compiler-next.chordal.profile

PROFILE "float-pressure"
H{
    { "instruction-next-uses" 336118 }
    { "spill-ssa" 2768320 }
    { "perfect-order?" 1188016 }
    { "maximum-cardinality-order" 1629996 }
    { "compute-next-uses" 678058 }
    { "preference-guided-colors" 3124036 }
    { "interference-graph" 2125522 }
}
TOTAL 15964498
PROFILE "ffi-pressure"
H{
    { "instruction-next-uses" 74087 }
    { "spill-ssa" 1271287 }
    { "perfect-order?" 274249 }
    { "maximum-cardinality-order" 805281 }
    { "compute-next-uses" 164943 }
    { "preference-guided-colors" 1428358 }
    { "interference-graph" 373018 }
}
TOTAL 8188848
PROFILE "branch-pressure"
H{
    { "instruction-next-uses" 107256 }
    { "spill-ssa" 2066646 }
    { "perfect-order?" 501348 }
    { "maximum-cardinality-order" 1403307 }
    { "compute-next-uses" 420414 }
    { "preference-guided-colors" 2342084 }
    { "interference-graph" 650465 }
}
TOTAL 12874615
PROFILE "integer-pressure"
H{
    { "instruction-next-uses" 60475 }
    { "spill-ssa" 689210 }
    { "perfect-order?" 187124 }
    { "maximum-cardinality-order" 477978 }
    { "compute-next-uses" 62074 }
    { "preference-guided-colors" 693187 }
    { "interference-graph" 322588 }
}
TOTAL 17942666
PROFILE "simd-pressure"
H{
    { "instruction-next-uses" 72201 }
    { "spill-ssa" 1168910 }
    { "perfect-order?" 292084 }
    { "maximum-cardinality-order" 885846 }
    { "compute-next-uses" 73718 }
    { "preference-guided-colors" 1195519 }
    { "interference-graph" 380726 }
}
TOTAL 127256784
PROFILE "gc-pressure"
H{
    { "instruction-next-uses" 846896 }
    { "spill-ssa" 10330606 }
    { "perfect-order?" 1557508 }
    { "maximum-cardinality-order" 4329723 }
    { "compute-next-uses" 931438 }
    { "preference-guided-colors" 68202188 }
    { "interference-graph" 2369677 }
}
TOTAL 103712985
PROFILE "spectral-norm"
H{
    { "instruction-next-uses" 218776 }
    { "spill-ssa" 6082473 }
    { "perfect-order?" 587243 }
    { "maximum-cardinality-order" 1175798 }
    { "compute-next-uses" 1278093 }
    { "preference-guided-colors" 5762222 }
    { "interference-graph" 1184080 }
}
TOTAL 92150534
PROFILE "nbody"
H{
    { "instruction-next-uses" 249157 }
    { "spill-ssa" 5859269 }
    { "perfect-order?" 374904 }
    { "maximum-cardinality-order" 999826 }
    { "compute-next-uses" 930249 }
    { "preference-guided-colors" 3846210 }
    { "interference-graph" 647759 }
}
TOTAL 65862933
PROFILE "nbody"
H{
    { "instruction-next-uses" 191880 }
    { "spill-ssa" 7327110 }
    { "perfect-order?" 416478 }
    { "maximum-cardinality-order" 1051773 }
    { "compute-next-uses" 1257224 }
    { "preference-guided-colors" 4974981 }
    { "interference-graph" 849725 }
}
TOTAL 503150155
PROFILE "fannkuch"
H{
    { "instruction-next-uses" 226771 }
    { "spill-ssa" 5439511 }
    { "perfect-order?" 260514 }
    { "maximum-cardinality-order" 768627 }
    { "compute-next-uses" 608481 }
    { "preference-guided-colors" 3648262 }
    { "interference-graph" 537756 }
}
TOTAL 28777818
PROFILE "binary-trees"
H{
    { "instruction-next-uses" 569039 }
    { "spill-ssa" 11105957 }
    { "perfect-order?" 668464 }
    { "maximum-cardinality-order" 1390310 }
    { "compute-next-uses" 1764558 }
    { "preference-guided-colors" 9334470 }
    { "interference-graph" 2785622 }
}
TOTAL 61540180
PROFILE "struct-arrays-bench"
H{
    { "instruction-next-uses" 76178 }
    { "spill-ssa" 1474729 }
    { "perfect-order?" 198317 }
    { "maximum-cardinality-order" 206681 }
    { "compute-next-uses" 229600 }
    { "preference-guided-colors" 1654473 }
    { "interference-graph" 239604 }
}
TOTAL 19400954
PROFILE "float-pressure"
H{
    { "instruction-next-uses" 63919 }
    { "spill-ssa" 1132174 }
    { "perfect-order?" 334437 }
    { "maximum-cardinality-order" 763133 }
    { "compute-next-uses" 65641 }
    { "preference-guided-colors" 971372 }
    { "interference-graph" 348910 }
}
TOTAL 6769059
PROFILE "ffi-pressure"
H{
    { "instruction-next-uses" 73882 }
    { "spill-ssa" 1416550 }
    { "perfect-order?" 251945 }
    { "maximum-cardinality-order" 735417 }
    { "compute-next-uses" 141737 }
    { "preference-guided-colors" 1357961 }
    { "interference-graph" 347106 }
}
TOTAL 7657529
PROFILE "branch-pressure"
H{
    { "instruction-next-uses" 102746 }
    { "spill-ssa" 1890797 }
    { "perfect-order?" 485194 }
    { "maximum-cardinality-order" 1361569 }
    { "compute-next-uses" 420127 }
    { "preference-guided-colors" 2279026 }
    { "interference-graph" 652720 }
}
TOTAL 11391768
PROFILE "integer-pressure"
H{
    { "instruction-next-uses" 60352 }
    { "spill-ssa" 748127 }
    { "perfect-order?" 187329 }
    { "maximum-cardinality-order" 539396 }
    { "compute-next-uses" 61131 }
    { "preference-guided-colors" 669612 }
    { "interference-graph" 253995 }
}
TOTAL 17225494
PROFILE "simd-pressure"
H{
    { "instruction-next-uses" 71463 }
    { "spill-ssa" 1154724 }
    { "perfect-order?" 279907 }
    { "maximum-cardinality-order" 837220 }
    { "compute-next-uses" 72652 }
    { "preference-guided-colors" 1141399 }
    { "interference-graph" 373387 }
}
TOTAL 180060438
PROFILE "gc-pressure"
H{
    { "instruction-next-uses" 720821 }
    { "spill-ssa" 9961565 }
    { "perfect-order?" 1580960 }
    { "maximum-cardinality-order" 5404497 }
    { "compute-next-uses" 854112 }
    { "preference-guided-colors" 5953405 }
    { "interference-graph" 2309612 }
}
TOTAL 42691414
PROFILE "spectral-norm"
H{
    { "instruction-next-uses" 204139 }
    { "spill-ssa" 5599739 }
    { "perfect-order?" 557354 }
    { "maximum-cardinality-order" 1142629 }
    { "compute-next-uses" 1205687 }
    { "preference-guided-colors" 5524422 }
    { "interference-graph" 1144884 }
}
TOTAL 84159470
PROFILE "nbody"
H{
    { "instruction-next-uses" 235463 }
    { "spill-ssa" 5535492 }
    { "perfect-order?" 364736 }
    { "maximum-cardinality-order" 996423 }
    { "compute-next-uses" 912414 }
    { "preference-guided-colors" 3721898 }
    { "interference-graph" 647759 }
}
TOTAL 63464392
PROFILE "nbody"
H{
    { "instruction-next-uses" 190937 }
    { "spill-ssa" 5234511 }
    { "perfect-order?" 475354 }
    { "maximum-cardinality-order" 989289 }
    { "compute-next-uses" 1224178 }
    { "preference-guided-colors" 5346646 }
    { "interference-graph" 2755610 }
}
TOTAL 592859672
PROFILE "fannkuch"
H{
    { "instruction-next-uses" 239317 }
    { "spill-ssa" 5927534 }
    { "perfect-order?" 442472 }
    { "maximum-cardinality-order" 580683 }
    { "compute-next-uses" 1453450 }
    { "preference-guided-colors" 4098893 }
    { "interference-graph" 578592 }
}
TOTAL 31391814
PROFILE "binary-trees"
H{
    { "instruction-next-uses" 723937 }
    { "spill-ssa" 11716529 }
    { "perfect-order?" 673261 }
    { "maximum-cardinality-order" 2820595 }
    { "compute-next-uses" 2047499 }
    { "preference-guided-colors" 9948978 }
    { "interference-graph" 1313681 }
}
TOTAL 65585609
PROFILE "struct-arrays-bench"
H{
    { "instruction-next-uses" 80688 }
    { "spill-ssa" 1605806 }
    { "perfect-order?" 124599 }
    { "maximum-cardinality-order" 227878 }
    { "compute-next-uses" 241449 }
    { "preference-guided-colors" 1729749 }
    { "interference-graph" 348131 }
}
TOTAL 20878389
PROFILE "float-pressure"
H{
    { "instruction-next-uses" 67527 }
    { "spill-ssa" 1057431 }
    { "perfect-order?" 286344 }
    { "maximum-cardinality-order" 849725 }
    { "compute-next-uses" 70274 }
    { "preference-guided-colors" 1047673 }
    { "interference-graph" 362809 }
}
TOTAL 7184553
PROFILE "ffi-pressure"
H{
    { "instruction-next-uses" 205820 }
    { "spill-ssa" 1165425 }
    { "perfect-order?" 261580 }
    { "maximum-cardinality-order" 692818 }
    { "compute-next-uses" 145673 }
    { "preference-guided-colors" 1361938 }
    { "interference-graph" 429926 }
}
TOTAL 8048505
PROFILE "branch-pressure"
H{
    { "instruction-next-uses" 113324 }
    { "spill-ssa" 1901129 }
    { "perfect-order?" 550056 }
    { "maximum-cardinality-order" 1446808 }
    { "compute-next-uses" 258095 }
    { "preference-guided-colors" 2290383 }
    { "interference-graph" 684085 }
}
TOTAL 11869295
PROFILE "integer-pressure"
H{
    { "instruction-next-uses" 58835 }
    { "spill-ssa" 670555 }
    { "perfect-order?" 186427 }
    { "maximum-cardinality-order" 471295 }
    { "compute-next-uses" 62361 }
    { "preference-guided-colors" 694581 }
    { "interference-graph" 310206 }
}
TOTAL 16933492
PROFILE "simd-pressure"
H{
    { "instruction-next-uses" 69536 }
    { "spill-ssa" 1093716 }
    { "perfect-order?" 281711 }
    { "maximum-cardinality-order" 838655 }
    { "compute-next-uses" 71012 }
    { "preference-guided-colors" 1120735 }
    { "interference-graph" 370353 }
}
TOTAL 177212004
PROFILE "gc-pressure"
H{
    { "instruction-next-uses" 723404 }
    { "spill-ssa" 9672310 }
    { "perfect-order?" 1565626 }
    { "maximum-cardinality-order" 5258168 }
    { "compute-next-uses" 832669 }
    { "preference-guided-colors" 5865419 }
    { "interference-graph" 2288743 }
}
TOTAL 41860467
PROFILE "spectral-norm"
H{
    { "instruction-next-uses" 205410 }
    { "spill-ssa" 5545045 }
    { "perfect-order?" 564857 }
    { "maximum-cardinality-order" 1152100 }
    { "compute-next-uses" 1278585 }
    { "preference-guided-colors" 6965490 }
    { "interference-graph" 1116061 }
}
TOTAL 84400058
PROFILE "nbody"
H{
    { "instruction-next-uses" 258341 }
    { "spill-ssa" 5913061 }
    { "perfect-order?" 385318 }
    { "maximum-cardinality-order" 1012905 }
    { "compute-next-uses" 947305 }
    { "preference-guided-colors" 3948956 }
    { "interference-graph" 677197 }
}
TOTAL 65830215
PROFILE "nbody"
H{
    { "instruction-next-uses" 189010 }
    { "spill-ssa" 5396133 }
    { "perfect-order?" 495321 }
    { "maximum-cardinality-order" 989453 }
    { "compute-next-uses" 1174035 }
    { "preference-guided-colors" 5108436 }
    { "interference-graph" 1148164 }
}
TOTAL 516179996
PROFILE "fannkuch"
H{
    { "instruction-next-uses" 243376 }
    { "spill-ssa" 5260095 }
    { "perfect-order?" 448212 }
    { "maximum-cardinality-order" 581995 }
    { "compute-next-uses" 890192 }
    { "preference-guided-colors" 3838953 }
    { "interference-graph" 569654 }
}
TOTAL 30590920
PROFILE "binary-trees"
H{
    { "instruction-next-uses" 579494 }
    { "spill-ssa" 71693830 }
    { "perfect-order?" 615984 }
    { "maximum-cardinality-order" 1398633 }
    { "compute-next-uses" 2143931 }
    { "preference-guided-colors" 9387934 }
    { "interference-graph" 1248573 }
}
TOTAL 121668156
PROFILE "struct-arrays-bench"
H{
    { "instruction-next-uses" 74989 }
    { "spill-ssa" 1524954 }
    { "perfect-order?" 109265 }
    { "maximum-cardinality-order" 298193 }
    { "compute-next-uses" 225541 }
    { "preference-guided-colors" 1650660 }
    { "interference-graph" 238620 }
}
TOTAL 18973529
PROFILE "float-pressure"
H{
    { "instruction-next-uses" 66830 }
    { "spill-ssa" 1005812 }
    { "perfect-order?" 278021 }
    { "maximum-cardinality-order" 830742 }
    { "compute-next-uses" 67076 }
    { "preference-guided-colors" 1019178 }
    { "interference-graph" 351575 }
}
TOTAL 6991771
PROFILE "ffi-pressure"
H{
    { "instruction-next-uses" 69659 }
    { "spill-ssa" 1069280 }
    { "perfect-order?" 258956 }
    { "maximum-cardinality-order" 952020 }
    { "compute-next-uses" 138703 }
    { "preference-guided-colors" 1364562 }
    { "interference-graph" 402743 }
}
TOTAL 7425469
PROFILE "branch-pressure"
H{
    { "instruction-next-uses" 103976 }
    { "spill-ssa" 1733275 }
    { "perfect-order?" 550835 }
    { "maximum-cardinality-order" 1406874 }
    { "compute-next-uses" 219842 }
    { "preference-guided-colors" 2292966 }
    { "interference-graph" 652802 }
}
TOTAL 11459582
PROFILE "integer-pressure"
H{
    { "instruction-next-uses" 60803 }
    { "spill-ssa" 755343 }
    { "perfect-order?" 184008 }
    { "maximum-cardinality-order" 551983 }
    { "compute-next-uses" 140589 }
    { "preference-guided-colors" 651613 }
    { "interference-graph" 250592 }
}
TOTAL 17173424
PROFILE "simd-pressure"
H{
    { "instruction-next-uses" 68552 }
    { "spill-ssa" 1109214 }
    { "perfect-order?" 289296 }
    { "maximum-cardinality-order" 832997 }
    { "compute-next-uses" 71463 }
    { "preference-guided-colors" 1113847 }
    { "interference-graph" 373592 }
}
TOTAL 116284036
PROFILE "gc-pressure"
H{
    { "instruction-next-uses" 706840 }
    { "spill-ssa" 10765124 }
    { "perfect-order?" 1558697 }
    { "maximum-cardinality-order" 4077942 }
    { "compute-next-uses" 827175 }
    { "preference-guided-colors" 5810438 }
    { "interference-graph" 2246718 }
}
TOTAL 41758787
PROFILE "spectral-norm"
H{
    { "instruction-next-uses" 201884 }
    { "spill-ssa" 5542093 }
    { "perfect-order?" 533451 }
    { "maximum-cardinality-order" 1107082 }
    { "compute-next-uses" 1181087 }
    { "preference-guided-colors" 5455624 }
    { "interference-graph" 1087197 }
}
TOTAL 81556052
PROFILE "nbody"
H{
    { "instruction-next-uses" 233372 }
    { "spill-ssa" 5441069 }
    { "perfect-order?" 366376 }
    { "maximum-cardinality-order" 955505 }
    { "compute-next-uses" 866986 }
    { "preference-guided-colors" 3618086 }
    { "interference-graph" 634270 }
}
TOTAL 60911363
PROFILE "nbody"
H{
    { "instruction-next-uses" 189953 }
    { "spill-ssa" 5157103 }
    { "perfect-order?" 473222 }
    { "maximum-cardinality-order" 939966 }
    { "compute-next-uses" 1206917 }
    { "preference-guided-colors" 4924961 }
    { "interference-graph" 1039432 }
}
TOTAL 532337440
PROFILE "fannkuch"
H{
    { "instruction-next-uses" 227222 }
    { "spill-ssa" 5074816 }
    { "perfect-order?" 435174 }
    { "maximum-cardinality-order" 561659 }
    { "compute-next-uses" 892283 }
    { "preference-guided-colors" 3727474 }
    { "interference-graph" 536485 }
}
TOTAL 29720982
PROFILE "binary-trees"
H{
    { "instruction-next-uses" 1925811 }
    { "spill-ssa" 12224642 }
    { "perfect-order?" 654893 }
    { "maximum-cardinality-order" 1400765 }
    { "compute-next-uses" 1988910 }
    { "preference-guided-colors" 9570999 }
    { "interference-graph" 1245867 }
}
TOTAL 61976953
PROFILE "struct-arrays-bench"
H{
    { "instruction-next-uses" 77695 }
    { "spill-ssa" 1569890 }
    { "perfect-order?" 107666 }
    { "maximum-cardinality-order" 214307 }
    { "compute-next-uses" 231691 }
    { "preference-guided-colors" 2131795 }
    { "interference-graph" 349525 }
}
TOTAL 19379388
PROFILE "float-pressure"
H{
    { "instruction-next-uses" 64247 }
    { "spill-ssa" 1013807 }
    { "perfect-order?" 282572 }
    { "maximum-cardinality-order" 857843 }
    { "compute-next-uses" 66051 }
    { "preference-guided-colors" 1039760 }
    { "interference-graph" 376421 }
}
TOTAL 6933346
PROFILE "ffi-pressure"
H{
    { "instruction-next-uses" 180728 }
    { "spill-ssa" 1098882 }
    { "perfect-order?" 254815 }
    { "maximum-cardinality-order" 686791 }
    { "compute-next-uses" 142024 }
    { "preference-guided-colors" 1344062 }
    { "interference-graph" 406966 }
}
TOTAL 7372538
PROFILE "branch-pressure"
H{
    { "instruction-next-uses" 110864 }
    { "spill-ssa" 1785632 }
    { "perfect-order?" 836359 }
    { "maximum-cardinality-order" 1399494 }
    { "compute-next-uses" 213323 }
    { "preference-guided-colors" 2277468 }
    { "interference-graph" 648005 }
}
TOTAL 11663967
PROFILE "integer-pressure"
H{
    { "instruction-next-uses" 60434 }
    { "spill-ssa" 763051 }
    { "perfect-order?" 187944 }
    { "maximum-cardinality-order" 488187 }
    { "compute-next-uses" 61623 }
    { "preference-guided-colors" 719386 }
    { "interference-graph" 255307 }
}
TOTAL 17887152
PROFILE "simd-pressure"
H{
    { "instruction-next-uses" 72078 }
    { "spill-ssa" 1212739 }
    { "perfect-order?" 287861 }
    { "maximum-cardinality-order" 879901 }
    { "compute-next-uses" 75932 }
    { "preference-guided-colors" 1233731 }
    { "interference-graph" 378020 }
}
TOTAL 190452216
PROFILE "gc-pressure"
H{
    { "instruction-next-uses" 865838 }
    { "spill-ssa" 11842317 }
    { "perfect-order?" 1580386 }
    { "maximum-cardinality-order" 4108774 }
    { "compute-next-uses" 942713 }
    { "preference-guided-colors" 5940613 }
    { "interference-graph" 2321789 }
}
TOTAL 44307019
PROFILE "spectral-norm"
H{
    { "instruction-next-uses" 356905 }
    { "spill-ssa" 6786853 }
    { "perfect-order?" 680641 }
    { "maximum-cardinality-order" 1432991 }
    { "compute-next-uses" 1466406 }
    { "preference-guided-colors" 6554178 }
    { "interference-graph" 1648733 }
}
TOTAL 111079373
PROFILE "nbody"
H{
    { "instruction-next-uses" 276955 }
    { "spill-ssa" 6719531 }
    { "perfect-order?" 468343 }
    { "maximum-cardinality-order" 1186048 }
    { "compute-next-uses" 1126147 }
    { "preference-guided-colors" 4406352 }
    { "interference-graph" 766864 }
}
TOTAL 81533584
PROFILE "nbody"
H{
    { "instruction-next-uses" 297455 }
    { "spill-ssa" 7066760 }
    { "perfect-order?" 624348 }
    { "maximum-cardinality-order" 1228483 }
    { "compute-next-uses" 1660377 }
    { "preference-guided-colors" 6342577 }
    { "interference-graph" 1238979 }
}
TOTAL 642128101
PROFILE "fannkuch"
H{
    { "instruction-next-uses" 266418 }
    { "spill-ssa" 6808214 }
    { "perfect-order?" 549892 }
    { "maximum-cardinality-order" 685028 }
    { "compute-next-uses" 1189984 }
    { "preference-guided-colors" 4811104 }
    { "interference-graph" 697123 }
}
TOTAL 40889054
PROFILE "binary-trees"
H{
    { "instruction-next-uses" 767930 }
    { "spill-ssa" 16704220 }
    { "perfect-order?" 930085 }
    { "maximum-cardinality-order" 1857874 }
    { "compute-next-uses" 2739333 }
    { "preference-guided-colors" 12877854 }
    { "interference-graph" 1582354 }
}
TOTAL 87365137
PROFILE "struct-arrays-bench"
H{
    { "instruction-next-uses" 108773 }
    { "spill-ssa" 2161069 }
    { "perfect-order?" 123164 }
    { "maximum-cardinality-order" 429311 }
    { "compute-next-uses" 314593 }
    { "preference-guided-colors" 2612110 }
    { "interference-graph" 270723 }
}
TOTAL 26556602
