
Restarts were invoked adding vocabularies to the search path.
To avoid doing this in the future, add the following forms
at the top of the source file:

USING: arrays compiler compiler.cfg.linear-scan.allocation.state
compiler.cfg.register-allocation
compiler.cfg.register-allocation.backtracking
compiler.cfg.register-allocation.rematerialization
compiler.cfg.register-allocation.spill-sites
compiler.cfg.value-numbering compiler.units continuations
generic io io.sockets io.sockets.private kernel math namespaces
parser prettyprint sequences vocabs vocabs.loader ;
IN: allocator-backtracking-ipv6-probe

flags loop/remat={ f f }
PASS (100 native address round trips)
flags loop/remat={ f t }
PASS (100 native address round trips)
flags loop/remat={ t f }
PASS (100 native address round trips)
flags loop/remat={ t t }
PASS (100 native address round trips)
