Unit Test: {
    { { f t t t t f f f } }
    [
        { -32769 -32768 -1 0 32767 32768 1.0 f }
        [ cheap-integer? ] map
    ]
}
Unit Test: {
    { { 1 } }
    [
        [
            init-remat-test {
                T{ ##load-integer { dst 1 } { val 17 } }
                T{ ##load-integer
                    { dst 2 }
                    { val 81985529216486895 }
                }
                T{ ##load-reference { dst 3 } { obj "root" } }
                T{ ##load-double { dst 4 } { val -0.0 } }
                T{ ##load-double { dst 4 } { val 0/0. } }
                T{ ##load-tagged { dst 3 } { val 17 } }
                T{ ##branch }
            } recipe-keys
        ] with-scope
    ]
}
Unit Test: {
    { { } }
    [
        [
            init-remat-test 1 2 leader-map get set-at {
                T{ ##load-integer { dst 1 } { val 17 } }
                T{ ##load-integer { dst 2 } { val 17 } }
                T{ ##branch }
            } recipe-keys
        ] with-scope
    ]
}
Unit Test: {
    { { } }
    [
        [
            init-remat-test {
                T{ ##load-integer { dst 1 } { val 17 } }
                T{ ##load-integer { dst 2 } { val 18 } }
                T{ ##box
                    { dst 3 }
                    { src 1 }
                    { rep int-rep }
                    { gc-map
                        T{ gc-map
                            { gc-roots ~vector~ }
                            { derived-roots ~hashtable~ }
                        }
                    }
                }
                T{ ##call-gc
                    { gc-map
                        T{ gc-map
                            { gc-roots ~vector~ }
                            { derived-roots ~hashtable~ }
                        }
                    }
                }
                T{ ##branch }
            } recipe-keys
        ] with-scope
    ]
}
Unit Test: {
    { { } }
    [
        [
            init-remat-test {
                T{ ##load-integer { dst 1 } { val 17 } }
                T{ ##phi { dst 2 } { inputs H{ { f 1 } } } }
                T{ ##branch }
            } recipe-keys
        ] with-scope
    ]
}
Unit Test: {
    { f t 0 }
    [
        [
            init-remat-test H{ } clone
            [ test-recipe 1 rot set-at ] keep
            rematerialization-recipes set
            H{ } clone spill-slots set 1 <live-interval> V{
                T{ vreg-use { n 0 } { def-rep int-rep } }
                T{ vreg-use { n 4 } { use-rep int-rep } }
            } >>uses V{ { 0 4 } } >>ranges 2 split-for-spill
            [ spill-to>> ] [ reload-from>> constant-recipe? ]
            bi* spill-slots get assoc-size
        ] with-scope
    ]
}
Unit Test: {
    { t t }
    [
        [
            init-remat-test [
                test-recipe 0 int-rep add-mapping
                0 1 int-rep add-mapping
            ] { } make mapping-instructions
            [ [ ##load-integer? ] count 1 = ]
            [ [ ##copy? ] count 1 = ] bi
        ] with-scope
    ]
}
Unit Test: { { { } } [ [ 0 test-recipe int-rep add-mapping ] { } make ] }
Unit Test: {
    { t }
    [
        {
            linear-scan-allocator
            greedy-allocator
            backtracking-allocator
            chordal-allocator
        } [
            load-local 0 get-local f pressure-metrics load-local
            -1 get-local t pressure-metrics load-local
            { "spills" "reloads" "spill-bytes" "code-bytes" } -1
            get-local 0 get-local [
                2 load-locals -1 get-local 0 get-local [
                    2 load-locals load-local
                    0 get-local -2 get-local at
                    0 get-local -1 get-local at > 3 drop-locals
                ] curry curry call 2 drop-locals
            ] curry curry all?
            "rematerializations" 0 get-local at 0 > and
            3 drop-locals
        ] all?
    ]
}
Unit Test: {
    { t }
    [
        value-flow-verifier-enabled? t assert= {
            linear-scan-allocator
            greedy-allocator
            backtracking-allocator
            chordal-allocator
        } [
            load-local { f t } 0 get-local [
                load-local 0 get-local [
                    load-local load-local
                    -1 get-local 0 get-local [
                        2 load-locals
                        <pressure-diamond> -1 get-local 0
                        get-local compile-pressure load-local
                        1 0 get-local ( x -- sum )
                        execute-effect 820 =
                        -1 0 get-local ( x -- sum )
                        execute-effect 821 = and
                        <pressure-loop> -2 get-local -1
                        get-local compile-pressure load-local
                        0 0 get-local ( x -- sum )
                        execute-effect 0 = and
                        3 0 get-local ( x -- sum )
                        execute-effect 820 = and
                        <pressure-gc> -3 get-local -2 get-local
                        compile-pressure
                        0 swap ( x -- sum ) execute-effect 820 =
                        and 4 drop-locals
                    ] curry curry with-scope 2 drop-locals
                ] curry call 1 drop-locals
            ] curry all? 1 drop-locals
        ] all?
    ]
}
Unit Test: {
    { t }
    [
        {
            linear-scan-allocator
            greedy-allocator
            backtracking-allocator
            chordal-allocator
        } [
            load-local { f t } 0 get-local [
                load-local 0 get-local [
                    load-local load-local
                    -1 get-local 0 get-local [
                        2 load-locals
                        <constant-pressure-cfg> -1 get-local 0
                        get-local compile-pressure
                        0 swap ( x -- sum ) execute-effect 820 =
                        2 drop-locals
                    ] curry curry with-scope 2 drop-locals
                ] curry call 1 drop-locals
            ] curry all? 1 drop-locals
        ] all?
    ]
}
Unit Test: {
    { t }
    [
        {
            linear-scan-allocator
            greedy-allocator
            backtracking-allocator
            chordal-allocator
        } [
            load-local 0 get-local register-allocator [
                { f t } [
                    [
                        [
                            load-local
                            0 get-local rematerialize-constants?
                            [ 10 ~quotation~ compile-call ]
                            with-variable 1 drop-locals
                        ] call
                    ] call
                ] map { 48 48 } =
            ] with-variable 1 drop-locals
        ] all?
    ]
}

Restarts were invoked adding vocabularies to the search path.
To avoid doing this in the future, add the following forms
at the top of the source file:

USING: assocs compiler.cfg.register-allocation
compiler.cfg.register-allocation.backtracking
compiler.cfg.register-allocation.chordal
compiler.cfg.register-allocation.greedy
compiler.cfg.register-allocation.rematerialization.tests io json
kernel locals namespaces parser prettyprint sequences tools.test
vocabs vocabs.loader vocabs.refresh ;

{"rematerializations":0,"blocks":1,"code-bytes":736,"spills":28,"reloads":28,"instructions":139,"enabled":false,"frame-bytes":240,"spill-bytes":224,"allocator":"linear-scan-allocator","copies":0}
{"rematerializations":28,"blocks":1,"code-bytes":512,"spills":0,"reloads":0,"instructions":111,"enabled":true,"frame-bytes":0,"spill-bytes":0,"allocator":"linear-scan-allocator","copies":0}
{"rematerializations":0,"blocks":1,"code-bytes":896,"spills":57,"reloads":29,"instructions":169,"enabled":false,"frame-bytes":240,"spill-bytes":232,"allocator":"greedy-allocator","copies":0}
{"rematerializations":29,"blocks":1,"code-bytes":480,"spills":0,"reloads":0,"instructions":112,"enabled":true,"frame-bytes":0,"spill-bytes":0,"allocator":"greedy-allocator","copies":0}
{"rematerializations":0,"blocks":1,"code-bytes":736,"spills":29,"reloads":29,"instructions":141,"enabled":false,"frame-bytes":240,"spill-bytes":232,"allocator":"backtracking-allocator","copies":0}
{"rematerializations":29,"blocks":1,"code-bytes":496,"spills":0,"reloads":0,"instructions":112,"enabled":true,"frame-bytes":0,"spill-bytes":0,"allocator":"backtracking-allocator","copies":0}
{"rematerializations":0,"blocks":1,"code-bytes":736,"spills":28,"reloads":28,"instructions":139,"enabled":false,"frame-bytes":240,"spill-bytes":224,"allocator":"chordal-allocator","copies":0}
{"rematerializations":28,"blocks":1,"code-bytes":512,"spills":0,"reloads":0,"instructions":111,"enabled":true,"frame-bytes":0,"spill-bytes":0,"allocator":"chordal-allocator","copies":0}
