Unit Test: { { "3.53.4" } [ sqlite3_libversion ] }
Unit Test: { { t "SELECT 123" } [ expanded-result ] }
--> test failed!
Unit Test: { { t t } [ serialized-result ] }
--> test failed!
Unit Test: {
    { t }
    [ \ sqlite3_prepare16 def>> fourth second pointer: void = ]
}
--> test failed!
Unit Test: {
    { t }
    [
        \ sqlite3_deserialize def>> fourth third
        pointer: uchar =
    ]
}
--> test failed!

==== resource:reference/sqlite-3534-completion-20260908/baseline-tests.factor

resource:reference/sqlite-3534-completion-20260908/baseline-tests.factor: 30

Unit Test: { { t "SELECT 123" } [ expanded-result ] }

=== Expected:
t
"SELECT 123"
=== Got:
f
"SELECT 123"
(U) [ c-to-factor => ]
    c-to-factor
(U) [ [ (get-catchstack) push ] dip call => (get-catchstack) pop* ]
(O) command-line-startup
(O) run-script
(U) [
        2dup check-call-effect 2dup [
            ~quotation~ dip
            dup terminated?>> ~quotation~ ~quotation~ if
        ] 2dip => rot [ 2drop ] [ wrong-values ] if
    ]
(U) [
        [ ~quotation~ dip dip ] dip => dup terminated?>>
        [ 2drop f ]
        [ dup in>> length swap out>> length check-datastack ] if
    ]
(U) [ swap [ call ] dip => ]
    dip
(U) [ output>array => datastack. ]
(U) [ [ ~quotation~ ~quotation~ bi ] dip => nsequence ]
    output>sequence
(U) [ [ keep ] dip => call ]
    bi
(U) [ over [ call ] dip => ]
    keep
(U) [
        f restartable-tests? set-global "db.sqlite.ffi" reload
        "SQLITE_3534_BINDINGS" os-env run-file
        "resource:reference/sqlite-3534-completion-20260908/baseline-t..."
        run-test-file => :test-failures compiler-errors get values
        [ print-error ] each
        test-failures get empty? compiler-errors get assoc-empty?
        and 0 1 ? exit
    ]
(O) run-test-file
(U) [
        { "3.53.4" } [ sqlite3_libversion ] \ (unit-test) 7
        experiment
        { t "SELECT 123" } [ expanded-result ] \ (unit-test) 30
        experiment =>
        { t t } [ serialized-result ] \ (unit-test) 44 experiment
        { t }
        [ \ sqlite3_prepare16 def>> fourth second pointer: void = ]
        \ (unit-test) 46 experiment
        { t } [
            \ sqlite3_deserialize def>> fourth third
            pointer: uchar =
        ] \ (unit-test) 47 experiment
    ]
(U) [
        2 load-locals -1 get-local <experiment> load-local
        silent-tests? get 0 get-local
        [ load-local 0 get-local experiment. 1 drop-locals ] curry
        unless -2 get-local execute => 0 get-local -1 get-local [
            2 load-locals -1 get-local 0 get-local ~quotation~ curry
            curry ~quotation~ if 2 drop-locals
        ] curry curry [ 2drop "Warning: test skipped!" print ] if
        3 drop-locals
    ]
    experiment
(O) (unit-test)
(O) assert-sequence=
(O) assert-sequence
(O) M\ object throw
(U) [
        OBJ-CURRENT-THREAD special-object error-thread set-global
        current-continuation => error-continuation set-global
        [ original-error set-global ] [ rethrow ] bi
    ]

resource:reference/sqlite-3534-completion-20260908/baseline-tests.factor: 44

Unit Test: { { t t } [ serialized-result ] }

=== Expected:
t
t
=== Got:
f
f
(U) [ c-to-factor => ]
    c-to-factor
(U) [ [ (get-catchstack) push ] dip call => (get-catchstack) pop* ]
(O) command-line-startup
(O) run-script
(U) [
        2dup check-call-effect 2dup [
            ~quotation~ dip
            dup terminated?>> ~quotation~ ~quotation~ if
        ] 2dip => rot [ 2drop ] [ wrong-values ] if
    ]
(U) [
        [ ~quotation~ dip dip ] dip => dup terminated?>>
        [ 2drop f ]
        [ dup in>> length swap out>> length check-datastack ] if
    ]
(U) [ swap [ call ] dip => ]
    dip
(U) [ output>array => datastack. ]
(U) [ [ ~quotation~ ~quotation~ bi ] dip => nsequence ]
    output>sequence
(U) [ [ keep ] dip => call ]
    bi
(U) [ over [ call ] dip => ]
    keep
(U) [
        f restartable-tests? set-global "db.sqlite.ffi" reload
        "SQLITE_3534_BINDINGS" os-env run-file
        "resource:reference/sqlite-3534-completion-20260908/baseline-t..."
        run-test-file => :test-failures compiler-errors get values
        [ print-error ] each
        test-failures get empty? compiler-errors get assoc-empty?
        and 0 1 ? exit
    ]
(O) run-test-file
(U) [
        { "3.53.4" } [ sqlite3_libversion ] \ (unit-test) 7
        experiment
        { t "SELECT 123" } [ expanded-result ] \ (unit-test) 30
        experiment
        { t t } [ serialized-result ] \ (unit-test) 44 experiment =>
        { t }
        [ \ sqlite3_prepare16 def>> fourth second pointer: void = ]
        \ (unit-test) 46 experiment
        { t } [
            \ sqlite3_deserialize def>> fourth third
            pointer: uchar =
        ] \ (unit-test) 47 experiment
    ]
(U) [
        2 load-locals -1 get-local <experiment> load-local
        silent-tests? get 0 get-local
        [ load-local 0 get-local experiment. 1 drop-locals ] curry
        unless -2 get-local execute => 0 get-local -1 get-local [
            2 load-locals -1 get-local 0 get-local ~quotation~ curry
            curry ~quotation~ if 2 drop-locals
        ] curry curry [ 2drop "Warning: test skipped!" print ] if
        3 drop-locals
    ]
    experiment
(O) (unit-test)
(O) assert-sequence=
(O) assert-sequence
(O) M\ object throw
(U) [
        OBJ-CURRENT-THREAD special-object error-thread set-global
        current-continuation => error-continuation set-global
        [ original-error set-global ] [ rethrow ] bi
    ]

resource:reference/sqlite-3534-completion-20260908/baseline-tests.factor: 46

Unit Test: {
    { t }
    [ \ sqlite3_prepare16 def>> fourth second pointer: void = ]
}

=== Expected:
t
=== Got:
f
(U) [ c-to-factor => ]
    c-to-factor
(U) [ [ (get-catchstack) push ] dip call => (get-catchstack) pop* ]
(O) command-line-startup
(O) run-script
(U) [
        2dup check-call-effect 2dup [
            ~quotation~ dip
            dup terminated?>> ~quotation~ ~quotation~ if
        ] 2dip => rot [ 2drop ] [ wrong-values ] if
    ]
(U) [
        [ ~quotation~ dip dip ] dip => dup terminated?>>
        [ 2drop f ]
        [ dup in>> length swap out>> length check-datastack ] if
    ]
(U) [ swap [ call ] dip => ]
    dip
(U) [ output>array => datastack. ]
(U) [ [ ~quotation~ ~quotation~ bi ] dip => nsequence ]
    output>sequence
(U) [ [ keep ] dip => call ]
    bi
(U) [ over [ call ] dip => ]
    keep
(U) [
        f restartable-tests? set-global "db.sqlite.ffi" reload
        "SQLITE_3534_BINDINGS" os-env run-file
        "resource:reference/sqlite-3534-completion-20260908/baseline-t..."
        run-test-file => :test-failures compiler-errors get values
        [ print-error ] each
        test-failures get empty? compiler-errors get assoc-empty?
        and 0 1 ? exit
    ]
(O) run-test-file
(U) [
        { "3.53.4" } [ sqlite3_libversion ] \ (unit-test) 7
        experiment
        { t "SELECT 123" } [ expanded-result ] \ (unit-test) 30
        experiment
        { t t } [ serialized-result ] \ (unit-test) 44 experiment
        { t }
        [ \ sqlite3_prepare16 def>> fourth second pointer: void = ]
        \ (unit-test) 46 experiment =>
        { t } [
            \ sqlite3_deserialize def>> fourth third
            pointer: uchar =
        ] \ (unit-test) 47 experiment
    ]
(U) [
        2 load-locals -1 get-local <experiment> load-local
        silent-tests? get 0 get-local
        [ load-local 0 get-local experiment. 1 drop-locals ] curry
        unless -2 get-local execute => 0 get-local -1 get-local [
            2 load-locals -1 get-local 0 get-local ~quotation~ curry
            curry ~quotation~ if 2 drop-locals
        ] curry curry [ 2drop "Warning: test skipped!" print ] if
        3 drop-locals
    ]
    experiment
(O) (unit-test)
(O) assert-sequence=
(O) assert-sequence
(O) M\ object throw
(U) [
        OBJ-CURRENT-THREAD special-object error-thread set-global
        current-continuation => error-continuation set-global
        [ original-error set-global ] [ rethrow ] bi
    ]

resource:reference/sqlite-3534-completion-20260908/baseline-tests.factor: 47

Unit Test: {
    { t }
    [
        \ sqlite3_deserialize def>> fourth third
        pointer: uchar =
    ]
}

=== Expected:
t
=== Got:
f
(U) [ c-to-factor => ]
    c-to-factor
(U) [ [ (get-catchstack) push ] dip call => (get-catchstack) pop* ]
(O) command-line-startup
(O) run-script
(U) [
        2dup check-call-effect 2dup [
            ~quotation~ dip
            dup terminated?>> ~quotation~ ~quotation~ if
        ] 2dip => rot [ 2drop ] [ wrong-values ] if
    ]
(U) [
        [ ~quotation~ dip dip ] dip => dup terminated?>>
        [ 2drop f ]
        [ dup in>> length swap out>> length check-datastack ] if
    ]
(U) [ swap [ call ] dip => ]
    dip
(U) [ output>array => datastack. ]
(U) [ [ ~quotation~ ~quotation~ bi ] dip => nsequence ]
    output>sequence
(U) [ [ keep ] dip => call ]
    bi
(U) [ over [ call ] dip => ]
    keep
(U) [
        f restartable-tests? set-global "db.sqlite.ffi" reload
        "SQLITE_3534_BINDINGS" os-env run-file
        "resource:reference/sqlite-3534-completion-20260908/baseline-t..."
        run-test-file => :test-failures compiler-errors get values
        [ print-error ] each
        test-failures get empty? compiler-errors get assoc-empty?
        and 0 1 ? exit
    ]
(O) run-test-file
(U) [
        2 load-locals -1 get-local <experiment> load-local
        silent-tests? get 0 get-local
        [ load-local 0 get-local experiment. 1 drop-locals ] curry
        unless -2 get-local execute => 0 get-local -1 get-local [
            2 load-locals -1 get-local 0 get-local ~quotation~ curry
            curry ~quotation~ if 2 drop-locals
        ] curry curry [ 2drop "Warning: test skipped!" print ] if
        3 drop-locals
    ]
    experiment
(O) (unit-test)
(O) assert-sequence=
(O) assert-sequence
(O) M\ object throw
(U) [
        OBJ-CURRENT-THREAD special-object error-thread set-global
        current-continuation => error-continuation set-global
        [ original-error set-global ] [ rethrow ] bi
    ]
