Unit Test: { { "3.53.4" } [ sqlite3_libversion ] }
Unit Test: { { t "SELECT 123" } [ expanded-result ] }
Unit Test: { { t t } [ serialized-result ] }
Unit Test: { { 8675309 } [ binary-roundtrip ] }
Unit Test: { { "λ雪" } [ prepare-utf16 ] }
Unit Test: {
    { t }
    [ \ sqlite3_prepare16 def>> fourth second pointer: void = ]
}
Unit Test: {
    { t }
    [
        \ sqlite3_deserialize def>> fourth third
        pointer: uchar =
    ]
}
Unit Test: {
    { t "sample.db" "sample.db-journal" "sample.db-wal" }
    [ native-filename ]
}
Unit Test: { { "abcXYZ" } [ builder-truncate ] }
