LAYOUT sqlite3_file size 8
LAYOUT sqlite3_file align 8
LAYOUT sqlite3_file pMethods 0
LAYOUT sqlite3_io_methods size 152
LAYOUT sqlite3_io_methods align 8
LAYOUT sqlite3_io_methods iVersion 0
LAYOUT sqlite3_io_methods xClose 8
LAYOUT sqlite3_io_methods xRead 16
LAYOUT sqlite3_io_methods xWrite 24
LAYOUT sqlite3_io_methods xTruncate 32
LAYOUT sqlite3_io_methods xSync 40
LAYOUT sqlite3_io_methods xFileSize 48
LAYOUT sqlite3_io_methods xLock 56
LAYOUT sqlite3_io_methods xUnlock 64
LAYOUT sqlite3_io_methods xCheckReservedLock 72
LAYOUT sqlite3_io_methods xFileControl 80
LAYOUT sqlite3_io_methods xSectorSize 88
LAYOUT sqlite3_io_methods xDeviceCharacteristics 96
LAYOUT sqlite3_io_methods xShmMap 104
LAYOUT sqlite3_io_methods xShmLock 112
LAYOUT sqlite3_io_methods xShmBarrier 120
LAYOUT sqlite3_io_methods xShmUnmap 128
LAYOUT sqlite3_io_methods xFetch 136
LAYOUT sqlite3_io_methods xUnfetch 144
LAYOUT sqlite3_vfs size 168
LAYOUT sqlite3_vfs align 8
LAYOUT sqlite3_vfs iVersion 0
LAYOUT sqlite3_vfs szOsFile 4
LAYOUT sqlite3_vfs mxPathname 8
LAYOUT sqlite3_vfs pNext 16
LAYOUT sqlite3_vfs zName 24
LAYOUT sqlite3_vfs pAppData 32
LAYOUT sqlite3_vfs xOpen 40
LAYOUT sqlite3_vfs xDelete 48
LAYOUT sqlite3_vfs xAccess 56
LAYOUT sqlite3_vfs xFullPathname 64
LAYOUT sqlite3_vfs xDlOpen 72
LAYOUT sqlite3_vfs xDlError 80
LAYOUT sqlite3_vfs xDlSym 88
LAYOUT sqlite3_vfs xDlClose 96
LAYOUT sqlite3_vfs xRandomness 104
LAYOUT sqlite3_vfs xSleep 112
LAYOUT sqlite3_vfs xCurrentTime 120
LAYOUT sqlite3_vfs xGetLastError 128
LAYOUT sqlite3_vfs xCurrentTimeInt64 136
LAYOUT sqlite3_vfs xSetSystemCall 144
LAYOUT sqlite3_vfs xGetSystemCall 152
LAYOUT sqlite3_vfs xNextSystemCall 160
LAYOUT sqlite3_mem_methods size 64
LAYOUT sqlite3_mem_methods align 8
LAYOUT sqlite3_mem_methods xMalloc 0
LAYOUT sqlite3_mem_methods xFree 8
LAYOUT sqlite3_mem_methods xRealloc 16
LAYOUT sqlite3_mem_methods xSize 24
LAYOUT sqlite3_mem_methods xRoundup 32
LAYOUT sqlite3_mem_methods xInit 40
LAYOUT sqlite3_mem_methods xShutdown 48
LAYOUT sqlite3_mem_methods pAppData 56
LAYOUT sqlite3_module size 200
LAYOUT sqlite3_module align 8
LAYOUT sqlite3_module iVersion 0
LAYOUT sqlite3_module xCreate 8
LAYOUT sqlite3_module xConnect 16
LAYOUT sqlite3_module xBestIndex 24
LAYOUT sqlite3_module xDisconnect 32
LAYOUT sqlite3_module xDestroy 40
LAYOUT sqlite3_module xOpen 48
LAYOUT sqlite3_module xClose 56
LAYOUT sqlite3_module xFilter 64
LAYOUT sqlite3_module xNext 72
LAYOUT sqlite3_module xEof 80
LAYOUT sqlite3_module xColumn 88
LAYOUT sqlite3_module xRowid 96
LAYOUT sqlite3_module xUpdate 104
LAYOUT sqlite3_module xBegin 112
LAYOUT sqlite3_module xSync 120
LAYOUT sqlite3_module xCommit 128
LAYOUT sqlite3_module xRollback 136
LAYOUT sqlite3_module xFindFunction 144
LAYOUT sqlite3_module xRename 152
LAYOUT sqlite3_module xSavepoint 160
LAYOUT sqlite3_module xRelease 168
LAYOUT sqlite3_module xRollbackTo 176
LAYOUT sqlite3_module xShadowName 184
LAYOUT sqlite3_module xIntegrity 192
LAYOUT sqlite3_index_info size 96
LAYOUT sqlite3_index_info align 8
LAYOUT sqlite3_index_info nConstraint 0
LAYOUT sqlite3_index_info aConstraint 8
LAYOUT sqlite3_index_info nOrderBy 16
LAYOUT sqlite3_index_info aOrderBy 24
LAYOUT sqlite3_index_info aConstraintUsage 32
LAYOUT sqlite3_index_info idxNum 40
LAYOUT sqlite3_index_info idxStr 48
LAYOUT sqlite3_index_info needToFreeIdxStr 56
LAYOUT sqlite3_index_info orderByConsumed 60
LAYOUT sqlite3_index_info estimatedCost 64
LAYOUT sqlite3_index_info estimatedRows 72
LAYOUT sqlite3_index_info idxFlags 80
LAYOUT sqlite3_index_info colUsed 88
LAYOUT sqlite3_index_constraint size 12
LAYOUT sqlite3_index_constraint align 4
LAYOUT sqlite3_index_constraint iColumn 0
LAYOUT sqlite3_index_constraint op 4
LAYOUT sqlite3_index_constraint usable 5
LAYOUT sqlite3_index_constraint iTermOffset 8
LAYOUT sqlite3_index_orderby size 8
LAYOUT sqlite3_index_orderby align 4
LAYOUT sqlite3_index_orderby iColumn 0
LAYOUT sqlite3_index_orderby desc 4
LAYOUT sqlite3_index_constraint_usage size 8
LAYOUT sqlite3_index_constraint_usage align 4
LAYOUT sqlite3_index_constraint_usage argvIndex 0
LAYOUT sqlite3_index_constraint_usage omit 4
LAYOUT sqlite3_vtab size 24
LAYOUT sqlite3_vtab align 8
LAYOUT sqlite3_vtab pModule 0
LAYOUT sqlite3_vtab nRef 8
LAYOUT sqlite3_vtab zErrMsg 16
LAYOUT sqlite3_vtab_cursor size 8
LAYOUT sqlite3_vtab_cursor align 8
LAYOUT sqlite3_vtab_cursor pVtab 0
LAYOUT sqlite3_mutex_methods size 72
LAYOUT sqlite3_mutex_methods align 8
LAYOUT sqlite3_mutex_methods xMutexInit 0
LAYOUT sqlite3_mutex_methods xMutexEnd 8
LAYOUT sqlite3_mutex_methods xMutexAlloc 16
LAYOUT sqlite3_mutex_methods xMutexFree 24
LAYOUT sqlite3_mutex_methods xMutexEnter 32
LAYOUT sqlite3_mutex_methods xMutexTry 40
LAYOUT sqlite3_mutex_methods xMutexLeave 48
LAYOUT sqlite3_mutex_methods xMutexHeld 56
LAYOUT sqlite3_mutex_methods xMutexNotheld 64
LAYOUT sqlite3_pcache_page size 16
LAYOUT sqlite3_pcache_page align 8
LAYOUT sqlite3_pcache_page pBuf 0
LAYOUT sqlite3_pcache_page pExtra 8
LAYOUT sqlite3_pcache_methods2 size 104
LAYOUT sqlite3_pcache_methods2 align 8
LAYOUT sqlite3_pcache_methods2 iVersion 0
LAYOUT sqlite3_pcache_methods2 pArg 8
LAYOUT sqlite3_pcache_methods2 xInit 16
LAYOUT sqlite3_pcache_methods2 xShutdown 24
LAYOUT sqlite3_pcache_methods2 xCreate 32
LAYOUT sqlite3_pcache_methods2 xCachesize 40
LAYOUT sqlite3_pcache_methods2 xPagecount 48
LAYOUT sqlite3_pcache_methods2 xFetch 56
LAYOUT sqlite3_pcache_methods2 xUnpin 64
LAYOUT sqlite3_pcache_methods2 xRekey 72
LAYOUT sqlite3_pcache_methods2 xTruncate 80
LAYOUT sqlite3_pcache_methods2 xDestroy 88
LAYOUT sqlite3_pcache_methods2 xShrink 96
LAYOUT sqlite3_pcache_methods size 88
LAYOUT sqlite3_pcache_methods align 8
LAYOUT sqlite3_pcache_methods pArg 0
LAYOUT sqlite3_pcache_methods xInit 8
LAYOUT sqlite3_pcache_methods xShutdown 16
LAYOUT sqlite3_pcache_methods xCreate 24
LAYOUT sqlite3_pcache_methods xCachesize 32
LAYOUT sqlite3_pcache_methods xPagecount 40
LAYOUT sqlite3_pcache_methods xFetch 48
LAYOUT sqlite3_pcache_methods xUnpin 56
LAYOUT sqlite3_pcache_methods xRekey 64
LAYOUT sqlite3_pcache_methods xTruncate 72
LAYOUT sqlite3_pcache_methods xDestroy 80
LAYOUT sqlite3_snapshot size 48
LAYOUT sqlite3_snapshot align 1
LAYOUT sqlite3_snapshot hidden 0
LAYOUT sqlite3_rtree_geometry size 40
LAYOUT sqlite3_rtree_geometry align 8
LAYOUT sqlite3_rtree_geometry pContext 0
LAYOUT sqlite3_rtree_geometry nParam 8
LAYOUT sqlite3_rtree_geometry aParam 16
LAYOUT sqlite3_rtree_geometry pUser 24
LAYOUT sqlite3_rtree_geometry xDelUser 32
LAYOUT sqlite3_rtree_query_info size 112
LAYOUT sqlite3_rtree_query_info align 8
LAYOUT sqlite3_rtree_query_info pContext 0
LAYOUT sqlite3_rtree_query_info nParam 8
LAYOUT sqlite3_rtree_query_info aParam 16
LAYOUT sqlite3_rtree_query_info pUser 24
LAYOUT sqlite3_rtree_query_info xDelUser 32
LAYOUT sqlite3_rtree_query_info aCoord 40
LAYOUT sqlite3_rtree_query_info anQueue 48
LAYOUT sqlite3_rtree_query_info nCoord 56
LAYOUT sqlite3_rtree_query_info iLevel 60
LAYOUT sqlite3_rtree_query_info mxLevel 64
LAYOUT sqlite3_rtree_query_info iRowid 72
LAYOUT sqlite3_rtree_query_info rParentScore 80
LAYOUT sqlite3_rtree_query_info eParentWithin 88
LAYOUT sqlite3_rtree_query_info eWithin 92
LAYOUT sqlite3_rtree_query_info rScore 96
LAYOUT sqlite3_rtree_query_info apSqlParam 104
LAYOUT Fts5PhraseIter size 16
LAYOUT Fts5PhraseIter align 8
LAYOUT Fts5PhraseIter a 0
LAYOUT Fts5PhraseIter b 8
LAYOUT Fts5ExtensionApi size 192
LAYOUT Fts5ExtensionApi align 8
LAYOUT Fts5ExtensionApi iVersion 0
LAYOUT Fts5ExtensionApi xUserData 8
LAYOUT Fts5ExtensionApi xColumnCount 16
LAYOUT Fts5ExtensionApi xRowCount 24
LAYOUT Fts5ExtensionApi xColumnTotalSize 32
LAYOUT Fts5ExtensionApi xTokenize 40
LAYOUT Fts5ExtensionApi xPhraseCount 48
LAYOUT Fts5ExtensionApi xPhraseSize 56
LAYOUT Fts5ExtensionApi xInstCount 64
LAYOUT Fts5ExtensionApi xInst 72
LAYOUT Fts5ExtensionApi xRowid 80
LAYOUT Fts5ExtensionApi xColumnText 88
LAYOUT Fts5ExtensionApi xColumnSize 96
LAYOUT Fts5ExtensionApi xQueryPhrase 104
LAYOUT Fts5ExtensionApi xSetAuxdata 112
LAYOUT Fts5ExtensionApi xGetAuxdata 120
LAYOUT Fts5ExtensionApi xPhraseFirst 128
LAYOUT Fts5ExtensionApi xPhraseNext 136
LAYOUT Fts5ExtensionApi xPhraseFirstColumn 144
LAYOUT Fts5ExtensionApi xPhraseNextColumn 152
LAYOUT Fts5ExtensionApi xQueryToken 160
LAYOUT Fts5ExtensionApi xInstToken 168
LAYOUT Fts5ExtensionApi xColumnLocale 176
LAYOUT Fts5ExtensionApi xTokenize_v2 184
LAYOUT fts5_tokenizer_v2 size 32
LAYOUT fts5_tokenizer_v2 align 8
LAYOUT fts5_tokenizer_v2 iVersion 0
LAYOUT fts5_tokenizer_v2 xCreate 8
LAYOUT fts5_tokenizer_v2 xDelete 16
LAYOUT fts5_tokenizer_v2 xTokenize 24
LAYOUT fts5_tokenizer size 24
LAYOUT fts5_tokenizer align 8
LAYOUT fts5_tokenizer xCreate 0
LAYOUT fts5_tokenizer xDelete 8
LAYOUT fts5_tokenizer xTokenize 16
LAYOUT fts5_api size 48
LAYOUT fts5_api align 8
LAYOUT fts5_api iVersion 0
LAYOUT fts5_api xCreateTokenizer 8
LAYOUT fts5_api xFindTokenizer 16
LAYOUT fts5_api xCreateFunction 24
LAYOUT fts5_api xCreateTokenizer_v2 32
LAYOUT fts5_api xFindTokenizer_v2 40
