Unit Test: {
    { 40147957488.0 }
    [
        1 2 3 4 5 6 7 8 -9 250 -300 60000 -70000 3000000000
        -123456789 abi_narrow
    ]
}
Unit Test: {
    { 40147957488.0 }
    [
        1 2 3 4 5 6 7 8 -9 250 -300 60000 -70000 3000000000
        -123456789 "abi_narrow" "gap-abi" library-dll dlsym
        indirect-narrow
    ]
}
Unit Test: {
    { 40147957488.0 }
    [ callback-narrow [ call_narrow ] with-callback ]
}
Unit Test: {
    { 506.0 }
    [ 1.0 2.0 3.0 4.0 5.0 6.0 7.0 8.0 9.0 10.0 11.0 abi_floats ]
}
Unit Test: {
    { 506.0 }
    [
        1.0 2.0 3.0 4.0 5.0 6.0 7.0 8.0 9.0 10.0 11.0
        "abi_floats" "gap-abi" library-dll dlsym indirect-floats
    ]
}
Unit Test: { { 506.0 } [ callback-floats [ call_floats ] with-callback ] }
Unit Test: {
    { -2610657.0 }
    [
        1 2 3 4 5 6 7 8 1.0 2.0 3.0 4.0 5.0 6.0 7.0 8.0 -9 9.5
        -1000 10.25 -123456 abi_mixed
    ]
}
Unit Test: {
    { -2610657.0 }
    [
        1 2 3 4 5 6 7 8 1.0 2.0 3.0 4.0 5.0 6.0 7.0 8.0 -9 9.5
        -1000 10.25 -123456 "abi_mixed" "gap-abi" library-dll
        dlsym indirect-mixed
    ]
}
Unit Test: {
    { -2610657.0 }
    [ callback-mixed [ call_mixed ] with-callback ]
}
Unit Test: { { -35.0 } [ 1 2.5 -3 4.25 -5 -4 direct-var ] }
Unit Test: { { 662.0 } [ 1 2 3 4 5 6 7 8 9 10 11 13.0 direct-var-spill ] }
Unit Test: {
    { -35.0 }
    [
        1 2.5 -3 4.25 -5 -4 "abi_var" "gap-abi" library-dll
        dlsym indirect-var
    ]
}
Unit Test: {
    { 662.0 }
    [
        1 2 3 4 5 6 7 8 9 10 11 13.0 "abi_var_spill" "gap-abi"
        library-dll dlsym indirect-var-spill
    ]
}
Unit Test: { { -35.0 } [ 1 2.5 -3 4.25 -5 -4 syntax-var ] }
Unit Test: { { 55.0 } [ 1.0 2.0 <pair> 3.0 4.0 <pair> 5 abi_var_hfa ] }
Unit Test: {
    { 55.0 }
    [
        1.0 2.0 <pair> 3.0 4.0 <pair>
        5 "abi_var_hfa" "gap-abi" library-dll dlsym
        indirect-var-hfa
    ]
}
Unit Test: { { 47.0 } [ 1 2 3 4 5 6 7 8 -9 10 11 <ints> -12 abi_struct ] }
Unit Test: { { 47.0 } [ struct-callback [ call_struct ] with-callback ] }
Unit Test: {
    { 64.0 }
    [
        1.0 2.0 3.0 4.0 5.0 6.0 7.0 8.0 9.0 <pair>
        10.0 abi_hfa_boundary
    ]
}
Unit Test: {
    { 64.0 }
    [ hfa-callback [ call_hfa_boundary ] with-callback ]
}
Unit Test: {
    { 11.0 22.0 33.0 }
    [ <array-hfa> abi_array_hfa array-hfa-values ]
}
Unit Test: {
    { 11.0 22.0 33.0 }
    [
        <array-hfa> "abi_array_hfa" "gap-abi" library-dll dlsym
        indirect-array array-hfa-values
    ]
}
Unit Test: {
    { 154.0 }
    [ array-callback [ call_array_hfa ] with-callback ]
}
Unit Test: { { 20.0 } [ 1 <array-hfa> 5.0 abi_var_array ] }
Unit Test: { { 64.0 } [ 1 2 3 4 5 6 7 8 9 <longs> 10 abi_int_boundary ] }
Unit Test: {
    { 64.0 }
    [ int-callback [ call_int_boundary ] with-callback ]
}
Unit Test: {
    { 107.0 }
    [
        1 2 3 4 5 6 7 8 1.0 2.0 3.0 4.0 5.0 6.0 7.0 8.0 -9 10.0
        11.0 <pair> 12.0 abi_hfa_stack
    ]
}
"test failures"
0
"compiler errors"
0
