Unit Test: {
    { f }
    [
        "abi_narrow" "compiler.tests.alien-arm64-abi"
        lookup-word
    ]
}
=== Expected:
f
=== Got:
abi_narrow

(U) [ c-to-factor => ]
    c-to-factor
(U) [ [ (get-catchstack) push ] dip call => (get-catchstack) pop* ]
(O) command-line-startup
(O) run-script
(U) [
        2dup check-call-effect 2dup [
            ~quotation~ dip
            dup terminated?>> ~quotation~ ~quotation~ if
        ] 2dip => rot [ 2drop ] [ wrong-values ] if
    ]
(U) [
        [ ~quotation~ dip dip ] dip => dup terminated?>>
        [ 2drop f ]
        [ dup in>> length swap out>> length check-datastack ] if
    ]
(U) [ swap [ call ] dip => ]
    dip
(U) [ output>array => datastack. ]
(U) [ [ ~quotation~ ~quotation~ bi ] dip => nsequence ]
    output>sequence
(U) [ [ keep ] dip => call ]
    bi
(U) [ over [ call ] dip => ]
    keep
(U) [
        "cpu.architecture" reload [
            "alien" reload "stack-checker.alien" reload
            "stack-checker.known-words" reload
            "compiler.cfg.builder.alien.params" reload
            "compiler.cfg.builder.alien.boxing" reload
            "compiler.cfg.renaming.functor" reload
            "compiler.cfg.renaming" reload
            "compiler.cfg.ssa.construction" reload
            "compiler.cfg.representations.rewrite" reload
            "compiler.cfg.linear-scan.assignment" reload
            "alien.parser" reload "alien.syntax" reload
            "cpu.architecture" reload "cpu.arm.64.assembler" reload
            "cpu.arm.64" reload "compiler.cfg.builder.alien" reload
        ] with-compilation-unit
        "resource:reference/arm64-gap-abi-20260908/false-gate.factor"
        run-test-file
        { f } [
            "abi_narrow" "compiler.tests.alien-arm64-abi"
            lookup-word
        ] \ (unit-test) 22 experiment => "test failures" .
        test-failures get length dup . "compiler errors" .
        compiler-errors get assoc-size dup . + 0 = 0 1 ? exit
    ]
(U) [
        2 load-locals -1 get-local <experiment> load-local
        silent-tests? get 0 get-local
        [ load-local 0 get-local experiment. 1 drop-locals ] curry
        unless -2 get-local execute => 0 get-local -1 get-local [
            2 load-locals -1 get-local 0 get-local ~quotation~ curry
            curry ~quotation~ if 2 drop-locals
        ] curry curry [ 2drop "Warning: test skipped!" print ] if
        3 drop-locals
    ]
    experiment
(O) (unit-test)
(O) assert-sequence=
(O) assert-sequence
(O) M\ object throw
(U) [
        OBJ-CURRENT-THREAD special-object error-thread set-global
        current-continuation => error-continuation set-global
        [ original-error set-global ] [ rethrow ] bi
    ]
