
Restarts were invoked adding vocabularies to the search path.
To avoid doing this in the future, add the following forms
at the top of the source file:

USING: accessors compiler.cfg compiler.cfg.instructions
compiler.cfg.register-allocation.chordal
compiler.cfg.register-allocation.rematerialization
compiler.cfg.register-allocation.validation
compiler.cfg.register-allocation.verifier compiler.cfg.registers
compiler.cfg.utilities kernel layouts locals make namespaces
prettyprint ;

27
-6
H{
    { "post-spill-chordal?" t }
    { "chordal?" t }
    { "color-assignments" 9 }
    { "vertices" 9 }
    { "pressure-stores" 2 }
    { "edges" 7 }
    { "repair-assignments" 0 }
    { "pressure-decisions" 22 }
    { "algorithm" "decoupled-ssa-chordal" }
    { "fallback-count" 0 }
    { "reload-definitions" 2 }
}
