Refreshing older image
resource:basis/compiler/cfg/builder/alien/alien.factor

254: :: emit-va-cursor-inputs ( layout -- )
256:     ^^callback-stack :> entry-sp
                         ^
No word named '^^callback-stack' found in current vocabulary search path

(U) [ c-to-factor => ]
    c-to-factor
(U) [ [ (get-catchstack) push ] dip call => (get-catchstack) pop* ]
(O) command-line-startup
(O) run-script
(U) [
        2dup check-call-effect 2dup [
            ~quotation~ dip
            dup terminated?>> ~quotation~ ~quotation~ if
        ] 2dip => rot [ 2drop ] [ wrong-values ] if
    ]
(U) [
        [ ~quotation~ dip dip ] dip => dup terminated?>>
        [ 2drop f ]
        [ dup in>> length swap out>> length check-datastack ] if
    ]
(U) [ swap [ call ] dip => ]
    dip
(U) [ output>array => datastack. ]
(U) [ [ ~quotation~ ~quotation~ bi ] dip => nsequence ]
    output>sequence
(U) [ [ keep ] dip => call ]
    bi
(U) [ over [ call ] dip => ]
    keep
(U) [
        "Refreshing older image" print
        flush refresh-all => compiler-errors get values
        [ print-error ] each compiler-errors get assoc-empty?
        [ "Refresh left compiler errors" throw ] unless
        "Refresh completed without compiler errors" print
        flush 0 exit
    ]
(O) require-all
(O) M\ string require
(O) M\ vocab (require)
(O) load-source
(O) parse-file
(O) parse-stream
(O) finish-compilation-unit
(O) M\ optimizing-compiler recompile
(O) compile-word
(O) frontend
(O) build-tree-with
(O) M\ word (build-tree)
(O) check-no-compile
(O) do-not-compile
(O) M\ object throw
(U) [
        OBJ-CURRENT-THREAD special-object error-thread set-global
        current-continuation => error-continuation set-global
        [ original-error set-global ] [ rethrow ] bi
    ]
