
Restarts were invoked adding vocabularies to the search path.
To avoid doing this in the future, add the following forms
at the top of the source file:

USING: assocs compiler.errors compiler.units debugger io kernel
namespaces sequences system tools.test vocabs.loader ;

alien.libraries.finder.linux
resource:basis/alien/libraries/finder/linux/linux.factor

48:     bytes length 20 >= [
51:         5 bytes nth little-endian? 1 2 ? = and
                                      ^
The name 'little-endian?' resolves to more than one word.

(U) [ c-to-factor => ]
    c-to-factor
(U) [ [ (get-catchstack) push ] dip call => (get-catchstack) pop* ]
(O) command-line-startup
(O) run-script
(U) [
        2dup check-call-effect 2dup [
            ~quotation~ dip
            dup terminated?>> ~quotation~ ~quotation~ if
        ] 2dip => rot [ 2drop ] [ wrong-values ] if
    ]
(U) [
        [ ~quotation~ dip dip ] dip => dup terminated?>>
        [ 2drop f ]
        [ dup in>> length swap out>> length check-datastack ] if
    ]
(U) [ swap [ call ] dip => ]
    dip
(U) [ output>array => datastack. ]
(U) [ [ ~quotation~ ~quotation~ bi ] dip => nsequence ]
    output>sequence
(U) [ [ keep ] dip => call ]
    bi
(U) [ over [ call ] dip => ]
    keep
(U) [
        f restartable-tests? set-global
        [ ~array~ ~quotation~ each ] with-compilation-unit => {
            "alien.libraries.finder.linux"
            "linux.input-events.ffi"
            "linux.input-events"
            "libudev"
        } [ test ] each
        test-failures get empty? compiler-errors get assoc-empty?
        and
        [ "Linux integration tests passed" print 0 ] [
            :test-failures compiler-errors get values ~quotation~
            each 1
        ] if flush exit
    ]
(U) [ swap >n call => ndrop ]
    with-variables
(U) [ swap >n call => ndrop ]
    with-variables
(U) [ [ '[ ~quotation~ dip rethrow ] recover ] keepd => call ]
    cleanup
(U) [ 2keep => drop ]
    keepd
(U) [ swap [ dip ] dip => ]
    2dip
(U) [ swap [ call ] dip => ]
    dip
(U) [ [ (get-catchstack) push ] dip call => (get-catchstack) pop* ]
(U) [ [ '[ ~quotation~ dip rethrow ] recover ] keepd => call ]
    cleanup
(U) [ 2keep => drop ]
    keepd
(U) [ swap [ dip ] dip => ]
    2dip
(U) [ swap [ call ] dip => ]
    dip
(U) [ [ (get-catchstack) push ] dip call => (get-catchstack) pop* ]
(U) [ [ nip call ] 3keep => [ 1 + ] 2dip each-integer-from ]
(U) [ swap [ 2dip ] dip => ]
    3dip
(U) [ swap [ dip ] dip => ]
    2dip
(U) [ swap [ call ] dip => ]
    dip
(O) M\ string require
(O) M\ vocab (require)
(O) load-source
(O) parse-file
(O) parse-stream
(O) parse-fresh
(O) (parse-lines)
(O) (parse-until)
(O) execute-parsing
(O) POSTPONE: ::
(O) (::)
(O) parse-definition
(O) (parse-until)
(O) execute-parsing
(O) POSTPONE: [
(O) (parse-lambda)
(O) (parse-until)
(O) parse-datum
(O) vocab-search
(O) throw-restarts
(O) M\ object throw
(U) [
        OBJ-CURRENT-THREAD special-object error-thread set-global
        current-continuation => error-continuation set-global
        [ original-error set-global ] [ rethrow ] bi
    ]
