endian
alien.data
alien.libraries.finder.linux
linux.input-events.ffi
linux.input-events
libudev
Unit Test: { { f } [ B{ } native-elf-header? ] }
Unit Test: { { f } [ B{ 127 69 76 70 } native-elf-header? ] }
Unit Test: {
    { f }
    [
        "/* GNU ld script: not a loadable ELF object */"
        native-elf-header?
    ]
}
Unit Test: {
    { t }
    [
        "/factor/nonexistent/runtime/lib" "LD_LIBRARY_PATH" [
            library-search-directories first
            "/factor/nonexistent/runtime/lib" =
        ] with-os-env
    ]
}
Unit Test: {
    { t }
    [
        "" "LD_LIBRARY_PATH"
        [ library-search-directories first "." = ] with-os-env
    ]
}
Unit Test: { { t } [ "m" find-library "libm.so" subseq-of? ] }
Unit Test: { { t } [ "c" find-library "libc.so" subseq-of? ] }
Unit Test: {
    { 101 48 t }
    [
        48 100 <mt-request>
        [ length ] [ first ] [ rest [ zero? ] all? ] tri
    ]
}
Must Fail With: { [ 48 0 <mt-request> ] [ invalid-mt-slot-count? ] }
Must Fail With: { [ 48 4095 <mt-request> ] [ invalid-mt-slot-count? ] }
Unit Test: {
    { t }
    [
        EINVAL ENOTTY ENOSYS EOPNOTSUPP 4array
        [ "unsupported" \ libc-error boa unsupported-ioctl? ]
        all?
    ]
}
Unit Test: {
    { f }
    [ 9 "bad descriptor" \ libc-error boa unsupported-ioctl? ]
}
Unit Test: {
    { f }
    [
        13 "permission denied" \ libc-error boa
        unsupported-ioctl?
    ]
}
Unit Test: { { f } [ "not an operating-system error" unsupported-ioctl? ] }
Must Fail With: {
    [ -1 8 B{ 0 0 0 0 } evdev-get-mt-slots ]
    [ invalid-mt-request-size? ]
}
Must Fail With: {
    [ -1 0 0 evdev-get-event-mask ]
    [ invalid-event-mask-length? ]
}
Must Fail With: {
    [ -1 0 4 evdev-get-event-mask ]
    [ dup libc-error? [ errno>> 9 = ] [ drop f ] if ]
}
--> test failed!
Unit Test: {
    { { 0 7 8 15 16 } }
    [ B{ 129 129 1 } seq>explode-positions >array ]
}
Unit Test: {
    { { 1 128 256 32768 65536 } }
    [ B{ 129 129 1 } seq>explode-values >array ]
}
Unit Test: {
    { 4 4 }
    [
        input_mt_request_layout heap-size "values"
        input_mt_request_layout offset-of
    ]
}
Unit Test: { { 2149074240 } [ 69 64 input_absinfo IOR drop ] }
Unit Test: { { 1075332544 } [ 69 192 input_absinfo new IOW drop ] }
Unit Test: { { 1074021761 } [ 69 129 int heap-size IOW-size ] }
Must Fail With: {
    [ -1 0 input_absinfo new evdev-set-abs ]
    [ dup libc-error? [ errno>> 9 = ] [ drop f ] if ]
}
--> test failed!
Must Fail With: {
    [ -1 7 evdev-unset-force-feedback ]
    [ dup libc-error? [ errno>> 9 = ] [ drop f ] if ]
}
--> test failed!
Unit Test: {
    { f }
    [
        "factor_deliberately_missing_udev_symbol"
        udev-function-available?
    ]
}
Must Fail With: {
    [
        "factor_deliberately_missing_udev_symbol"
        require-udev-function
    ]
    [ unavailable-udev-function? ]
}
Unit Test: {
    { ( udev priority file line fn format args -- ) }
    [ \ udev_set_log_fn_callback "callback-effect" word-prop ]
}

==== resource:basis/linux/input-events/ffi/ffi-tests.factor

resource:basis/linux/input-events/ffi/ffi-tests.factor: 17

Must Fail With: {
    [ -1 0 4 evdev-get-event-mask ]
    [ dup libc-error? [ errno>> 9 = ] [ drop f ] if ]
}

did-not-fail
(U) [ c-to-factor => ]
    c-to-factor
(U) [ [ (get-catchstack) push ] dip call => (get-catchstack) pop* ]
(O) command-line-startup
(O) run-script
(U) [
        2dup check-call-effect 2dup [
            ~quotation~ dip
            dup terminated?>> ~quotation~ ~quotation~ if
        ] 2dip => rot [ 2drop ] [ wrong-values ] if
    ]
(U) [
        [ ~quotation~ dip dip ] dip => dup terminated?>>
        [ 2drop f ]
        [ dup in>> length swap out>> length check-datastack ] if
    ]
(U) [ swap [ call ] dip => ]
    dip
(U) [ output>array => datastack. ]
(U) [ [ ~quotation~ ~quotation~ bi ] dip => nsequence ]
    output>sequence
(U) [ [ keep ] dip => call ]
    bi
(U) [ over [ call ] dip => ]
    keep
(U) [
        f restartable-tests? set-global
        [ ~array~ ~quotation~ each ] with-compilation-unit {
            "alien.libraries.finder.linux"
            "linux.input-events"
            "libudev"
        } [ test ] each
        => test-failures get empty? compiler-errors get assoc-empty?
        and
        [ "Linux integration tests passed" print 0 ] [
            :test-failures compiler-errors get values ~quotation~
            each 1
        ] if flush exit
    ]
(U) [ [ nip call ] 3keep => [ 1 + ] 2dip each-integer-from ]
(U) [ swap [ 2dip ] dip => ]
    3dip
(U) [ swap [ dip ] dip => ]
    2dip
(U) [ swap [ call ] dip => ]
    dip
(O) test-vocabs
(O) test-vocab
(O) run-test-file
(U) [
        { t }
        [ EINVAL ENOTTY ENOSYS EOPNOTSUPP 4array ~quotation~ all? ]
        \ (unit-test) 8 experiment
        { f }
        [ 9 "bad descriptor" \ libc-error boa unsupported-ioctl? ]
        \ (unit-test) 9 experiment
        { f } [
            13 "permission denied" \ libc-error boa
            unsupported-ioctl?
        ] \ (unit-test) 10 experiment
        { f } [ "not an operating-system error" unsupported-ioctl? ]
        \ (unit-test) 11 experiment
        [ -1 8 ~byte-array~ evdev-get-mt-slots ]
        [ invalid-mt-request-size? ] \ (must-fail-with) 13
        experiment
        [ -1 0 0 evdev-get-event-mask ]
        [ invalid-event-mask-length? ] \ (must-fail-with) 15
        experiment
        [ -1 0 4 evdev-get-event-mask ]
        [ dup libc-error? ~quotation~ ~quotation~ if ]
        \ (must-fail-with) 17 experiment =>
        { ~array~ } [ ~byte-array~ seq>explode-positions >array ]
        \ (unit-test) 19 experiment
        { ~array~ } [ ~byte-array~ seq>explode-values >array ]
        \ (unit-test) 20 experiment
        { 4 4 } [
            input_mt_request_layout heap-size "values"
            input_mt_request_layout offset-of
        ] \ (unit-test) 21 experiment
        { 2149074240 } [ 69 64 input_absinfo IOR drop ]
        \ (unit-test) 22 experiment
        { 1075332544 } [ 69 192 input_absinfo new IOW drop ]
        \ (unit-test) 23 experiment
        { 1074021761 } [ 69 129 int heap-size IOW-size ]
        \ (unit-test) 24 experiment
        [ -1 0 input_absinfo new evdev-set-abs ]
        [ dup libc-error? ~quotation~ ~quotation~ if ]
        \ (must-fail-with) 29 experiment
        [ -1 7 evdev-unset-force-feedback ]
        [ dup libc-error? ~quotation~ ~quotation~ if ]
        \ (must-fail-with) 31 experiment
    ]
(U) [
        2 load-locals -1 get-local <experiment> load-local
        silent-tests? get 0 get-local
        [ load-local 0 get-local experiment. 1 drop-locals ] curry
        unless -2 get-local execute => 0 get-local -1 get-local [
            2 load-locals -1 get-local 0 get-local ~quotation~ curry
            curry ~quotation~ if 2 drop-locals
        ] curry curry [ 2drop "Warning: test skipped!" print ] if
        3 drop-locals
    ]
    experiment
(O) (must-fail-with)
(U) [
        [ ~quotation~ dip swap ~quotation~ dip ] dip swap
        [ call get-datastack ] dip => swap [ set-datastack ] dip
    ]
(U) [ call => get-datastack ]
(O) evdev-get-event-mask
(O) io-error
(O) throw-errno
(O) (throw-errno)
(O) libc-error
(O) M\ object throw
(U) [
        OBJ-CURRENT-THREAD special-object error-thread set-global
        current-continuation => error-continuation set-global
        [ original-error set-global ] [ rethrow ] bi
    ]

resource:basis/linux/input-events/ffi/ffi-tests.factor: 29

Must Fail With: {
    [ -1 0 input_absinfo new evdev-set-abs ]
    [ dup libc-error? [ errno>> 9 = ] [ drop f ] if ]
}

Unix system call failed:

Inappropriate ioctl for device (25)
(U) [ c-to-factor => ]
    c-to-factor
(U) [ [ (get-catchstack) push ] dip call => (get-catchstack) pop* ]
(O) command-line-startup
(O) run-script
(U) [
        2dup check-call-effect 2dup [
            ~quotation~ dip
            dup terminated?>> ~quotation~ ~quotation~ if
        ] 2dip => rot [ 2drop ] [ wrong-values ] if
    ]
(U) [
        [ ~quotation~ dip dip ] dip => dup terminated?>>
        [ 2drop f ]
        [ dup in>> length swap out>> length check-datastack ] if
    ]
(U) [ swap [ call ] dip => ]
    dip
(U) [ output>array => datastack. ]
(U) [ [ ~quotation~ ~quotation~ bi ] dip => nsequence ]
    output>sequence
(U) [ [ keep ] dip => call ]
    bi
(U) [ over [ call ] dip => ]
    keep
(U) [
        f restartable-tests? set-global
        [ ~array~ ~quotation~ each ] with-compilation-unit {
            "alien.libraries.finder.linux"
            "linux.input-events"
            "libudev"
        } [ test ] each
        => test-failures get empty? compiler-errors get assoc-empty?
        and
        [ "Linux integration tests passed" print 0 ] [
            :test-failures compiler-errors get values ~quotation~
            each 1
        ] if flush exit
    ]
(U) [ [ nip call ] 3keep => [ 1 + ] 2dip each-integer-from ]
(U) [ swap [ 2dip ] dip => ]
    3dip
(U) [ swap [ dip ] dip => ]
    2dip
(U) [ swap [ call ] dip => ]
    dip
(O) test-vocabs
(O) test-vocab
(O) run-test-file
(U) [
        { t }
        [ EINVAL ENOTTY ENOSYS EOPNOTSUPP 4array ~quotation~ all? ]
        \ (unit-test) 8 experiment
        { f }
        [ 9 "bad descriptor" \ libc-error boa unsupported-ioctl? ]
        \ (unit-test) 9 experiment
        { f } [
            13 "permission denied" \ libc-error boa
            unsupported-ioctl?
        ] \ (unit-test) 10 experiment
        { f } [ "not an operating-system error" unsupported-ioctl? ]
        \ (unit-test) 11 experiment
        [ -1 8 ~byte-array~ evdev-get-mt-slots ]
        [ invalid-mt-request-size? ] \ (must-fail-with) 13
        experiment
        [ -1 0 0 evdev-get-event-mask ]
        [ invalid-event-mask-length? ] \ (must-fail-with) 15
        experiment
        [ -1 0 4 evdev-get-event-mask ]
        [ dup libc-error? ~quotation~ ~quotation~ if ]
        \ (must-fail-with) 17 experiment
        { ~array~ } [ ~byte-array~ seq>explode-positions >array ]
        \ (unit-test) 19 experiment
        { ~array~ } [ ~byte-array~ seq>explode-values >array ]
        \ (unit-test) 20 experiment
        { 4 4 } [
            input_mt_request_layout heap-size "values"
            input_mt_request_layout offset-of
        ] \ (unit-test) 21 experiment
        { 2149074240 } [ 69 64 input_absinfo IOR drop ]
        \ (unit-test) 22 experiment
        { 1075332544 } [ 69 192 input_absinfo new IOW drop ]
        \ (unit-test) 23 experiment
        { 1074021761 } [ 69 129 int heap-size IOW-size ]
        \ (unit-test) 24 experiment
        [ -1 0 input_absinfo new evdev-set-abs ]
        [ dup libc-error? ~quotation~ ~quotation~ if ]
        \ (must-fail-with) 29 experiment =>
        [ -1 7 evdev-unset-force-feedback ]
        [ dup libc-error? ~quotation~ ~quotation~ if ]
        \ (must-fail-with) 31 experiment
    ]
(U) [
        2 load-locals -1 get-local <experiment> load-local
        silent-tests? get 0 get-local
        [ load-local 0 get-local experiment. 1 drop-locals ] curry
        unless -2 get-local execute => 0 get-local -1 get-local [
            2 load-locals -1 get-local 0 get-local ~quotation~ curry
            curry ~quotation~ if 2 drop-locals
        ] curry curry [ 2drop "Warning: test skipped!" print ] if
        3 drop-locals
    ]
    experiment
(O) (must-fail-with)
(U) [
        [ ~quotation~ dip swap ~quotation~ dip ] dip swap
        [ call get-datastack ] dip => swap [ set-datastack ] dip
    ]
(U) [ call => get-datastack ]
(O) evdev-set-abs
(O) io-error
(O) throw-errno
(O) (throw-errno)
(O) libc-error
(O) M\ object throw
(U) [
        OBJ-CURRENT-THREAD special-object error-thread set-global
        current-continuation => error-continuation set-global
        [ original-error set-global ] [ rethrow ] bi
    ]

resource:basis/linux/input-events/ffi/ffi-tests.factor: 31

Must Fail With: {
    [ -1 7 evdev-unset-force-feedback ]
    [ dup libc-error? [ errno>> 9 = ] [ drop f ] if ]
}

Unix system call failed:

Inappropriate ioctl for device (25)
(U) [ c-to-factor => ]
    c-to-factor
(U) [ [ (get-catchstack) push ] dip call => (get-catchstack) pop* ]
(O) command-line-startup
(O) run-script
(U) [
        2dup check-call-effect 2dup [
            ~quotation~ dip
            dup terminated?>> ~quotation~ ~quotation~ if
        ] 2dip => rot [ 2drop ] [ wrong-values ] if
    ]
(U) [
        [ ~quotation~ dip dip ] dip => dup terminated?>>
        [ 2drop f ]
        [ dup in>> length swap out>> length check-datastack ] if
    ]
(U) [ swap [ call ] dip => ]
    dip
(U) [ output>array => datastack. ]
(U) [ [ ~quotation~ ~quotation~ bi ] dip => nsequence ]
    output>sequence
(U) [ [ keep ] dip => call ]
    bi
(U) [ over [ call ] dip => ]
    keep
(U) [
        f restartable-tests? set-global
        [ ~array~ ~quotation~ each ] with-compilation-unit {
            "alien.libraries.finder.linux"
            "linux.input-events"
            "libudev"
        } [ test ] each
        => test-failures get empty? compiler-errors get assoc-empty?
        and
        [ "Linux integration tests passed" print 0 ] [
            :test-failures compiler-errors get values ~quotation~
            each 1
        ] if flush exit
    ]
(U) [ [ nip call ] 3keep => [ 1 + ] 2dip each-integer-from ]
(U) [ swap [ 2dip ] dip => ]
    3dip
(U) [ swap [ dip ] dip => ]
    2dip
(U) [ swap [ call ] dip => ]
    dip
(O) test-vocabs
(O) test-vocab
(O) run-test-file
(U) [
        2 load-locals -1 get-local <experiment> load-local
        silent-tests? get 0 get-local
        [ load-local 0 get-local experiment. 1 drop-locals ] curry
        unless -2 get-local execute => 0 get-local -1 get-local [
            2 load-locals -1 get-local 0 get-local ~quotation~ curry
            curry ~quotation~ if 2 drop-locals
        ] curry curry [ 2drop "Warning: test skipped!" print ] if
        3 drop-locals
    ]
    experiment
(O) (must-fail-with)
(U) [
        [ ~quotation~ dip swap ~quotation~ dip ] dip swap
        [ call get-datastack ] dip => swap [ set-datastack ] dip
    ]
(U) [ call => get-datastack ]
(O) evdev-unset-force-feedback
(O) io-error
(O) throw-errno
(O) (throw-errno)
(O) libc-error
(O) M\ object throw
(U) [
        OBJ-CURRENT-THREAD special-object error-thread set-global
        current-continuation => error-continuation set-global
        [ original-error set-global ] [ rethrow ] bi
    ]
