endian
alien.data
alien.libraries.finder.linux
linux.input-events.ffi
linux.input-events
libudev
Unit Test: { { f } [ B{ } native-elf-header? ] }
Unit Test: { { f } [ B{ 127 69 76 70 } native-elf-header? ] }
Unit Test: {
    { f }
    [
        "/* GNU ld script: not a loadable ELF object */"
        native-elf-header?
    ]
}
Unit Test: {
    { t }
    [
        "/factor/nonexistent/runtime/lib" "LD_LIBRARY_PATH" [
            library-search-directories first
            "/factor/nonexistent/runtime/lib" =
        ] with-os-env
    ]
}
Unit Test: {
    { t }
    [
        "" "LD_LIBRARY_PATH"
        [ library-search-directories first "." = ] with-os-env
    ]
}
Unit Test: { { t } [ "m" find-library "libm.so" subseq-of? ] }
Unit Test: { { t } [ "c" find-library "libc.so" subseq-of? ] }
Unit Test: {
    { 101 48 t }
    [
        48 100 <mt-request>
        [ length ] [ first ] [ rest [ zero? ] all? ] tri
    ]
}
Must Fail With: { [ 48 0 <mt-request> ] [ invalid-mt-slot-count? ] }
Must Fail With: { [ 48 4095 <mt-request> ] [ invalid-mt-slot-count? ] }
Unit Test: {
    { t }
    [
        EINVAL ENOTTY ENOSYS EOPNOTSUPP 4array
        [ "unsupported" \ libc-error boa unsupported-ioctl? ]
        all?
    ]
}
Unit Test: {
    { f }
    [ 9 "bad descriptor" \ libc-error boa unsupported-ioctl? ]
}
Unit Test: {
    { f }
    [
        13 "permission denied" \ libc-error boa
        unsupported-ioctl?
    ]
}
Unit Test: { { f } [ "not an operating-system error" unsupported-ioctl? ] }
Must Fail With: {
    [ -1 8 B{ 0 0 0 0 } evdev-get-mt-slots ]
    [ invalid-mt-request-size? ]
}
Must Fail With: {
    [ -1 0 0 evdev-get-event-mask ]
    [ invalid-event-mask-length? ]
}
Must Fail With: {
    [ -1 0 4 evdev-get-event-mask ]
    [ dup libc-error? [ errno>> 9 = ] [ drop f ] if ]
}
Unit Test: {
    { { 0 7 8 15 16 } }
    [ B{ 129 129 1 } seq>explode-positions >array ]
}
Unit Test: {
    { { 1 128 256 32768 65536 } }
    [ B{ 129 129 1 } seq>explode-values >array ]
}
Unit Test: {
    { 4 4 }
    [
        input_mt_request_layout heap-size "values"
        input_mt_request_layout offset-of
    ]
}
Unit Test: { { 2149074240 } [ 69 64 input_absinfo IOR drop ] }
Unit Test: { { 1075332544 } [ 69 192 input_absinfo new IOW drop ] }
Unit Test: { { 1074021761 } [ 69 129 int heap-size IOW-size ] }
Must Fail With: {
    [ -1 0 input_absinfo new evdev-set-abs ]
    [ dup libc-error? [ errno>> 9 = ] [ drop f ] if ]
}
Must Fail With: {
    [ -1 7 evdev-unset-force-feedback ]
    [ dup libc-error? [ errno>> 9 = ] [ drop f ] if ]
}
Unit Test: {
    { f }
    [
        "factor_deliberately_missing_udev_symbol"
        udev-function-available?
    ]
}
Must Fail With: {
    [
        "factor_deliberately_missing_udev_symbol"
        require-udev-function
    ]
    [ unavailable-udev-function? ]
}
Unit Test: {
    { ( udev priority file line fn format args -- ) }
    [ \ udev_set_log_fn_callback "callback-effect" word-prop ]
}
Linux integration tests passed
