compiler.cfg.intrinsics.simd
math.vectors.simd.intrinsics
math.vectors.simd
Unit Test: {
    { t }
    [
        256 <iota> [
            load-local
            B{ 0 1 2 3 4 5 6 7 8 9 10 11 12 13 14 15 } clone
            uchar-16 boa 16 0 get-local <array>
            >byte-array vshuffle underlying>> 0 get-local
            [ load-local 0 get-local 15 bitand = 1 drop-locals ]
            curry all? 1 drop-locals
        ] all?
    ]
}
Unit Test: {
    { t }
    [
        [
            256 <iota> [
                load-local
                B{ 0 1 2 3 4 5 6 7 8 9 10 11 12 13 14 15 } clone
                uchar-16 boa 16 0 get-local <array> >byte-array
                { uchar-16 byte-array } declare vshuffle
                underlying>> 0 get-local [
                    load-local 0 get-local 15 bitand =
                    1 drop-locals
                ] curry all? 1 drop-locals
            ] all?
        ] compile-call
    ]
}
--> test failed!
Unit Test: {
    { t }
    [
        {
            0
            1
            3
            7
            15
            16
            17
            255
            256
            1000
            1267650600228229401496703205376
        }
        [
            \ char-16
            swap
            [ [ hlshift ] t horizontal-shift-matches? ]
            [ [ hrshift ] f horizontal-shift-matches? ]
            2bi
            and
        ]
        all?
    ]
}
Unit Test: {
    { t }
    [
        {
            0
            1
            3
            7
            15
            16
            17
            255
            256
            1000
            1267650600228229401496703205376
        }
        [
            \ uchar-16
            swap
            [ [ hlshift ] t horizontal-shift-matches? ]
            [ [ hrshift ] f horizontal-shift-matches? ]
            2bi
            and
        ]
        all?
    ]
}
Unit Test: {
    { t }
    [
        {
            0
            1
            3
            7
            15
            16
            17
            255
            256
            1000
            1267650600228229401496703205376
        }
        [
            \ short-8
            swap
            [ [ hlshift ] t horizontal-shift-matches? ]
            [ [ hrshift ] f horizontal-shift-matches? ]
            2bi
            and
        ]
        all?
    ]
}
Unit Test: {
    { t }
    [
        {
            0
            1
            3
            7
            15
            16
            17
            255
            256
            1000
            1267650600228229401496703205376
        }
        [
            \ ushort-8
            swap
            [ [ hlshift ] t horizontal-shift-matches? ]
            [ [ hrshift ] f horizontal-shift-matches? ]
            2bi
            and
        ]
        all?
    ]
}
Unit Test: {
    { t }
    [
        {
            0
            1
            3
            7
            15
            16
            17
            255
            256
            1000
            1267650600228229401496703205376
        }
        [
            \ int-4
            swap
            [ [ hlshift ] t horizontal-shift-matches? ]
            [ [ hrshift ] f horizontal-shift-matches? ]
            2bi
            and
        ]
        all?
    ]
}
Unit Test: {
    { t }
    [
        {
            0
            1
            3
            7
            15
            16
            17
            255
            256
            1000
            1267650600228229401496703205376
        }
        [
            \ uint-4
            swap
            [ [ hlshift ] t horizontal-shift-matches? ]
            [ [ hrshift ] f horizontal-shift-matches? ]
            2bi
            and
        ]
        all?
    ]
}
Unit Test: {
    { t }
    [
        {
            0
            1
            3
            7
            15
            16
            17
            255
            256
            1000
            1267650600228229401496703205376
        }
        [
            \ longlong-2
            swap
            [ [ hlshift ] t horizontal-shift-matches? ]
            [ [ hrshift ] f horizontal-shift-matches? ]
            2bi
            and
        ]
        all?
    ]
}
Unit Test: {
    { t }
    [
        {
            0
            1
            3
            7
            15
            16
            17
            255
            256
            1000
            1267650600228229401496703205376
        }
        [
            \ ulonglong-2
            swap
            [ [ hlshift ] t horizontal-shift-matches? ]
            [ [ hrshift ] f horizontal-shift-matches? ]
            2bi
            and
        ]
        all?
    ]
}
Unit Test: {
    { t }
    [
        {
            0
            1
            3
            7
            15
            16
            17
            255
            256
            1000
            1267650600228229401496703205376
        }
        [
            \ float-4
            swap
            [ [ hlshift ] t horizontal-shift-matches? ]
            [ [ hrshift ] f horizontal-shift-matches? ]
            2bi
            and
        ]
        all?
    ]
}
Unit Test: {
    { t }
    [
        {
            0
            1
            3
            7
            15
            16
            17
            255
            256
            1000
            1267650600228229401496703205376
        }
        [
            \ double-2
            swap
            [ [ hlshift ] t horizontal-shift-matches? ]
            [ [ hrshift ] f horizontal-shift-matches? ]
            2bi
            and
        ]
        all?
    ]
}
Unit Test: {
    { t }
    [
        {
            0
            1
            3
            7
            15
            16
            17
            255
            256
            1000
            1267650600228229401496703205376
        }
        [
            \ half-8
            swap
            [ [ hlshift ] t horizontal-shift-matches? ]
            [ [ hrshift ] f horizontal-shift-matches? ]
            2bi
            and
        ]
        all?
    ]
}
Unit Test: {
    { t }
    [
        {
            0
            1
            3
            7
            15
            16
            17
            255
            256
            1000
            1267650600228229401496703205376
        }
        [
            \ bfloat-8
            swap
            [ [ hlshift ] t horizontal-shift-matches? ]
            [ [ hrshift ] f horizontal-shift-matches? ]
            2bi
            and
        ]
        all?
    ]
}
Unit Test: {
    { t }
    [
        {
            0
            7
            8
            15
            16
            31
            32
            63
            64
            255
            256
            257
            1000
            1267650600228229401496703205376
            1267650600228229401496703205377
        }
        [
            char-16{
                -128
                127
                -1
                1
                -2
                2
                -3
                3
                -128
                127
                -1
                1
                -2
                2
                -3
                3
            }
            swap
            [ [ vlshift ] lane-shift-matches? ]
            [ [ vrshift ] lane-shift-matches? ]
            2bi
            and
        ]
        all?
    ]
}
Unit Test: {
    { t }
    [
        {
            0
            7
            8
            15
            16
            31
            32
            63
            64
            255
            256
            257
            1000
            1267650600228229401496703205376
            1267650600228229401496703205377
        }
        [
            uchar-16{
                255
                128
                127
                0
                1
                2
                3
                4
                255
                128
                127
                0
                1
                2
                3
                4
            }
            swap
            [ [ vlshift ] lane-shift-matches? ]
            [ [ vrshift ] lane-shift-matches? ]
            2bi
            and
        ]
        all?
    ]
}
Unit Test: {
    { t }
    [
        {
            0
            7
            8
            15
            16
            31
            32
            63
            64
            255
            256
            257
            1000
            1267650600228229401496703205376
            1267650600228229401496703205377
        }
        [
            short-8{ -1 -32768 32767 1 -2 2 -3 3 }
            swap
            [ [ vlshift ] lane-shift-matches? ]
            [ [ vrshift ] lane-shift-matches? ]
            2bi
            and
        ]
        all?
    ]
}
Unit Test: {
    { t }
    [
        {
            0
            7
            8
            15
            16
            31
            32
            63
            64
            255
            256
            257
            1000
            1267650600228229401496703205376
            1267650600228229401496703205377
        }
        [
            ushort-8{ 1 65535 32768 32767 2 3 4 5 }
            swap
            [ [ vlshift ] lane-shift-matches? ]
            [ [ vrshift ] lane-shift-matches? ]
            2bi
            and
        ]
        all?
    ]
}
Unit Test: {
    { t }
    [
        {
            0
            7
            8
            15
            16
            31
            32
            63
            64
            255
            256
            257
            1000
            1267650600228229401496703205376
            1267650600228229401496703205377
        }
        [
            int-4{ -2147483648 2147483647 -1 1 }
            swap
            [ [ vlshift ] lane-shift-matches? ]
            [ [ vrshift ] lane-shift-matches? ]
            2bi
            and
        ]
        all?
    ]
}
Unit Test: {
    { t }
    [
        {
            0
            7
            8
            15
            16
            31
            32
            63
            64
            255
            256
            257
            1000
            1267650600228229401496703205376
            1267650600228229401496703205377
        }
        [
            uint-4{ 4294967295 2147483648 1 0 }
            swap
            [ [ vlshift ] lane-shift-matches? ]
            [ [ vrshift ] lane-shift-matches? ]
            2bi
            and
        ]
        all?
    ]
}
Unit Test: {
    { t }
    [
        {
            0
            7
            8
            15
            16
            31
            32
            63
            64
            255
            256
            257
            1000
            1267650600228229401496703205376
            1267650600228229401496703205377
        }
        [
            longlong-2{
                -9223372036854775808
                9223372036854775807
            }
            swap
            [ [ vlshift ] lane-shift-matches? ]
            [ [ vrshift ] lane-shift-matches? ]
            2bi
            and
        ]
        all?
    ]
}
Unit Test: {
    { t }
    [
        {
            0
            7
            8
            15
            16
            31
            32
            63
            64
            255
            256
            257
            1000
            1267650600228229401496703205376
            1267650600228229401496703205377
        }
        [
            ulonglong-2{ 18446744073709551615 1 }
            swap
            [ [ vlshift ] lane-shift-matches? ]
            [ [ vrshift ] lane-shift-matches? ]
            2bi
            and
        ]
        all?
    ]
}
Unit Test: {
    { t }
    [
        short-8{
            -32768
            -32768
            -32768
            -32768
            -32768
            32767
            32767
            32767
        } short-8{
            -32768
            -32768
            -32768
            32767
            32767
            -32768
            32767
            32767
        } int-4{ 2147483647 32768 -2147418112 2147352578 }
        multiply-add-matches?
    ]
}
Unit Test: {
    { t }
    [
        short-8{
            -32768
            -32768
            -32768
            -32768
            -32768
            -32768
            -32768
            -32768
        } dup
        int-4{ 2147483647 2147483647 2147483647 2147483647 }
        multiply-add-matches?
    ]
}
Unit Test: {
    { t }
    [
        uchar-16{
            255
            255
            255
            255
            1
            2
            3
            4
            255
            255
            255
            255
            1
            2
            3
            4
        } uchar-16{
            127
            127
            128
            128
            127
            128
            127
            128
            127
            127
            128
            128
            127
            128
            127
            128
        }
        short-8{ 32767 -32768 -129 -131 32767 -32768 -129 -131 }
        multiply-add-matches?
    ]
}
Unit Test: {
    { int-4{ 42 69 13 911 } }
    [
        int-4{ 69 42 911 13 }
        B{ 4 5 6 7 0 1 2 3 12 13 14 15 8 9 10 11 }
        [ { int-4 byte-array } declare vshuffle ] compile-call
    ]
}
Unit Test: {
    { int-4{ 42 69 13 911 } }
    [
        int-4{ 69 42 911 13 }
        B{ 4 5 6 7 0 1 2 3 12 13 14 15 8 9 10 11 } t
        "always-inline-simd-intrinsics" [
            [ { int-4 byte-array } declare vshuffle ]
            compile-call
        ] with-variable
    ]
}
Must Fail With: { [ int-4{ 1 2 3 4 } B{ 0 } vshuffle ] [ bad-simd-vector? ] }
Must Fail With: {
    [ int-4{ 1 2 3 4 } 17 <byte-array> vshuffle ]
    [ bad-simd-vector? ]
}
Unit Test: {
    { t }
    [
        \ char-16
        new
        [ drop 100 ]
        map
        dup
        dup
        length
        10000
        *
        dot-matches?
    ]
}
Unit Test: {
    { t }
    [
        \ uchar-16
        new
        [ drop 100 ]
        map
        dup
        dup
        length
        10000
        *
        dot-matches?
    ]
}
Unit Test: {
    { t }
    [
        \ short-8
        new
        [ drop 100 ]
        map
        dup
        dup
        length
        10000
        *
        dot-matches?
    ]
}
Unit Test: {
    { t }
    [
        \ ushort-8
        new
        [ drop 100 ]
        map
        dup
        dup
        length
        10000
        *
        dot-matches?
    ]
}
Unit Test: {
    { t }
    [
        \ int-4
        new
        [ drop 100 ]
        map
        dup
        dup
        length
        10000
        *
        dot-matches?
    ]
}
Unit Test: {
    { t }
    [
        \ uint-4
        new
        [ drop 100 ]
        map
        dup
        dup
        length
        10000
        *
        dot-matches?
    ]
}
Unit Test: {
    { t }
    [
        \ longlong-2
        new
        [ drop 100 ]
        map
        dup
        dup
        length
        10000
        *
        dot-matches?
    ]
}
Unit Test: {
    { t }
    [
        \ ulonglong-2
        new
        [ drop 100 ]
        map
        dup
        dup
        length
        10000
        *
        dot-matches?
    ]
}
Unit Test: {
    { t }
    [
        \ float-4
        new
        [ drop 100 ]
        map
        dup
        dup
        length
        10000
        *
        dot-matches?
    ]
}
Unit Test: {
    { t }
    [
        \ double-2
        new
        [ drop 100 ]
        map
        dup
        dup
        length
        10000
        *
        dot-matches?
    ]
}
Unit Test: {
    { t }
    [
        \ half-8
        new
        [ drop 100 ]
        map
        dup
        dup
        length
        10000
        *
        dot-matches?
    ]
}
Unit Test: {
    { t }
    [
        \ bfloat-8
        new
        [ drop 100 ]
        map
        dup
        dup
        length
        10000
        *
        dot-matches?
    ]
}
Unit Test: {
    { t }
    [
        longlong-2{ -9223372036854775808 9223372036854775807 }
        dup 170141183460469231713240559642174554113 dot-matches?
    ]
}
Unit Test: {
    { t }
    [
        ulonglong-2{ 18446744073709551615 18446744073709551615 }
        dup 680564733841876926852962238568698216450 dot-matches?
    ]
}
Unit Test: {
    { t }
    [
        double-2{ 1.0 2.0 } double-2{ 0/0. 1.0 }
        add-sub-matches?
    ]
}
Unit Test: {
    { t }
    [
        float-4{ 1.0 2.0 3.0 4.0 } float-4{ 0/0. 1.0 0/0. 1.0 }
        add-sub-matches?
    ]
}
Unit Test: {
    { t }
    [
        double-2{ -0.0 -0.0 } double-2{ 0.0 -0.0 }
        add-sub-matches?
    ]
}
Unit Test: {
    { t }
    [
        float-4{ -0.0 -0.0 0.0 0.0 }
        float-4{ 0.0 -0.0 -0.0 0.0 } add-sub-matches?
    ]
}
Unit Test: { { t } [ vector-reps [ check-rep-array ] all? ] }
Unit Test: {
    { t }
    [
        [ int-4-rep byte>rep-array first ] final-classes first
        integer class<=
    ]
}
Unit Test: {
    { t }
    [
        [ half-8-rep byte>rep-array ] final-classes first half
        c-array-type =
    ]
}
Unit Test: {
    { 7 }
    [
        16 <byte-array> uint-4-rep byte>rep-array
        [ 7 0 rot set-nth ] [ underlying>> ] bi
        [ uint-4-rep byte>rep-array first ] compile-call
    ]
}
Unit Test: {
    { t }
    [
        float-4{ 1/0. -1/0. -0.0 -0.25 }
        float-4{ 1/0. -1/0. -0.0 -0.0 } [ vround-to-even ]
        rounding-matches?
    ]
}
Unit Test: {
    { t }
    [
        float-4{ -0.0 -0.25 -0.5 0.5 }
        float-4{ -0.0 -0.0 -1.0 1.0 } [ vround ]
        rounding-matches?
    ]
}
Unit Test: {
    { t }
    [
        double-2{ 4503599627370497.0 -4503599627370497.0 }
        double-2{ 4503599627370497.0 -4503599627370497.0 }
        [ vround ] rounding-matches?
    ]
}
Unit Test: {
    { t }
    [
        double-2{ 0.49999999999999994 -0.49999999999999994 }
        double-2{ 0.0 -0.0 } [ vround ] rounding-matches?
    ]
}
Unit Test: {
    { t }
    [
        float-4{ 0.5 1.5 -2.5 -3.5 }
        float-4{ 0.0 2.0 -2.0 -4.0 } [ vround-to-even ]
        rounding-matches?
    ]
}
Unit Test: {
    { t }
    [
        half-8{ -0.0 -0.25 -0.5 0.5 1.5 -2.5 1/0. -1/0. }
        half-8{ -0.0 -0.0 -0.0 0.0 2.0 -2.0 1/0. -1/0. }
        [ vround-to-even ] rounding-matches?
    ]
}
Unit Test: {
    { t }
    [
        float-4{ 3.0 1.0 2.0 0/0. } 1.0
        [ vmin-element ] reduction-matches?
    ]
}
Unit Test: {
    { t }
    [
        float-4{ 3.0 1.0 2.0 0/0. } 3.0
        [ vmax-element ] reduction-matches?
    ]
}
Unit Test: {
    { t }
    [
        double-2{ -0.0 0.0 } -0.0
        [ vmin-element ] reduction-matches?
    ]
}
Unit Test: {
    { t }
    [
        double-2{ 0.0 -0.0 } 0.0
        [ vmax-element ] reduction-matches?
    ]
}
Unit Test: {
    { t }
    [
        float-4{ -0.0 0.0 0/0. 3.0 }
        float-4{ 0.0 -0.0 2.0 0/0. }
        float-4{ -0.0 -0.0 2.0 3.0 } [ vmin ] extrema-match?
    ]
}
Unit Test: {
    { t }
    [
        float-4{ -0.0 0.0 0/0. 3.0 }
        float-4{ 0.0 -0.0 2.0 0/0. } float-4{ 0.0 0.0 2.0 3.0 }
        [ vmax ] extrema-match?
    ]
}
Unit Test: {
    { t }
    [
        double-2{ -0.0 0.0 } double-2{ 0.0 -0.0 }
        double-2{ -0.0 -0.0 } [ vmin ] extrema-match?
    ]
}
Unit Test: {
    { t }
    [
        double-2{ -0.0 0.0 } double-2{ 0.0 -0.0 }
        double-2{ 0.0 0.0 } [ vmax ] extrema-match?
    ]
}
Unit Test: {
    { t }
    [
        double-2{ 0/0. -1/0. } double-2{ 1/0. 0/0. }
        double-2{ 1/0. -1/0. } [ vmin ] extrema-match?
    ]
}
Unit Test: {
    { t }
    [
        double-2{ 0/0. -1/0. } double-2{ 1/0. 0/0. }
        double-2{ 1/0. -1/0. } [ vmax ] extrema-match?
    ]
}
Unit Test: {
    { t }
    [
        uint-4{ 2139095041 1065353216 4286578689 1073741824 }
        float-4-cast
        uint-4{ 1073741824 2139095041 1077936128 4286578689 }
        float-4-cast
        float-4{ 2.0 1.0 3.0 2.0 } [ vmin ] extrema-match?
    ]
}
Unit Test: {
    { t }
    [
        uint-4{ 2139095041 1065353216 4286578689 1073741824 }
        float-4-cast
        uint-4{ 1073741824 2139095041 1077936128 4286578689 }
        float-4-cast
        float-4{ 2.0 1.0 3.0 2.0 } [ vmax ] extrema-match?
    ]
}
Unit Test: {
    { t }
    [
        ulonglong-2{ 9218868437227405313 4607182418800017408 }
        double-2-cast
        ulonglong-2{ 4611686018427387904 18442240474082181121 }
        double-2-cast
        double-2{ 2.0 1.0 } [ vmin ] extrema-match?
    ]
}
Unit Test: {
    { t }
    [
        ulonglong-2{ 9218868437227405313 4607182418800017408 }
        double-2-cast
        ulonglong-2{ 4611686018427387904 18442240474082181121 }
        double-2-cast
        double-2{ 2.0 1.0 } [ vmax ] extrema-match?
    ]
}
Unit Test: {
    { t }
    [
        uint-4{ 2139095041 1065353216 4286578689 1073741824 }
        float-4-cast 1.0 [ vmin-element ] reduction-matches?
    ]
}
Unit Test: {
    { t }
    [
        uint-4{ 2139095041 1073741824 4286578689 1065353216 }
        float-4-cast 2.0 [ vmax-element ] reduction-matches?
    ]
}
Unit Test: {
    { t }
    [
        ulonglong-2{ 4607182418800017408 9218868437227405313 }
        double-2-cast 1.0 [ vmin-element ] reduction-matches?
    ]
}
Unit Test: {
    { t }
    [
        ulonglong-2{ 9218868437227405313 4607182418800017408 }
        double-2-cast 1.0 [ vmax-element ] reduction-matches?
    ]
}
Unit Test: {
    { t }
    [
        [ float-4-rep (simd-vmin) ] [ ##compare-vector? ]
        contains-insn?
    ]
}
Unit Test: {
    { t }
    [
        [ double-2-rep (simd-vmax) ] [ ##compare-vector? ]
        contains-insn?
    ]
}

==== resource:basis/math/vectors/simd/intrinsics/intrinsics-tests.factor

resource:basis/math/vectors/simd/intrinsics/intrinsics-tests.factor: 30

Unit Test: {
    { t }
    [
        [
            256 <iota> [
                load-local
                B{ 0 1 2 3 4 5 6 7 8 9 10 11 12 13 14 15 } clone
                uchar-16 boa 16 0 get-local <array> >byte-array
                { uchar-16 byte-array } declare vshuffle
                underlying>> 0 get-local [
                    load-local 0 get-local 15 bitand =
                    1 drop-locals
                ] curry all? 1 drop-locals
            ] all?
        ] compile-call
    ]
}

=== Expected:
t
=== Got:
f
(U) [ c-to-factor => ]
    c-to-factor
(U) [ [ (get-catchstack) push ] dip call => (get-catchstack) pop* ]
(O) command-line-startup
(O) run-script
(U) [
        2dup check-call-effect 2dup [
            ~quotation~ dip
            dup terminated?>> ~quotation~ ~quotation~ if
        ] 2dip => rot [ 2drop ] [ wrong-values ] if
    ]
(U) [
        [ ~quotation~ dip dip ] dip => dup terminated?>>
        [ 2drop f ]
        [ dup in>> length swap out>> length check-datastack ] if
    ]
(U) [ swap [ call ] dip => ]
    dip
(U) [ output>array => datastack. ]
(U) [ [ ~quotation~ ~quotation~ bi ] dip => nsequence ]
    output>sequence
(U) [ [ keep ] dip => call ]
    bi
(U) [ over [ call ] dip => ]
    keep
(U) [
        f restartable-tests? set-global
        [ ~array~ ~quotation~ each ] with-compilation-unit
        "evidence/simd-before.factor" run-file [
            "math.vectors.simd.intrinsics" reload
            "math.vectors.simd" reload
        ] with-compilation-unit "math.vectors.simd.intrinsics" test
        => test-failures get empty? compiler-errors get assoc-empty?
        and
        [ "SIMD integration tests passed" print 0 ] [
            :test-failures compiler-errors get values ~quotation~
            each 1
        ] if flush exit
    ]
(O) test-vocabs
(O) test-vocab
(O) run-test-file
(U) [
        { t } [ 256 <iota> ~quotation~ all? ] \ (unit-test) 17
        experiment
        { t } [ ~quotation~ compile-call ] \ (unit-test) 30
        experiment => all-simd-classes [
            '[ ~array~ ~quotation~ all? ] ~array~ swap \ (unit-test)
            61 experiment
        ] each {
            ~char-16~
            ~uchar-16~
            ~short-8~
            ~ushort-8~
            ~int-4~
            ~uint-4~
            ~longlong-2~
            ~ulonglong-2~
        } [
            '[ ~array~ ~quotation~ all? ] ~array~ swap \ (unit-test)
            93 experiment
        ] each
        { t } [ ~short-8~ ~short-8~ ~int-4~ multiply-add-matches? ]
        \ (unit-test) 111 experiment
        { t } [ ~short-8~ dup ~int-4~ multiply-add-matches? ]
        \ (unit-test) 117 experiment
        { t }
        [ ~uchar-16~ ~uchar-16~ ~short-8~ multiply-add-matches? ]
        \ (unit-test) 124 experiment
        { ~int-4~ }
        [ ~int-4~ ~byte-array~ ~quotation~ compile-call ]
        \ (unit-test) 132 experiment
        { ~int-4~ } [
            ~int-4~ ~byte-array~ t "always-inline-simd-intrinsics"
            ~quotation~ with-variable
        ] \ (unit-test) 140 experiment
        [ ~int-4~ ~byte-array~ vshuffle ] [ bad-simd-vector? ]
        \ (must-fail-with) 142 experiment
        [ ~int-4~ 17 <byte-array> vshuffle ] [ bad-simd-vector? ]
        \ (must-fail-with) 143 experiment all-simd-classes [
            '[
                _ new ~quotation~ map dup dup length 10000 *
                dot-matches?
            ] ~array~ swap \ (unit-test) 158 experiment
        ] each
        { t } [
            ~longlong-2~ dup 170141183460469231713240559642174554113
            dot-matches?
        ] \ (unit-test) 164 experiment
        { t } [
            ~ulonglong-2~ dup
            680564733841876926852962238568698216450 dot-matches?
        ] \ (unit-test) 169 experiment
        { t } [ ~double-2~ ~double-2~ add-sub-matches? ]
        \ (unit-test) 177 experiment
        { t } [ ~float-4~ ~float-4~ add-sub-matches? ] \ (unit-test)
        180 experiment
        { t } [ ~double-2~ ~double-2~ add-sub-matches? ]
        \ (unit-test) 181 experiment
        { t } [ ~float-4~ ~float-4~ add-sub-matches? ] \ (unit-test)
        184 experiment
        { t } [ vector-reps ~quotation~ all? ] \ (unit-test) 196
        experiment
        { t } [ ~quotation~ final-classes first integer class<= ]
        \ (unit-test) 201 experiment
        { t }
        [ ~quotation~ final-classes first half c-array-type = ]
        \ (unit-test) 206 ~136 more~
    ]
(U) [
        2 load-locals -1 get-local <experiment> load-local
        silent-tests? get 0 get-local
        [ load-local 0 get-local experiment. 1 drop-locals ] curry
        unless -2 get-local execute => 0 get-local -1 get-local [
            2 load-locals -1 get-local 0 get-local ~quotation~ curry
            curry ~quotation~ if 2 drop-locals
        ] curry curry [ 2drop "Warning: test skipped!" print ] if
        3 drop-locals
    ]
    experiment
(O) (unit-test)
(O) assert-sequence=
(O) assert-sequence
(O) M\ object throw
(U) [
        OBJ-CURRENT-THREAD special-object error-thread set-global
        current-continuation => error-continuation set-global
        [ original-error set-global ] [ rethrow ] bi
    ]
