SCAN f
PROFILE "float-pressure"
H{
    { "instruction-next-uses" 190199 }
    { "spill-ssa" 3087792 }
    { "perfect-order?" 1173174 }
    { "maximum-cardinality-order" 2356926 }
    { "compute-next-uses" 738902 }
    { "preference-guided-colors" 3465976 }
    { "interference-graph" 2272507 }
}
TOTAL 17019346
CODE V{ 832 }
SCAN f
PROFILE "ffi-pressure"
H{
    { "instruction-next-uses" 77531 }
    { "spill-ssa" 1424504 }
    { "perfect-order?" 357315 }
    { "maximum-cardinality-order" 740952 }
    { "compute-next-uses" 359119 }
    { "preference-guided-colors" 1467349 }
    { "interference-graph" 371706 }
}
TOTAL 8264575
CODE V{ 1056 }
SCAN f
PROFILE "branch-pressure"
H{
    { "instruction-next-uses" 118121 }
    { "spill-ssa" 2115026 }
    { "perfect-order?" 540995 }
    { "maximum-cardinality-order" 1482683 }
    { "compute-next-uses" 238128 }
    { "preference-guided-colors" 2615349 }
    { "interference-graph" 794826 }
}
TOTAL 13083838
CODE V{ 1376 }
SCAN f
PROFILE "integer-pressure"
H{
    { "instruction-next-uses" 164861 }
    { "spill-ssa" 829307 }
    { "perfect-order?" 204180 }
    { "maximum-cardinality-order" 592368 }
    { "compute-next-uses" 65067 }
    { "preference-guided-colors" 718238 }
    { "interference-graph" 256619 }
}
TOTAL 19316002
CODE V{ 560 }
SCAN f
PROFILE "simd-pressure"
H{
    { "instruction-next-uses" 74292 }
    { "spill-ssa" 1208147 }
    { "perfect-order?" 306270 }
    { "maximum-cardinality-order" 927543 }
    { "compute-next-uses" 75563 }
    { "preference-guided-colors" 1203637 }
    { "interference-graph" 380316 }
}
TOTAL 203713912
CODE V{ 1136 }
SCAN f
PROFILE "gc-pressure"
H{
    { "instruction-next-uses" 789004 }
    { "spill-ssa" 10696613 }
    { "perfect-order?" 1755128 }
    { "maximum-cardinality-order" 4374577 }
    { "compute-next-uses" 920081 }
    { "preference-guided-colors" 7538014 }
    { "interference-graph" 2349915 }
}
TOTAL 44256630
CODE V{ 8960 }
SCAN f
PROFILE "spectral-norm"
H{
    { "instruction-next-uses" 227714 }
    { "spill-ssa" 6295058 }
    { "perfect-order?" 584496 }
    { "maximum-cardinality-order" 1243940 }
    { "compute-next-uses" 1432991 }
    { "preference-guided-colors" 5960047 }
    { "interference-graph" 1232460 }
}
TOTAL 91426966
CODE V{ 3392 }
SCAN f
PROFILE "nbody"
H{
    { "instruction-next-uses" 259858 }
    { "spill-ssa" 5876571 }
    { "perfect-order?" 386056 }
    { "maximum-cardinality-order" 1076701 }
    { "compute-next-uses" 1025082 }
    { "preference-guided-colors" 3894098 }
    { "interference-graph" 670391 }
}
TOTAL 69000827
CODE V{ 3312 }
SCAN f
PROFILE "nbody"
H{
    { "instruction-next-uses" 207993 }
    { "spill-ssa" 5748528 }
    { "perfect-order?" 483882 }
    { "maximum-cardinality-order" 973135 }
    { "compute-next-uses" 1324259 }
    { "preference-guided-colors" 5124303 }
    { "interference-graph" 1054848 }
}
TOTAL 543797186
CODE V{ 4352 }
SCAN f
PROFILE "fannkuch"
H{
    { "instruction-next-uses" 252601 }
    { "spill-ssa" 5524053 }
    { "perfect-order?" 474821 }
    { "maximum-cardinality-order" 591425 }
    { "compute-next-uses" 1018235 }
    { "preference-guided-colors" 3869990 }
    { "interference-graph" 563586 }
}
TOTAL 31338637
CODE V{ 3664 }
SCAN f
PROFILE "binary-trees"
H{
    { "instruction-next-uses" 620453 }
    { "spill-ssa" 83368416 }
    { "perfect-order?" 642880 }
    { "maximum-cardinality-order" 1591251 }
    { "compute-next-uses" 1707076 }
    { "preference-guided-colors" 9353125 }
    { "interference-graph" 1258003 }
}
TOTAL 137044919
CODE V{ 5824 752 752 1008 1008 }
SCAN f
PROFILE "struct-arrays-bench"
H{
    { "instruction-next-uses" 254487 }
    { "spill-ssa" 1746641 }
    { "perfect-order?" 112258 }
    { "maximum-cardinality-order" 218407 }
    { "compute-next-uses" 248460 }
    { "preference-guided-colors" 1864803 }
    { "interference-graph" 255512 }
}
TOTAL 20988269
CODE V{ 1680 }
SCAN t
PROFILE "float-pressure"
H{
    { "instruction-next-uses" 70684 }
    { "spill-ssa" 1154642 }
    { "perfect-order?" 292740 }
    { "maximum-cardinality-order" 868093 }
    { "compute-next-uses" 68880 }
    { "preference-guided-colors" 1600025 }
    { "interference-graph" 367565 }
}
TOTAL 7791025
CODE V{ 832 }
SCAN t
PROFILE "ffi-pressure"
H{
    { "instruction-next-uses" 75112 }
    { "spill-ssa" 1653612 }
    { "perfect-order?" 345056 }
    { "maximum-cardinality-order" 730661 }
    { "compute-next-uses" 700444 }
    { "preference-guided-colors" 415699 }
    { "interference-graph" 375888 }
}
TOTAL 7296360
CODE V{ 1056 }
SCAN t
PROFILE "branch-pressure"
H{
    { "instruction-next-uses" 114062 }
    { "spill-ssa" 1899120 }
    { "perfect-order?" 525169 }
    { "maximum-cardinality-order" 1413270 }
    { "compute-next-uses" 233864 }
    { "preference-guided-colors" 772932 }
    { "interference-graph" 769201 }
}
TOTAL 10524905
CODE V{ 1376 }
SCAN t
PROFILE "integer-pressure"
H{
    { "instruction-next-uses" 64821 }
    { "spill-ssa" 848905 }
    { "perfect-order?" 264409 }
    { "maximum-cardinality-order" 485440 }
    { "compute-next-uses" 63591 }
    { "preference-guided-colors" 276422 }
    { "interference-graph" 261375 }
}
TOTAL 17883462
CODE V{ 560 }
SCAN t
PROFILE "simd-pressure"
H{
    { "instruction-next-uses" 76383 }
    { "spill-ssa" 1171985 }
    { "perfect-order?" 299751 }
    { "maximum-cardinality-order" 892119 }
    { "compute-next-uses" 73472 }
    { "preference-guided-colors" 421480 }
    { "interference-graph" 391140 }
}
TOTAL 125900627
CODE V{ 1136 }
SCAN t
PROFILE "gc-pressure"
H{
    { "instruction-next-uses" 860016 }
    { "spill-ssa" 11298452 }
    { "perfect-order?" 1695514 }
    { "maximum-cardinality-order" 4307501 }
    { "compute-next-uses" 780640 }
    { "preference-guided-colors" 2332613 }
    { "interference-graph" 2285586 }
}
TOTAL 40994957
CODE V{ 8960 }
SCAN t
PROFILE "spectral-norm"
H{
    { "instruction-next-uses" 246164 }
    { "spill-ssa" 6115150 }
    { "perfect-order?" 577772 }
    { "maximum-cardinality-order" 1175511 }
    { "compute-next-uses" 1308843 }
    { "preference-guided-colors" 1278954 }
    { "interference-graph" 1186130 }
}
TOTAL 84464633
CODE V{ 3392 }
SCAN t
PROFILE "nbody"
H{
    { "instruction-next-uses" 254897 }
    { "spill-ssa" 5853529 }
    { "perfect-order?" 371296 }
    { "maximum-cardinality-order" 1009379 }
    { "compute-next-uses" 941606 }
    { "preference-guided-colors" 986747 }
    { "interference-graph" 660715 }
}
TOTAL 63092727
CODE V{ 3312 }
SCAN t
PROFILE "nbody"
H{
    { "instruction-next-uses" 202499 }
    { "spill-ssa" 6070091 }
    { "perfect-order?" 507703 }
    { "maximum-cardinality-order" 987239 }
    { "compute-next-uses" 1350294 }
    { "preference-guided-colors" 1132051 }
    { "interference-graph" 1127828 }
}
TOTAL 568002151
CODE V{ 4352 }
SCAN t
PROFILE "fannkuch"
H{
    { "instruction-next-uses" 253954 }
    { "spill-ssa" 5426514 }
    { "perfect-order?" 391427 }
    { "maximum-cardinality-order" 574205 }
    { "compute-next-uses" 949519 }
    { "preference-guided-colors" 813317 }
    { "interference-graph" 582897 }
}
TOTAL 28660353
CODE V{ 3664 }
SCAN t
PROFILE "binary-trees"
H{
    { "instruction-next-uses" 890848 }
    { "spill-ssa" 12274539 }
    { "perfect-order?" 732834 }
    { "maximum-cardinality-order" 1365300 }
    { "compute-next-uses" 1986081 }
    { "preference-guided-colors" 2066523 }
    { "interference-graph" 2833264 }
}
TOTAL 59541922
CODE V{ 5824 752 752 1008 1008 }
SCAN t
PROFILE "struct-arrays-bench"
H{
    { "instruction-next-uses" 86141 }
    { "spill-ssa" 1798506 }
    { "perfect-order?" 136407 }
    { "maximum-cardinality-order" 226976 }
    { "compute-next-uses" 443702 }
    { "preference-guided-colors" 583471 }
    { "interference-graph" 253790 }
}
TOTAL 19497878
CODE V{ 1680 }
SCAN t
PROFILE "float-pressure"
H{
    { "instruction-next-uses" 113283 }
    { "spill-ssa" 1191911 }
    { "perfect-order?" 297373 }
    { "maximum-cardinality-order" 855793 }
    { "compute-next-uses" 69372 }
    { "preference-guided-colors" 406105 }
    { "interference-graph" 373920 }
}
TOTAL 6647494
CODE V{ 832 }
SCAN t
PROFILE "ffi-pressure"
H{
    { "instruction-next-uses" 204549 }
    { "spill-ssa" 1186704 }
    { "perfect-order?" 274618 }
    { "maximum-cardinality-order" 714917 }
    { "compute-next-uses" 150101 }
    { "preference-guided-colors" 470762 }
    { "interference-graph" 469614 }
}
TOTAL 7005834
CODE V{ 1056 }
SCAN t
PROFILE "branch-pressure"
H{
    { "instruction-next-uses" 225254 }
    { "spill-ssa" 1894282 }
    { "perfect-order?" 528121 }
    { "maximum-cardinality-order" 1541354 }
    { "compute-next-uses" 226074 }
    { "preference-guided-colors" 785929 }
    { "interference-graph" 802903 }
}
TOTAL 11001489
CODE V{ 1376 }
SCAN t
PROFILE "integer-pressure"
H{
    { "instruction-next-uses" 65559 }
    { "spill-ssa" 753047 }
    { "perfect-order?" 195857 }
    { "maximum-cardinality-order" 490524 }
    { "compute-next-uses" 64493 }
    { "preference-guided-colors" 277447 }
    { "interference-graph" 264286 }
}
TOTAL 18024502
CODE V{ 560 }
SCAN t
PROFILE "simd-pressure"
H{
    { "instruction-next-uses" 72160 }
    { "spill-ssa" 1125983 }
    { "perfect-order?" 287246 }
    { "maximum-cardinality-order" 862353 }
    { "compute-next-uses" 70971 }
    { "preference-guided-colors" 403235 }
    { "interference-graph" 370435 }
}
TOTAL 124357838
CODE V{ 1136 }
SCAN t
PROFILE "gc-pressure"
H{
    { "instruction-next-uses" 850996 }
    { "spill-ssa" 11351014 }
    { "perfect-order?" 1672923 }
    { "maximum-cardinality-order" 4328452 }
    { "compute-next-uses" 750710 }
    { "preference-guided-colors" 2386528 }
    { "interference-graph" 2331957 }
}
TOTAL 40970111
CODE V{ 8960 }
SCAN t
PROFILE "spectral-norm"
H{
    { "instruction-next-uses" 225500 }
    { "spill-ssa" 5957177 }
    { "perfect-order?" 581134 }
    { "maximum-cardinality-order" 1198307 }
    { "compute-next-uses" 1283464 }
    { "preference-guided-colors" 1282193 }
    { "interference-graph" 1193346 }
}
TOTAL 84787795
CODE V{ 3392 }
SCAN t
PROFILE "nbody"
H{
    { "instruction-next-uses" 261621 }
    { "spill-ssa" 6153977 }
    { "perfect-order?" 389500 }
    { "maximum-cardinality-order" 1072970 }
    { "compute-next-uses" 995193 }
    { "preference-guided-colors" 1033815 }
    { "interference-graph" 694376 }
}
TOTAL 64272502
CODE V{ 3312 }
SCAN t
PROFILE "nbody"
H{
    { "instruction-next-uses" 222302 }
    { "spill-ssa" 5756933 }
    { "perfect-order?" 498109 }
    { "maximum-cardinality-order" 986419 }
    { "compute-next-uses" 1370753 }
    { "preference-guided-colors" 1196052 }
    { "interference-graph" 1119587 }
}
TOTAL 606995611
CODE V{ 4352 }
SCAN t
PROFILE "fannkuch"
H{
    { "instruction-next-uses" 250223 }
    { "spill-ssa" 5621059 }
    { "perfect-order?" 423612 }
    { "maximum-cardinality-order" 615041 }
    { "compute-next-uses" 893349 }
    { "preference-guided-colors" 855629 }
    { "interference-graph" 633450 }
}
TOTAL 30650616
CODE V{ 3664 }
SCAN t
PROFILE "binary-trees"
H{
    { "instruction-next-uses" 964730 }
    { "spill-ssa" 12507050 }
    { "perfect-order?" 792489 }
    { "maximum-cardinality-order" 1497730 }
    { "compute-next-uses" 1816669 }
    { "preference-guided-colors" 2116994 }
    { "interference-graph" 3085906 }
}
TOTAL 60513827
CODE V{ 5824 752 752 1008 1008 }
SCAN t
PROFILE "struct-arrays-bench"
H{
    { "instruction-next-uses" 84214 }
    { "spill-ssa" 1757301 }
    { "perfect-order?" 110454 }
    { "maximum-cardinality-order" 212585 }
    { "compute-next-uses" 442226 }
    { "preference-guided-colors" 447679 }
    { "interference-graph" 249731 }
}
TOTAL 18814900
CODE V{ 1680 }
SCAN f
PROFILE "float-pressure"
H{
    { "instruction-next-uses" 73308 }
    { "spill-ssa" 1170181 }
    { "perfect-order?" 312256 }
    { "maximum-cardinality-order" 872357 }
    { "compute-next-uses" 69782 }
    { "preference-guided-colors" 1189164 }
    { "interference-graph" 386220 }
}
TOTAL 7523787
CODE V{ 832 }
SCAN f
PROFILE "ffi-pressure"
H{
    { "instruction-next-uses" 74169 }
    { "spill-ssa" 1508923 }
    { "perfect-order?" 335011 }
    { "maximum-cardinality-order" 949109 }
    { "compute-next-uses" 144443 }
    { "preference-guided-colors" 1630570 }
    { "interference-graph" 355552 }
}
TOTAL 8624965
CODE V{ 1056 }
SCAN f
PROFILE "branch-pressure"
H{
    { "instruction-next-uses" 226935 }
    { "spill-ssa" 1892150 }
    { "perfect-order?" 520003 }
    { "maximum-cardinality-order" 1410195 }
    { "compute-next-uses" 224106 }
    { "preference-guided-colors" 2550159 }
    { "interference-graph" 876826 }
}
TOTAL 12716355
CODE V{ 1376 }
SCAN f
PROFILE "integer-pressure"
H{
    { "instruction-next-uses" 168838 }
    { "spill-ssa" 852062 }
    { "perfect-order?" 213446 }
    { "maximum-cardinality-order" 603192 }
    { "compute-next-uses" 63263 }
    { "preference-guided-colors" 700772 }
    { "interference-graph" 262195 }
}
TOTAL 18554796
CODE V{ 560 }
SCAN f
PROFILE "simd-pressure"
H{
    { "instruction-next-uses" 70889 }
    { "spill-ssa" 1113642 }
    { "perfect-order?" 288558 }
    { "maximum-cardinality-order" 841197 }
    { "compute-next-uses" 69413 }
    { "preference-guided-colors" 1147508 }
    { "interference-graph" 370886 }
}
TOTAL 195713254
CODE V{ 1136 }
SCAN f
PROFILE "gc-pressure"
H{
    { "instruction-next-uses" 720616 }
    { "spill-ssa" 11802383 }
    { "perfect-order?" 1625896 }
    { "maximum-cardinality-order" 4981828 }
    { "compute-next-uses" 891504 }
    { "preference-guided-colors" 6229417 }
    { "interference-graph" 2628100 }
}
TOTAL 45444113
CODE V{ 8960 }
SCAN f
PROFILE "spectral-norm"
H{
    { "instruction-next-uses" 244196 }
    { "spill-ssa" 6614571 }
    { "perfect-order?" 570228 }
    { "maximum-cardinality-order" 1168049 }
    { "compute-next-uses" 1432335 }
    { "preference-guided-colors" 5775793 }
    { "interference-graph" 1216306 }
}
TOTAL 90995933
CODE V{ 3392 }
SCAN f
PROFILE "nbody"
H{
    { "instruction-next-uses" 261498 }
    { "spill-ssa" 6221299 }
    { "perfect-order?" 418077 }
    { "maximum-cardinality-order" 1080596 }
    { "compute-next-uses" 992446 }
    { "preference-guided-colors" 4028291 }
    { "interference-graph" 702617 }
}
TOTAL 69012061
CODE V{ 3312 }
SCAN f
PROFILE "nbody"
H{
    { "instruction-next-uses" 212995 }
    { "spill-ssa" 6366398 }
    { "perfect-order?" 449729 }
    { "maximum-cardinality-order" 1143367 }
    { "compute-next-uses" 1442544 }
    { "preference-guided-colors" 5356650 }
    { "interference-graph" 3713124 }
}
TOTAL 613592839
CODE V{ 4352 }
SCAN f
PROFILE "fannkuch"
H{
    { "instruction-next-uses" 250510 }
    { "spill-ssa" 6217814 }
    { "perfect-order?" 481955 }
    { "maximum-cardinality-order" 585808 }
    { "compute-next-uses" 1601829 }
    { "preference-guided-colors" 3927759 }
    { "interference-graph" 565472 }
}
TOTAL 32720706
CODE V{ 3664 }
SCAN f
PROFILE "binary-trees"
H{
    { "instruction-next-uses" 766454 }
    { "spill-ssa" 12215704 }
    { "perfect-order?" 642306 }
    { "maximum-cardinality-order" 2856634 }
    { "compute-next-uses" 1843155 }
    { "preference-guided-colors" 9518970 }
    { "interference-graph" 1294288 }
}
TOTAL 66040627
CODE V{ 5824 752 752 1008 1008 }
SCAN f
PROFILE "struct-arrays-bench"
H{
    { "instruction-next-uses" 82369 }
    { "spill-ssa" 1580427 }
    { "perfect-order?" 108732 }
    { "maximum-cardinality-order" 212216 }
    { "compute-next-uses" 238169 }
    { "preference-guided-colors" 1787600 }
    { "interference-graph" 243909 }
}
TOTAL 20025630
CODE V{ 1680 }
