Unit Test: { { 11.25 } [ au-one <struct> 1.25 >>a 10.0 au_take_one ] }
--> test failed!
Unit Test: {
    { 16.25 }
    [
        au-two <struct> 1.25 2.5 au-pair boa >>pair
        10.0 au_take_two
    ]
}
--> test failed!
Unit Test: {
    { 40.0 }
    [
        au-four <struct> 1.0 2.0 3.0 4.0 au-quad boa >>quad
        10.0 au_take_four
    ]
}
--> test failed!
Unit Test: {
    { 16.25 }
    [
        au-one <struct> 1.25 >>a 2.5 au-nested boa
        10.0 au_take_nested
    ]
}
--> test failed!
Unit Test: { { 13.75 } [ au-mixed <struct> 3.75 >>b 10.0 au_take_mixed ] }
Unit Test: { { 1.25 } [ 1.25 au_return_one a>> ] }
Unit Test: {
    { 1.25 2.5 }
    [ 1.25 2.5 au_return_two pair>> [ a>> ] [ b>> ] bi ]
}
Unit Test: {
    { 1.0 2.0 3.0 4.0 }
    [
        1.0 2.0 3.0 4.0 au_return_four quad>>
        { [ a>> ] [ b>> ] [ c>> ] [ d>> ] } cleave
    ]
}
--> test failed!
Unit Test: {
    { 23.25 }
    [
        7 au-two <struct> 1.25 2.5 au-pair boa >>pair
        10.0 au_variadic
    ]
}
--> test failed!
Unit Test: {
    { 11.25 }
    [ [ [ swap a>> + ] au-one-cb au_call_one ] compile-call ]
}
--> test failed!
Unit Test: {
    { 16.25 }
    [
        [
            [ swap pair>> [ a>> ] [ b>> 2 * ] bi + + ] au-two-cb
            au_call_two
        ] compile-call
    ]
}
--> test failed!
Unit Test: {
    { 40.0 }
    [
        [
            [
                swap quad>>
                { [ a>> ] [ b>> 2 * ] [ c>> 3 * ] [ d>> 4 * ] }
                cleave + + + +
            ] au-four-cb au_call_four
        ] compile-call
    ]
}
--> test failed!
Unit Test: { { 1 } [ au_c_controls ] }
Unit Test: { { 16 } [ au-padded heap-size ] }
Unit Test: { { 16.25 } [ 1.25 2.5 au-padded boa 10.0 au_take_padded ] }
--> test failed!
Unit Test: {
    { 16.25 }
    [
        au-padded-union <struct> 1.25 2.5 au-padded boa >>padded
        10.0 au_take_padded_union
    ]
}
Unit Test: {
    { 1.25 2.5 }
    [ 1.25 2.5 au_return_padded [ a>> ] [ b>> ] bi ]
}
--> test failed!
Unit Test: {
    { 16.25 }
    [
        [
            [ swap [ a>> ] [ b>> 2 * ] bi + + ] au-padded-cb
            au_call_padded
        ] compile-call
    ]
}
--> test failed!
Unit Test: {
    { 37.25 }
    [
        1.0 2.0 3.0 4.0 5.0 6.0 au-two <struct> 1.25 2.5 au-pair
        boa >>pair 10.0 au_take_spill
    ]
}
--> test failed!
Unit Test: {
    { 37.25 }
    [
        [
            [
                swap pair>> [ a>> ] [ b>> 2 * ] bi + + + + + + +
                +
            ] au-spill-cb au_call_spill
        ] compile-call
    ]
}
--> test failed!
Unit Test: {
    { 40.0 }
    [
        au-vector <struct> float-4{ 1.0 2.0 3.0 4.0 } >>a
        10.0 au_take_vector
    ]
}
--> test failed!
Unit Test: {
    { float-4{ 1.0 2.0 3.0 4.0 } }
    [ 1.0 2.0 3.0 4.0 au_return_vector a>> ]
}
--> test failed!
Unit Test: {
    { 40.0 }
    [
        [
            [
                swap a>> {
                    [ first ]
                    [ second 2 * ]
                    [ third 3 * ]
                    [ fourth 4 * ]
                } cleave + + + +
            ] au-vector-cb au_call_vector
        ] compile-call
    ]
}
--> test failed!
Unit Test: {
    { 46.0 }
    [
        au-vector-two <struct>
        float-4{ 1.0 2.0 3.0 4.0 } float-4{ 5.0 6.0 7.0 8.0 }
        au-fvec-pair boa >>a 10.0 au_take_vector_two
    ]
}
--> test failed!
Unit Test: {
    { float-4{ 1.0 2.0 3.0 4.0 } float-4{ 5.0 6.0 7.0 8.0 } }
    [ au_return_vector_two a>> [ a>> ] [ b>> ] bi ]
}
--> test failed!

==== resource:basis/compiler/tests/arm64-unions/cases.factor

resource:basis/compiler/tests/arm64-unions/cases.factor: 39

Unit Test: { { 11.25 } [ au-one <struct> 1.25 >>a 10.0 au_take_one ] }

=== Expected:
11.25
=== Got:
1.25
(U) [ c-to-factor => ]
    c-to-factor
(U) [ [ (get-catchstack) push ] dip call => (get-catchstack) pop* ]
(O) command-line-startup
(O) run-script
(U) [
        2dup check-call-effect 2dup [
            ~quotation~ dip
            dup terminated?>> ~quotation~ ~quotation~ if
        ] 2dip => rot [ 2drop ] [ wrong-values ] if
    ]
(U) [
        [ ~quotation~ dip dip ] dip => dup terminated?>>
        [ 2drop f ]
        [ dup in>> length swap out>> length check-datastack ] if
    ]
(U) [ swap [ call ] dip => ]
    dip
(U) [ output>array => datastack. ]
(U) [ [ ~quotation~ ~quotation~ bi ] dip => nsequence ]
    output>sequence
(U) [ [ keep ] dip => call ]
    bi
(U) [ over [ call ] dip => ]
    keep
(U) [
        f restartable-tests? set-global
        "resource:basis/compiler/tests/alien-arm64-unions.factor"
        run-test-file => :test-failures compiler-errors get values
        [ print-error ] each
        test-failures get empty? compiler-errors get assoc-empty?
        and 0 1 ? exit
    ]
(O) run-test-file
(O) run-test-file
(U) [
        { 11.25 } [ au-one <struct> 1.25 >>a 10.0 au_take_one ]
        \ (unit-test) 39 experiment =>
        { 16.25 } [
            au-two <struct> 1.25 2.5 au-pair boa >>pair
            10.0 au_take_two
        ] \ (unit-test) 40 experiment
        { 40.0 } [
            au-four <struct> 1.0 2.0 3.0 4.0 au-quad boa >>quad
            10.0 au_take_four
        ] \ (unit-test) 41 experiment
        { 16.25 } [
            au-one <struct> 1.25 >>a 2.5 au-nested boa
            10.0 au_take_nested
        ] \ (unit-test) 42 experiment
        { 13.75 } [ au-mixed <struct> 3.75 >>b 10.0 au_take_mixed ]
        \ (unit-test) 43 experiment
        { 1.25 } [ 1.25 au_return_one a>> ] \ (unit-test) 44
        experiment
        { 1.25 2.5 }
        [ 1.25 2.5 au_return_two pair>> ~quotation~ ~quotation~ bi ]
        \ (unit-test) 45 experiment
        { 1.0 2.0 3.0 4.0 }
        [ 1.0 2.0 3.0 4.0 au_return_four quad>> ~array~ cleave ]
        \ (unit-test) 46 experiment
        { 23.25 } [
            7 au-two <struct> 1.25 2.5 au-pair boa >>pair
            10.0 au_variadic
        ] \ (unit-test) 47 experiment
        { 11.25 } [ ~quotation~ compile-call ] \ (unit-test) 48
        experiment
        { 16.25 } [ ~quotation~ compile-call ] \ (unit-test) 49
        experiment
        { 40.0 } [ ~quotation~ compile-call ] \ (unit-test) 50
        experiment
        { 1 } [ au_c_controls ] \ (unit-test) 63 experiment
        { 16 } [ au-padded heap-size ] \ (unit-test) 64 experiment
        { 16.25 } [ 1.25 2.5 au-padded boa 10.0 au_take_padded ]
        \ (unit-test) 65 experiment
        { 16.25 } [
            au-padded-union <struct> 1.25 2.5 au-padded boa >>padded
            10.0 au_take_padded_union
        ] \ (unit-test) 66 experiment
        { 1.25 2.5 }
        [ 1.25 2.5 au_return_padded ~quotation~ ~quotation~ bi ]
        \ (unit-test) 67 experiment
        { 16.25 } [ ~quotation~ compile-call ] \ (unit-test) 68
        experiment
        { 37.25 } [
            1.0 2.0 3.0 4.0 5.0 6.0 au-two <struct> 1.25 2.5 au-pair
            boa >>pair 10.0 au_take_spill
        ] \ (unit-test) 69 experiment
        { 37.25 } [ ~quotation~ compile-call ] \ (unit-test)
        ~12 more~
    ]
(U) [
        2 load-locals -1 get-local <experiment> load-local
        silent-tests? get 0 get-local
        [ load-local 0 get-local experiment. 1 drop-locals ] curry
        unless -2 get-local execute => 0 get-local -1 get-local [
            2 load-locals -1 get-local 0 get-local ~quotation~ curry
            curry ~quotation~ if 2 drop-locals
        ] curry curry [ 2drop "Warning: test skipped!" print ] if
        3 drop-locals
    ]
    experiment
(O) (unit-test)
(O) assert-sequence=
(O) assert-sequence
(O) M\ object throw
(U) [
        OBJ-CURRENT-THREAD special-object error-thread set-global
        current-continuation => error-continuation set-global
        [ original-error set-global ] [ rethrow ] bi
    ]

resource:basis/compiler/tests/arm64-unions/cases.factor: 40

Unit Test: {
    { 16.25 }
    [
        au-two <struct> 1.25 2.5 au-pair boa >>pair
        10.0 au_take_two
    ]
}

=== Expected:
16.25
=== Got:
6.25
(U) [ c-to-factor => ]
    c-to-factor
(U) [ [ (get-catchstack) push ] dip call => (get-catchstack) pop* ]
(O) command-line-startup
(O) run-script
(U) [
        2dup check-call-effect 2dup [
            ~quotation~ dip
            dup terminated?>> ~quotation~ ~quotation~ if
        ] 2dip => rot [ 2drop ] [ wrong-values ] if
    ]
(U) [
        [ ~quotation~ dip dip ] dip => dup terminated?>>
        [ 2drop f ]
        [ dup in>> length swap out>> length check-datastack ] if
    ]
(U) [ swap [ call ] dip => ]
    dip
(U) [ output>array => datastack. ]
(U) [ [ ~quotation~ ~quotation~ bi ] dip => nsequence ]
    output>sequence
(U) [ [ keep ] dip => call ]
    bi
(U) [ over [ call ] dip => ]
    keep
(U) [
        f restartable-tests? set-global
        "resource:basis/compiler/tests/alien-arm64-unions.factor"
        run-test-file => :test-failures compiler-errors get values
        [ print-error ] each
        test-failures get empty? compiler-errors get assoc-empty?
        and 0 1 ? exit
    ]
(O) run-test-file
(O) run-test-file
(U) [
        { 11.25 } [ au-one <struct> 1.25 >>a 10.0 au_take_one ]
        \ (unit-test) 39 experiment
        { 16.25 } [
            au-two <struct> 1.25 2.5 au-pair boa >>pair
            10.0 au_take_two
        ] \ (unit-test) 40 experiment =>
        { 40.0 } [
            au-four <struct> 1.0 2.0 3.0 4.0 au-quad boa >>quad
            10.0 au_take_four
        ] \ (unit-test) 41 experiment
        { 16.25 } [
            au-one <struct> 1.25 >>a 2.5 au-nested boa
            10.0 au_take_nested
        ] \ (unit-test) 42 experiment
        { 13.75 } [ au-mixed <struct> 3.75 >>b 10.0 au_take_mixed ]
        \ (unit-test) 43 experiment
        { 1.25 } [ 1.25 au_return_one a>> ] \ (unit-test) 44
        experiment
        { 1.25 2.5 }
        [ 1.25 2.5 au_return_two pair>> ~quotation~ ~quotation~ bi ]
        \ (unit-test) 45 experiment
        { 1.0 2.0 3.0 4.0 }
        [ 1.0 2.0 3.0 4.0 au_return_four quad>> ~array~ cleave ]
        \ (unit-test) 46 experiment
        { 23.25 } [
            7 au-two <struct> 1.25 2.5 au-pair boa >>pair
            10.0 au_variadic
        ] \ (unit-test) 47 experiment
        { 11.25 } [ ~quotation~ compile-call ] \ (unit-test) 48
        experiment
        { 16.25 } [ ~quotation~ compile-call ] \ (unit-test) 49
        experiment
        { 40.0 } [ ~quotation~ compile-call ] \ (unit-test) 50
        experiment
        { 1 } [ au_c_controls ] \ (unit-test) 63 experiment
        { 16 } [ au-padded heap-size ] \ (unit-test) 64 experiment
        { 16.25 } [ 1.25 2.5 au-padded boa 10.0 au_take_padded ]
        \ (unit-test) 65 experiment
        { 16.25 } [
            au-padded-union <struct> 1.25 2.5 au-padded boa >>padded
            10.0 au_take_padded_union
        ] \ (unit-test) 66 experiment
        { 1.25 2.5 }
        [ 1.25 2.5 au_return_padded ~quotation~ ~quotation~ bi ]
        \ (unit-test) 67 experiment
        { 16.25 } [ ~quotation~ compile-call ] \ (unit-test) 68
        experiment
        { 37.25 } [
            1.0 2.0 3.0 4.0 5.0 6.0 au-two <struct> 1.25 2.5 au-pair
            boa >>pair 10.0 au_take_spill
        ] \ (unit-test) 69 experiment
        { 37.25 } [ ~quotation~ compile-call ] \ (unit-test)
        ~12 more~
    ]
(U) [
        2 load-locals -1 get-local <experiment> load-local
        silent-tests? get 0 get-local
        [ load-local 0 get-local experiment. 1 drop-locals ] curry
        unless -2 get-local execute => 0 get-local -1 get-local [
            2 load-locals -1 get-local 0 get-local ~quotation~ curry
            curry ~quotation~ if 2 drop-locals
        ] curry curry [ 2drop "Warning: test skipped!" print ] if
        3 drop-locals
    ]
    experiment
(O) (unit-test)
(O) assert-sequence=
(O) assert-sequence
(O) M\ object throw
(U) [
        OBJ-CURRENT-THREAD special-object error-thread set-global
        current-continuation => error-continuation set-global
        [ original-error set-global ] [ rethrow ] bi
    ]

resource:basis/compiler/tests/arm64-unions/cases.factor: 41

Unit Test: {
    { 40.0 }
    [
        au-four <struct> 1.0 2.0 3.0 4.0 au-quad boa >>quad
        10.0 au_take_four
    ]
}

=== Expected:
40.0
=== Got:
-4.171922305273774e+34
(U) [ c-to-factor => ]
    c-to-factor
(U) [ [ (get-catchstack) push ] dip call => (get-catchstack) pop* ]
(O) command-line-startup
(O) run-script
(U) [
        2dup check-call-effect 2dup [
            ~quotation~ dip
            dup terminated?>> ~quotation~ ~quotation~ if
        ] 2dip => rot [ 2drop ] [ wrong-values ] if
    ]
(U) [
        [ ~quotation~ dip dip ] dip => dup terminated?>>
        [ 2drop f ]
        [ dup in>> length swap out>> length check-datastack ] if
    ]
(U) [ swap [ call ] dip => ]
    dip
(U) [ output>array => datastack. ]
(U) [ [ ~quotation~ ~quotation~ bi ] dip => nsequence ]
    output>sequence
(U) [ [ keep ] dip => call ]
    bi
(U) [ over [ call ] dip => ]
    keep
(U) [
        f restartable-tests? set-global
        "resource:basis/compiler/tests/alien-arm64-unions.factor"
        run-test-file => :test-failures compiler-errors get values
        [ print-error ] each
        test-failures get empty? compiler-errors get assoc-empty?
        and 0 1 ? exit
    ]
(O) run-test-file
(O) run-test-file
(U) [
        { 11.25 } [ au-one <struct> 1.25 >>a 10.0 au_take_one ]
        \ (unit-test) 39 experiment
        { 16.25 } [
            au-two <struct> 1.25 2.5 au-pair boa >>pair
            10.0 au_take_two
        ] \ (unit-test) 40 experiment
        { 40.0 } [
            au-four <struct> 1.0 2.0 3.0 4.0 au-quad boa >>quad
            10.0 au_take_four
        ] \ (unit-test) 41 experiment =>
        { 16.25 } [
            au-one <struct> 1.25 >>a 2.5 au-nested boa
            10.0 au_take_nested
        ] \ (unit-test) 42 experiment
        { 13.75 } [ au-mixed <struct> 3.75 >>b 10.0 au_take_mixed ]
        \ (unit-test) 43 experiment
        { 1.25 } [ 1.25 au_return_one a>> ] \ (unit-test) 44
        experiment
        { 1.25 2.5 }
        [ 1.25 2.5 au_return_two pair>> ~quotation~ ~quotation~ bi ]
        \ (unit-test) 45 experiment
        { 1.0 2.0 3.0 4.0 }
        [ 1.0 2.0 3.0 4.0 au_return_four quad>> ~array~ cleave ]
        \ (unit-test) 46 experiment
        { 23.25 } [
            7 au-two <struct> 1.25 2.5 au-pair boa >>pair
            10.0 au_variadic
        ] \ (unit-test) 47 experiment
        { 11.25 } [ ~quotation~ compile-call ] \ (unit-test) 48
        experiment
        { 16.25 } [ ~quotation~ compile-call ] \ (unit-test) 49
        experiment
        { 40.0 } [ ~quotation~ compile-call ] \ (unit-test) 50
        experiment
        { 1 } [ au_c_controls ] \ (unit-test) 63 experiment
        { 16 } [ au-padded heap-size ] \ (unit-test) 64 experiment
        { 16.25 } [ 1.25 2.5 au-padded boa 10.0 au_take_padded ]
        \ (unit-test) 65 experiment
        { 16.25 } [
            au-padded-union <struct> 1.25 2.5 au-padded boa >>padded
            10.0 au_take_padded_union
        ] \ (unit-test) 66 experiment
        { 1.25 2.5 }
        [ 1.25 2.5 au_return_padded ~quotation~ ~quotation~ bi ]
        \ (unit-test) 67 experiment
        { 16.25 } [ ~quotation~ compile-call ] \ (unit-test) 68
        experiment
        { 37.25 } [
            1.0 2.0 3.0 4.0 5.0 6.0 au-two <struct> 1.25 2.5 au-pair
            boa >>pair 10.0 au_take_spill
        ] \ (unit-test) 69 experiment
        { 37.25 } [ ~quotation~ compile-call ] \ (unit-test)
        ~12 more~
    ]
(U) [
        2 load-locals -1 get-local <experiment> load-local
        silent-tests? get 0 get-local
        [ load-local 0 get-local experiment. 1 drop-locals ] curry
        unless -2 get-local execute => 0 get-local -1 get-local [
            2 load-locals -1 get-local 0 get-local ~quotation~ curry
            curry ~quotation~ if 2 drop-locals
        ] curry curry [ 2drop "Warning: test skipped!" print ] if
        3 drop-locals
    ]
    experiment
(O) (unit-test)
(O) assert-sequence=
(O) assert-sequence
(O) M\ object throw
(U) [
        OBJ-CURRENT-THREAD special-object error-thread set-global
        current-continuation => error-continuation set-global
        [ original-error set-global ] [ rethrow ] bi
    ]

resource:basis/compiler/tests/arm64-unions/cases.factor: 42

Unit Test: {
    { 16.25 }
    [
        au-one <struct> 1.25 >>a 2.5 au-nested boa
        10.0 au_take_nested
    ]
}

=== Expected:
16.25
=== Got:
6.25
(U) [ c-to-factor => ]
    c-to-factor
(U) [ [ (get-catchstack) push ] dip call => (get-catchstack) pop* ]
(O) command-line-startup
(O) run-script
(U) [
        2dup check-call-effect 2dup [
            ~quotation~ dip
            dup terminated?>> ~quotation~ ~quotation~ if
        ] 2dip => rot [ 2drop ] [ wrong-values ] if
    ]
(U) [
        [ ~quotation~ dip dip ] dip => dup terminated?>>
        [ 2drop f ]
        [ dup in>> length swap out>> length check-datastack ] if
    ]
(U) [ swap [ call ] dip => ]
    dip
(U) [ output>array => datastack. ]
(U) [ [ ~quotation~ ~quotation~ bi ] dip => nsequence ]
    output>sequence
(U) [ [ keep ] dip => call ]
    bi
(U) [ over [ call ] dip => ]
    keep
(U) [
        f restartable-tests? set-global
        "resource:basis/compiler/tests/alien-arm64-unions.factor"
        run-test-file => :test-failures compiler-errors get values
        [ print-error ] each
        test-failures get empty? compiler-errors get assoc-empty?
        and 0 1 ? exit
    ]
(O) run-test-file
(O) run-test-file
(U) [
        { 11.25 } [ au-one <struct> 1.25 >>a 10.0 au_take_one ]
        \ (unit-test) 39 experiment
        { 16.25 } [
            au-two <struct> 1.25 2.5 au-pair boa >>pair
            10.0 au_take_two
        ] \ (unit-test) 40 experiment
        { 40.0 } [
            au-four <struct> 1.0 2.0 3.0 4.0 au-quad boa >>quad
            10.0 au_take_four
        ] \ (unit-test) 41 experiment
        { 16.25 } [
            au-one <struct> 1.25 >>a 2.5 au-nested boa
            10.0 au_take_nested
        ] \ (unit-test) 42 experiment =>
        { 13.75 } [ au-mixed <struct> 3.75 >>b 10.0 au_take_mixed ]
        \ (unit-test) 43 experiment
        { 1.25 } [ 1.25 au_return_one a>> ] \ (unit-test) 44
        experiment
        { 1.25 2.5 }
        [ 1.25 2.5 au_return_two pair>> ~quotation~ ~quotation~ bi ]
        \ (unit-test) 45 experiment
        { 1.0 2.0 3.0 4.0 }
        [ 1.0 2.0 3.0 4.0 au_return_four quad>> ~array~ cleave ]
        \ (unit-test) 46 experiment
        { 23.25 } [
            7 au-two <struct> 1.25 2.5 au-pair boa >>pair
            10.0 au_variadic
        ] \ (unit-test) 47 experiment
        { 11.25 } [ ~quotation~ compile-call ] \ (unit-test) 48
        experiment
        { 16.25 } [ ~quotation~ compile-call ] \ (unit-test) 49
        experiment
        { 40.0 } [ ~quotation~ compile-call ] \ (unit-test) 50
        experiment
        { 1 } [ au_c_controls ] \ (unit-test) 63 experiment
        { 16 } [ au-padded heap-size ] \ (unit-test) 64 experiment
        { 16.25 } [ 1.25 2.5 au-padded boa 10.0 au_take_padded ]
        \ (unit-test) 65 experiment
        { 16.25 } [
            au-padded-union <struct> 1.25 2.5 au-padded boa >>padded
            10.0 au_take_padded_union
        ] \ (unit-test) 66 experiment
        { 1.25 2.5 }
        [ 1.25 2.5 au_return_padded ~quotation~ ~quotation~ bi ]
        \ (unit-test) 67 experiment
        { 16.25 } [ ~quotation~ compile-call ] \ (unit-test) 68
        experiment
        { 37.25 } [
            1.0 2.0 3.0 4.0 5.0 6.0 au-two <struct> 1.25 2.5 au-pair
            boa >>pair 10.0 au_take_spill
        ] \ (unit-test) 69 experiment
        { 37.25 } [ ~quotation~ compile-call ] \ (unit-test)
        ~12 more~
    ]
(U) [
        2 load-locals -1 get-local <experiment> load-local
        silent-tests? get 0 get-local
        [ load-local 0 get-local experiment. 1 drop-locals ] curry
        unless -2 get-local execute => 0 get-local -1 get-local [
            2 load-locals -1 get-local 0 get-local ~quotation~ curry
            curry ~quotation~ if 2 drop-locals
        ] curry curry [ 2drop "Warning: test skipped!" print ] if
        3 drop-locals
    ]
    experiment
(O) (unit-test)
(O) assert-sequence=
(O) assert-sequence
(O) M\ object throw
(U) [
        OBJ-CURRENT-THREAD special-object error-thread set-global
        current-continuation => error-continuation set-global
        [ original-error set-global ] [ rethrow ] bi
    ]

resource:basis/compiler/tests/arm64-unions/cases.factor: 46

Unit Test: {
    { 1.0 2.0 3.0 4.0 }
    [
        1.0 2.0 3.0 4.0 au_return_four quad>>
        { [ a>> ] [ b>> ] [ c>> ] [ d>> ] } cleave
    ]
}

=== Expected:
1.0
2.0
3.0
4.0
=== Got:
2.89976287907172e-29
1.401298464324817e-45
2.899772508721442e-29
1.401298464324817e-45
(U) [ c-to-factor => ]
    c-to-factor
(U) [ [ (get-catchstack) push ] dip call => (get-catchstack) pop* ]
(O) command-line-startup
(O) run-script
(U) [
        2dup check-call-effect 2dup [
            ~quotation~ dip
            dup terminated?>> ~quotation~ ~quotation~ if
        ] 2dip => rot [ 2drop ] [ wrong-values ] if
    ]
(U) [
        [ ~quotation~ dip dip ] dip => dup terminated?>>
        [ 2drop f ]
        [ dup in>> length swap out>> length check-datastack ] if
    ]
(U) [ swap [ call ] dip => ]
    dip
(U) [ output>array => datastack. ]
(U) [ [ ~quotation~ ~quotation~ bi ] dip => nsequence ]
    output>sequence
(U) [ [ keep ] dip => call ]
    bi
(U) [ over [ call ] dip => ]
    keep
(U) [
        f restartable-tests? set-global
        "resource:basis/compiler/tests/alien-arm64-unions.factor"
        run-test-file => :test-failures compiler-errors get values
        [ print-error ] each
        test-failures get empty? compiler-errors get assoc-empty?
        and 0 1 ? exit
    ]
(O) run-test-file
(O) run-test-file
(U) [
        { 11.25 } [ au-one <struct> 1.25 >>a 10.0 au_take_one ]
        \ (unit-test) 39 experiment
        { 16.25 } [
            au-two <struct> 1.25 2.5 au-pair boa >>pair
            10.0 au_take_two
        ] \ (unit-test) 40 experiment
        { 40.0 } [
            au-four <struct> 1.0 2.0 3.0 4.0 au-quad boa >>quad
            10.0 au_take_four
        ] \ (unit-test) 41 experiment
        { 16.25 } [
            au-one <struct> 1.25 >>a 2.5 au-nested boa
            10.0 au_take_nested
        ] \ (unit-test) 42 experiment
        { 13.75 } [ au-mixed <struct> 3.75 >>b 10.0 au_take_mixed ]
        \ (unit-test) 43 experiment
        { 1.25 } [ 1.25 au_return_one a>> ] \ (unit-test) 44
        experiment
        { 1.25 2.5 }
        [ 1.25 2.5 au_return_two pair>> ~quotation~ ~quotation~ bi ]
        \ (unit-test) 45 experiment
        { 1.0 2.0 3.0 4.0 }
        [ 1.0 2.0 3.0 4.0 au_return_four quad>> ~array~ cleave ]
        \ (unit-test) 46 experiment =>
        { 23.25 } [
            7 au-two <struct> 1.25 2.5 au-pair boa >>pair
            10.0 au_variadic
        ] \ (unit-test) 47 experiment
        { 11.25 } [ ~quotation~ compile-call ] \ (unit-test) 48
        experiment
        { 16.25 } [ ~quotation~ compile-call ] \ (unit-test) 49
        experiment
        { 40.0 } [ ~quotation~ compile-call ] \ (unit-test) 50
        experiment
        { 1 } [ au_c_controls ] \ (unit-test) 63 experiment
        { 16 } [ au-padded heap-size ] \ (unit-test) 64 experiment
        { 16.25 } [ 1.25 2.5 au-padded boa 10.0 au_take_padded ]
        \ (unit-test) 65 experiment
        { 16.25 } [
            au-padded-union <struct> 1.25 2.5 au-padded boa >>padded
            10.0 au_take_padded_union
        ] \ (unit-test) 66 experiment
        { 1.25 2.5 }
        [ 1.25 2.5 au_return_padded ~quotation~ ~quotation~ bi ]
        \ (unit-test) 67 experiment
        { 16.25 } [ ~quotation~ compile-call ] \ (unit-test) 68
        experiment
        { 37.25 } [
            1.0 2.0 3.0 4.0 5.0 6.0 au-two <struct> 1.25 2.5 au-pair
            boa >>pair 10.0 au_take_spill
        ] \ (unit-test) 69 experiment
        { 37.25 } [ ~quotation~ compile-call ] \ (unit-test)
        ~12 more~
    ]
(U) [
        2 load-locals -1 get-local <experiment> load-local
        silent-tests? get 0 get-local
        [ load-local 0 get-local experiment. 1 drop-locals ] curry
        unless -2 get-local execute => 0 get-local -1 get-local [
            2 load-locals -1 get-local 0 get-local ~quotation~ curry
            curry ~quotation~ if 2 drop-locals
        ] curry curry [ 2drop "Warning: test skipped!" print ] if
        3 drop-locals
    ]
    experiment
(O) (unit-test)
(O) assert-sequence=
(O) assert-sequence
(O) M\ object throw
(U) [
        OBJ-CURRENT-THREAD special-object error-thread set-global
        current-continuation => error-continuation set-global
        [ original-error set-global ] [ rethrow ] bi
    ]

resource:basis/compiler/tests/arm64-unions/cases.factor: 47

Unit Test: {
    { 23.25 }
    [
        7 au-two <struct> 1.25 2.5 au-pair boa >>pair
        10.0 au_variadic
    ]
}

=== Expected:
23.25
=== Got:
13.25
(U) [ c-to-factor => ]
    c-to-factor
(U) [ [ (get-catchstack) push ] dip call => (get-catchstack) pop* ]
(O) command-line-startup
(O) run-script
(U) [
        2dup check-call-effect 2dup [
            ~quotation~ dip
            dup terminated?>> ~quotation~ ~quotation~ if
        ] 2dip => rot [ 2drop ] [ wrong-values ] if
    ]
(U) [
        [ ~quotation~ dip dip ] dip => dup terminated?>>
        [ 2drop f ]
        [ dup in>> length swap out>> length check-datastack ] if
    ]
(U) [ swap [ call ] dip => ]
    dip
(U) [ output>array => datastack. ]
(U) [ [ ~quotation~ ~quotation~ bi ] dip => nsequence ]
    output>sequence
(U) [ [ keep ] dip => call ]
    bi
(U) [ over [ call ] dip => ]
    keep
(U) [
        f restartable-tests? set-global
        "resource:basis/compiler/tests/alien-arm64-unions.factor"
        run-test-file => :test-failures compiler-errors get values
        [ print-error ] each
        test-failures get empty? compiler-errors get assoc-empty?
        and 0 1 ? exit
    ]
(O) run-test-file
(O) run-test-file
(U) [
        { 11.25 } [ au-one <struct> 1.25 >>a 10.0 au_take_one ]
        \ (unit-test) 39 experiment
        { 16.25 } [
            au-two <struct> 1.25 2.5 au-pair boa >>pair
            10.0 au_take_two
        ] \ (unit-test) 40 experiment
        { 40.0 } [
            au-four <struct> 1.0 2.0 3.0 4.0 au-quad boa >>quad
            10.0 au_take_four
        ] \ (unit-test) 41 experiment
        { 16.25 } [
            au-one <struct> 1.25 >>a 2.5 au-nested boa
            10.0 au_take_nested
        ] \ (unit-test) 42 experiment
        { 13.75 } [ au-mixed <struct> 3.75 >>b 10.0 au_take_mixed ]
        \ (unit-test) 43 experiment
        { 1.25 } [ 1.25 au_return_one a>> ] \ (unit-test) 44
        experiment
        { 1.25 2.5 }
        [ 1.25 2.5 au_return_two pair>> ~quotation~ ~quotation~ bi ]
        \ (unit-test) 45 experiment
        { 1.0 2.0 3.0 4.0 }
        [ 1.0 2.0 3.0 4.0 au_return_four quad>> ~array~ cleave ]
        \ (unit-test) 46 experiment
        { 23.25 } [
            7 au-two <struct> 1.25 2.5 au-pair boa >>pair
            10.0 au_variadic
        ] \ (unit-test) 47 experiment =>
        { 11.25 } [ ~quotation~ compile-call ] \ (unit-test) 48
        experiment
        { 16.25 } [ ~quotation~ compile-call ] \ (unit-test) 49
        experiment
        { 40.0 } [ ~quotation~ compile-call ] \ (unit-test) 50
        experiment
        { 1 } [ au_c_controls ] \ (unit-test) 63 experiment
        { 16 } [ au-padded heap-size ] \ (unit-test) 64 experiment
        { 16.25 } [ 1.25 2.5 au-padded boa 10.0 au_take_padded ]
        \ (unit-test) 65 experiment
        { 16.25 } [
            au-padded-union <struct> 1.25 2.5 au-padded boa >>padded
            10.0 au_take_padded_union
        ] \ (unit-test) 66 experiment
        { 1.25 2.5 }
        [ 1.25 2.5 au_return_padded ~quotation~ ~quotation~ bi ]
        \ (unit-test) 67 experiment
        { 16.25 } [ ~quotation~ compile-call ] \ (unit-test) 68
        experiment
        { 37.25 } [
            1.0 2.0 3.0 4.0 5.0 6.0 au-two <struct> 1.25 2.5 au-pair
            boa >>pair 10.0 au_take_spill
        ] \ (unit-test) 69 experiment
        { 37.25 } [ ~quotation~ compile-call ] \ (unit-test)
        ~12 more~
    ]
(U) [
        2 load-locals -1 get-local <experiment> load-local
        silent-tests? get 0 get-local
        [ load-local 0 get-local experiment. 1 drop-locals ] curry
        unless -2 get-local execute => 0 get-local -1 get-local [
            2 load-locals -1 get-local 0 get-local ~quotation~ curry
            curry ~quotation~ if 2 drop-locals
        ] curry curry [ 2drop "Warning: test skipped!" print ] if
        3 drop-locals
    ]
    experiment
(O) (unit-test)
(O) assert-sequence=
(O) assert-sequence
(O) M\ object throw
(U) [
        OBJ-CURRENT-THREAD special-object error-thread set-global
        current-continuation => error-continuation set-global
        [ original-error set-global ] [ rethrow ] bi
    ]

resource:basis/compiler/tests/arm64-unions/cases.factor: 48

Unit Test: {
    { 11.25 }
    [ [ [ swap a>> + ] au-one-cb au_call_one ] compile-call ]
}

=== Expected:
11.25
=== Got:
1.25
(U) [ c-to-factor => ]
    c-to-factor
(U) [ [ (get-catchstack) push ] dip call => (get-catchstack) pop* ]
(O) command-line-startup
(O) run-script
(U) [
        2dup check-call-effect 2dup [
            ~quotation~ dip
            dup terminated?>> ~quotation~ ~quotation~ if
        ] 2dip => rot [ 2drop ] [ wrong-values ] if
    ]
(U) [
        [ ~quotation~ dip dip ] dip => dup terminated?>>
        [ 2drop f ]
        [ dup in>> length swap out>> length check-datastack ] if
    ]
(U) [ swap [ call ] dip => ]
    dip
(U) [ output>array => datastack. ]
(U) [ [ ~quotation~ ~quotation~ bi ] dip => nsequence ]
    output>sequence
(U) [ [ keep ] dip => call ]
    bi
(U) [ over [ call ] dip => ]
    keep
(U) [
        f restartable-tests? set-global
        "resource:basis/compiler/tests/alien-arm64-unions.factor"
        run-test-file => :test-failures compiler-errors get values
        [ print-error ] each
        test-failures get empty? compiler-errors get assoc-empty?
        and 0 1 ? exit
    ]
(O) run-test-file
(O) run-test-file
(U) [
        { 11.25 } [ au-one <struct> 1.25 >>a 10.0 au_take_one ]
        \ (unit-test) 39 experiment
        { 16.25 } [
            au-two <struct> 1.25 2.5 au-pair boa >>pair
            10.0 au_take_two
        ] \ (unit-test) 40 experiment
        { 40.0 } [
            au-four <struct> 1.0 2.0 3.0 4.0 au-quad boa >>quad
            10.0 au_take_four
        ] \ (unit-test) 41 experiment
        { 16.25 } [
            au-one <struct> 1.25 >>a 2.5 au-nested boa
            10.0 au_take_nested
        ] \ (unit-test) 42 experiment
        { 13.75 } [ au-mixed <struct> 3.75 >>b 10.0 au_take_mixed ]
        \ (unit-test) 43 experiment
        { 1.25 } [ 1.25 au_return_one a>> ] \ (unit-test) 44
        experiment
        { 1.25 2.5 }
        [ 1.25 2.5 au_return_two pair>> ~quotation~ ~quotation~ bi ]
        \ (unit-test) 45 experiment
        { 1.0 2.0 3.0 4.0 }
        [ 1.0 2.0 3.0 4.0 au_return_four quad>> ~array~ cleave ]
        \ (unit-test) 46 experiment
        { 23.25 } [
            7 au-two <struct> 1.25 2.5 au-pair boa >>pair
            10.0 au_variadic
        ] \ (unit-test) 47 experiment
        { 11.25 } [ ~quotation~ compile-call ] \ (unit-test) 48
        experiment =>
        { 16.25 } [ ~quotation~ compile-call ] \ (unit-test) 49
        experiment
        { 40.0 } [ ~quotation~ compile-call ] \ (unit-test) 50
        experiment
        { 1 } [ au_c_controls ] \ (unit-test) 63 experiment
        { 16 } [ au-padded heap-size ] \ (unit-test) 64 experiment
        { 16.25 } [ 1.25 2.5 au-padded boa 10.0 au_take_padded ]
        \ (unit-test) 65 experiment
        { 16.25 } [
            au-padded-union <struct> 1.25 2.5 au-padded boa >>padded
            10.0 au_take_padded_union
        ] \ (unit-test) 66 experiment
        { 1.25 2.5 }
        [ 1.25 2.5 au_return_padded ~quotation~ ~quotation~ bi ]
        \ (unit-test) 67 experiment
        { 16.25 } [ ~quotation~ compile-call ] \ (unit-test) 68
        experiment
        { 37.25 } [
            1.0 2.0 3.0 4.0 5.0 6.0 au-two <struct> 1.25 2.5 au-pair
            boa >>pair 10.0 au_take_spill
        ] \ (unit-test) 69 experiment
        { 37.25 } [ ~quotation~ compile-call ] \ (unit-test)
        ~12 more~
    ]
(U) [
        2 load-locals -1 get-local <experiment> load-local
        silent-tests? get 0 get-local
        [ load-local 0 get-local experiment. 1 drop-locals ] curry
        unless -2 get-local execute => 0 get-local -1 get-local [
            2 load-locals -1 get-local 0 get-local ~quotation~ curry
            curry ~quotation~ if 2 drop-locals
        ] curry curry [ 2drop "Warning: test skipped!" print ] if
        3 drop-locals
    ]
    experiment
(O) (unit-test)
(O) assert-sequence=
(O) assert-sequence
(O) M\ object throw
(U) [
        OBJ-CURRENT-THREAD special-object error-thread set-global
        current-continuation => error-continuation set-global
        [ original-error set-global ] [ rethrow ] bi
    ]

resource:basis/compiler/tests/arm64-unions/cases.factor: 49

Unit Test: {
    { 16.25 }
    [
        [
            [ swap pair>> [ a>> ] [ b>> 2 * ] bi + + ] au-two-cb
            au_call_two
        ] compile-call
    ]
}

=== Expected:
16.25
=== Got:
6.25
(U) [ c-to-factor => ]
    c-to-factor
(U) [ [ (get-catchstack) push ] dip call => (get-catchstack) pop* ]
(O) command-line-startup
(O) run-script
(U) [
        2dup check-call-effect 2dup [
            ~quotation~ dip
            dup terminated?>> ~quotation~ ~quotation~ if
        ] 2dip => rot [ 2drop ] [ wrong-values ] if
    ]
(U) [
        [ ~quotation~ dip dip ] dip => dup terminated?>>
        [ 2drop f ]
        [ dup in>> length swap out>> length check-datastack ] if
    ]
(U) [ swap [ call ] dip => ]
    dip
(U) [ output>array => datastack. ]
(U) [ [ ~quotation~ ~quotation~ bi ] dip => nsequence ]
    output>sequence
(U) [ [ keep ] dip => call ]
    bi
(U) [ over [ call ] dip => ]
    keep
(U) [
        f restartable-tests? set-global
        "resource:basis/compiler/tests/alien-arm64-unions.factor"
        run-test-file => :test-failures compiler-errors get values
        [ print-error ] each
        test-failures get empty? compiler-errors get assoc-empty?
        and 0 1 ? exit
    ]
(O) run-test-file
(O) run-test-file
(U) [
        { 11.25 } [ au-one <struct> 1.25 >>a 10.0 au_take_one ]
        \ (unit-test) 39 experiment
        { 16.25 } [
            au-two <struct> 1.25 2.5 au-pair boa >>pair
            10.0 au_take_two
        ] \ (unit-test) 40 experiment
        { 40.0 } [
            au-four <struct> 1.0 2.0 3.0 4.0 au-quad boa >>quad
            10.0 au_take_four
        ] \ (unit-test) 41 experiment
        { 16.25 } [
            au-one <struct> 1.25 >>a 2.5 au-nested boa
            10.0 au_take_nested
        ] \ (unit-test) 42 experiment
        { 13.75 } [ au-mixed <struct> 3.75 >>b 10.0 au_take_mixed ]
        \ (unit-test) 43 experiment
        { 1.25 } [ 1.25 au_return_one a>> ] \ (unit-test) 44
        experiment
        { 1.25 2.5 }
        [ 1.25 2.5 au_return_two pair>> ~quotation~ ~quotation~ bi ]
        \ (unit-test) 45 experiment
        { 1.0 2.0 3.0 4.0 }
        [ 1.0 2.0 3.0 4.0 au_return_four quad>> ~array~ cleave ]
        \ (unit-test) 46 experiment
        { 23.25 } [
            7 au-two <struct> 1.25 2.5 au-pair boa >>pair
            10.0 au_variadic
        ] \ (unit-test) 47 experiment
        { 11.25 } [ ~quotation~ compile-call ] \ (unit-test) 48
        experiment
        { 16.25 } [ ~quotation~ compile-call ] \ (unit-test) 49
        experiment =>
        { 40.0 } [ ~quotation~ compile-call ] \ (unit-test) 50
        experiment
        { 1 } [ au_c_controls ] \ (unit-test) 63 experiment
        { 16 } [ au-padded heap-size ] \ (unit-test) 64 experiment
        { 16.25 } [ 1.25 2.5 au-padded boa 10.0 au_take_padded ]
        \ (unit-test) 65 experiment
        { 16.25 } [
            au-padded-union <struct> 1.25 2.5 au-padded boa >>padded
            10.0 au_take_padded_union
        ] \ (unit-test) 66 experiment
        { 1.25 2.5 }
        [ 1.25 2.5 au_return_padded ~quotation~ ~quotation~ bi ]
        \ (unit-test) 67 experiment
        { 16.25 } [ ~quotation~ compile-call ] \ (unit-test) 68
        experiment
        { 37.25 } [
            1.0 2.0 3.0 4.0 5.0 6.0 au-two <struct> 1.25 2.5 au-pair
            boa >>pair 10.0 au_take_spill
        ] \ (unit-test) 69 experiment
        { 37.25 } [ ~quotation~ compile-call ] \ (unit-test)
        ~12 more~
    ]
(U) [
        2 load-locals -1 get-local <experiment> load-local
        silent-tests? get 0 get-local
        [ load-local 0 get-local experiment. 1 drop-locals ] curry
        unless -2 get-local execute => 0 get-local -1 get-local [
            2 load-locals -1 get-local 0 get-local ~quotation~ curry
            curry ~quotation~ if 2 drop-locals
        ] curry curry [ 2drop "Warning: test skipped!" print ] if
        3 drop-locals
    ]
    experiment
(O) (unit-test)
(O) assert-sequence=
(O) assert-sequence
(O) M\ object throw
(U) [
        OBJ-CURRENT-THREAD special-object error-thread set-global
        current-continuation => error-continuation set-global
        [ original-error set-global ] [ rethrow ] bi
    ]

resource:basis/compiler/tests/arm64-unions/cases.factor: 50

Unit Test: {
    { 40.0 }
    [
        [
            [
                swap quad>>
                { [ a>> ] [ b>> 2 * ] [ c>> 3 * ] [ d>> 4 * ] }
                cleave + + + +
            ] au-four-cb au_call_four
        ] compile-call
    ]
}

=== Expected:
40.0
=== Got:
8.84858074559721e-33
(U) [ c-to-factor => ]
    c-to-factor
(U) [ [ (get-catchstack) push ] dip call => (get-catchstack) pop* ]
(O) command-line-startup
(O) run-script
(U) [
        2dup check-call-effect 2dup [
            ~quotation~ dip
            dup terminated?>> ~quotation~ ~quotation~ if
        ] 2dip => rot [ 2drop ] [ wrong-values ] if
    ]
(U) [
        [ ~quotation~ dip dip ] dip => dup terminated?>>
        [ 2drop f ]
        [ dup in>> length swap out>> length check-datastack ] if
    ]
(U) [ swap [ call ] dip => ]
    dip
(U) [ output>array => datastack. ]
(U) [ [ ~quotation~ ~quotation~ bi ] dip => nsequence ]
    output>sequence
(U) [ [ keep ] dip => call ]
    bi
(U) [ over [ call ] dip => ]
    keep
(U) [
        f restartable-tests? set-global
        "resource:basis/compiler/tests/alien-arm64-unions.factor"
        run-test-file => :test-failures compiler-errors get values
        [ print-error ] each
        test-failures get empty? compiler-errors get assoc-empty?
        and 0 1 ? exit
    ]
(O) run-test-file
(O) run-test-file
(U) [
        { 11.25 } [ au-one <struct> 1.25 >>a 10.0 au_take_one ]
        \ (unit-test) 39 experiment
        { 16.25 } [
            au-two <struct> 1.25 2.5 au-pair boa >>pair
            10.0 au_take_two
        ] \ (unit-test) 40 experiment
        { 40.0 } [
            au-four <struct> 1.0 2.0 3.0 4.0 au-quad boa >>quad
            10.0 au_take_four
        ] \ (unit-test) 41 experiment
        { 16.25 } [
            au-one <struct> 1.25 >>a 2.5 au-nested boa
            10.0 au_take_nested
        ] \ (unit-test) 42 experiment
        { 13.75 } [ au-mixed <struct> 3.75 >>b 10.0 au_take_mixed ]
        \ (unit-test) 43 experiment
        { 1.25 } [ 1.25 au_return_one a>> ] \ (unit-test) 44
        experiment
        { 1.25 2.5 }
        [ 1.25 2.5 au_return_two pair>> ~quotation~ ~quotation~ bi ]
        \ (unit-test) 45 experiment
        { 1.0 2.0 3.0 4.0 }
        [ 1.0 2.0 3.0 4.0 au_return_four quad>> ~array~ cleave ]
        \ (unit-test) 46 experiment
        { 23.25 } [
            7 au-two <struct> 1.25 2.5 au-pair boa >>pair
            10.0 au_variadic
        ] \ (unit-test) 47 experiment
        { 11.25 } [ ~quotation~ compile-call ] \ (unit-test) 48
        experiment
        { 16.25 } [ ~quotation~ compile-call ] \ (unit-test) 49
        experiment
        { 40.0 } [ ~quotation~ compile-call ] \ (unit-test) 50
        experiment =>
        { 1 } [ au_c_controls ] \ (unit-test) 63 experiment
        { 16 } [ au-padded heap-size ] \ (unit-test) 64 experiment
        { 16.25 } [ 1.25 2.5 au-padded boa 10.0 au_take_padded ]
        \ (unit-test) 65 experiment
        { 16.25 } [
            au-padded-union <struct> 1.25 2.5 au-padded boa >>padded
            10.0 au_take_padded_union
        ] \ (unit-test) 66 experiment
        { 1.25 2.5 }
        [ 1.25 2.5 au_return_padded ~quotation~ ~quotation~ bi ]
        \ (unit-test) 67 experiment
        { 16.25 } [ ~quotation~ compile-call ] \ (unit-test) 68
        experiment
        { 37.25 } [
            1.0 2.0 3.0 4.0 5.0 6.0 au-two <struct> 1.25 2.5 au-pair
            boa >>pair 10.0 au_take_spill
        ] \ (unit-test) 69 experiment
        { 37.25 } [ ~quotation~ compile-call ] \ (unit-test)
        ~12 more~
    ]
(U) [
        2 load-locals -1 get-local <experiment> load-local
        silent-tests? get 0 get-local
        [ load-local 0 get-local experiment. 1 drop-locals ] curry
        unless -2 get-local execute => 0 get-local -1 get-local [
            2 load-locals -1 get-local 0 get-local ~quotation~ curry
            curry ~quotation~ if 2 drop-locals
        ] curry curry [ 2drop "Warning: test skipped!" print ] if
        3 drop-locals
    ]
    experiment
(O) (unit-test)
(O) assert-sequence=
(O) assert-sequence
(O) M\ object throw
(U) [
        OBJ-CURRENT-THREAD special-object error-thread set-global
        current-continuation => error-continuation set-global
        [ original-error set-global ] [ rethrow ] bi
    ]

resource:basis/compiler/tests/arm64-unions/cases.factor: 65

Unit Test: { { 16.25 } [ 1.25 2.5 au-padded boa 10.0 au_take_padded ] }

=== Expected:
16.25
=== Got:
1.72924744571204e-25
(U) [ c-to-factor => ]
    c-to-factor
(U) [ [ (get-catchstack) push ] dip call => (get-catchstack) pop* ]
(O) command-line-startup
(O) run-script
(U) [
        2dup check-call-effect 2dup [
            ~quotation~ dip
            dup terminated?>> ~quotation~ ~quotation~ if
        ] 2dip => rot [ 2drop ] [ wrong-values ] if
    ]
(U) [
        [ ~quotation~ dip dip ] dip => dup terminated?>>
        [ 2drop f ]
        [ dup in>> length swap out>> length check-datastack ] if
    ]
(U) [ swap [ call ] dip => ]
    dip
(U) [ output>array => datastack. ]
(U) [ [ ~quotation~ ~quotation~ bi ] dip => nsequence ]
    output>sequence
(U) [ [ keep ] dip => call ]
    bi
(U) [ over [ call ] dip => ]
    keep
(U) [
        f restartable-tests? set-global
        "resource:basis/compiler/tests/alien-arm64-unions.factor"
        run-test-file => :test-failures compiler-errors get values
        [ print-error ] each
        test-failures get empty? compiler-errors get assoc-empty?
        and 0 1 ? exit
    ]
(O) run-test-file
(O) run-test-file
(U) [
        { 11.25 } [ au-one <struct> 1.25 >>a 10.0 au_take_one ]
        \ (unit-test) 39 experiment
        { 16.25 } [
            au-two <struct> 1.25 2.5 au-pair boa >>pair
            10.0 au_take_two
        ] \ (unit-test) 40 experiment
        { 40.0 } [
            au-four <struct> 1.0 2.0 3.0 4.0 au-quad boa >>quad
            10.0 au_take_four
        ] \ (unit-test) 41 experiment
        { 16.25 } [
            au-one <struct> 1.25 >>a 2.5 au-nested boa
            10.0 au_take_nested
        ] \ (unit-test) 42 experiment
        { 13.75 } [ au-mixed <struct> 3.75 >>b 10.0 au_take_mixed ]
        \ (unit-test) 43 experiment
        { 1.25 } [ 1.25 au_return_one a>> ] \ (unit-test) 44
        experiment
        { 1.25 2.5 }
        [ 1.25 2.5 au_return_two pair>> ~quotation~ ~quotation~ bi ]
        \ (unit-test) 45 experiment
        { 1.0 2.0 3.0 4.0 }
        [ 1.0 2.0 3.0 4.0 au_return_four quad>> ~array~ cleave ]
        \ (unit-test) 46 experiment
        { 23.25 } [
            7 au-two <struct> 1.25 2.5 au-pair boa >>pair
            10.0 au_variadic
        ] \ (unit-test) 47 experiment
        { 11.25 } [ ~quotation~ compile-call ] \ (unit-test) 48
        experiment
        { 16.25 } [ ~quotation~ compile-call ] \ (unit-test) 49
        experiment
        { 40.0 } [ ~quotation~ compile-call ] \ (unit-test) 50
        experiment
        { 1 } [ au_c_controls ] \ (unit-test) 63 experiment
        { 16 } [ au-padded heap-size ] \ (unit-test) 64 experiment
        { 16.25 } [ 1.25 2.5 au-padded boa 10.0 au_take_padded ]
        \ (unit-test) 65 experiment =>
        { 16.25 } [
            au-padded-union <struct> 1.25 2.5 au-padded boa >>padded
            10.0 au_take_padded_union
        ] \ (unit-test) 66 experiment
        { 1.25 2.5 }
        [ 1.25 2.5 au_return_padded ~quotation~ ~quotation~ bi ]
        \ (unit-test) 67 experiment
        { 16.25 } [ ~quotation~ compile-call ] \ (unit-test) 68
        experiment
        { 37.25 } [
            1.0 2.0 3.0 4.0 5.0 6.0 au-two <struct> 1.25 2.5 au-pair
            boa >>pair 10.0 au_take_spill
        ] \ (unit-test) 69 experiment
        { 37.25 } [ ~quotation~ compile-call ] \ (unit-test)
        ~12 more~
    ]
(U) [
        2 load-locals -1 get-local <experiment> load-local
        silent-tests? get 0 get-local
        [ load-local 0 get-local experiment. 1 drop-locals ] curry
        unless -2 get-local execute => 0 get-local -1 get-local [
            2 load-locals -1 get-local 0 get-local ~quotation~ curry
            curry ~quotation~ if 2 drop-locals
        ] curry curry [ 2drop "Warning: test skipped!" print ] if
        3 drop-locals
    ]
    experiment
(O) (unit-test)
(O) assert-sequence=
(O) assert-sequence
(O) M\ object throw
(U) [
        OBJ-CURRENT-THREAD special-object error-thread set-global
        current-continuation => error-continuation set-global
        [ original-error set-global ] [ rethrow ] bi
    ]

resource:basis/compiler/tests/arm64-unions/cases.factor: 67

Unit Test: {
    { 1.25 2.5 }
    [ 1.25 2.5 au_return_padded [ a>> ] [ b>> ] bi ]
}

=== Expected:
1.25
2.5
=== Got:
1.25
2.3111721365883317e-33
(U) [ c-to-factor => ]
    c-to-factor
(U) [ [ (get-catchstack) push ] dip call => (get-catchstack) pop* ]
(O) command-line-startup
(O) run-script
(U) [
        2dup check-call-effect 2dup [
            ~quotation~ dip
            dup terminated?>> ~quotation~ ~quotation~ if
        ] 2dip => rot [ 2drop ] [ wrong-values ] if
    ]
(U) [
        [ ~quotation~ dip dip ] dip => dup terminated?>>
        [ 2drop f ]
        [ dup in>> length swap out>> length check-datastack ] if
    ]
(U) [ swap [ call ] dip => ]
    dip
(U) [ output>array => datastack. ]
(U) [ [ ~quotation~ ~quotation~ bi ] dip => nsequence ]
    output>sequence
(U) [ [ keep ] dip => call ]
    bi
(U) [ over [ call ] dip => ]
    keep
(U) [
        f restartable-tests? set-global
        "resource:basis/compiler/tests/alien-arm64-unions.factor"
        run-test-file => :test-failures compiler-errors get values
        [ print-error ] each
        test-failures get empty? compiler-errors get assoc-empty?
        and 0 1 ? exit
    ]
(O) run-test-file
(O) run-test-file
(U) [
        { 11.25 } [ au-one <struct> 1.25 >>a 10.0 au_take_one ]
        \ (unit-test) 39 experiment
        { 16.25 } [
            au-two <struct> 1.25 2.5 au-pair boa >>pair
            10.0 au_take_two
        ] \ (unit-test) 40 experiment
        { 40.0 } [
            au-four <struct> 1.0 2.0 3.0 4.0 au-quad boa >>quad
            10.0 au_take_four
        ] \ (unit-test) 41 experiment
        { 16.25 } [
            au-one <struct> 1.25 >>a 2.5 au-nested boa
            10.0 au_take_nested
        ] \ (unit-test) 42 experiment
        { 13.75 } [ au-mixed <struct> 3.75 >>b 10.0 au_take_mixed ]
        \ (unit-test) 43 experiment
        { 1.25 } [ 1.25 au_return_one a>> ] \ (unit-test) 44
        experiment
        { 1.25 2.5 }
        [ 1.25 2.5 au_return_two pair>> ~quotation~ ~quotation~ bi ]
        \ (unit-test) 45 experiment
        { 1.0 2.0 3.0 4.0 }
        [ 1.0 2.0 3.0 4.0 au_return_four quad>> ~array~ cleave ]
        \ (unit-test) 46 experiment
        { 23.25 } [
            7 au-two <struct> 1.25 2.5 au-pair boa >>pair
            10.0 au_variadic
        ] \ (unit-test) 47 experiment
        { 11.25 } [ ~quotation~ compile-call ] \ (unit-test) 48
        experiment
        { 16.25 } [ ~quotation~ compile-call ] \ (unit-test) 49
        experiment
        { 40.0 } [ ~quotation~ compile-call ] \ (unit-test) 50
        experiment
        { 1 } [ au_c_controls ] \ (unit-test) 63 experiment
        { 16 } [ au-padded heap-size ] \ (unit-test) 64 experiment
        { 16.25 } [ 1.25 2.5 au-padded boa 10.0 au_take_padded ]
        \ (unit-test) 65 experiment
        { 16.25 } [
            au-padded-union <struct> 1.25 2.5 au-padded boa >>padded
            10.0 au_take_padded_union
        ] \ (unit-test) 66 experiment
        { 1.25 2.5 }
        [ 1.25 2.5 au_return_padded ~quotation~ ~quotation~ bi ]
        \ (unit-test) 67 experiment =>
        { 16.25 } [ ~quotation~ compile-call ] \ (unit-test) 68
        experiment
        { 37.25 } [
            1.0 2.0 3.0 4.0 5.0 6.0 au-two <struct> 1.25 2.5 au-pair
            boa >>pair 10.0 au_take_spill
        ] \ (unit-test) 69 experiment
        { 37.25 } [ ~quotation~ compile-call ] \ (unit-test)
        ~12 more~
    ]
(U) [
        2 load-locals -1 get-local <experiment> load-local
        silent-tests? get 0 get-local
        [ load-local 0 get-local experiment. 1 drop-locals ] curry
        unless -2 get-local execute => 0 get-local -1 get-local [
            2 load-locals -1 get-local 0 get-local ~quotation~ curry
            curry ~quotation~ if 2 drop-locals
        ] curry curry [ 2drop "Warning: test skipped!" print ] if
        3 drop-locals
    ]
    experiment
(O) (unit-test)
(O) assert-sequence=
(O) assert-sequence
(O) M\ object throw
(U) [
        OBJ-CURRENT-THREAD special-object error-thread set-global
        current-continuation => error-continuation set-global
        [ original-error set-global ] [ rethrow ] bi
    ]

resource:basis/compiler/tests/arm64-unions/cases.factor: 68

Unit Test: {
    { 16.25 }
    [
        [
            [ swap [ a>> ] [ b>> 2 * ] bi + + ] au-padded-cb
            au_call_padded
        ] compile-call
    ]
}

=== Expected:
16.25
=== Got:
1.6407506874335345e-25
(U) [ c-to-factor => ]
    c-to-factor
(U) [ [ (get-catchstack) push ] dip call => (get-catchstack) pop* ]
(O) command-line-startup
(O) run-script
(U) [
        2dup check-call-effect 2dup [
            ~quotation~ dip
            dup terminated?>> ~quotation~ ~quotation~ if
        ] 2dip => rot [ 2drop ] [ wrong-values ] if
    ]
(U) [
        [ ~quotation~ dip dip ] dip => dup terminated?>>
        [ 2drop f ]
        [ dup in>> length swap out>> length check-datastack ] if
    ]
(U) [ swap [ call ] dip => ]
    dip
(U) [ output>array => datastack. ]
(U) [ [ ~quotation~ ~quotation~ bi ] dip => nsequence ]
    output>sequence
(U) [ [ keep ] dip => call ]
    bi
(U) [ over [ call ] dip => ]
    keep
(U) [
        f restartable-tests? set-global
        "resource:basis/compiler/tests/alien-arm64-unions.factor"
        run-test-file => :test-failures compiler-errors get values
        [ print-error ] each
        test-failures get empty? compiler-errors get assoc-empty?
        and 0 1 ? exit
    ]
(O) run-test-file
(O) run-test-file
(U) [
        { 11.25 } [ au-one <struct> 1.25 >>a 10.0 au_take_one ]
        \ (unit-test) 39 experiment
        { 16.25 } [
            au-two <struct> 1.25 2.5 au-pair boa >>pair
            10.0 au_take_two
        ] \ (unit-test) 40 experiment
        { 40.0 } [
            au-four <struct> 1.0 2.0 3.0 4.0 au-quad boa >>quad
            10.0 au_take_four
        ] \ (unit-test) 41 experiment
        { 16.25 } [
            au-one <struct> 1.25 >>a 2.5 au-nested boa
            10.0 au_take_nested
        ] \ (unit-test) 42 experiment
        { 13.75 } [ au-mixed <struct> 3.75 >>b 10.0 au_take_mixed ]
        \ (unit-test) 43 experiment
        { 1.25 } [ 1.25 au_return_one a>> ] \ (unit-test) 44
        experiment
        { 1.25 2.5 }
        [ 1.25 2.5 au_return_two pair>> ~quotation~ ~quotation~ bi ]
        \ (unit-test) 45 experiment
        { 1.0 2.0 3.0 4.0 }
        [ 1.0 2.0 3.0 4.0 au_return_four quad>> ~array~ cleave ]
        \ (unit-test) 46 experiment
        { 23.25 } [
            7 au-two <struct> 1.25 2.5 au-pair boa >>pair
            10.0 au_variadic
        ] \ (unit-test) 47 experiment
        { 11.25 } [ ~quotation~ compile-call ] \ (unit-test) 48
        experiment
        { 16.25 } [ ~quotation~ compile-call ] \ (unit-test) 49
        experiment
        { 40.0 } [ ~quotation~ compile-call ] \ (unit-test) 50
        experiment
        { 1 } [ au_c_controls ] \ (unit-test) 63 experiment
        { 16 } [ au-padded heap-size ] \ (unit-test) 64 experiment
        { 16.25 } [ 1.25 2.5 au-padded boa 10.0 au_take_padded ]
        \ (unit-test) 65 experiment
        { 16.25 } [
            au-padded-union <struct> 1.25 2.5 au-padded boa >>padded
            10.0 au_take_padded_union
        ] \ (unit-test) 66 experiment
        { 1.25 2.5 }
        [ 1.25 2.5 au_return_padded ~quotation~ ~quotation~ bi ]
        \ (unit-test) 67 experiment
        { 16.25 } [ ~quotation~ compile-call ] \ (unit-test) 68
        experiment =>
        { 37.25 } [
            1.0 2.0 3.0 4.0 5.0 6.0 au-two <struct> 1.25 2.5 au-pair
            boa >>pair 10.0 au_take_spill
        ] \ (unit-test) 69 experiment
        { 37.25 } [ ~quotation~ compile-call ] \ (unit-test)
        ~12 more~
    ]
(U) [
        2 load-locals -1 get-local <experiment> load-local
        silent-tests? get 0 get-local
        [ load-local 0 get-local experiment. 1 drop-locals ] curry
        unless -2 get-local execute => 0 get-local -1 get-local [
            2 load-locals -1 get-local 0 get-local ~quotation~ curry
            curry ~quotation~ if 2 drop-locals
        ] curry curry [ 2drop "Warning: test skipped!" print ] if
        3 drop-locals
    ]
    experiment
(O) (unit-test)
(O) assert-sequence=
(O) assert-sequence
(O) M\ object throw
(U) [
        OBJ-CURRENT-THREAD special-object error-thread set-global
        current-continuation => error-continuation set-global
        [ original-error set-global ] [ rethrow ] bi
    ]

resource:basis/compiler/tests/arm64-unions/cases.factor: 69

Unit Test: {
    { 37.25 }
    [
        1.0 2.0 3.0 4.0 5.0 6.0 au-two <struct> 1.25 2.5 au-pair
        boa >>pair 10.0 au_take_spill
    ]
}

=== Expected:
37.25
=== Got:
29.000001896172762
(U) [ c-to-factor => ]
    c-to-factor
(U) [ [ (get-catchstack) push ] dip call => (get-catchstack) pop* ]
(O) command-line-startup
(O) run-script
(U) [
        2dup check-call-effect 2dup [
            ~quotation~ dip
            dup terminated?>> ~quotation~ ~quotation~ if
        ] 2dip => rot [ 2drop ] [ wrong-values ] if
    ]
(U) [
        [ ~quotation~ dip dip ] dip => dup terminated?>>
        [ 2drop f ]
        [ dup in>> length swap out>> length check-datastack ] if
    ]
(U) [ swap [ call ] dip => ]
    dip
(U) [ output>array => datastack. ]
(U) [ [ ~quotation~ ~quotation~ bi ] dip => nsequence ]
    output>sequence
(U) [ [ keep ] dip => call ]
    bi
(U) [ over [ call ] dip => ]
    keep
(U) [
        f restartable-tests? set-global
        "resource:basis/compiler/tests/alien-arm64-unions.factor"
        run-test-file => :test-failures compiler-errors get values
        [ print-error ] each
        test-failures get empty? compiler-errors get assoc-empty?
        and 0 1 ? exit
    ]
(O) run-test-file
(O) run-test-file
(U) [
        { 11.25 } [ au-one <struct> 1.25 >>a 10.0 au_take_one ]
        \ (unit-test) 39 experiment
        { 16.25 } [
            au-two <struct> 1.25 2.5 au-pair boa >>pair
            10.0 au_take_two
        ] \ (unit-test) 40 experiment
        { 40.0 } [
            au-four <struct> 1.0 2.0 3.0 4.0 au-quad boa >>quad
            10.0 au_take_four
        ] \ (unit-test) 41 experiment
        { 16.25 } [
            au-one <struct> 1.25 >>a 2.5 au-nested boa
            10.0 au_take_nested
        ] \ (unit-test) 42 experiment
        { 13.75 } [ au-mixed <struct> 3.75 >>b 10.0 au_take_mixed ]
        \ (unit-test) 43 experiment
        { 1.25 } [ 1.25 au_return_one a>> ] \ (unit-test) 44
        experiment
        { 1.25 2.5 }
        [ 1.25 2.5 au_return_two pair>> ~quotation~ ~quotation~ bi ]
        \ (unit-test) 45 experiment
        { 1.0 2.0 3.0 4.0 }
        [ 1.0 2.0 3.0 4.0 au_return_four quad>> ~array~ cleave ]
        \ (unit-test) 46 experiment
        { 23.25 } [
            7 au-two <struct> 1.25 2.5 au-pair boa >>pair
            10.0 au_variadic
        ] \ (unit-test) 47 experiment
        { 11.25 } [ ~quotation~ compile-call ] \ (unit-test) 48
        experiment
        { 16.25 } [ ~quotation~ compile-call ] \ (unit-test) 49
        experiment
        { 40.0 } [ ~quotation~ compile-call ] \ (unit-test) 50
        experiment
        { 1 } [ au_c_controls ] \ (unit-test) 63 experiment
        { 16 } [ au-padded heap-size ] \ (unit-test) 64 experiment
        { 16.25 } [ 1.25 2.5 au-padded boa 10.0 au_take_padded ]
        \ (unit-test) 65 experiment
        { 16.25 } [
            au-padded-union <struct> 1.25 2.5 au-padded boa >>padded
            10.0 au_take_padded_union
        ] \ (unit-test) 66 experiment
        { 1.25 2.5 }
        [ 1.25 2.5 au_return_padded ~quotation~ ~quotation~ bi ]
        \ (unit-test) 67 experiment
        { 16.25 } [ ~quotation~ compile-call ] \ (unit-test) 68
        experiment
        { 37.25 } [
            1.0 2.0 3.0 4.0 5.0 6.0 au-two <struct> 1.25 2.5 au-pair
            boa >>pair 10.0 au_take_spill
        ] \ (unit-test) 69 experiment =>
        { 37.25 } [ ~quotation~ compile-call ] \ (unit-test)
        ~12 more~
    ]
(U) [
        2 load-locals -1 get-local <experiment> load-local
        silent-tests? get 0 get-local
        [ load-local 0 get-local experiment. 1 drop-locals ] curry
        unless -2 get-local execute => 0 get-local -1 get-local [
            2 load-locals -1 get-local 0 get-local ~quotation~ curry
            curry ~quotation~ if 2 drop-locals
        ] curry curry [ 2drop "Warning: test skipped!" print ] if
        3 drop-locals
    ]
    experiment
(O) (unit-test)
(O) assert-sequence=
(O) assert-sequence
(O) M\ object throw
(U) [
        OBJ-CURRENT-THREAD special-object error-thread set-global
        current-continuation => error-continuation set-global
        [ original-error set-global ] [ rethrow ] bi
    ]

resource:basis/compiler/tests/arm64-unions/cases.factor: 70

Unit Test: {
    { 37.25 }
    [
        [
            [
                swap pair>> [ a>> ] [ b>> 2 * ] bi + + + + + + +
                +
            ] au-spill-cb au_call_spill
        ] compile-call
    ]
}

=== Expected:
37.25
=== Got:
26.125
(U) [ c-to-factor => ]
    c-to-factor
(U) [ [ (get-catchstack) push ] dip call => (get-catchstack) pop* ]
(O) command-line-startup
(O) run-script
(U) [
        2dup check-call-effect 2dup [
            ~quotation~ dip
            dup terminated?>> ~quotation~ ~quotation~ if
        ] 2dip => rot [ 2drop ] [ wrong-values ] if
    ]
(U) [
        [ ~quotation~ dip dip ] dip => dup terminated?>>
        [ 2drop f ]
        [ dup in>> length swap out>> length check-datastack ] if
    ]
(U) [ swap [ call ] dip => ]
    dip
(U) [ output>array => datastack. ]
(U) [ [ ~quotation~ ~quotation~ bi ] dip => nsequence ]
    output>sequence
(U) [ [ keep ] dip => call ]
    bi
(U) [ over [ call ] dip => ]
    keep
(U) [
        f restartable-tests? set-global
        "resource:basis/compiler/tests/alien-arm64-unions.factor"
        run-test-file => :test-failures compiler-errors get values
        [ print-error ] each
        test-failures get empty? compiler-errors get assoc-empty?
        and 0 1 ? exit
    ]
(O) run-test-file
(O) run-test-file
(U) [
        { 11.25 } [ au-one <struct> 1.25 >>a 10.0 au_take_one ]
        \ (unit-test) 39 experiment
        { 16.25 } [
            au-two <struct> 1.25 2.5 au-pair boa >>pair
            10.0 au_take_two
        ] \ (unit-test) 40 experiment
        { 40.0 } [
            au-four <struct> 1.0 2.0 3.0 4.0 au-quad boa >>quad
            10.0 au_take_four
        ] \ (unit-test) 41 experiment
        { 16.25 } [
            au-one <struct> 1.25 >>a 2.5 au-nested boa
            10.0 au_take_nested
        ] \ (unit-test) 42 experiment
        { 13.75 } [ au-mixed <struct> 3.75 >>b 10.0 au_take_mixed ]
        \ (unit-test) 43 experiment
        { 1.25 } [ 1.25 au_return_one a>> ] \ (unit-test) 44
        experiment
        { 1.25 2.5 }
        [ 1.25 2.5 au_return_two pair>> ~quotation~ ~quotation~ bi ]
        \ (unit-test) 45 experiment
        { 1.0 2.0 3.0 4.0 }
        [ 1.0 2.0 3.0 4.0 au_return_four quad>> ~array~ cleave ]
        \ (unit-test) 46 experiment
        { 23.25 } [
            7 au-two <struct> 1.25 2.5 au-pair boa >>pair
            10.0 au_variadic
        ] \ (unit-test) 47 experiment
        { 11.25 } [ ~quotation~ compile-call ] \ (unit-test) 48
        experiment
        { 16.25 } [ ~quotation~ compile-call ] \ (unit-test) 49
        experiment
        { 40.0 } [ ~quotation~ compile-call ] \ (unit-test) 50
        experiment
        { 1 } [ au_c_controls ] \ (unit-test) 63 experiment
        { 16 } [ au-padded heap-size ] \ (unit-test) 64 experiment
        { 16.25 } [ 1.25 2.5 au-padded boa 10.0 au_take_padded ]
        \ (unit-test) 65 experiment
        { 16.25 } [
            au-padded-union <struct> 1.25 2.5 au-padded boa >>padded
            10.0 au_take_padded_union
        ] \ (unit-test) 66 experiment
        { 1.25 2.5 }
        [ 1.25 2.5 au_return_padded ~quotation~ ~quotation~ bi ]
        \ (unit-test) 67 experiment
        { 16.25 } [ ~quotation~ compile-call ] \ (unit-test) 68
        experiment
        { 37.25 } [
            1.0 2.0 3.0 4.0 5.0 6.0 au-two <struct> 1.25 2.5 au-pair
            boa >>pair 10.0 au_take_spill
        ] \ (unit-test) 69 experiment
        { 37.25 } [ ~quotation~ compile-call ] \ (unit-test) 70
        ~12 more~
    ]
(U) [
        2 load-locals -1 get-local <experiment> load-local
        silent-tests? get 0 get-local
        [ load-local 0 get-local experiment. 1 drop-locals ] curry
        unless -2 get-local execute => 0 get-local -1 get-local [
            2 load-locals -1 get-local 0 get-local ~quotation~ curry
            curry ~quotation~ if 2 drop-locals
        ] curry curry [ 2drop "Warning: test skipped!" print ] if
        3 drop-locals
    ]
    experiment
(O) (unit-test)
(O) assert-sequence=
(O) assert-sequence
(O) M\ object throw
(U) [
        OBJ-CURRENT-THREAD special-object error-thread set-global
        current-continuation => error-continuation set-global
        [ original-error set-global ] [ rethrow ] bi
    ]

==== resource:basis/compiler/tests/arm64-unions/vectors.factor

resource:basis/compiler/tests/arm64-unions/vectors.factor: 11

Unit Test: {
    { 40.0 }
    [
        au-vector <struct> float-4{ 1.0 2.0 3.0 4.0 } >>a
        10.0 au_take_vector
    ]
}

=== Expected:
40.0
=== Got:
5.125
(U) [ c-to-factor => ]
    c-to-factor
(U) [ [ (get-catchstack) push ] dip call => (get-catchstack) pop* ]
(O) command-line-startup
(O) run-script
(U) [
        2dup check-call-effect 2dup [
            ~quotation~ dip
            dup terminated?>> ~quotation~ ~quotation~ if
        ] 2dip => rot [ 2drop ] [ wrong-values ] if
    ]
(U) [
        [ ~quotation~ dip dip ] dip => dup terminated?>>
        [ 2drop f ]
        [ dup in>> length swap out>> length check-datastack ] if
    ]
(U) [ swap [ call ] dip => ]
    dip
(U) [ output>array => datastack. ]
(U) [ [ ~quotation~ ~quotation~ bi ] dip => nsequence ]
    output>sequence
(U) [ [ keep ] dip => call ]
    bi
(U) [ over [ call ] dip => ]
    keep
(U) [
        f restartable-tests? set-global
        "resource:basis/compiler/tests/alien-arm64-unions.factor"
        run-test-file => :test-failures compiler-errors get values
        [ print-error ] each
        test-failures get empty? compiler-errors get assoc-empty?
        and 0 1 ? exit
    ]
(O) run-test-file
(O) run-test-file
(O) run-test-file
(U) [
        { 40.0 }
        [ au-vector <struct> ~float-4~ >>a 10.0 au_take_vector ]
        \ (unit-test) 11 experiment =>
        { ~float-4~ } [ 1.0 2.0 3.0 4.0 au_return_vector a>> ]
        \ (unit-test) 12 experiment
        { 40.0 } [ ~quotation~ compile-call ] \ (unit-test) 13
        experiment
        { 46.0 } [
            au-vector-two <struct> ~float-4~ ~float-4~ au-fvec-pair
            boa >>a 10.0 au_take_vector_two
        ] \ (unit-test) 24 experiment
        { ~float-4~ ~float-4~ }
        [ au_return_vector_two a>> ~quotation~ ~quotation~ bi ]
        \ (unit-test) 27 experiment
    ]
(U) [
        2 load-locals -1 get-local <experiment> load-local
        silent-tests? get 0 get-local
        [ load-local 0 get-local experiment. 1 drop-locals ] curry
        unless -2 get-local execute => 0 get-local -1 get-local [
            2 load-locals -1 get-local 0 get-local ~quotation~ curry
            curry ~quotation~ if 2 drop-locals
        ] curry curry [ 2drop "Warning: test skipped!" print ] if
        3 drop-locals
    ]
    experiment
(O) (unit-test)
(O) assert-sequence=
(O) assert-sequence
(O) M\ object throw
(U) [
        OBJ-CURRENT-THREAD special-object error-thread set-global
        current-continuation => error-continuation set-global
        [ original-error set-global ] [ rethrow ] bi
    ]

resource:basis/compiler/tests/arm64-unions/vectors.factor: 12

Unit Test: {
    { float-4{ 1.0 2.0 3.0 4.0 } }
    [ 1.0 2.0 3.0 4.0 au_return_vector a>> ]
}

=== Expected:
float-4{ 1.0 2.0 3.0 4.0 }
=== Got:
float-4{ 5.669249351876701e-26 1.401298464324817e-45...
(U) [ c-to-factor => ]
    c-to-factor
(U) [ [ (get-catchstack) push ] dip call => (get-catchstack) pop* ]
(O) command-line-startup
(O) run-script
(U) [
        2dup check-call-effect 2dup [
            ~quotation~ dip
            dup terminated?>> ~quotation~ ~quotation~ if
        ] 2dip => rot [ 2drop ] [ wrong-values ] if
    ]
(U) [
        [ ~quotation~ dip dip ] dip => dup terminated?>>
        [ 2drop f ]
        [ dup in>> length swap out>> length check-datastack ] if
    ]
(U) [ swap [ call ] dip => ]
    dip
(U) [ output>array => datastack. ]
(U) [ [ ~quotation~ ~quotation~ bi ] dip => nsequence ]
    output>sequence
(U) [ [ keep ] dip => call ]
    bi
(U) [ over [ call ] dip => ]
    keep
(U) [
        f restartable-tests? set-global
        "resource:basis/compiler/tests/alien-arm64-unions.factor"
        run-test-file => :test-failures compiler-errors get values
        [ print-error ] each
        test-failures get empty? compiler-errors get assoc-empty?
        and 0 1 ? exit
    ]
(O) run-test-file
(O) run-test-file
(O) run-test-file
(U) [
        { 40.0 }
        [ au-vector <struct> ~float-4~ >>a 10.0 au_take_vector ]
        \ (unit-test) 11 experiment
        { ~float-4~ } [ 1.0 2.0 3.0 4.0 au_return_vector a>> ]
        \ (unit-test) 12 experiment =>
        { 40.0 } [ ~quotation~ compile-call ] \ (unit-test) 13
        experiment
        { 46.0 } [
            au-vector-two <struct> ~float-4~ ~float-4~ au-fvec-pair
            boa >>a 10.0 au_take_vector_two
        ] \ (unit-test) 24 experiment
        { ~float-4~ ~float-4~ }
        [ au_return_vector_two a>> ~quotation~ ~quotation~ bi ]
        \ (unit-test) 27 experiment
    ]
(U) [
        2 load-locals -1 get-local <experiment> load-local
        silent-tests? get 0 get-local
        [ load-local 0 get-local experiment. 1 drop-locals ] curry
        unless -2 get-local execute => 0 get-local -1 get-local [
            2 load-locals -1 get-local 0 get-local ~quotation~ curry
            curry ~quotation~ if 2 drop-locals
        ] curry curry [ 2drop "Warning: test skipped!" print ] if
        3 drop-locals
    ]
    experiment
(O) (unit-test)
(O) assert-sequence=
(O) assert-sequence
(O) M\ object throw
(U) [
        OBJ-CURRENT-THREAD special-object error-thread set-global
        current-continuation => error-continuation set-global
        [ original-error set-global ] [ rethrow ] bi
    ]

resource:basis/compiler/tests/arm64-unions/vectors.factor: 13

Unit Test: {
    { 40.0 }
    [
        [
            [
                swap a>> {
                    [ first ]
                    [ second 2 * ]
                    [ third 3 * ]
                    [ fourth 4 * ]
                } cleave + + + +
            ] au-vector-cb au_call_vector
        ] compile-call
    ]
}

=== Expected:
40.0
=== Got:
2.000000473111868
(U) [ c-to-factor => ]
    c-to-factor
(U) [ [ (get-catchstack) push ] dip call => (get-catchstack) pop* ]
(O) command-line-startup
(O) run-script
(U) [
        2dup check-call-effect 2dup [
            ~quotation~ dip
            dup terminated?>> ~quotation~ ~quotation~ if
        ] 2dip => rot [ 2drop ] [ wrong-values ] if
    ]
(U) [
        [ ~quotation~ dip dip ] dip => dup terminated?>>
        [ 2drop f ]
        [ dup in>> length swap out>> length check-datastack ] if
    ]
(U) [ swap [ call ] dip => ]
    dip
(U) [ output>array => datastack. ]
(U) [ [ ~quotation~ ~quotation~ bi ] dip => nsequence ]
    output>sequence
(U) [ [ keep ] dip => call ]
    bi
(U) [ over [ call ] dip => ]
    keep
(U) [
        f restartable-tests? set-global
        "resource:basis/compiler/tests/alien-arm64-unions.factor"
        run-test-file => :test-failures compiler-errors get values
        [ print-error ] each
        test-failures get empty? compiler-errors get assoc-empty?
        and 0 1 ? exit
    ]
(O) run-test-file
(O) run-test-file
(O) run-test-file
(U) [
        { 40.0 }
        [ au-vector <struct> ~float-4~ >>a 10.0 au_take_vector ]
        \ (unit-test) 11 experiment
        { ~float-4~ } [ 1.0 2.0 3.0 4.0 au_return_vector a>> ]
        \ (unit-test) 12 experiment
        { 40.0 } [ ~quotation~ compile-call ] \ (unit-test) 13
        experiment =>
        { 46.0 } [
            au-vector-two <struct> ~float-4~ ~float-4~ au-fvec-pair
            boa >>a 10.0 au_take_vector_two
        ] \ (unit-test) 24 experiment
        { ~float-4~ ~float-4~ }
        [ au_return_vector_two a>> ~quotation~ ~quotation~ bi ]
        \ (unit-test) 27 experiment
    ]
(U) [
        2 load-locals -1 get-local <experiment> load-local
        silent-tests? get 0 get-local
        [ load-local 0 get-local experiment. 1 drop-locals ] curry
        unless -2 get-local execute => 0 get-local -1 get-local [
            2 load-locals -1 get-local 0 get-local ~quotation~ curry
            curry ~quotation~ if 2 drop-locals
        ] curry curry [ 2drop "Warning: test skipped!" print ] if
        3 drop-locals
    ]
    experiment
(O) (unit-test)
(O) assert-sequence=
(O) assert-sequence
(O) M\ object throw
(U) [
        OBJ-CURRENT-THREAD special-object error-thread set-global
        current-continuation => error-continuation set-global
        [ original-error set-global ] [ rethrow ] bi
    ]

resource:basis/compiler/tests/arm64-unions/vectors.factor: 24

Unit Test: {
    { 46.0 }
    [
        au-vector-two <struct>
        float-4{ 1.0 2.0 3.0 4.0 } float-4{ 5.0 6.0 7.0 8.0 }
        au-fvec-pair boa >>a 10.0 au_take_vector_two
    ]
}

=== Expected:
46.0
=== Got:
2.5625
(U) [ c-to-factor => ]
    c-to-factor
(U) [ [ (get-catchstack) push ] dip call => (get-catchstack) pop* ]
(O) command-line-startup
(O) run-script
(U) [
        2dup check-call-effect 2dup [
            ~quotation~ dip
            dup terminated?>> ~quotation~ ~quotation~ if
        ] 2dip => rot [ 2drop ] [ wrong-values ] if
    ]
(U) [
        [ ~quotation~ dip dip ] dip => dup terminated?>>
        [ 2drop f ]
        [ dup in>> length swap out>> length check-datastack ] if
    ]
(U) [ swap [ call ] dip => ]
    dip
(U) [ output>array => datastack. ]
(U) [ [ ~quotation~ ~quotation~ bi ] dip => nsequence ]
    output>sequence
(U) [ [ keep ] dip => call ]
    bi
(U) [ over [ call ] dip => ]
    keep
(U) [
        f restartable-tests? set-global
        "resource:basis/compiler/tests/alien-arm64-unions.factor"
        run-test-file => :test-failures compiler-errors get values
        [ print-error ] each
        test-failures get empty? compiler-errors get assoc-empty?
        and 0 1 ? exit
    ]
(O) run-test-file
(O) run-test-file
(O) run-test-file
(U) [
        { 40.0 }
        [ au-vector <struct> ~float-4~ >>a 10.0 au_take_vector ]
        \ (unit-test) 11 experiment
        { ~float-4~ } [ 1.0 2.0 3.0 4.0 au_return_vector a>> ]
        \ (unit-test) 12 experiment
        { 40.0 } [ ~quotation~ compile-call ] \ (unit-test) 13
        experiment
        { 46.0 } [
            au-vector-two <struct> ~float-4~ ~float-4~ au-fvec-pair
            boa >>a 10.0 au_take_vector_two
        ] \ (unit-test) 24 experiment =>
        { ~float-4~ ~float-4~ }
        [ au_return_vector_two a>> ~quotation~ ~quotation~ bi ]
        \ (unit-test) 27 experiment
    ]
(U) [
        2 load-locals -1 get-local <experiment> load-local
        silent-tests? get 0 get-local
        [ load-local 0 get-local experiment. 1 drop-locals ] curry
        unless -2 get-local execute => 0 get-local -1 get-local [
            2 load-locals -1 get-local 0 get-local ~quotation~ curry
            curry ~quotation~ if 2 drop-locals
        ] curry curry [ 2drop "Warning: test skipped!" print ] if
        3 drop-locals
    ]
    experiment
(O) (unit-test)
(O) assert-sequence=
(O) assert-sequence
(O) M\ object throw
(U) [
        OBJ-CURRENT-THREAD special-object error-thread set-global
        current-continuation => error-continuation set-global
        [ original-error set-global ] [ rethrow ] bi
    ]

resource:basis/compiler/tests/arm64-unions/vectors.factor: 27

Unit Test: {
    { float-4{ 1.0 2.0 3.0 4.0 } float-4{ 5.0 6.0 7.0 8.0 } }
    [ au_return_vector_two a>> [ a>> ] [ b>> ] bi ]
}

=== Expected:
float-4{ 1.0 2.0 3.0 4.0 }
float-4{ 5.0 6.0 7.0 8.0 }
=== Got:
float-4{ 1.9500217011073386e-33 1.401298464324817e-45...
float-4{ 2.9898165019343464e-36 1.401298464324817e-45...
(U) [ c-to-factor => ]
    c-to-factor
(U) [ [ (get-catchstack) push ] dip call => (get-catchstack) pop* ]
(O) command-line-startup
(O) run-script
(U) [
        2dup check-call-effect 2dup [
            ~quotation~ dip
            dup terminated?>> ~quotation~ ~quotation~ if
        ] 2dip => rot [ 2drop ] [ wrong-values ] if
    ]
(U) [
        [ ~quotation~ dip dip ] dip => dup terminated?>>
        [ 2drop f ]
        [ dup in>> length swap out>> length check-datastack ] if
    ]
(U) [ swap [ call ] dip => ]
    dip
(U) [ output>array => datastack. ]
(U) [ [ ~quotation~ ~quotation~ bi ] dip => nsequence ]
    output>sequence
(U) [ [ keep ] dip => call ]
    bi
(U) [ over [ call ] dip => ]
    keep
(U) [
        f restartable-tests? set-global
        "resource:basis/compiler/tests/alien-arm64-unions.factor"
        run-test-file => :test-failures compiler-errors get values
        [ print-error ] each
        test-failures get empty? compiler-errors get assoc-empty?
        and 0 1 ? exit
    ]
(O) run-test-file
(O) run-test-file
(O) run-test-file
(U) [
        2 load-locals -1 get-local <experiment> load-local
        silent-tests? get 0 get-local
        [ load-local 0 get-local experiment. 1 drop-locals ] curry
        unless -2 get-local execute => 0 get-local -1 get-local [
            2 load-locals -1 get-local 0 get-local ~quotation~ curry
            curry ~quotation~ if 2 drop-locals
        ] curry curry [ 2drop "Warning: test skipped!" print ] if
        3 drop-locals
    ]
    experiment
(O) (unit-test)
(O) assert-sequence=
(O) assert-sequence
(O) M\ object throw
(U) [
        OBJ-CURRENT-THREAD special-object error-thread set-global
        current-continuation => error-continuation set-global
        [ original-error set-global ] [ rethrow ] bi
    ]
