Unit Test: { { 11.25 } [ au-one <struct> 1.25 >>a 10.0 au_take_one ] }
Unit Test: {
    { 16.25 }
    [
        au-two <struct> 1.25 2.5 au-pair boa >>pair
        10.0 au_take_two
    ]
}
Unit Test: {
    { 40.0 }
    [
        au-four <struct> 1.0 2.0 3.0 4.0 au-quad boa >>quad
        10.0 au_take_four
    ]
}
Unit Test: {
    { 16.25 }
    [
        au-one <struct> 1.25 >>a 2.5 au-nested boa
        10.0 au_take_nested
    ]
}
Unit Test: { { 13.75 } [ au-mixed <struct> 3.75 >>b 10.0 au_take_mixed ] }
Unit Test: { { 1.25 } [ 1.25 au_return_one a>> ] }
Unit Test: {
    { 1.25 2.5 }
    [ 1.25 2.5 au_return_two pair>> [ a>> ] [ b>> ] bi ]
}
Unit Test: {
    { 1.0 2.0 3.0 4.0 }
    [
        1.0 2.0 3.0 4.0 au_return_four quad>>
        { [ a>> ] [ b>> ] [ c>> ] [ d>> ] } cleave
    ]
}
Unit Test: {
    { 23.25 }
    [
        7 au-two <struct> 1.25 2.5 au-pair boa >>pair
        10.0 au_variadic
    ]
}
Unit Test: {
    { 11.25 }
    [ [ [ swap a>> + ] au-one-cb au_call_one ] compile-call ]
}
Unit Test: {
    { 16.25 }
    [
        [
            [ swap pair>> [ a>> ] [ b>> 2 * ] bi + + ] au-two-cb
            au_call_two
        ] compile-call
    ]
}
Unit Test: {
    { 40.0 }
    [
        [
            [
                swap quad>>
                { [ a>> ] [ b>> 2 * ] [ c>> 3 * ] [ d>> 4 * ] }
                cleave + + + +
            ] au-four-cb au_call_four
        ] compile-call
    ]
}
Unit Test: { { 1 } [ au_c_controls ] }
Unit Test: { { 16 } [ au-padded heap-size ] }
Unit Test: { { 16.25 } [ 1.25 2.5 au-padded boa 10.0 au_take_padded ] }
Unit Test: {
    { 16.25 }
    [
        au-padded-union <struct> 1.25 2.5 au-padded boa >>padded
        10.0 au_take_padded_union
    ]
}
Unit Test: {
    { 1.25 2.5 }
    [ 1.25 2.5 au_return_padded [ a>> ] [ b>> ] bi ]
}
Unit Test: {
    { 16.25 }
    [
        [
            [ swap [ a>> ] [ b>> 2 * ] bi + + ] au-padded-cb
            au_call_padded
        ] compile-call
    ]
}
Unit Test: {
    { 37.25 }
    [
        1.0 2.0 3.0 4.0 5.0 6.0 au-two <struct> 1.25 2.5 au-pair
        boa >>pair 10.0 au_take_spill
    ]
}
Unit Test: {
    { 37.25 }
    [
        [
            [
                swap pair>> [ a>> ] [ b>> 2 * ] bi + + + + + + +
                +
            ] au-spill-cb au_call_spill
        ] compile-call
    ]
}
Unit Test: {
    { 40.0 }
    [
        au-vector <struct> float-4{ 1.0 2.0 3.0 4.0 } >>a
        10.0 au_take_vector
    ]
}
Unit Test: {
    { float-4{ 1.0 2.0 3.0 4.0 } }
    [ 1.0 2.0 3.0 4.0 au_return_vector a>> ]
}
Unit Test: {
    { 40.0 }
    [
        [
            [
                swap a>> {
                    [ first ]
                    [ second 2 * ]
                    [ third 3 * ]
                    [ fourth 4 * ]
                } cleave + + + +
            ] au-vector-cb au_call_vector
        ] compile-call
    ]
}
Unit Test: {
    { 46.0 }
    [
        au-vector-two <struct>
        float-4{ 1.0 2.0 3.0 4.0 } float-4{ 5.0 6.0 7.0 8.0 }
        au-fvec-pair boa >>a 10.0 au_take_vector_two
    ]
}
Unit Test: {
    { float-4{ 1.0 2.0 3.0 4.0 } float-4{ 5.0 6.0 7.0 8.0 } }
    [ au_return_vector_two a>> [ a>> ] [ b>> ] bi ]
}
Unit Test: {
    { 23.25 }
    [
        [
            [
                2 load-locals 0 get-local au-two va-arg pair>>
                [ a>> ] [ b>> 2 * ] bi +
                0 get-local double va-arg + -1 get-local +
                2 drop-locals
            ] au-dynamic-cb au_call_variadic
        ] compile-call
    ]
}
Unit Test: {
    { 23.25 }
    [
        [
            [ swap pair>> [ a>> ] [ b>> 2 * ] bi + + + ]
            au-typed-cb au-call-typed
        ] compile-call
    ]
}
Unit Test: {
    { 53.0 }
    [
        [
            [
                2 load-locals
                0 get-local au-vector-two va-arg a>>
                [ a>> sum ] [ b>> sum ] bi +
                0 get-local double va-arg + -1 get-local +
                2 drop-locals
            ] au-dynamic-cb au_call_vector_variadic
        ] compile-call
    ]
}
Unit Test: {
    { 53.0 }
    [
        [
            [ swap a>> [ a>> sum ] [ b>> sum ] bi + + + ]
            au-vector-typed-cb au-call-vector-typed
        ] compile-call
    ]
}
Unit Test: { { 1 } [ au_small_controls ] }
Unit Test: { { 11.25 } [ au-small <struct> 1.25 >>a 10.0 au_take_small ] }
Unit Test: { { 12.5 } [ au-bsmall <struct> 2.5 >>a 10.0 au_take_bsmall ] }
Unit Test: { { 1.25 } [ 1.25 au_return_small a>> ] }
Unit Test: { { 2.5 } [ 2.5 au_return_bsmall a>> ] }
Unit Test: {
    { 16.25 }
    [
        au-small <struct> 1.25 >>a au-bsmall <struct> 2.5 >>a
        au-small-pair boa 10.0 au_take_small_pair
    ]
}
Unit Test: {
    { 16.25 }
    [
        [
            [ swap small-pair-value + ] au-small-pair-cb
            au_call_small_pair
        ] compile-call
    ]
}
Unit Test: {
    { 23.25 }
    [
        [
            [
                2 load-locals
                0 get-local au-small-pair va-arg
                small-pair-value 0 get-local double va-arg +
                -1 get-local + 2 drop-locals
            ] au-small-dynamic-cb au_call_small_variadic
        ] compile-call
    ]
}
Unit Test: {
    { 23.25 }
    [
        [
            [ swap small-pair-value + + ] au-small-typed-cb
            au-call-small-typed
        ] compile-call
    ]
}
Unit Test: { { 1.5 } [ 1.5 half_identity ] }
Unit Test: {
    { -2.5 }
    [
        -2.5 "half_identity" "small-floats-test" library-dll
        dlsym half-indirect
    ]
}
Unit Test: { { 16.0 } [ 1 2.5 3.0 4.5 5 half_mixed ] }
Unit Test: { { 2.0 } [ half-cb [ 1.5 half_callback ] with-callback ] }
Unit Test: { { 55.0 } [ 1 2 3 4 5 6 7 8 9 10 half_overflow ] }
Unit Test: {
    { 55.0 }
    [
        half-overflow-cb
        [ half_overflow_callback ] with-callback
    ]
}
Unit Test: {
    { t }
    [
        {
            0.0
            -0.0
            1.0
            -1.0
            1.00048828125
            1.00146484375
            1.00390625
            1.01171875
            5.960464477539063e-8
            0.00006103515625
            65504.0
            65520.0
            1/0.
            -1/0.
        }
        [ [ half_bits ] [ half_convert float>half-bits ] bi = ]
        all?
    ]
}
Unit Test: {
    { t }
    [
        {
            0
            1
            2
            127
            128
            255
            256
            1023
            1024
            16383
            16384
            30000
            32768
            32769
            49152
        } [ [ half_from_bits float>half-bits ] keep = ] all?
    ]
}
Unit Test: { { 1.5 } [ 1.5 bfloat_identity ] }
Unit Test: {
    { -2.5 }
    [
        -2.5 "bfloat_identity" "small-floats-test" library-dll
        dlsym bfloat-indirect
    ]
}
Unit Test: { { 16.0 } [ 1 2.5 3.0 4.5 5 bfloat_mixed ] }
Unit Test: { { 2.0 } [ bfloat-cb [ 1.5 bfloat_callback ] with-callback ] }
Unit Test: { { 55.0 } [ 1 2 3 4 5 6 7 8 9 10 bfloat_overflow ] }
Unit Test: {
    { 55.0 }
    [
        bfloat-overflow-cb
        [ bfloat_overflow_callback ] with-callback
    ]
}
Unit Test: {
    { t }
    [
        {
            0.0
            -0.0
            1.0
            -1.0
            1.00048828125
            1.00146484375
            1.00390625
            1.01171875
            5.960464477539063e-8
            0.00006103515625
            65504.0
            65520.0
            1/0.
            -1/0.
        } [
            [ bfloat_bits ] [ bfloat_convert float>bfloat-bits ]
            bi =
        ] all?
    ]
}
Unit Test: {
    { t }
    [
        {
            0
            1
            2
            127
            128
            255
            256
            1023
            1024
            16383
            16384
            30000
            32768
            32769
            49152
        } [ [ bfloat_from_bits float>bfloat-bits ] keep = ] all?
    ]
}
Unit Test: {
    { 4.0 }
    [ mixed-small <struct> 1.5 >>a 2.5 >>b mixed_small_sum ]
}
Unit Test: {
    { t }
    [
        65536 <iota> [
            [ half_from_bits float>half-bits ]
            [ half-bits>float float>half-bits ] bi =
        ] all?
    ]
}
Unit Test: {
    { t }
    [
        65536 <iota> [
            [ bfloat_from_bits float>bfloat-bits ]
            [ bfloat-bits>float float>bfloat-bits ] bi =
        ] all?
    ]
}
Unit Test: { { 11.5 } [ 0 1.5 2.5 3 4.5 half_varargs ] }
Unit Test: { { 11.5 } [ 0 1.5 2.5 3 4.5 bfloat_varargs ] }
Unit Test: { { 1.0 1.0 } [ half_dirty_result bfloat_dirty_result ] }
Unit Test: { { 2.0 } [ 0 1.00048828125 1.00048828125 0 0.0 half_varargs ] }
Unit Test: { { 2.0 } [ 0 1.00390625 1.00390625 0 0.0 bfloat_varargs ] }
