Unit Test: { { 11.25 } [ au-one <struct> 1.25 >>a 10.0 au_take_one ] }
Unit Test: {
    { 16.25 }
    [
        au-two <struct> 1.25 2.5 au-pair boa >>pair
        10.0 au_take_two
    ]
}
Unit Test: {
    { 40.0 }
    [
        au-four <struct> 1.0 2.0 3.0 4.0 au-quad boa >>quad
        10.0 au_take_four
    ]
}
Unit Test: {
    { 16.25 }
    [
        au-one <struct> 1.25 >>a 2.5 au-nested boa
        10.0 au_take_nested
    ]
}
Unit Test: { { 13.75 } [ au-mixed <struct> 3.75 >>b 10.0 au_take_mixed ] }
Unit Test: { { 1.25 } [ 1.25 au_return_one a>> ] }
Unit Test: {
    { 1.25 2.5 }
    [ 1.25 2.5 au_return_two pair>> [ a>> ] [ b>> ] bi ]
}
Unit Test: {
    { 1.0 2.0 3.0 4.0 }
    [
        1.0 2.0 3.0 4.0 au_return_four quad>>
        { [ a>> ] [ b>> ] [ c>> ] [ d>> ] } cleave
    ]
}
Unit Test: {
    { 23.25 }
    [
        7 au-two <struct> 1.25 2.5 au-pair boa >>pair
        10.0 au_variadic
    ]
}
Unit Test: {
    { 11.25 }
    [ [ [ swap a>> + ] au-one-cb au_call_one ] compile-call ]
}
Unit Test: {
    { 16.25 }
    [
        [
            [ swap pair>> [ a>> ] [ b>> 2 * ] bi + + ] au-two-cb
            au_call_two
        ] compile-call
    ]
}
Unit Test: {
    { 40.0 }
    [
        [
            [
                swap quad>>
                { [ a>> ] [ b>> 2 * ] [ c>> 3 * ] [ d>> 4 * ] }
                cleave + + + +
            ] au-four-cb au_call_four
        ] compile-call
    ]
}
Unit Test: { { 1 } [ au_c_controls ] }
Unit Test: { { 16 } [ au-padded heap-size ] }
Unit Test: { { 16.25 } [ 1.25 2.5 au-padded boa 10.0 au_take_padded ] }
Unit Test: {
    { 16.25 }
    [
        au-padded-union <struct> 1.25 2.5 au-padded boa >>padded
        10.0 au_take_padded_union
    ]
}
Unit Test: {
    { 1.25 2.5 }
    [ 1.25 2.5 au_return_padded [ a>> ] [ b>> ] bi ]
}
Unit Test: {
    { 16.25 }
    [
        [
            [ swap [ a>> ] [ b>> 2 * ] bi + + ] au-padded-cb
            au_call_padded
        ] compile-call
    ]
}
Unit Test: {
    { 37.25 }
    [
        1.0 2.0 3.0 4.0 5.0 6.0 au-two <struct> 1.25 2.5 au-pair
        boa >>pair 10.0 au_take_spill
    ]
}
Unit Test: {
    { 37.25 }
    [
        [
            [
                swap pair>> [ a>> ] [ b>> 2 * ] bi + + + + + + +
                +
            ] au-spill-cb au_call_spill
        ] compile-call
    ]
}
Unit Test: {
    { 40.0 }
    [
        au-vector <struct> float-4{ 1.0 2.0 3.0 4.0 } >>a
        10.0 au_take_vector
    ]
}
Unit Test: {
    { float-4{ 1.0 2.0 3.0 4.0 } }
    [ 1.0 2.0 3.0 4.0 au_return_vector a>> ]
}
Unit Test: {
    { 40.0 }
    [
        [
            [
                swap a>> {
                    [ first ]
                    [ second 2 * ]
                    [ third 3 * ]
                    [ fourth 4 * ]
                } cleave + + + +
            ] au-vector-cb au_call_vector
        ] compile-call
    ]
}
Unit Test: {
    { 46.0 }
    [
        au-vector-two <struct>
        float-4{ 1.0 2.0 3.0 4.0 } float-4{ 5.0 6.0 7.0 8.0 }
        au-fvec-pair boa >>a 10.0 au_take_vector_two
    ]
}
Unit Test: {
    { float-4{ 1.0 2.0 3.0 4.0 } float-4{ 5.0 6.0 7.0 8.0 } }
    [ au_return_vector_two a>> [ a>> ] [ b>> ] bi ]
}
Unit Test: {
    { 23.25 }
    [
        [
            [
                2 load-locals 0 get-local au-two va-arg pair>>
                [ a>> ] [ b>> 2 * ] bi +
                0 get-local double va-arg + -1 get-local +
                2 drop-locals
            ] au-dynamic-cb au_call_variadic
        ] compile-call
    ]
}
Unit Test: {
    { 23.25 }
    [
        [
            [ swap pair>> [ a>> ] [ b>> 2 * ] bi + + + ]
            au-typed-cb au-call-typed
        ] compile-call
    ]
}
Unit Test: {
    { 53.0 }
    [
        [
            [
                2 load-locals
                0 get-local au-vector-two va-arg a>>
                [ a>> sum ] [ b>> sum ] bi +
                0 get-local double va-arg + -1 get-local +
                2 drop-locals
            ] au-dynamic-cb au_call_vector_variadic
        ] compile-call
    ]
}
Unit Test: {
    { 53.0 }
    [
        [
            [ swap a>> [ a>> sum ] [ b>> sum ] bi + + + ]
            au-vector-typed-cb au-call-vector-typed
        ] compile-call
    ]
}
--> test failed!
--> test failed!

==== resource:basis/compiler/tests/arm64-unions/small.factor

resource:basis/compiler/tests/arm64-unions/small.factor

Generic word rep-size does not define a method for the word class.
Dispatching on object: small-float-rep
(U) [ c-to-factor => ]
    c-to-factor
(U) [ [ (get-catchstack) push ] dip call => (get-catchstack) pop* ]
(O) command-line-startup
(O) run-script
(U) [
        2dup check-call-effect 2dup [
            ~quotation~ dip
            dup terminated?>> ~quotation~ ~quotation~ if
        ] 2dip => rot [ 2drop ] [ wrong-values ] if
    ]
(U) [
        [ ~quotation~ dip dip ] dip => dup terminated?>>
        [ 2drop f ]
        [ dup in>> length swap out>> length check-datastack ] if
    ]
(U) [ swap [ call ] dip => ]
    dip
(U) [ output>array => datastack. ]
(U) [ [ ~quotation~ ~quotation~ bi ] dip => nsequence ]
    output>sequence
(U) [ [ keep ] dip => call ]
    bi
(U) [ over [ call ] dip => ]
    keep
(U) [
        f restartable-tests? set-global
        "resource:basis/compiler/tests/alien-arm64-unions.factor"
        run-test-file
        => "resource:basis/compiler/tests/alien-small-floats.factor"
        run-test-file :test-failures compiler-errors get values
        [ print-error ] each
        test-failures get empty? compiler-errors get assoc-empty?
        and 0 1 ? exit
    ]
(O) run-test-file
(O) run-test-file
(O) run-test-file
(O) run-file
(O) parse-file
(O) parse-stream
(O) finish-compilation-unit
(O) M\ optimizing-compiler recompile
(O) compile-word
(O) backend
(O) build-cfg
(O) (build-cfg)
(O) emit-nodes
(O) M\ #alien-invoke emit-node
(O) params>alien-insn-params
(O) caller-parameters
(O) unbox-parameters
(O) M\ struct-c-type unbox-parameter
(O) M\ arm.64 value-struct?
(O) homogeneous-float/vector-aggregate?
(O) M\ struct-c-type homogeneous-aggregate-members
(O) M\ struct-c-type homogeneous-aggregate-members
(O) M\ object homogeneous-aggregate-members
(O) M\ object rep-size
(O) no-method
(O) M\ object throw
(U) [
        OBJ-CURRENT-THREAD special-object error-thread set-global
        current-continuation => error-continuation set-global
        [ original-error set-global ] [ rethrow ] bi
    ]

==== resource:basis/compiler/tests/small-floats/cases.factor

resource:basis/compiler/tests/small-floats/cases.factor

Generic word rep-size does not define a method for the word class.
Dispatching on object: small-float-rep
(U) [ c-to-factor => ]
    c-to-factor
(U) [ [ (get-catchstack) push ] dip call => (get-catchstack) pop* ]
(O) command-line-startup
(O) run-script
(U) [
        2dup check-call-effect 2dup [
            ~quotation~ dip
            dup terminated?>> ~quotation~ ~quotation~ if
        ] 2dip => rot [ 2drop ] [ wrong-values ] if
    ]
(U) [
        [ ~quotation~ dip dip ] dip => dup terminated?>>
        [ 2drop f ]
        [ dup in>> length swap out>> length check-datastack ] if
    ]
(U) [ swap [ call ] dip => ]
    dip
(U) [ output>array => datastack. ]
(U) [ [ ~quotation~ ~quotation~ bi ] dip => nsequence ]
    output>sequence
(U) [ [ keep ] dip => call ]
    bi
(U) [ over [ call ] dip => ]
    keep
(U) [
        f restartable-tests? set-global
        "resource:basis/compiler/tests/alien-arm64-unions.factor"
        run-test-file
        "resource:basis/compiler/tests/alien-small-floats.factor"
        run-test-file => :test-failures compiler-errors get values
        [ print-error ] each
        test-failures get empty? compiler-errors get assoc-empty?
        and 0 1 ? exit
    ]
(O) run-test-file
(O) run-test-file
(O) run-file
(O) parse-file
(O) parse-stream
(O) finish-compilation-unit
(O) M\ optimizing-compiler recompile
(O) compile-word
(O) backend
(O) build-cfg
(O) (build-cfg)
(O) emit-nodes
(O) M\ #alien-invoke emit-node
(O) params>alien-insn-params
(O) caller-parameters
(O) unbox-parameters
(O) M\ struct-c-type unbox-parameter
(O) M\ arm.64 value-struct?
(O) homogeneous-float/vector-aggregate?
(O) M\ struct-c-type homogeneous-aggregate-members
(O) M\ object homogeneous-aggregate-members
(O) M\ object rep-size
(O) no-method
(O) M\ object throw
(U) [
        OBJ-CURRENT-THREAD special-object error-thread set-global
        current-continuation => error-continuation set-global
        [ original-error set-global ] [ rethrow ] bi
    ]
