{ 40 40 8 5 }
H{
    { "loop-spill-sites" 0 }
    { "blocks" 8 }
    { "redundant-loop-stores" 0 }
    { "code-bytes" 5920 }
    { "spills" 452 }
    { "reloads" 452 }
    { "instructions" 1477 }
    { "weighted-traffic" 4810 }
    { "frame-bytes" 336 }
    { "spill-bytes" 312 }
    { "loop-traffic" 558 }
    { "copies" 1 }
}
H{
    { "loop-spill-sites" 80 }
    { "blocks" 8 }
    { "redundant-loop-stores" 394 }
    { "code-bytes" 4336 }
    { "spills" 58 }
    { "reloads" 452 }
    { "instructions" 1083 }
    { "weighted-traffic" 2470 }
    { "frame-bytes" 352 }
    { "spill-bytes" 328 }
    { "loop-traffic" 280 }
    { "copies" 1 }
}
{ 40 8 2 8 }
H{
    { "loop-spill-sites" 0 }
    { "blocks" 7 }
    { "redundant-loop-stores" 0 }
    { "code-bytes" 3648 }
    { "spills" 262 }
    { "reloads" 261 }
    { "instructions" 911 }
    { "weighted-traffic" 572 }
    { "frame-bytes" 336 }
    { "spill-bytes" 320 }
    { "loop-traffic" 7 }
    { "copies" 1 }
}
H{
    { "loop-spill-sites" 0 }
    { "blocks" 6 }
    { "redundant-loop-stores" 0 }
    { "code-bytes" 3472 }
    { "spills" 238 }
    { "reloads" 238 }
    { "instructions" 863 }
    { "weighted-traffic" 476 }
    { "frame-bytes" 272 }
    { "spill-bytes" 256 }
    { "loop-traffic" 0 }
    { "copies" 1 }
}
{ 40 12 4 8 }
H{
    { "loop-spill-sites" 0 }
    { "blocks" 7 }
    { "redundant-loop-stores" 0 }
    { "code-bytes" 3840 }
    { "spills" 269 }
    { "reloads" 268 }
    { "instructions" 957 }
    { "weighted-traffic" 586 }
    { "frame-bytes" 336 }
    { "spill-bytes" 320 }
    { "loop-traffic" 7 }
    { "copies" 1 }
}
H{
    { "loop-spill-sites" 0 }
    { "blocks" 6 }
    { "redundant-loop-stores" 0 }
    { "code-bytes" 3472 }
    { "spills" 223 }
    { "reloads" 223 }
    { "instructions" 865 }
    { "weighted-traffic" 446 }
    { "frame-bytes" 240 }
    { "spill-bytes" 224 }
    { "loop-traffic" 0 }
    { "copies" 1 }
}
{ 40 16 8 5 }
H{
    { "loop-spill-sites" 0 }
    { "blocks" 8 }
    { "redundant-loop-stores" 0 }
    { "code-bytes" 3632 }
    { "spills" 264 }
    { "reloads" 263 }
    { "instructions" 908 }
    { "weighted-traffic" 1808 }
    { "frame-bytes" 336 }
    { "spill-bytes" 320 }
    { "loop-traffic" 183 }
    { "copies" 1 }
}
H{
    { "loop-spill-sites" 33 }
    { "blocks" 8 }
    { "redundant-loop-stores" 124 }
    { "code-bytes" 3136 }
    { "spills" 140 }
    { "reloads" 263 }
    { "instructions" 784 }
    { "weighted-traffic" 1068 }
    { "frame-bytes" 368 }
    { "spill-bytes" 344 }
    { "loop-traffic" 95 }
    { "copies" 1 }
}
{ 24 12 4 4 }
H{
    { "loop-spill-sites" 0 }
    { "blocks" 8 }
    { "redundant-loop-stores" 0 }
    { "code-bytes" 1456 }
    { "spills" 83 }
    { "reloads" 83 }
    { "instructions" 361 }
    { "weighted-traffic" 348 }
    { "frame-bytes" 208 }
    { "spill-bytes" 192 }
    { "loop-traffic" 26 }
    { "copies" 15 }
}
H{
    { "loop-spill-sites" 0 }
    { "blocks" 6 }
    { "redundant-loop-stores" 0 }
    { "code-bytes" 1104 }
    { "spills" 46 }
    { "reloads" 46 }
    { "instructions" 271 }
    { "weighted-traffic" 92 }
    { "frame-bytes" 112 }
    { "spill-bytes" 96 }
    { "loop-traffic" 0 }
    { "copies" 1 }
}
{ 32 24 8 4 }
H{
    { "loop-spill-sites" 0 }
    { "blocks" 6 }
    { "redundant-loop-stores" 0 }
    { "code-bytes" 3472 }
    { "spills" 251 }
    { "reloads" 251 }
    { "instructions" 865 }
    { "weighted-traffic" 2616 }
    { "frame-bytes" 272 }
    { "spill-bytes" 248 }
    { "loop-traffic" 302 }
    { "copies" 1 }
}
H{
    { "loop-spill-sites" 47 }
    { "blocks" 8 }
    { "redundant-loop-stores" 186 }
    { "code-bytes" 2752 }
    { "spills" 68 }
    { "reloads" 254 }
    { "instructions" 687 }
    { "weighted-traffic" 1393 }
    { "frame-bytes" 288 }
    { "spill-bytes" 264 }
    { "loop-traffic" 153 }
    { "copies" 1 }
}
