SPEED compiler-suite allocator=chordal-allocator rematerialization=t
SPEED loop-spills=t
SPEED checks=ssa,intervals,final-value-flow gvn=off
FFI-COVERAGE small executed=24
FFI-COVERAGE general executed=27
hi
( -- )
16777216001234
Cannot resolve C library function
Library: f
Symbol: this_does_not_exist
DlError: dlsym(RTLD_DEFAULT, this_does_not_exist): symbol not found

Type :help for debugging help.
Cannot resolve C library function
Library: DLL" no_such_library"
Symbol: no_such_function
DlError: dlopen(no_such_library, 0x0009): tried: 'no_such_library' (no such file), '/System/Volumes/Preboot/Cryptexes/OSno_such_library' (no such file), '/usr/lib/no_such_library' (no such file, not in dyld cache), 'no_such_library' (no such file)

Type :help for debugging help.
TEST-FAILURES 0
SPEED compiler-suite=passed
