Unit Test: {
    { ( logLevel text args -- ) }
    [ \ TraceLogCallback "callback-effect" word-prop ]
}
Unit Test: { { 2 } [ 4 \ trace-log def>> nth ] }
Unit Test: { { 1 } [ 4 \ text-format def>> nth ] }
Unit Test: { { "literal 100%" } [ "literal 100%%" text-format ] }
Unit Test: {
    { "7/2.50/-3/4.5/11" }
    [ "%d/%.2f/%d/%.1f/%d" 7 2.5 -3 4.5 11 raylib-test-format ]
}
Unit Test: {
    { { 3 "%d/%.2f" 7 2.5 } }
    [
        [
            [ capture-raylib-log ] TraceLogCallback [
                load-local 0 get-local [
                    load-local LOG_ALL set-trace-log-level
                    0 get-local set-trace-log-callback
                    LOG_INFO "%d/%.2f" 7 2.5 raylib-test-log
                    raylib-log-result get-global 1 drop-locals
                ] curry [
                    f set-trace-log-callback
                    LOG_INFO set-trace-log-level
                ] finally 1 drop-locals
            ] with-callback
        ] compile-call
    ]
}
Unit Test: {
    { B{ 0 65 255 0 66 } 5 }
    [
        [
            [ raylib-binary-loader ] LoadFileDataCallback [
                [
                    load-local 0 get-local [
                        load-local
                        0 get-local set-load-file-data-callback
                        0 int <ref> load-local
                        "native-binary" 0 get-local
                        load-file-data dup alien? 0 get-local [
                            load-local 0 get-local int deref
                            memory>byte-array 1 drop-locals
                        ] curry
                        [ drop "ownership pointer was lost" ] if
                        0 get-local int deref 2 drop-locals
                    ] curry [
                        f set-load-file-data-callback
                        raylib-binary-allocation get-global
                        unload-file-data
                        f raylib-binary-allocation set-global
                    ] finally 1 drop-locals
                ] call
            ] with-callback
        ] compile-call
    ]
}
--> test failed!
Unit Test: {
    { B{ 0 65 255 0 66 } }
    [
        [
            0 int <ref> load-local
            "AEH/AEI=" 0 get-local decode-data-base64 load-local
            0 get-local -1 get-local [
                2 load-locals -1 get-local 0 get-local int deref
                memory>byte-array 2 drop-locals
            ] curry curry 0 get-local
            [ load-local 0 get-local mem-free 1 drop-locals ]
            curry finally 2 drop-locals
        ] compile-call
    ]
}
--> test failed!
Unit Test: {
    { 3 2 }
    [
        [
            3 2 RED gen-image-color load-local 0 get-local [
                load-local 0 int <ref> load-local
                -1 get-local ".png" 0 get-local
                export-image-to-memory load-local
                0 get-local -1 get-local [
                    2 load-locals
                    ".png" -1 get-local 0 get-local int deref
                    load-image-from-memory load-local
                    0 get-local [
                        load-local 0 get-local
                        [ width>> ] [ height>> ] bi
                        1 drop-locals
                    ] curry 0 get-local [
                        load-local 0 get-local unload-image
                        1 drop-locals
                    ] curry finally 3 drop-locals
                ] curry curry 0 get-local [
                    load-local 0 get-local mem-free
                    1 drop-locals
                ] curry finally 3 drop-locals
            ] curry 0 get-local [
                load-local 0 get-local unload-image
                1 drop-locals
            ] curry finally 1 drop-locals
        ] compile-call
    ]
}
INFO: IMAGE: Data loaded successfully (3x2 | R8G8B8A8 | 1 mipmaps)
Unit Test: {
    { 2 8000 16 1 B{ 0 128 0 127 } }
    [
        [
            B{
                82 73 70 70 38 0 0 0 87 65 86 69 102 109 116 32
                16 0 0 0 1 0 1 0 64 31 0 0 64 31 0 0 1 0 8 0 100
                97 116 97 2 0 0 0 0 255
            } load-local
            ".wav" 0 get-local 0 get-local length
            load-wave-from-memory load-local 0 get-local [
                load-local
                0 get-local frameCount>> 0 get-local
                sampleRate>> 0 get-local sampleSize>> 0
                get-local channels>> 0 get-local data>> 4
                memory>byte-array 1 drop-locals
            ] curry 0 get-local
            [ load-local 0 get-local unload-wave 1 drop-locals ]
            curry finally 2 drop-locals
        ] compile-call
    ]
}
INFO: WAVE: Data loaded successfully (8000 Hz, 16 bit, 1 channels)
Unit Test: {
    { 3 "abcdef" 6 }
    [
        [
            16 <byte-array> load-local
            0 get-local "abc" text-copy 3 int <ref> load-local
            -1 get-local "def" 0 get-local text-append
            -1 get-local utf8 alien>string 0 get-local int deref
            2 drop-locals
        ]
        compile-call
    ]
}
Must Fail: { [ [ "____" "abc" text-copy ] compile-call ] }
--> test failed!
Must Fail: { [ [ "ab__" "c" 2 int <ref> text-append ] compile-call ] }
--> test failed!
--> test failed!
Unit Test: { { t } [ "RAYLIB_API60_FONT" os-env raylib_api60_controls ] }
Unit Test: {
    { t }
    [
        {
            [ ModelSkeleton heap-size ]
            [ "boneCount" ModelSkeleton offset-of ]
            [ "_bones" ModelSkeleton offset-of ]
            [ "bindPose" ModelSkeleton offset-of ]
            [ Model heap-size ]
            [ "transform" Model offset-of ]
            [ "meshCount" Model offset-of ]
            [ "materialCount" Model offset-of ]
            [ "_meshes" Model offset-of ]
            [ "_materials" Model offset-of ]
            [ "meshMaterial" Model offset-of ]
            [ "skeleton" Model offset-of ]
            [ "currentPose" Model offset-of ]
            [ "boneMatrices" Model offset-of ]
            [ ModelAnimation heap-size ]
            [ "name" ModelAnimation offset-of ]
            [ "boneCount" ModelAnimation offset-of ]
            [ "keyframeCount" ModelAnimation offset-of ]
            [ "keyframePoses" ModelAnimation offset-of ]
            [ AudioStream heap-size ]
            [ "buffer" AudioStream offset-of ]
            [ "processor" AudioStream offset-of ]
            [ "sampleRate" AudioStream offset-of ]
            [ "sampleSize" AudioStream offset-of ]
            [ "channels" AudioStream offset-of ]
        } [ ( -- n ) call-effect ] map 25 <iota>
        [ raylib_api60_layout ] map =
    ]
}
Unit Test: { { float } [ \ update-model-animation def>> fourth third ] }
--> test failed!
Unit Test: {
    { 2147483653 }
    [
        [
            [ nip raylib-audio-frames set-global ] AudioCallback
            [ raylib_api60_audio_case ] with-callback
            raylib-audio-frames get-global
        ] compile-call
    ]
}
--> test failed!
Unit Test: { { 7 } [ \ load-font-data def>> fourth length ] }
--> test failed!
Unit Test: {
    { 16384 }
    [
        "FLAG_WINDOW_MOUSE_PASSTHROUGH" "raylib" lookup-word
        [ ( -- flag ) execute-effect enum>number ] [ f ] if*
    ]
}
--> test failed!
Unit Test: { { t } [ "ModelAnimPose" "raylib" lookup-word >boolean ] }
--> test failed!

==== resource:extra/raylib/native/binary.factor

resource:extra/raylib/native/binary.factor: 36

Unit Test: {
    { B{ 0 65 255 0 66 } 5 }
    [
        [
            [ raylib-binary-loader ] LoadFileDataCallback [
                [
                    load-local 0 get-local [
                        load-local
                        0 get-local set-load-file-data-callback
                        0 int <ref> load-local
                        "native-binary" 0 get-local
                        load-file-data dup alien? 0 get-local [
                            load-local 0 get-local int deref
                            memory>byte-array 1 drop-locals
                        ] curry
                        [ drop "ownership pointer was lost" ] if
                        0 get-local int deref 2 drop-locals
                    ] curry [
                        f set-load-file-data-callback
                        raylib-binary-allocation get-global
                        unload-file-data
                        f raylib-binary-allocation set-global
                    ] finally 1 drop-locals
                ] call
            ] with-callback
        ] compile-call
    ]
}

=== Expected:
B{ 0 65 255 0 66 }
5
=== Got:
"ownership pointer was lost"
5
(U) [ c-to-factor => ]
    c-to-factor
(U) [ [ (get-catchstack) push ] dip call => (get-catchstack) pop* ]
(O) command-line-startup
(O) run-script
(U) [
        2dup check-call-effect 2dup [
            ~quotation~ dip
            dup terminated?>> ~quotation~ ~quotation~ if
        ] 2dip => rot [ 2drop ] [ wrong-values ] if
    ]
(U) [
        [ ~quotation~ dip dip ] dip => dup terminated?>>
        [ 2drop f ]
        [ dup in>> length swap out>> length check-datastack ] if
    ]
(U) [ swap [ call ] dip => ]
    dip
(U) [ output>array => datastack. ]
(U) [ [ ~quotation~ ~quotation~ bi ] dip => nsequence ]
    output>sequence
(U) [ [ keep ] dip => call ]
    bi
(U) [ over [ call ] dip => ]
    keep
(U) [
        f restartable-tests? set-global f load-help? set-global
        "raylib" reload
        "raylib"
        "/tmp/factor-raylib-varargs-6.0/src/libraylib.dylib" cdecl
        update-library
        "raylib-api60" "/tmp/libraylib-api60.dylib" cdecl
        update-library "raylib" test
        "resource:extra/raylib/native/binary.factor" run-test-file
        => "resource:extra/raylib/native/ownership.factor"
        run-test-file
        "resource:extra/raylib/native/boundaries.factor"
        run-test-file
        :test-failures compiler-errors get assoc-size .
        test-failures get empty? compiler-errors get assoc-empty?
        and [ 0 ] [ 1 ] if exit
    ]
(O) run-test-file
(U) [
        { ~byte-array~ 5 } [ ~quotation~ compile-call ]
        \ (unit-test) 36 experiment =>
        { ~byte-array~ } [ ~quotation~ compile-call ] \ (unit-test)
        44 experiment
        { 3 2 } [ ~quotation~ compile-call ] \ (unit-test) 58
        experiment
        { 2 8000 16 1 ~byte-array~ } [ ~quotation~ compile-call ]
        \ (unit-test) 69 experiment
        { 3 "abcdef" 6 } [
            16 <byte-array> load-local 0 get-local "abc" text-copy
            3 int <ref> load-local
            -1 get-local "def" 0 get-local text-append
            -1 get-local utf8 alien>string 0 get-local int deref
            2 drop-locals
        ] raylib-buffer-unit-test
        [ ~quotation~ compile-call ] \ (must-fail) 82 experiment
        [ ~quotation~ compile-call ] \ (must-fail) 83 experiment
    ]
(U) [
        2 load-locals -1 get-local <experiment> load-local
        silent-tests? get 0 get-local
        [ load-local 0 get-local experiment. 1 drop-locals ] curry
        unless -2 get-local execute => 0 get-local -1 get-local [
            2 load-locals -1 get-local 0 get-local ~quotation~ curry
            curry ~quotation~ if 2 drop-locals
        ] curry curry [ 2drop "Warning: test skipped!" print ] if
        3 drop-locals
    ]
    experiment
(O) (unit-test)
(O) assert-sequence=
(O) assert-sequence
(O) M\ object throw
(U) [
        OBJ-CURRENT-THREAD special-object error-thread set-global
        current-continuation => error-continuation set-global
        [ original-error set-global ] [ rethrow ] bi
    ]

resource:extra/raylib/native/binary.factor: 44

Unit Test: {
    { B{ 0 65 255 0 66 } }
    [
        [
            0 int <ref> load-local
            "AEH/AEI=" 0 get-local decode-data-base64 load-local
            0 get-local -1 get-local [
                2 load-locals -1 get-local 0 get-local int deref
                memory>byte-array 2 drop-locals
            ] curry curry 0 get-local
            [ load-local 0 get-local mem-free 1 drop-locals ]
            curry finally 2 drop-locals
        ] compile-call
    ]
}

Generic word underlying>> does not define a method for the string class.
Dispatching on object: "AEH/AEI="
(U) [ c-to-factor => ]
    c-to-factor
(U) [ [ (get-catchstack) push ] dip call => (get-catchstack) pop* ]
(O) command-line-startup
(O) run-script
(U) [
        2dup check-call-effect 2dup [
            ~quotation~ dip
            dup terminated?>> ~quotation~ ~quotation~ if
        ] 2dip => rot [ 2drop ] [ wrong-values ] if
    ]
(U) [
        [ ~quotation~ dip dip ] dip => dup terminated?>>
        [ 2drop f ]
        [ dup in>> length swap out>> length check-datastack ] if
    ]
(U) [ swap [ call ] dip => ]
    dip
(U) [ output>array => datastack. ]
(U) [ [ ~quotation~ ~quotation~ bi ] dip => nsequence ]
    output>sequence
(U) [ [ keep ] dip => call ]
    bi
(U) [ over [ call ] dip => ]
    keep
(U) [
        f restartable-tests? set-global f load-help? set-global
        "raylib" reload
        "raylib"
        "/tmp/factor-raylib-varargs-6.0/src/libraylib.dylib" cdecl
        update-library
        "raylib-api60" "/tmp/libraylib-api60.dylib" cdecl
        update-library "raylib" test
        "resource:extra/raylib/native/binary.factor" run-test-file
        => "resource:extra/raylib/native/ownership.factor"
        run-test-file
        "resource:extra/raylib/native/boundaries.factor"
        run-test-file
        :test-failures compiler-errors get assoc-size .
        test-failures get empty? compiler-errors get assoc-empty?
        and [ 0 ] [ 1 ] if exit
    ]
(O) run-test-file
(U) [
        { ~byte-array~ 5 } [ ~quotation~ compile-call ]
        \ (unit-test) 36 experiment
        { ~byte-array~ } [ ~quotation~ compile-call ] \ (unit-test)
        44 experiment =>
        { 3 2 } [ ~quotation~ compile-call ] \ (unit-test) 58
        experiment
        { 2 8000 16 1 ~byte-array~ } [ ~quotation~ compile-call ]
        \ (unit-test) 69 experiment
        { 3 "abcdef" 6 } [
            16 <byte-array> load-local 0 get-local "abc" text-copy
            3 int <ref> load-local
            -1 get-local "def" 0 get-local text-append
            -1 get-local utf8 alien>string 0 get-local int deref
            2 drop-locals
        ] raylib-buffer-unit-test
        [ ~quotation~ compile-call ] \ (must-fail) 82 experiment
        [ ~quotation~ compile-call ] \ (must-fail) 83 experiment
    ]
(U) [
        2 load-locals -1 get-local <experiment> load-local
        silent-tests? get 0 get-local
        [ load-local 0 get-local experiment. 1 drop-locals ] curry
        unless -2 get-local execute => 0 get-local -1 get-local [
            2 load-locals -1 get-local 0 get-local ~quotation~ curry
            curry ~quotation~ if 2 drop-locals
        ] curry curry [ 2drop "Warning: test skipped!" print ] if
        3 drop-locals
    ]
    experiment
(O) (unit-test)
(U) [
        [ ~quotation~ dip swap ~quotation~ dip ] dip swap
        [ call get-datastack ] dip => swap [ set-datastack ] dip
    ]
(U) [ call => get-datastack ]
(O) ( gensym )
(O) M\ object underlying>>
(O) no-method
(O) M\ object throw
(U) [
        OBJ-CURRENT-THREAD special-object error-thread set-global
        current-continuation => error-continuation set-global
        [ original-error set-global ] [ rethrow ] bi
    ]

resource:extra/raylib/native/binary.factor: 82

Must Fail: { [ [ "____" "abc" text-copy ] compile-call ] }

did-not-fail
(U) [ c-to-factor => ]
    c-to-factor
(U) [ [ (get-catchstack) push ] dip call => (get-catchstack) pop* ]
(O) command-line-startup
(O) run-script
(U) [
        2dup check-call-effect 2dup [
            ~quotation~ dip
            dup terminated?>> ~quotation~ ~quotation~ if
        ] 2dip => rot [ 2drop ] [ wrong-values ] if
    ]
(U) [
        [ ~quotation~ dip dip ] dip => dup terminated?>>
        [ 2drop f ]
        [ dup in>> length swap out>> length check-datastack ] if
    ]
(U) [ swap [ call ] dip => ]
    dip
(U) [ output>array => datastack. ]
(U) [ [ ~quotation~ ~quotation~ bi ] dip => nsequence ]
    output>sequence
(U) [ [ keep ] dip => call ]
    bi
(U) [ over [ call ] dip => ]
    keep
(U) [
        f restartable-tests? set-global f load-help? set-global
        "raylib" reload
        "raylib"
        "/tmp/factor-raylib-varargs-6.0/src/libraylib.dylib" cdecl
        update-library
        "raylib-api60" "/tmp/libraylib-api60.dylib" cdecl
        update-library "raylib" test
        "resource:extra/raylib/native/binary.factor" run-test-file
        => "resource:extra/raylib/native/ownership.factor"
        run-test-file
        "resource:extra/raylib/native/boundaries.factor"
        run-test-file
        :test-failures compiler-errors get assoc-size .
        test-failures get empty? compiler-errors get assoc-empty?
        and [ 0 ] [ 1 ] if exit
    ]
(O) run-test-file
(U) [
        { ~byte-array~ 5 } [ ~quotation~ compile-call ]
        \ (unit-test) 36 experiment
        { ~byte-array~ } [ ~quotation~ compile-call ] \ (unit-test)
        44 experiment =>
        { 3 2 } [ ~quotation~ compile-call ] \ (unit-test) 58
        experiment
        { 2 8000 16 1 ~byte-array~ } [ ~quotation~ compile-call ]
        \ (unit-test) 69 experiment
        { 3 "abcdef" 6 } [
            16 <byte-array> load-local 0 get-local "abc" text-copy
            3 int <ref> load-local
            -1 get-local "def" 0 get-local text-append
            -1 get-local utf8 alien>string 0 get-local int deref
            2 drop-locals
        ] raylib-buffer-unit-test
        [ ~quotation~ compile-call ] \ (must-fail) 82 experiment
        [ ~quotation~ compile-call ] \ (must-fail) 83 experiment
    ]
(U) [
        2 load-locals -1 get-local <experiment> load-local
        silent-tests? get 0 get-local
        [ load-local 0 get-local experiment. 1 drop-locals ] curry
        unless -2 get-local execute => 0 get-local -1 get-local [
            2 load-locals -1 get-local 0 get-local ~quotation~ curry
            curry ~quotation~ if 2 drop-locals
        ] curry curry [ 2drop "Warning: test skipped!" print ] if
        3 drop-locals
    ]
    experiment
(O) (unit-test)
(U) [
        [ ~quotation~ dip swap ~quotation~ dip ] dip swap
        [ call get-datastack ] dip => swap [ set-datastack ] dip
    ]
(U) [ call => get-datastack ]
(O) ( gensym )
(O) M\ object underlying>>
(O) no-method
(O) M\ object throw
(U) [
        OBJ-CURRENT-THREAD special-object error-thread set-global
        current-continuation => error-continuation set-global
        [ original-error set-global ] [ rethrow ] bi
    ]

resource:extra/raylib/native/binary.factor: 83

Must Fail: { [ [ "ab__" "c" 2 int <ref> text-append ] compile-call ] }

did-not-fail
(U) [ c-to-factor => ]
    c-to-factor
(U) [ [ (get-catchstack) push ] dip call => (get-catchstack) pop* ]
(O) command-line-startup
(O) run-script
(U) [
        2dup check-call-effect 2dup [
            ~quotation~ dip
            dup terminated?>> ~quotation~ ~quotation~ if
        ] 2dip => rot [ 2drop ] [ wrong-values ] if
    ]
(U) [
        [ ~quotation~ dip dip ] dip => dup terminated?>>
        [ 2drop f ]
        [ dup in>> length swap out>> length check-datastack ] if
    ]
(U) [ swap [ call ] dip => ]
    dip
(U) [ output>array => datastack. ]
(U) [ [ ~quotation~ ~quotation~ bi ] dip => nsequence ]
    output>sequence
(U) [ [ keep ] dip => call ]
    bi
(U) [ over [ call ] dip => ]
    keep
(U) [
        f restartable-tests? set-global f load-help? set-global
        "raylib" reload
        "raylib"
        "/tmp/factor-raylib-varargs-6.0/src/libraylib.dylib" cdecl
        update-library
        "raylib-api60" "/tmp/libraylib-api60.dylib" cdecl
        update-library "raylib" test
        "resource:extra/raylib/native/binary.factor" run-test-file
        => "resource:extra/raylib/native/ownership.factor"
        run-test-file
        "resource:extra/raylib/native/boundaries.factor"
        run-test-file
        :test-failures compiler-errors get assoc-size .
        test-failures get empty? compiler-errors get assoc-empty?
        and [ 0 ] [ 1 ] if exit
    ]
(O) run-test-file
(U) [
        { ~byte-array~ 5 } [ ~quotation~ compile-call ]
        \ (unit-test) 36 experiment
        { ~byte-array~ } [ ~quotation~ compile-call ] \ (unit-test)
        44 experiment =>
        { 3 2 } [ ~quotation~ compile-call ] \ (unit-test) 58
        experiment
        { 2 8000 16 1 ~byte-array~ } [ ~quotation~ compile-call ]
        \ (unit-test) 69 experiment
        { 3 "abcdef" 6 } [
            16 <byte-array> load-local 0 get-local "abc" text-copy
            3 int <ref> load-local
            -1 get-local "def" 0 get-local text-append
            -1 get-local utf8 alien>string 0 get-local int deref
            2 drop-locals
        ] raylib-buffer-unit-test
        [ ~quotation~ compile-call ] \ (must-fail) 82 experiment
        [ ~quotation~ compile-call ] \ (must-fail) 83 experiment
    ]
(U) [
        2 load-locals -1 get-local <experiment> load-local
        silent-tests? get 0 get-local
        [ load-local 0 get-local experiment. 1 drop-locals ] curry
        unless -2 get-local execute => 0 get-local -1 get-local [
            2 load-locals -1 get-local 0 get-local ~quotation~ curry
            curry ~quotation~ if 2 drop-locals
        ] curry curry [ 2drop "Warning: test skipped!" print ] if
        3 drop-locals
    ]
    experiment
(O) (unit-test)
(U) [
        [ ~quotation~ dip swap ~quotation~ dip ] dip swap
        [ call get-datastack ] dip => swap [ set-datastack ] dip
    ]
(U) [ call => get-datastack ]
(O) ( gensym )
(O) M\ object underlying>>
(O) no-method
(O) M\ object throw
(U) [
        OBJ-CURRENT-THREAD special-object error-thread set-global
        current-continuation => error-continuation set-global
        [ original-error set-global ] [ rethrow ] bi
    ]

==== resource:extra/raylib/native/boundaries.factor

resource:extra/raylib/native/boundaries.factor: 44

Unit Test: { { float } [ \ update-model-animation def>> fourth third ] }

=== Expected:
float
=== Got:
int
(U) [ c-to-factor => ]
    c-to-factor
(U) [ [ (get-catchstack) push ] dip call => (get-catchstack) pop* ]
(O) command-line-startup
(O) run-script
(U) [
        2dup check-call-effect 2dup [
            ~quotation~ dip
            dup terminated?>> ~quotation~ ~quotation~ if
        ] 2dip => rot [ 2drop ] [ wrong-values ] if
    ]
(U) [
        [ ~quotation~ dip dip ] dip => dup terminated?>>
        [ 2drop f ]
        [ dup in>> length swap out>> length check-datastack ] if
    ]
(U) [ swap [ call ] dip => ]
    dip
(U) [ output>array => datastack. ]
(U) [ [ ~quotation~ ~quotation~ bi ] dip => nsequence ]
    output>sequence
(U) [ [ keep ] dip => call ]
    bi
(U) [ over [ call ] dip => ]
    keep
(U) [
        f restartable-tests? set-global f load-help? set-global
        "raylib" reload
        "raylib"
        "/tmp/factor-raylib-varargs-6.0/src/libraylib.dylib" cdecl
        update-library
        "raylib-api60" "/tmp/libraylib-api60.dylib" cdecl
        update-library "raylib" test
        "resource:extra/raylib/native/binary.factor" run-test-file
        "resource:extra/raylib/native/ownership.factor"
        run-test-file
        "resource:extra/raylib/native/boundaries.factor"
        run-test-file
        => :test-failures compiler-errors get assoc-size .
        test-failures get empty? compiler-errors get assoc-empty?
        and [ 0 ] [ 1 ] if exit
    ]
(O) run-test-file
(U) [
        { t } [ "RAYLIB_API60_FONT" os-env raylib_api60_controls ]
        \ (unit-test) 20 experiment
        { t }
        [ ~array~ ~quotation~ map 25 <iota> ~quotation~ map = ]
        \ (unit-test) 40 experiment
        { float } [ \ update-model-animation def>> fourth third ]
        \ (unit-test) 44 experiment
        => \ update-model-animation def>> fourth third float =
        [ ~array~ ~quotation~ \ (unit-test) 49 experiment ] when
        { 2147483653 } [ ~quotation~ compile-call ] \ (unit-test) 57
        experiment
        { 7 } [ \ load-font-data def>> fourth length ] \ (unit-test)
        61 experiment \ load-font-data def>> fourth length 7 =
        [ ~array~ ~quotation~ \ (unit-test) 76 experiment ] when
        { 16384 } [
            "FLAG_WINDOW_MOUSE_PASSTHROUGH" "raylib" lookup-word
            ~quotation~ ~quotation~ if*
        ] \ (unit-test) 82 experiment
        { t } [ "ModelAnimPose" "raylib" lookup-word >boolean ]
        \ (unit-test) 83 experiment
    ]
(U) [
        2 load-locals -1 get-local <experiment> load-local
        silent-tests? get 0 get-local
        [ load-local 0 get-local experiment. 1 drop-locals ] curry
        unless -2 get-local execute => 0 get-local -1 get-local [
            2 load-locals -1 get-local 0 get-local ~quotation~ curry
            curry ~quotation~ if 2 drop-locals
        ] curry curry [ 2drop "Warning: test skipped!" print ] if
        3 drop-locals
    ]
    experiment
(O) (unit-test)
(O) assert-sequence=
(O) assert-sequence
(O) M\ object throw
(U) [
        OBJ-CURRENT-THREAD special-object error-thread set-global
        current-continuation => error-continuation set-global
        [ original-error set-global ] [ rethrow ] bi
    ]

resource:extra/raylib/native/boundaries.factor: 57

Unit Test: {
    { 2147483653 }
    [
        [
            [ nip raylib-audio-frames set-global ] AudioCallback
            [ raylib_api60_audio_case ] with-callback
            raylib-audio-frames get-global
        ] compile-call
    ]
}

=== Expected:
2147483653
=== Got:
-2147483643
(U) [ c-to-factor => ]
    c-to-factor
(U) [ [ (get-catchstack) push ] dip call => (get-catchstack) pop* ]
(O) command-line-startup
(O) run-script
(U) [
        2dup check-call-effect 2dup [
            ~quotation~ dip
            dup terminated?>> ~quotation~ ~quotation~ if
        ] 2dip => rot [ 2drop ] [ wrong-values ] if
    ]
(U) [
        [ ~quotation~ dip dip ] dip => dup terminated?>>
        [ 2drop f ]
        [ dup in>> length swap out>> length check-datastack ] if
    ]
(U) [ swap [ call ] dip => ]
    dip
(U) [ output>array => datastack. ]
(U) [ [ ~quotation~ ~quotation~ bi ] dip => nsequence ]
    output>sequence
(U) [ [ keep ] dip => call ]
    bi
(U) [ over [ call ] dip => ]
    keep
(U) [
        f restartable-tests? set-global f load-help? set-global
        "raylib" reload
        "raylib"
        "/tmp/factor-raylib-varargs-6.0/src/libraylib.dylib" cdecl
        update-library
        "raylib-api60" "/tmp/libraylib-api60.dylib" cdecl
        update-library "raylib" test
        "resource:extra/raylib/native/binary.factor" run-test-file
        "resource:extra/raylib/native/ownership.factor"
        run-test-file
        "resource:extra/raylib/native/boundaries.factor"
        run-test-file
        => :test-failures compiler-errors get assoc-size .
        test-failures get empty? compiler-errors get assoc-empty?
        and [ 0 ] [ 1 ] if exit
    ]
(O) run-test-file
(U) [
        { t } [ "RAYLIB_API60_FONT" os-env raylib_api60_controls ]
        \ (unit-test) 20 experiment
        { t }
        [ ~array~ ~quotation~ map 25 <iota> ~quotation~ map = ]
        \ (unit-test) 40 experiment
        { float } [ \ update-model-animation def>> fourth third ]
        \ (unit-test) 44 experiment
        \ update-model-animation def>> fourth third float =
        [ ~array~ ~quotation~ \ (unit-test) 49 experiment ] when
        { 2147483653 } [ ~quotation~ compile-call ] \ (unit-test) 57
        experiment =>
        { 7 } [ \ load-font-data def>> fourth length ] \ (unit-test)
        61 experiment \ load-font-data def>> fourth length 7 =
        [ ~array~ ~quotation~ \ (unit-test) 76 experiment ] when
        { 16384 } [
            "FLAG_WINDOW_MOUSE_PASSTHROUGH" "raylib" lookup-word
            ~quotation~ ~quotation~ if*
        ] \ (unit-test) 82 experiment
        { t } [ "ModelAnimPose" "raylib" lookup-word >boolean ]
        \ (unit-test) 83 experiment
    ]
(U) [
        2 load-locals -1 get-local <experiment> load-local
        silent-tests? get 0 get-local
        [ load-local 0 get-local experiment. 1 drop-locals ] curry
        unless -2 get-local execute => 0 get-local -1 get-local [
            2 load-locals -1 get-local 0 get-local ~quotation~ curry
            curry ~quotation~ if 2 drop-locals
        ] curry curry [ 2drop "Warning: test skipped!" print ] if
        3 drop-locals
    ]
    experiment
(O) (unit-test)
(O) assert-sequence=
(O) assert-sequence
(O) M\ object throw
(U) [
        OBJ-CURRENT-THREAD special-object error-thread set-global
        current-continuation => error-continuation set-global
        [ original-error set-global ] [ rethrow ] bi
    ]

resource:extra/raylib/native/boundaries.factor: 61

Unit Test: { { 7 } [ \ load-font-data def>> fourth length ] }

=== Expected:
7
=== Got:
6
(U) [ c-to-factor => ]
    c-to-factor
(U) [ [ (get-catchstack) push ] dip call => (get-catchstack) pop* ]
(O) command-line-startup
(O) run-script
(U) [
        2dup check-call-effect 2dup [
            ~quotation~ dip
            dup terminated?>> ~quotation~ ~quotation~ if
        ] 2dip => rot [ 2drop ] [ wrong-values ] if
    ]
(U) [
        [ ~quotation~ dip dip ] dip => dup terminated?>>
        [ 2drop f ]
        [ dup in>> length swap out>> length check-datastack ] if
    ]
(U) [ swap [ call ] dip => ]
    dip
(U) [ output>array => datastack. ]
(U) [ [ ~quotation~ ~quotation~ bi ] dip => nsequence ]
    output>sequence
(U) [ [ keep ] dip => call ]
    bi
(U) [ over [ call ] dip => ]
    keep
(U) [
        f restartable-tests? set-global f load-help? set-global
        "raylib" reload
        "raylib"
        "/tmp/factor-raylib-varargs-6.0/src/libraylib.dylib" cdecl
        update-library
        "raylib-api60" "/tmp/libraylib-api60.dylib" cdecl
        update-library "raylib" test
        "resource:extra/raylib/native/binary.factor" run-test-file
        "resource:extra/raylib/native/ownership.factor"
        run-test-file
        "resource:extra/raylib/native/boundaries.factor"
        run-test-file
        => :test-failures compiler-errors get assoc-size .
        test-failures get empty? compiler-errors get assoc-empty?
        and [ 0 ] [ 1 ] if exit
    ]
(O) run-test-file
(U) [
        { t } [ "RAYLIB_API60_FONT" os-env raylib_api60_controls ]
        \ (unit-test) 20 experiment
        { t }
        [ ~array~ ~quotation~ map 25 <iota> ~quotation~ map = ]
        \ (unit-test) 40 experiment
        { float } [ \ update-model-animation def>> fourth third ]
        \ (unit-test) 44 experiment
        \ update-model-animation def>> fourth third float =
        [ ~array~ ~quotation~ \ (unit-test) 49 experiment ] when
        { 2147483653 } [ ~quotation~ compile-call ] \ (unit-test) 57
        experiment
        { 7 } [ \ load-font-data def>> fourth length ] \ (unit-test)
        61 experiment => \ load-font-data def>> fourth length 7 =
        [ ~array~ ~quotation~ \ (unit-test) 76 experiment ] when
        { 16384 } [
            "FLAG_WINDOW_MOUSE_PASSTHROUGH" "raylib" lookup-word
            ~quotation~ ~quotation~ if*
        ] \ (unit-test) 82 experiment
        { t } [ "ModelAnimPose" "raylib" lookup-word >boolean ]
        \ (unit-test) 83 experiment
    ]
(U) [
        2 load-locals -1 get-local <experiment> load-local
        silent-tests? get 0 get-local
        [ load-local 0 get-local experiment. 1 drop-locals ] curry
        unless -2 get-local execute => 0 get-local -1 get-local [
            2 load-locals -1 get-local 0 get-local ~quotation~ curry
            curry ~quotation~ if 2 drop-locals
        ] curry curry [ 2drop "Warning: test skipped!" print ] if
        3 drop-locals
    ]
    experiment
(O) (unit-test)
(O) assert-sequence=
(O) assert-sequence
(O) M\ object throw
(U) [
        OBJ-CURRENT-THREAD special-object error-thread set-global
        current-continuation => error-continuation set-global
        [ original-error set-global ] [ rethrow ] bi
    ]

resource:extra/raylib/native/boundaries.factor: 82

Unit Test: {
    { 16384 }
    [
        "FLAG_WINDOW_MOUSE_PASSTHROUGH" "raylib" lookup-word
        [ ( -- flag ) execute-effect enum>number ] [ f ] if*
    ]
}

=== Expected:
16384
=== Got:
f
(U) [ c-to-factor => ]
    c-to-factor
(U) [ [ (get-catchstack) push ] dip call => (get-catchstack) pop* ]
(O) command-line-startup
(O) run-script
(U) [
        2dup check-call-effect 2dup [
            ~quotation~ dip
            dup terminated?>> ~quotation~ ~quotation~ if
        ] 2dip => rot [ 2drop ] [ wrong-values ] if
    ]
(U) [
        [ ~quotation~ dip dip ] dip => dup terminated?>>
        [ 2drop f ]
        [ dup in>> length swap out>> length check-datastack ] if
    ]
(U) [ swap [ call ] dip => ]
    dip
(U) [ output>array => datastack. ]
(U) [ [ ~quotation~ ~quotation~ bi ] dip => nsequence ]
    output>sequence
(U) [ [ keep ] dip => call ]
    bi
(U) [ over [ call ] dip => ]
    keep
(U) [
        f restartable-tests? set-global f load-help? set-global
        "raylib" reload
        "raylib"
        "/tmp/factor-raylib-varargs-6.0/src/libraylib.dylib" cdecl
        update-library
        "raylib-api60" "/tmp/libraylib-api60.dylib" cdecl
        update-library "raylib" test
        "resource:extra/raylib/native/binary.factor" run-test-file
        "resource:extra/raylib/native/ownership.factor"
        run-test-file
        "resource:extra/raylib/native/boundaries.factor"
        run-test-file
        => :test-failures compiler-errors get assoc-size .
        test-failures get empty? compiler-errors get assoc-empty?
        and [ 0 ] [ 1 ] if exit
    ]
(O) run-test-file
(U) [
        { t } [ "RAYLIB_API60_FONT" os-env raylib_api60_controls ]
        \ (unit-test) 20 experiment
        { t }
        [ ~array~ ~quotation~ map 25 <iota> ~quotation~ map = ]
        \ (unit-test) 40 experiment
        { float } [ \ update-model-animation def>> fourth third ]
        \ (unit-test) 44 experiment
        \ update-model-animation def>> fourth third float =
        [ ~array~ ~quotation~ \ (unit-test) 49 experiment ] when
        { 2147483653 } [ ~quotation~ compile-call ] \ (unit-test) 57
        experiment
        { 7 } [ \ load-font-data def>> fourth length ] \ (unit-test)
        61 experiment \ load-font-data def>> fourth length 7 =
        [ ~array~ ~quotation~ \ (unit-test) 76 experiment ] when
        { 16384 } [
            "FLAG_WINDOW_MOUSE_PASSTHROUGH" "raylib" lookup-word
            ~quotation~ ~quotation~ if*
        ] \ (unit-test) 82 experiment =>
        { t } [ "ModelAnimPose" "raylib" lookup-word >boolean ]
        \ (unit-test) 83 experiment
    ]
(U) [
        2 load-locals -1 get-local <experiment> load-local
        silent-tests? get 0 get-local
        [ load-local 0 get-local experiment. 1 drop-locals ] curry
        unless -2 get-local execute => 0 get-local -1 get-local [
            2 load-locals -1 get-local 0 get-local ~quotation~ curry
            curry ~quotation~ if 2 drop-locals
        ] curry curry [ 2drop "Warning: test skipped!" print ] if
        3 drop-locals
    ]
    experiment
(O) (unit-test)
(O) assert-sequence=
(O) assert-sequence
(O) M\ object throw
(U) [
        OBJ-CURRENT-THREAD special-object error-thread set-global
        current-continuation => error-continuation set-global
        [ original-error set-global ] [ rethrow ] bi
    ]

resource:extra/raylib/native/boundaries.factor: 83

Unit Test: { { t } [ "ModelAnimPose" "raylib" lookup-word >boolean ] }

=== Expected:
t
=== Got:
f
(U) [ c-to-factor => ]
    c-to-factor
(U) [ [ (get-catchstack) push ] dip call => (get-catchstack) pop* ]
(O) command-line-startup
(O) run-script
(U) [
        2dup check-call-effect 2dup [
            ~quotation~ dip
            dup terminated?>> ~quotation~ ~quotation~ if
        ] 2dip => rot [ 2drop ] [ wrong-values ] if
    ]
(U) [
        [ ~quotation~ dip dip ] dip => dup terminated?>>
        [ 2drop f ]
        [ dup in>> length swap out>> length check-datastack ] if
    ]
(U) [ swap [ call ] dip => ]
    dip
(U) [ output>array => datastack. ]
(U) [ [ ~quotation~ ~quotation~ bi ] dip => nsequence ]
    output>sequence
(U) [ [ keep ] dip => call ]
    bi
(U) [ over [ call ] dip => ]
    keep
(U) [
        f restartable-tests? set-global f load-help? set-global
        "raylib" reload
        "raylib"
        "/tmp/factor-raylib-varargs-6.0/src/libraylib.dylib" cdecl
        update-library
        "raylib-api60" "/tmp/libraylib-api60.dylib" cdecl
        update-library "raylib" test
        "resource:extra/raylib/native/binary.factor" run-test-file
        "resource:extra/raylib/native/ownership.factor"
        run-test-file
        "resource:extra/raylib/native/boundaries.factor"
        run-test-file
        => :test-failures compiler-errors get assoc-size .
        test-failures get empty? compiler-errors get assoc-empty?
        and [ 0 ] [ 1 ] if exit
    ]
(O) run-test-file
(U) [
        2 load-locals -1 get-local <experiment> load-local
        silent-tests? get 0 get-local
        [ load-local 0 get-local experiment. 1 drop-locals ] curry
        unless -2 get-local execute => 0 get-local -1 get-local [
            2 load-locals -1 get-local 0 get-local ~quotation~ curry
            curry ~quotation~ if 2 drop-locals
        ] curry curry [ 2drop "Warning: test skipped!" print ] if
        3 drop-locals
    ]
    experiment
(O) (unit-test)
(O) assert-sequence=
(O) assert-sequence
(O) M\ object throw
(U) [
        OBJ-CURRENT-THREAD special-object error-thread set-global
        current-continuation => error-continuation set-global
        [ original-error set-global ] [ rethrow ] bi
    ]

==== resource:extra/raylib/native/ownership.factor

resource:extra/raylib/native/ownership.factor: 12

resource:extra/raylib/native/ownership.factor

11: { t "raylib 6.0\n" } [| |
12:     "resource:extra/raylib/native/text.txt" absolute-path load-file-text-raw :> ptr
                                                                                ^
No word named 'load-file-text-raw' found in current vocabulary search path
(U) [ c-to-factor => ]
    c-to-factor
(U) [ [ (get-catchstack) push ] dip call => (get-catchstack) pop* ]
(O) command-line-startup
(O) run-script
(U) [
        2dup check-call-effect 2dup [
            ~quotation~ dip
            dup terminated?>> ~quotation~ ~quotation~ if
        ] 2dip => rot [ 2drop ] [ wrong-values ] if
    ]
(U) [
        [ ~quotation~ dip dip ] dip => dup terminated?>>
        [ 2drop f ]
        [ dup in>> length swap out>> length check-datastack ] if
    ]
(U) [ swap [ call ] dip => ]
    dip
(U) [ output>array => datastack. ]
(U) [ [ ~quotation~ ~quotation~ bi ] dip => nsequence ]
    output>sequence
(U) [ [ keep ] dip => call ]
    bi
(U) [ over [ call ] dip => ]
    keep
(U) [
        f restartable-tests? set-global f load-help? set-global
        "raylib" reload
        "raylib"
        "/tmp/factor-raylib-varargs-6.0/src/libraylib.dylib" cdecl
        update-library
        "raylib-api60" "/tmp/libraylib-api60.dylib" cdecl
        update-library "raylib" test
        "resource:extra/raylib/native/binary.factor" run-test-file
        "resource:extra/raylib/native/ownership.factor"
        run-test-file
        => "resource:extra/raylib/native/boundaries.factor"
        run-test-file
        :test-failures compiler-errors get assoc-size .
        test-failures get empty? compiler-errors get assoc-empty?
        and [ 0 ] [ 1 ] if exit
    ]
(O) run-test-file
(O) run-file
(O) parse-file
(O) parse-stream
(O) parse-fresh
(O) (parse-lines)
(O) (parse-until)
(O) execute-parsing
(O) POSTPONE: [|
(O) parse-lambda
(O) (parse-lambda)
(O) (parse-until)
(O) no-word
(O) throw-restarts
(O) M\ object throw
(U) [
        OBJ-CURRENT-THREAD special-object error-thread set-global
        current-continuation => error-continuation set-global
        [ original-error set-global ] [ rethrow ] bi
    ]
0
