
Restarts were invoked adding vocabularies to the search path.
To avoid doing this in the future, add the following forms
at the top of the source file:

USING: compiler.cfg.checker
compiler.cfg.linear-scan.allocation.state
compiler.cfg.register-allocation
compiler.cfg.register-allocation.backtracking
compiler.cfg.register-allocation.chordal
compiler.cfg.register-allocation.greedy
compiler.cfg.register-allocation.rematerialization
compiler.cfg.register-allocation.spill-sites
compiler.cfg.register-allocation.verifier
compiler.cfg.value-numbering io kernel namespaces parser
prettyprint sequences system tools.test vocabs.loader
vocabs.refresh ;
IN: allocator.callback.matrix

callback allocator=linear-scan-allocator
callback rematerialization=f
Unit Test: {
    { 6 15 24 }
    [
        1 2 3 4 5 6 7 8 9 ffi_test_large_return
        large-return-values
    ]
}
Unit Test: {
    { -6 -15 -24 }
    [
        -1 -2 -3 -4 -5 -6 -7 -8 -9 ffi_test_large_return
        large-return-values
    ]
}
Unit Test: {
    { 6 15 24 }
    [
        1 2 3 4 5 6 7 8 9 "ffi_test_large_return"
        "large-return-test" library-dll dlsym
        indirect-large-return large-return-values
    ]
}
Unit Test: {
    { 45 }
    [
        large-return-callback
        [ ffi_test_large_return_callback ] with-callback
    ]
}
Unit Test: {
    { 45 }
    [
        nested-large-return-callback
        [ ffi_test_large_return_callback ] with-callback
    ]
}
callback rematerialization=t
Unit Test: {
    { 6 15 24 }
    [
        1 2 3 4 5 6 7 8 9 ffi_test_large_return
        large-return-values
    ]
}
Unit Test: {
    { -6 -15 -24 }
    [
        -1 -2 -3 -4 -5 -6 -7 -8 -9 ffi_test_large_return
        large-return-values
    ]
}
Unit Test: {
    { 6 15 24 }
    [
        1 2 3 4 5 6 7 8 9 "ffi_test_large_return"
        "large-return-test" library-dll dlsym
        indirect-large-return large-return-values
    ]
}
Unit Test: {
    { 45 }
    [
        large-return-callback
        [ ffi_test_large_return_callback ] with-callback
    ]
}
Unit Test: {
    { 45 }
    [
        nested-large-return-callback
        [ ffi_test_large_return_callback ] with-callback
    ]
}
callback allocator=greedy-allocator
callback rematerialization=f
Unit Test: {
    { 6 15 24 }
    [
        1 2 3 4 5 6 7 8 9 ffi_test_large_return
        large-return-values
    ]
}
Unit Test: {
    { -6 -15 -24 }
    [
        -1 -2 -3 -4 -5 -6 -7 -8 -9 ffi_test_large_return
        large-return-values
    ]
}
Unit Test: {
    { 6 15 24 }
    [
        1 2 3 4 5 6 7 8 9 "ffi_test_large_return"
        "large-return-test" library-dll dlsym
        indirect-large-return large-return-values
    ]
}
Unit Test: {
    { 45 }
    [
        large-return-callback
        [ ffi_test_large_return_callback ] with-callback
    ]
}
Unit Test: {
    { 45 }
    [
        nested-large-return-callback
        [ ffi_test_large_return_callback ] with-callback
    ]
}
callback rematerialization=t
Unit Test: {
    { 6 15 24 }
    [
        1 2 3 4 5 6 7 8 9 ffi_test_large_return
        large-return-values
    ]
}
Unit Test: {
    { -6 -15 -24 }
    [
        -1 -2 -3 -4 -5 -6 -7 -8 -9 ffi_test_large_return
        large-return-values
    ]
}
Unit Test: {
    { 6 15 24 }
    [
        1 2 3 4 5 6 7 8 9 "ffi_test_large_return"
        "large-return-test" library-dll dlsym
        indirect-large-return large-return-values
    ]
}
Unit Test: {
    { 45 }
    [
        large-return-callback
        [ ffi_test_large_return_callback ] with-callback
    ]
}
Unit Test: {
    { 45 }
    [
        nested-large-return-callback
        [ ffi_test_large_return_callback ] with-callback
    ]
}
callback allocator=backtracking-allocator
callback rematerialization=f
Unit Test: {
    { 6 15 24 }
    [
        1 2 3 4 5 6 7 8 9 ffi_test_large_return
        large-return-values
    ]
}
Unit Test: {
    { -6 -15 -24 }
    [
        -1 -2 -3 -4 -5 -6 -7 -8 -9 ffi_test_large_return
        large-return-values
    ]
}
Unit Test: {
    { 6 15 24 }
    [
        1 2 3 4 5 6 7 8 9 "ffi_test_large_return"
        "large-return-test" library-dll dlsym
        indirect-large-return large-return-values
    ]
}
Unit Test: {
    { 45 }
    [
        large-return-callback
        [ ffi_test_large_return_callback ] with-callback
    ]
}
Unit Test: {
    { 45 }
    [
        nested-large-return-callback
        [ ffi_test_large_return_callback ] with-callback
    ]
}
callback rematerialization=t
Unit Test: {
    { 6 15 24 }
    [
        1 2 3 4 5 6 7 8 9 ffi_test_large_return
        large-return-values
    ]
}
Unit Test: {
    { -6 -15 -24 }
    [
        -1 -2 -3 -4 -5 -6 -7 -8 -9 ffi_test_large_return
        large-return-values
    ]
}
Unit Test: {
    { 6 15 24 }
    [
        1 2 3 4 5 6 7 8 9 "ffi_test_large_return"
        "large-return-test" library-dll dlsym
        indirect-large-return large-return-values
    ]
}
Unit Test: {
    { 45 }
    [
        large-return-callback
        [ ffi_test_large_return_callback ] with-callback
    ]
}
Unit Test: {
    { 45 }
    [
        nested-large-return-callback
        [ ffi_test_large_return_callback ] with-callback
    ]
}
callback allocator=chordal-allocator
callback rematerialization=f
Unit Test: {
    { 6 15 24 }
    [
        1 2 3 4 5 6 7 8 9 ffi_test_large_return
        large-return-values
    ]
}
Unit Test: {
    { -6 -15 -24 }
    [
        -1 -2 -3 -4 -5 -6 -7 -8 -9 ffi_test_large_return
        large-return-values
    ]
}
Unit Test: {
    { 6 15 24 }
    [
        1 2 3 4 5 6 7 8 9 "ffi_test_large_return"
        "large-return-test" library-dll dlsym
        indirect-large-return large-return-values
    ]
}
Unit Test: {
    { 45 }
    [
        large-return-callback
        [ ffi_test_large_return_callback ] with-callback
    ]
}
Unit Test: {
    { 45 }
    [
        nested-large-return-callback
        [ ffi_test_large_return_callback ] with-callback
    ]
}
callback rematerialization=t
Unit Test: {
    { 6 15 24 }
    [
        1 2 3 4 5 6 7 8 9 ffi_test_large_return
        large-return-values
    ]
}
Unit Test: {
    { -6 -15 -24 }
    [
        -1 -2 -3 -4 -5 -6 -7 -8 -9 ffi_test_large_return
        large-return-values
    ]
}
Unit Test: {
    { 6 15 24 }
    [
        1 2 3 4 5 6 7 8 9 "ffi_test_large_return"
        "large-return-test" library-dll dlsym
        indirect-large-return large-return-values
    ]
}
Unit Test: {
    { 45 }
    [
        large-return-callback
        [ ffi_test_large_return_callback ] with-callback
    ]
}
Unit Test: {
    { 45 }
    [
        nested-large-return-callback
        [ ffi_test_large_return_callback ] with-callback
    ]
}
Unit Test: {
    { t t t }
    [
        init-test-allocation [
            1 { 0 100 } test-interval 2
            { 20 22 24 40 } test-interval 2array
            swap backtracking-allocation
        ] keep [ check-allocated-intervals ] 2keep drop
        [ spill-to>> ] any? backtracking-evictions get 0 >
        backtracking-splits get 0 >
    ]
}
Unit Test: {
    { 1 t }
    [
        init-test-allocation 1 { 0 10 } test-interval 1
        { 20 30 } test-interval 2array
        swap backtracking-allocation
        assigned-bundles get length swap [ reg>> ] map first2 =
    ]
}
Unit Test: {
    { 2 t t }
    [
        init-test-allocation 1 { 0 40 100 } test-interval
        T{ sync-point { n 40 } } 2array
        swap backtracking-allocation
        [ length ] [ [ spill-to>> ] any? ]
        [ [ reload-from>> ] any? ] tri
    ]
}
Unit Test: {
    { 42 }
    [
        backtracking-allocator register-allocator
        [ 19 23 [ { fixnum fixnum } declare + ] compile-call ]
        with-variable
    ]
}
Unit Test: {
    { 7.5 }
    [
        backtracking-allocator register-allocator
        [ 1.5 2.0 3.0 [ * + ] compile-call ] with-variable
    ]
}
Unit Test: {
    { { 1 2 3 } }
    [
        backtracking-allocator register-allocator
        [ { 1 2 3 } [ dup gc drop ] compile-call ] with-variable
    ]
}
Unit Test: {
    { 4950 }
    [
        backtracking-allocator register-allocator
        [ 100 [ <iota> 0 [ + ] reduce ] compile-call ]
        with-variable
    ]
}
Unit Test: {
    { t }
    [
        [ { fixnum fixnum } declare + ]
        { linear-scan-allocator backtracking-allocator }
        compare-allocators
        [ "procedures" of first "code-bytes" of 0 > ] all?
    ]
}
Unit Test: {
    { 1220 }
    [
        backtracking-allocator register-allocator
        [ 10 pressure-quotation compile-call ] with-variable
    ]
}
Unit Test: {
    { t t }
    [
        pressure-quotation
        { linear-scan-allocator backtracking-allocator }
        compare-allocators [
            [
                "procedures" of
                [ "passes" of last "spills" of ] map-sum 0 >
            ] all?
        ] [
            second "procedures" of first "allocation" of
            "evictions" of 0 >
        ] bi
    ]
}
Unit Test: {
    { t 1 }
    [
        init-test-allocation 1 { 40 } test-interval
        dup uses>> first t >>spill-slot? drop
        T{ sync-point { n 40 } } 2array
        swap backtracking-allocation
        empty? spill-slots get assoc-size
    ]
}
Unit Test: {
    { t }
    [
        init-test-allocation 1 { 0 100 } test-interval 2
        { 20 22 24 40 } test-interval 2array
        swap backtracking-allocation drop assigned-bundles get [
            load-local
            0 get-local intervals>> first reg>> load-local
            -1 get-local 0 get-local bundle-conflicts
            assigned-bundles get 0 get-local -1 get-local [
                2 load-locals -1 get-local 0 get-local [
                    2 load-locals load-local
                    0 get-local intervals>> first reg>> -2
                    get-local =
                    0 get-local bundle-reg-class -1 get-local
                    bundle-reg-class = and
                    0 get-local -1 get-local bundles-intersect?
                    and 3 drop-locals
                ] curry curry call 2 drop-locals
            ] curry curry filter >array = 2 drop-locals
        ] all?
    ]
}
Unit Test: {
    { 1 1 t t }
    [
        [
            { { 1 2 } } backtracking-affinities set
            init-test-allocation 1 { 0 10 } test-interval 2
            { 20 30 } test-interval 2array
            swap backtracking-allocation
            assigned-bundles get length backtracking-merges get
            rot [ reg>> ] map first2 = 1 bundle-spillsets get at
            2 bundle-spillsets get at eq?
        ] with-scope
    ]
}
Unit Test: {
    { 0 }
    [
        [
            { { 1 2 } } backtracking-affinities set
            init-test-allocation 1 { 0 20 } test-interval 2
            { 10 30 } test-interval 2array
            swap backtracking-allocation drop
            backtracking-merges get
        ] with-scope
    ]
}
Unit Test: {
    { t 1 1 }
    [
        [
            f backtracking-affinities set init-test-allocation 1
            { 0 10 } test-interval 2 { 20 30 } test-interval
            2array swap backtracking-allocation drop
            1 bundle-spillsets get at ensure-spillset-home
            2 bundle-spillsets get at ensure-spillset-home
            1 int-rep lookup-spill-slot
            2 int-rep lookup-spill-slot =
            spill-home-pool get length backtracking-shared-homes
            get
        ] with-scope
    ]
}
Unit Test: {
    { 9 }
    [
        [
            init-test-allocation drop 1
            { 0 10 20 30 100 } test-interval
            1array <allocation-bundle> 12 conflict-split-site
        ] with-scope
    ]
}
Unit Test: {
    { t }
    [
        [
            init-test-allocation drop int-rep 3 set-rep-of [
                1 11 ##load-integer, 2 22 ##load-integer,
                3 1 2 ##sub, ##return,
            ] V{ } make insns>cfg load-local 0 get-local cfg set
            0 get-local number-instructions
            0 get-local snapshot-value-flow load-local
            int-regs machine-registers at load-local
            0 get-local first load-local
            -1 get-local second load-local
            -2 get-local third load-local 1 { 4 } test-interval
            -1 get-local >>reg int-rep >>reload-rep
            -2 get-local backtracking-register-home boa
            >>reload-from 2 { 4 } test-interval
            -2 get-local >>reg int-rep >>reload-rep
            -1 get-local backtracking-register-home boa
            >>reload-from 2array prepare-backtracking-moves
            -5 get-local cfg>insns load-local
            0 get-local first -3 get-local >>dst drop
            0 get-local second -2 get-local >>dst drop
            0 get-local third -1 get-local >>dst
            -2 get-local >>src1 -3 get-local >>src2 drop
            -6 get-local insert-backtracking-moves ~8 more~
        ] with-scope
    ]
}
Unit Test: {
    { 920.0 -720.0 }
    [
        backtracking-allocator register-allocator [
            2.5 t backtracking-phi-pressure compile-call
            2.5 f backtracking-phi-pressure compile-call
        ] with-variable
    ]
}
Unit Test: {
    { t }
    [
        backtracking-allocator register-allocator [
            backtracking-phi-pressure measure-compilation
            "procedures" of first "allocation" of
            "bundle-merges" of 0 >
        ] with-variable
    ]
}
Unit Test: {
    { 1 t t }
    [
        [
            init-test-allocation drop
            [ 51 [ ##branch, ] times ] V{ } make
            insns>cfg load-local 0 get-local cfg set
            0 get-local number-instructions
            0 get-local prepare-backtracking-points
            int-regs machine-registers at 2 head load-local
            int-regs 0 get-local 2array 1array load-local 1
            { 0 100 } test-interval
            1array 0 get-local backtracking-allocation drop
            backtracking-original-intervals get first clone
            load-local 1 { 0 } test-interval
            V{ { 0 1 } } clone >>ranges -2 get-local first >>reg
            int-rep >>spill-rep 1 int-rep assign-spill-slot
            >>spill-to load-local 1 { 100 } test-interval
            -3 get-local first >>reg int-rep >>reload-rep
            1 int-rep assign-spill-slot >>reload-from load-local
            -2 get-local 1array backtracking-original-intervals
            set V{ } clone assigned-bundles set -3 get-local
            [ [ <register-occupancy> ] H{ } map>assoc ]
            assoc-map bundle-occupancy set
            -1 get-local 0 get-local 2array
            <allocation-bundle> -4 get-local first assign-bundle
            2 ~40 more~
        ] with-scope
    ]
}
Unit Test: {
    { 11 t t }
    [
        [
            init-validation-representations [
                ##prologue, 1 D: 0 ##peek, 2 1 int-rep ##copy,
                3 2 int-rep ##copy, 4 3 1 tag-fixnum ##add-imm,
                4 D: 0 ##replace, ##epilogue, ##return,
            ] V{ } make
            insns>cfg backtracking-allocator
            compile-validation-cfg load-local
            10 0 get-local ( x -- result ) execute-effect
            backtracking-merges get 3 >=
            { 1 2 3 4 } [ dup leader = ] all? 1 drop-locals
        ] with-scope
    ]
}
Unit Test: {
    { { 3 } { 4 } }
    [
        [
            init-test-allocation drop
            t backtracking-phase-mode? set
            H{ { 3 t } } backtracking-late-points set
            H{ } clone spill-slots set 1 { 3 4 } test-interval
            3 split-for-bundle [ uses>> [ n>> ] map >array ] bi@
        ] with-scope
    ]
}
Unit Test: {
    { 19 1 }
    [
        [
            init-test-allocation drop
            H{ { 0 1 } { 40 8 } { 10 1 } { 20 8 } { 30 8 } }
            spill-site-weights set
            0 backtracking-cluster-splits set 1
            { 0 10 20 30 40 } test-interval
            1array <allocation-bundle> 41 conflict-split-site
            backtracking-cluster-splits get
        ] with-scope
    ]
}
Unit Test: {
    { 9 }
    [
        [
            init-test-allocation drop 1
            { 0 10 20 30 } test-interval
            1array <allocation-bundle> 0 conflict-split-site
        ] with-scope
    ]
}
Unit Test: {
    { t t }
    [
        [
            init-test-allocation load-local 1 200 <iota>
            [ 4 * ] map test-interval 2 200 <iota>
            [ 4 * 2 + ] map test-interval 2array load-local
            0 get-local required-register-uses load-local
            -1 get-local -2 get-local backtracking-allocation
            load-local
            0 get-local -3 get-local check-allocated-intervals
            0 get-local -1 get-local check-register-uses
            backtracking-split-budget-exhaustions get 0 >
            backtracking-minimal-splits get 100 > 4 drop-locals
        ] with-scope
    ]
}
Unit Test: {
    { 8 8 t }
    [
        [
            H{ { 0 8 } } clone spill-site-weights set
            H{ { 0 t } } clone cold-definition-sites set
            prepare-backtracking-phase-weights 0
            spill-site-weights get at
            1 spill-site-weights get at
            1 cold-definition-sites get key?
        ] with-scope
    ]
}
Unit Test: {
    { t t }
    [
        [
            init-test-allocation drop 1 { 0 } test-interval
            1 >>reg int-rep >>reload-rep
            0 backtracking-register-home boa >>reload-from 2
            { 0 } test-interval 0 >>reg int-rep >>reload-rep
            1 backtracking-register-home boa >>reload-from
            2array prepare-backtracking-moves
            0 backtracking-local-moves get at load-local
            { } init-assignment
            backtracking-local-moves get clone
            phase-insn-prefixes set
            [ T{ ##phi { insn# 0 } } assign-phase-insn ] V{ }
            make 0 get-local sequence=
            phase-insn-prefixes get assoc-empty? 1 drop-locals
        ] with-scope
    ]
}
Unit Test: {
    { t t t t t }
    [
        [
            init-test-allocation drop tagged-rep 1 set-rep-of
            H{ { 1 1 } } clone leader-map set 1
            { 0 2 } test-interval 1 >>reg tagged-rep >>spill-rep
            dup uses>> [ tagged-rep >>use-rep drop ] each
            1array init-assignment
            [ 1 0 tagged-rep ##copy, ] V{ } make load-local
            0 get-local 0 associate phase-insn-prefixes set [
                T{ ##call-gc
                    { gc-map
                        T{ gc-map
                            { gc-roots ~array~ }
                            { derived-roots ~hashtable~ }
                        }
                    }
                    { insn# 0 }
                } clone assign-phase-insn
            ] V{ } make load-local
            0 get-local first ##copy? 0 get-local second
            ##spill? 0 get-local third ##call-gc? 0 get-local
            fourth ##reload? phase-insn-prefixes get
            assoc-empty? 2 drop-locals
        ] with-scope
    ]
}
Unit Test: {
    { t }
    [
        backtracking-allocator register-allocator [
            t check-allocation? set t check-ssa? set
            M\ ipv6 make-sockaddr measure-compilation drop
            { 0 80 } [
                load-local "0:0:0:0:0:0:0:1" 0 get-local <inet6>
                load-local
                0 get-local M\ ipv6 make-sockaddr def>>
                compile-call 0 get-local parse-sockaddr
                0 get-local = 2 drop-locals
            ] all?
        ] with-variable
    ]
}
Unit Test: {
    { V{ { 424 424 } } }
    [
        [
            init-test-allocation drop
            t backtracking-phase-mode? set 1
            { 424 } test-interval
            V{ { 424 424 } { 500 510 } } >>ranges
            phase-spill-before ranges>>
        ] with-scope
    ]
}
Unit Test: {
    { V{ { 424 424 } } }
    [
        [
            init-test-allocation drop
            t backtracking-phase-mode? set 1
            { 424 510 } test-interval
            V{ { 424 424 } { 500 510 } } >>ranges
            T{ sync-point { n 502 } } split-at-sync
            first ranges>>
        ] with-scope
    ]
}
Unit Test: {
    { V{ { 0 3 } { 8 11 } } t }
    [
        [
            init-test-allocation drop
            t backtracking-phase-mode? set
            H{ } clone spill-slots set
            V{ T{ ##branch } T{ ##branch } } clone 0 insns>block
            load-local
            V{ T{ ##call } T{ ##branch } } clone 1 insns>block
            t >>kill-block? load-local
            V{ T{ ##branch } T{ ##branch } } clone 2 insns>block
            load-local -2 get-local -1 get-local connect-bbs
            -1 get-local 0 get-local connect-bbs
            -2 get-local 0 get-local connect-bbs
            -2 get-local block>cfg load-local
            0 get-local cfg set 0 get-local number-instructions
            0 get-local prepare-backtracking-points 1
            { 0 11 } test-interval { } uncovered-ranges 1
            { 8 11 } gap-interval
            reload-from>> spill-slot? 4 drop-locals
        ] with-scope
    ]
}
V{ }
