Unit Test: { { t } [ va_list lookup-c-type va_list lookup-c-type eq? ] }
Unit Test: {
    { { 1 2 3 4 1 } }
    [
        { printw wprintw mvprintw mvwprintw tparm }
        [ def>> 4 swap nth ] map
    ]
}
Unit Test: {
    { ( fmt value -- int ) }
    [ \ printw "declared-effect" word-prop ]
}
Unit Test: {
    { ( win fmt value -- int ) }
    [ \ wprintw "declared-effect" word-prop ]
}
Unit Test: {
    { ( y x fmt value -- int ) }
    [ \ mvprintw "declared-effect" word-prop ]
}
Unit Test: {
    { ( win y x fmt value -- int ) }
    [ \ mvwprintw "declared-effect" word-prop ]
}
Unit Test: {
    { { f f } }
    [ { vwprintw vw_printw } [ def>> 4 swap nth ] map ]
}
Unit Test: {
    { 0 "value=12345" }
    [
        ALIEN: 102b7c370
        load-local
        0
        get-local
        werase
        drop
        "value=%d"
        12345
        printw
        0
        get-local
        0
        0
        11
        read-window
        1
        drop-locals
    ]
}
Unit Test: {
    { 0 "value=-2468" }
    [
        S{ WINDOW
            { _cury 0 }
            { _curx 0 }
            { _maxy 3 }
            { _maxx 79 }
            { _begy 0 }
            { _begx 0 }
            { _flags 2 }
            { _attrs 0 }
            { _bkgd 0 }
            { _notimeout f }
            { _clear f }
            { _leaveok f }
            { _scroll f }
            { _idlok f }
            { _idcok t }
            { _immed f }
            { _sync f }
            { _use_keypad f }
            { _delay -1 }
            { _line "" }
            { _regtop 0 }
            { _regbottom 3 }
            { _parx -1 }
            { _pary -1 }
            { _parent f }
            { _pad
                S{ pdat
                    { _pad_y -1 }
                    { _pad_x -1 }
                    { _pad_top -1 }
                    { _pad_left -1 }
                    { _pad_bottom -1 }
                    { _pad_right -1 }
                }
            }
            { _yoffset 0 }
            { _bkgrnd
                S{ cchar_t
                    { attr 0 }
                    { chars ushort-array{ 32 0 0 0 0 } }
                }
            }
        }
        load-local
        0
        get-local
        werase
        drop
        0
        get-local
        "value=%d"
        -2468
        wprintw
        0
        get-local
        0
        0
        11
        read-window
        1
        drop-locals
    ]
}
Unit Test: {
    { 0 "value=13579" }
    [
        ALIEN: 102b7c370
        load-local
        0
        get-local
        werase
        drop
        1
        2
        "value=%d"
        13579
        mvprintw
        0
        get-local
        1
        2
        11
        read-window
        1
        drop-locals
    ]
}
Unit Test: {
    { 0 "value=-9753" }
    [
        S{ WINDOW
            { _cury 0 }
            { _curx 0 }
            { _maxy 3 }
            { _maxx 79 }
            { _begy 0 }
            { _begx 0 }
            { _flags 34 }
            { _attrs 0 }
            { _bkgd 0 }
            { _notimeout f }
            { _clear f }
            { _leaveok f }
            { _scroll f }
            { _idlok f }
            { _idcok t }
            { _immed f }
            { _sync f }
            { _use_keypad f }
            { _delay -1 }
            { _line "" }
            { _regtop 0 }
            { _regbottom 3 }
            { _parx -1 }
            { _pary -1 }
            { _parent f }
            { _pad
                S{ pdat
                    { _pad_y -1 }
                    { _pad_x -1 }
                    { _pad_top -1 }
                    { _pad_left -1 }
                    { _pad_bottom -1 }
                    { _pad_right -1 }
                }
            }
            { _yoffset 0 }
            { _bkgrnd
                S{ cchar_t
                    { attr 0 }
                    { chars ushort-array{ 32 0 0 0 0 } }
                }
            }
        }
        load-local
        0
        get-local
        werase
        drop
        0
        get-local
        1
        2
        "value=%d"
        -9753
        mvwprintw
        0
        get-local
        1
        2
        11
        read-window
        1
        drop-locals
    ]
}
Unit Test: {
    { 0 "value=1.25/7" }
    [
        S{ WINDOW
            { _cury 1 }
            { _curx 2 }
            { _maxy 3 }
            { _maxx 79 }
            { _begy 0 }
            { _begx 0 }
            { _flags 34 }
            { _attrs 0 }
            { _bkgd 0 }
            { _notimeout f }
            { _clear f }
            { _leaveok f }
            { _scroll f }
            { _idlok f }
            { _idcok t }
            { _immed f }
            { _sync f }
            { _use_keypad f }
            { _delay -1 }
            { _line "" }
            { _regtop 0 }
            { _regbottom 3 }
            { _parx -1 }
            { _pary -1 }
            { _parent f }
            { _pad
                S{ pdat
                    { _pad_y -1 }
                    { _pad_x -1 }
                    { _pad_top -1 }
                    { _pad_left -1 }
                    { _pad_bottom -1 }
                    { _pad_right -1 }
                }
            }
            { _yoffset 0 }
            { _bkgrnd
                S{ cchar_t
                    { attr 0 }
                    { chars ushort-array{ 32 0 0 0 0 } }
                }
            }
        }
        load-local
        0
        get-local
        werase
        drop
        0
        get-local
        "%s=%.2f/%d"
        "value"
        1.25
        7
        wprintw-mixed
        0
        get-local
        0
        0
        12
        read-window
        1
        drop-locals
    ]
}
Unit Test: {
    { 0 "literal" }
    [
        S{ WINDOW
            { _cury 0 }
            { _curx 0 }
            { _maxy 3 }
            { _maxx 79 }
            { _begy 0 }
            { _begx 0 }
            { _flags 34 }
            { _attrs 0 }
            { _bkgd 0 }
            { _notimeout f }
            { _clear f }
            { _leaveok f }
            { _scroll f }
            { _idlok f }
            { _idcok t }
            { _immed f }
            { _sync f }
            { _use_keypad f }
            { _delay -1 }
            { _line "" }
            { _regtop 0 }
            { _regbottom 3 }
            { _parx -1 }
            { _pary -1 }
            { _parent f }
            { _pad
                S{ pdat
                    { _pad_y -1 }
                    { _pad_x -1 }
                    { _pad_top -1 }
                    { _pad_left -1 }
                    { _pad_bottom -1 }
                    { _pad_right -1 }
                }
            }
            { _yoffset 0 }
            { _bkgrnd
                S{ cchar_t
                    { attr 0 }
                    { chars ushort-array{ 32 0 0 0 0 } }
                }
            }
        }
        load-local
        0
        get-local
        werase
        drop
        0
        get-local
        "literal"
        wprintw-literal
        0
        get-local
        0
        0
        7
        read-window
        1
        drop-locals
    ]
}
Unit Test: {
    { "11:99" }
    [ "%p1%d:%p9%d" 11 22 33 44 55 66 77 88 99 tparm ]
}
Unit Test: { { "3:5" } [ "%p1%d:%p2%d" 3 5 tparm-position ] }
Unit Test: { { "text" } [ "%p1%s" "text" tparm-text ] }
TEST FAILURES 0
COMPILER ERRORS 0
