Unit Test: {
    { 0 "value=12345" }
    [
        ALIEN: 102c273d0
        load-local
        0
        get-local
        werase
        drop
        "value=%d"
        12345
        printw
        0
        get-local
        0
        0
        11
        read-window
        1
        drop-locals
    ]
}
--> test failed!
Unit Test: {
    { 0 "value=-2468" }
    [
        S{ WINDOW
            { _cury 0 }
            { _curx 0 }
            { _maxy 3 }
            { _maxx 79 }
            { _begy 0 }
            { _begx 0 }
            { _flags 2 }
            { _attrs 0 }
            { _bkgd 0 }
            { _notimeout f }
            { _clear f }
            { _leaveok f }
            { _scroll f }
            { _idlok f }
            { _idcok t }
            { _immed f }
            { _sync f }
            { _use_keypad f }
            { _delay -1 }
            { _line "" }
            { _regtop 0 }
            { _regbottom 3 }
            { _parx -1 }
            { _pary -1 }
            { _parent f }
            { _pad
                S{ pdat
                    { _pad_y -1 }
                    { _pad_x -1 }
                    { _pad_top -1 }
                    { _pad_left -1 }
                    { _pad_bottom -1 }
                    { _pad_right -1 }
                }
            }
            { _yoffset 0 }
            { _bkgrnd
                S{ cchar_t
                    { attr 0 }
                    { chars ushort-array{ 32 0 0 0 0 } }
                }
            }
        }
        load-local
        0
        get-local
        werase
        drop
        0
        get-local
        "value=%d"
        -2468
        wprintw
        0
        get-local
        0
        0
        11
        read-window
        1
        drop-locals
    ]
}
--> test failed!
Unit Test: {
    { 0 "value=13579" }
    [
        ALIEN: 102c273d0
        load-local
        0
        get-local
        werase
        drop
        1
        2
        "value=%d"
        13579
        mvprintw
        0
        get-local
        1
        2
        11
        read-window
        1
        drop-locals
    ]
}
--> test failed!
Unit Test: {
    { 0 "value=-9753" }
    [
        S{ WINDOW
            { _cury 0 }
            { _curx 0 }
            { _maxy 3 }
            { _maxx 79 }
            { _begy 0 }
            { _begx 0 }
            { _flags 34 }
            { _attrs 0 }
            { _bkgd 0 }
            { _notimeout f }
            { _clear f }
            { _leaveok f }
            { _scroll f }
            { _idlok f }
            { _idcok t }
            { _immed f }
            { _sync f }
            { _use_keypad f }
            { _delay -1 }
            { _line "" }
            { _regtop 0 }
            { _regbottom 3 }
            { _parx -1 }
            { _pary -1 }
            { _parent f }
            { _pad
                S{ pdat
                    { _pad_y -1 }
                    { _pad_x -1 }
                    { _pad_top -1 }
                    { _pad_left -1 }
                    { _pad_bottom -1 }
                    { _pad_right -1 }
                }
            }
            { _yoffset 0 }
            { _bkgrnd
                S{ cchar_t
                    { attr 0 }
                    { chars ushort-array{ 32 0 0 0 0 } }
                }
            }
        }
        load-local
        0
        get-local
        werase
        drop
        0
        get-local
        1
        2
        "value=%d"
        -9753
        mvwprintw
        0
        get-local
        1
        2
        11
        read-window
        1
        drop-locals
    ]
}
--> test failed!
Unit Test: {
    { 0 "value=1.25/7" }
    [
        S{ WINDOW
            { _cury 1 }
            { _curx 2 }
            { _maxy 3 }
            { _maxx 79 }
            { _begy 0 }
            { _begx 0 }
            { _flags 34 }
            { _attrs 0 }
            { _bkgd 0 }
            { _notimeout f }
            { _clear f }
            { _leaveok f }
            { _scroll f }
            { _idlok f }
            { _idcok t }
            { _immed f }
            { _sync f }
            { _use_keypad f }
            { _delay -1 }
            { _line "" }
            { _regtop 0 }
            { _regbottom 3 }
            { _parx -1 }
            { _pary -1 }
            { _parent f }
            { _pad
                S{ pdat
                    { _pad_y -1 }
                    { _pad_x -1 }
                    { _pad_top -1 }
                    { _pad_left -1 }
                    { _pad_bottom -1 }
                    { _pad_right -1 }
                }
            }
            { _yoffset 0 }
            { _bkgrnd
                S{ cchar_t
                    { attr 0 }
                    { chars ushort-array{ 32 0 0 0 0 } }
                }
            }
        }
        load-local
        0
        get-local
        werase
        drop
        0
        get-local
        "%s=%.2f/%d"
        "value"
        1.25
        7
        wprintw-mixed
        0
        get-local
        0
        0
        12
        read-window
        1
        drop-locals
    ]
}
TEST FAILURES 4
COMPILER ERRORS 0

==== resource:extra/curses/ffi/native/headless.factor

resource:extra/curses/ffi/native/headless.factor: 25

Unit Test: {
    { 0 "value=12345" }
    [
        ALIEN: 102c273d0
        load-local
        0
        get-local
        werase
        drop
        "value=%d"
        12345
        printw
        0
        get-local
        0
        0
        11
        read-window
        1
        drop-locals
    ]
}

=== Expected:
0
"value=12345"
=== Got:
0
"value=11942"
(U) [ c-to-factor => ]
    c-to-factor
(U) [ [ (get-catchstack) push ] dip call => (get-catchstack) pop* ]
(O) command-line-startup
(O) run-script
(U) [
        2dup check-call-effect 2dup [
            ~quotation~ dip
            dup terminated?>> ~quotation~ ~quotation~ if
        ] 2dip => rot [ 2drop ] [ wrong-values ] if
    ]
(U) [
        [ ~quotation~ dip dip ] dip => dup terminated?>>
        [ 2drop f ]
        [ dup in>> length swap out>> length check-datastack ] if
    ]
(U) [ swap [ call ] dip => ]
    dip
(U) [ output>array => datastack. ]
(U) [ [ ~quotation~ ~quotation~ bi ] dip => nsequence ]
    output>sequence
(U) [ [ keep ] dip => call ]
    bi
(U) [ over [ call ] dip => ]
    keep
(U) [
        f restartable-tests? set-global "curses.ffi" reload
        "resource:extra/curses/ffi/native/headless.factor"
        run-test-file => "TEST FAILURES " write
        test-failures get length . "COMPILER ERRORS " write
        compiler-errors get assoc-size .
        :test-failures compiler-errors get values
        [ print-error ] each
        test-failures get empty? compiler-errors get assoc-empty?
        and 0 1 ? exit
    ]
(O) run-test-file
(U) [
        load-local curses-tmpfile load-local
        0 get-local -1 get-local [
            2 load-locals curses-tmpfile load-local
            -2 get-local 0 get-local -1 get-local ~quotation~ curry
            curry curry 0 get-local ~quotation~ curry finally
            3 drop-locals
        ] curry curry 0 get-local
        [ load-local 0 get-local curses-fclose drop 1 drop-locals ]
        curry finally => 2 drop-locals
    ]
    with-headless-screen
(U) [ [ '[ ~quotation~ dip rethrow ] recover ] keepd => call ]
    cleanup
(U) [ 2keep => drop ]
    keepd
(U) [ swap [ dip ] dip => ]
    2dip
(U) [ swap [ call ] dip => ]
    dip
(U) [ [ (get-catchstack) push ] dip call => (get-catchstack) pop* ]
(U) [
        2 load-locals curses-tmpfile load-local
        -2 get-local 0 get-local -1 get-local [
            3 load-locals "dumb" -2 get-local -1 get-local newterm
            load-local
            0 get-local -1 get-local 0 get-local ~quotation~ curry
            curry ~quotation~ if 4 drop-locals
        ] curry curry curry 0 get-local
        [ load-local 0 get-local curses-fclose drop 1 drop-locals ]
        curry finally => 3 drop-locals
    ]
(U) [ [ '[ ~quotation~ dip rethrow ] recover ] keepd => call ]
    cleanup
(U) [ 2keep => drop ]
    keepd
(U) [ swap [ dip ] dip => ]
    2dip
(U) [ swap [ call ] dip => ]
    dip
(U) [ [ (get-catchstack) push ] dip call => (get-catchstack) pop* ]
(U) [
        3 load-locals "dumb" -2 get-local -1 get-local newterm
        load-local 0 get-local -1 get-local 0 get-local [
            2 load-locals -1 get-local ~quotation~ curry
            0 get-local ~quotation~ curry finally 2 drop-locals
        ] curry curry [
            "Skipping headless curses checks: dumb terminfo entry is unava..."
            print
        ] if => 4 drop-locals
    ]
(U) [
        2 load-locals -1 get-local
        [ load-local 0 get-local call 1 drop-locals ] curry
        0 get-local [
            load-local endwin drop 0 get-local delscreen
            1 drop-locals
        ] curry finally => 2 drop-locals
    ]
(U) [ [ '[ ~quotation~ dip rethrow ] recover ] keepd => call ]
    cleanup
(U) [ 2keep => drop ]
    keepd
(U) [ swap [ dip ] dip => ]
    2dip
(U) [ swap [ call ] dip => ]
    dip
(U) [ [ (get-catchstack) push ] dip call => (get-catchstack) pop* ]
(U) [ load-local 0 get-local call => 1 drop-locals ]
(O) check-headless-printw
(O) (unit-test)
(O) assert-sequence=
(O) assert-sequence
(O) M\ object throw
(U) [
        OBJ-CURRENT-THREAD special-object error-thread set-global
        current-continuation => error-continuation set-global
        [ original-error set-global ] [ rethrow ] bi
    ]

resource:extra/curses/ffi/native/headless.factor: 29

Unit Test: {
    { 0 "value=-2468" }
    [
        S{ WINDOW
            { _cury 0 }
            { _curx 0 }
            { _maxy 0 }
            { _maxx 0 }
            { _begy 0 }
            { _begx 0 }
            { _flags 0 }
            { _attrs 0 }
            { _bkgd 0 }
            { _notimeout f }
            { _clear f }
            { _leaveok f }
            { _scroll f }
            { _idlok f }
            { _idcok f }
            { _immed f }
            { _sync f }
            { _use_keypad f }
            { _delay 0 }
            { _line f }
            { _regtop 0 }
            { _regbottom 0 }
            { _parx 0 }
            { _pary 0 }
            { _parent f }
            { _pad
                S{ pdat
                    { _pad_y 0 }
                    { _pad_x 0 }
                    { _pad_top 0 }
                    { _pad_left 0 }
                    { _pad_bottom 0 }
                    { _pad_right 0 }
                }
            }
            { _yoffset 0 }
            { _bkgrnd
                S{ cchar_t
                    { attr 0 }
                    { chars ushort-array{ 0 0 0 0 0 } }
                }
            }
        }
        load-local
        0
        get-local
        werase
        drop
        0
        get-local
        "value=%d"
        -2468
        wprintw
        0
        get-local
        0
        0
        11
        read-window
        1
        drop-locals
    ]
}

=== Expected:
0
"value=-2468"
=== Got:
0
"value=11942"
(U) [ c-to-factor => ]
    c-to-factor
(U) [ [ (get-catchstack) push ] dip call => (get-catchstack) pop* ]
(O) command-line-startup
(O) run-script
(U) [
        2dup check-call-effect 2dup [
            ~quotation~ dip
            dup terminated?>> ~quotation~ ~quotation~ if
        ] 2dip => rot [ 2drop ] [ wrong-values ] if
    ]
(U) [
        [ ~quotation~ dip dip ] dip => dup terminated?>>
        [ 2drop f ]
        [ dup in>> length swap out>> length check-datastack ] if
    ]
(U) [ swap [ call ] dip => ]
    dip
(U) [ output>array => datastack. ]
(U) [ [ ~quotation~ ~quotation~ bi ] dip => nsequence ]
    output>sequence
(U) [ [ keep ] dip => call ]
    bi
(U) [ over [ call ] dip => ]
    keep
(U) [
        f restartable-tests? set-global "curses.ffi" reload
        "resource:extra/curses/ffi/native/headless.factor"
        run-test-file => "TEST FAILURES " write
        test-failures get length . "COMPILER ERRORS " write
        compiler-errors get assoc-size .
        :test-failures compiler-errors get values
        [ print-error ] each
        test-failures get empty? compiler-errors get assoc-empty?
        and 0 1 ? exit
    ]
(O) run-test-file
(U) [
        load-local curses-tmpfile load-local
        0 get-local -1 get-local [
            2 load-locals curses-tmpfile load-local
            -2 get-local 0 get-local -1 get-local ~quotation~ curry
            curry curry 0 get-local ~quotation~ curry finally
            3 drop-locals
        ] curry curry 0 get-local
        [ load-local 0 get-local curses-fclose drop 1 drop-locals ]
        curry finally => 2 drop-locals
    ]
    with-headless-screen
(U) [ [ '[ ~quotation~ dip rethrow ] recover ] keepd => call ]
    cleanup
(U) [ 2keep => drop ]
    keepd
(U) [ swap [ dip ] dip => ]
    2dip
(U) [ swap [ call ] dip => ]
    dip
(U) [ [ (get-catchstack) push ] dip call => (get-catchstack) pop* ]
(U) [
        2 load-locals curses-tmpfile load-local
        -2 get-local 0 get-local -1 get-local [
            3 load-locals "dumb" -2 get-local -1 get-local newterm
            load-local
            0 get-local -1 get-local 0 get-local ~quotation~ curry
            curry ~quotation~ if 4 drop-locals
        ] curry curry curry 0 get-local
        [ load-local 0 get-local curses-fclose drop 1 drop-locals ]
        curry finally => 3 drop-locals
    ]
(U) [ [ '[ ~quotation~ dip rethrow ] recover ] keepd => call ]
    cleanup
(U) [ 2keep => drop ]
    keepd
(U) [ swap [ dip ] dip => ]
    2dip
(U) [ swap [ call ] dip => ]
    dip
(U) [ [ (get-catchstack) push ] dip call => (get-catchstack) pop* ]
(U) [
        3 load-locals "dumb" -2 get-local -1 get-local newterm
        load-local 0 get-local -1 get-local 0 get-local [
            2 load-locals -1 get-local ~quotation~ curry
            0 get-local ~quotation~ curry finally 2 drop-locals
        ] curry curry [
            "Skipping headless curses checks: dumb terminfo entry is unava..."
            print
        ] if => 4 drop-locals
    ]
(U) [
        2 load-locals -1 get-local
        [ load-local 0 get-local call 1 drop-locals ] curry
        0 get-local [
            load-local endwin drop 0 get-local delscreen
            1 drop-locals
        ] curry finally => 2 drop-locals
    ]
(U) [ [ '[ ~quotation~ dip rethrow ] recover ] keepd => call ]
    cleanup
(U) [ 2keep => drop ]
    keepd
(U) [ swap [ dip ] dip => ]
    2dip
(U) [ swap [ call ] dip => ]
    dip
(U) [ [ (get-catchstack) push ] dip call => (get-catchstack) pop* ]
(U) [ load-local 0 get-local call => 1 drop-locals ]
(O) check-headless-printw
(O) (unit-test)
(O) assert-sequence=
(O) assert-sequence
(O) M\ object throw
(U) [
        OBJ-CURRENT-THREAD special-object error-thread set-global
        current-continuation => error-continuation set-global
        [ original-error set-global ] [ rethrow ] bi
    ]

resource:extra/curses/ffi/native/headless.factor: 33

Unit Test: {
    { 0 "value=13579" }
    [
        ALIEN: 102c273d0
        load-local
        0
        get-local
        werase
        drop
        1
        2
        "value=%d"
        13579
        mvprintw
        0
        get-local
        1
        2
        11
        read-window
        1
        drop-locals
    ]
}

=== Expected:
0
"value=13579"
=== Got:
0
"value=11942"
(U) [ c-to-factor => ]
    c-to-factor
(U) [ [ (get-catchstack) push ] dip call => (get-catchstack) pop* ]
(O) command-line-startup
(O) run-script
(U) [
        2dup check-call-effect 2dup [
            ~quotation~ dip
            dup terminated?>> ~quotation~ ~quotation~ if
        ] 2dip => rot [ 2drop ] [ wrong-values ] if
    ]
(U) [
        [ ~quotation~ dip dip ] dip => dup terminated?>>
        [ 2drop f ]
        [ dup in>> length swap out>> length check-datastack ] if
    ]
(U) [ swap [ call ] dip => ]
    dip
(U) [ output>array => datastack. ]
(U) [ [ ~quotation~ ~quotation~ bi ] dip => nsequence ]
    output>sequence
(U) [ [ keep ] dip => call ]
    bi
(U) [ over [ call ] dip => ]
    keep
(U) [
        f restartable-tests? set-global "curses.ffi" reload
        "resource:extra/curses/ffi/native/headless.factor"
        run-test-file => "TEST FAILURES " write
        test-failures get length . "COMPILER ERRORS " write
        compiler-errors get assoc-size .
        :test-failures compiler-errors get values
        [ print-error ] each
        test-failures get empty? compiler-errors get assoc-empty?
        and 0 1 ? exit
    ]
(O) run-test-file
(U) [
        load-local curses-tmpfile load-local
        0 get-local -1 get-local [
            2 load-locals curses-tmpfile load-local
            -2 get-local 0 get-local -1 get-local ~quotation~ curry
            curry curry 0 get-local ~quotation~ curry finally
            3 drop-locals
        ] curry curry 0 get-local
        [ load-local 0 get-local curses-fclose drop 1 drop-locals ]
        curry finally => 2 drop-locals
    ]
    with-headless-screen
(U) [ [ '[ ~quotation~ dip rethrow ] recover ] keepd => call ]
    cleanup
(U) [ 2keep => drop ]
    keepd
(U) [ swap [ dip ] dip => ]
    2dip
(U) [ swap [ call ] dip => ]
    dip
(U) [ [ (get-catchstack) push ] dip call => (get-catchstack) pop* ]
(U) [
        2 load-locals curses-tmpfile load-local
        -2 get-local 0 get-local -1 get-local [
            3 load-locals "dumb" -2 get-local -1 get-local newterm
            load-local
            0 get-local -1 get-local 0 get-local ~quotation~ curry
            curry ~quotation~ if 4 drop-locals
        ] curry curry curry 0 get-local
        [ load-local 0 get-local curses-fclose drop 1 drop-locals ]
        curry finally => 3 drop-locals
    ]
(U) [ [ '[ ~quotation~ dip rethrow ] recover ] keepd => call ]
    cleanup
(U) [ 2keep => drop ]
    keepd
(U) [ swap [ dip ] dip => ]
    2dip
(U) [ swap [ call ] dip => ]
    dip
(U) [ [ (get-catchstack) push ] dip call => (get-catchstack) pop* ]
(U) [
        3 load-locals "dumb" -2 get-local -1 get-local newterm
        load-local 0 get-local -1 get-local 0 get-local [
            2 load-locals -1 get-local ~quotation~ curry
            0 get-local ~quotation~ curry finally 2 drop-locals
        ] curry curry [
            "Skipping headless curses checks: dumb terminfo entry is unava..."
            print
        ] if => 4 drop-locals
    ]
(U) [
        2 load-locals -1 get-local
        [ load-local 0 get-local call 1 drop-locals ] curry
        0 get-local [
            load-local endwin drop 0 get-local delscreen
            1 drop-locals
        ] curry finally => 2 drop-locals
    ]
(U) [ [ '[ ~quotation~ dip rethrow ] recover ] keepd => call ]
    cleanup
(U) [ 2keep => drop ]
    keepd
(U) [ swap [ dip ] dip => ]
    2dip
(U) [ swap [ call ] dip => ]
    dip
(U) [ [ (get-catchstack) push ] dip call => (get-catchstack) pop* ]
(U) [ load-local 0 get-local call => 1 drop-locals ]
(O) check-headless-printw
(O) (unit-test)
(O) assert-sequence=
(O) assert-sequence
(O) M\ object throw
(U) [
        OBJ-CURRENT-THREAD special-object error-thread set-global
        current-continuation => error-continuation set-global
        [ original-error set-global ] [ rethrow ] bi
    ]

resource:extra/curses/ffi/native/headless.factor: 37

Unit Test: {
    { 0 "value=-9753" }
    [
        S{ WINDOW
            { _cury 0 }
            { _curx 0 }
            { _maxy 0 }
            { _maxx 0 }
            { _begy 0 }
            { _begx 0 }
            { _flags 0 }
            { _attrs 0 }
            { _bkgd 0 }
            { _notimeout f }
            { _clear f }
            { _leaveok f }
            { _scroll f }
            { _idlok f }
            { _idcok f }
            { _immed f }
            { _sync f }
            { _use_keypad f }
            { _delay 0 }
            { _line f }
            { _regtop 0 }
            { _regbottom 0 }
            { _parx 0 }
            { _pary 0 }
            { _parent f }
            { _pad
                S{ pdat
                    { _pad_y 0 }
                    { _pad_x 0 }
                    { _pad_top 0 }
                    { _pad_left 0 }
                    { _pad_bottom 0 }
                    { _pad_right 0 }
                }
            }
            { _yoffset 0 }
            { _bkgrnd
                S{ cchar_t
                    { attr 0 }
                    { chars ushort-array{ 0 0 0 0 0 } }
                }
            }
        }
        load-local
        0
        get-local
        werase
        drop
        0
        get-local
        1
        2
        "value=%d"
        -9753
        mvwprintw
        0
        get-local
        1
        2
        11
        read-window
        1
        drop-locals
    ]
}

=== Expected:
0
"value=-9753"
=== Got:
0
"value=11942"
(U) [ c-to-factor => ]
    c-to-factor
(U) [ [ (get-catchstack) push ] dip call => (get-catchstack) pop* ]
(O) command-line-startup
(O) run-script
(U) [
        2dup check-call-effect 2dup [
            ~quotation~ dip
            dup terminated?>> ~quotation~ ~quotation~ if
        ] 2dip => rot [ 2drop ] [ wrong-values ] if
    ]
(U) [
        [ ~quotation~ dip dip ] dip => dup terminated?>>
        [ 2drop f ]
        [ dup in>> length swap out>> length check-datastack ] if
    ]
(U) [ swap [ call ] dip => ]
    dip
(U) [ output>array => datastack. ]
(U) [ [ ~quotation~ ~quotation~ bi ] dip => nsequence ]
    output>sequence
(U) [ [ keep ] dip => call ]
    bi
(U) [ over [ call ] dip => ]
    keep
(U) [
        f restartable-tests? set-global "curses.ffi" reload
        "resource:extra/curses/ffi/native/headless.factor"
        run-test-file => "TEST FAILURES " write
        test-failures get length . "COMPILER ERRORS " write
        compiler-errors get assoc-size .
        :test-failures compiler-errors get values
        [ print-error ] each
        test-failures get empty? compiler-errors get assoc-empty?
        and 0 1 ? exit
    ]
(O) run-test-file
(U) [
        load-local curses-tmpfile load-local
        0 get-local -1 get-local [
            2 load-locals curses-tmpfile load-local
            -2 get-local 0 get-local -1 get-local ~quotation~ curry
            curry curry 0 get-local ~quotation~ curry finally
            3 drop-locals
        ] curry curry 0 get-local
        [ load-local 0 get-local curses-fclose drop 1 drop-locals ]
        curry finally => 2 drop-locals
    ]
    with-headless-screen
(U) [ [ '[ ~quotation~ dip rethrow ] recover ] keepd => call ]
    cleanup
(U) [ 2keep => drop ]
    keepd
(U) [ swap [ dip ] dip => ]
    2dip
(U) [ swap [ call ] dip => ]
    dip
(U) [ [ (get-catchstack) push ] dip call => (get-catchstack) pop* ]
(U) [
        2 load-locals curses-tmpfile load-local
        -2 get-local 0 get-local -1 get-local [
            3 load-locals "dumb" -2 get-local -1 get-local newterm
            load-local
            0 get-local -1 get-local 0 get-local ~quotation~ curry
            curry ~quotation~ if 4 drop-locals
        ] curry curry curry 0 get-local
        [ load-local 0 get-local curses-fclose drop 1 drop-locals ]
        curry finally => 3 drop-locals
    ]
(U) [ [ '[ ~quotation~ dip rethrow ] recover ] keepd => call ]
    cleanup
(U) [ 2keep => drop ]
    keepd
(U) [ swap [ dip ] dip => ]
    2dip
(U) [ swap [ call ] dip => ]
    dip
(U) [ [ (get-catchstack) push ] dip call => (get-catchstack) pop* ]
(U) [
        3 load-locals "dumb" -2 get-local -1 get-local newterm
        load-local 0 get-local -1 get-local 0 get-local [
            2 load-locals -1 get-local ~quotation~ curry
            0 get-local ~quotation~ curry finally 2 drop-locals
        ] curry curry [
            "Skipping headless curses checks: dumb terminfo entry is unava..."
            print
        ] if => 4 drop-locals
    ]
(U) [
        2 load-locals -1 get-local
        [ load-local 0 get-local call 1 drop-locals ] curry
        0 get-local [
            load-local endwin drop 0 get-local delscreen
            1 drop-locals
        ] curry finally => 2 drop-locals
    ]
(U) [ [ '[ ~quotation~ dip rethrow ] recover ] keepd => call ]
    cleanup
(U) [ 2keep => drop ]
    keepd
(U) [ swap [ dip ] dip => ]
    2dip
(U) [ swap [ call ] dip => ]
    dip
(U) [ [ (get-catchstack) push ] dip call => (get-catchstack) pop* ]
(U) [ load-local 0 get-local call => 1 drop-locals ]
(O) check-headless-printw
(O) (unit-test)
(O) assert-sequence=
(O) assert-sequence
(O) M\ object throw
(U) [
        OBJ-CURRENT-THREAD special-object error-thread set-global
        current-continuation => error-continuation set-global
        [ original-error set-global ] [ rethrow ] bi
    ]
