
Restarts were invoked adding vocabularies to the search path.
To avoid doing this in the future, add the following forms
at the top of the source file:

USING: accessors alien.c-types alien.syntax
allocator-runtime-comparison arrays assocs compiler.cfg.checker
compiler.cfg.linear-scan.allocation.state
compiler.cfg.register-allocation
compiler.cfg.register-allocation.greedy
compiler.cfg.register-allocation.rematerialization
compiler.cfg.register-allocation.spill-sites
compiler.cfg.register-allocation.verifier
compiler.cfg.register-allocation.verifier.rematerialization
compiler.cfg.value-numbering compiler.units io json kernel
locals math memory namespaces prettyprint sequences tools.test
tools.time vocabs.loader words ;
IN: allocator-greedy-runtime

CODE-BYTES 864
{"workload-iterations":600,"trial":-1,"instructions":3946660687,"ns":174948520,"cpu_seconds":0.17494966999999995}
{"workload-iterations":600,"trial":0,"instructions":3946650953,"ns":174794993,"cpu_seconds":0.17478059299999993}
{"workload-iterations":600,"trial":1,"instructions":3946650963,"ns":174864083,"cpu_seconds":0.17484474400000005}
{"workload-iterations":600,"trial":2,"instructions":3946650959,"ns":175162771,"cpu_seconds":0.17515389300000006}
