
Restarts were invoked adding vocabularies to the search path.
To avoid doing this in the future, add the following forms
at the top of the source file:

USING: accessors alien.c-types alien.syntax
allocator-runtime-comparison arrays assocs compiler.cfg.checker
compiler.cfg.linear-scan.allocation.state
compiler.cfg.register-allocation
compiler.cfg.register-allocation.greedy
compiler.cfg.register-allocation.rematerialization
compiler.cfg.register-allocation.spill-sites
compiler.cfg.register-allocation.verifier
compiler.cfg.register-allocation.verifier.rematerialization
compiler.cfg.value-numbering compiler.units io json kernel
locals math memory namespaces prettyprint sequences tools.test
tools.time vocabs.loader words ;
IN: allocator-greedy-runtime

CODE-BYTES 688
{"workload-iterations":600,"trial":-1,"instructions":3409060632,"ns":145092511,"cpu_seconds":0.1450811299999999}
{"workload-iterations":600,"trial":0,"instructions":3409050907,"ns":147004703,"cpu_seconds":0.14698845300000007}
{"workload-iterations":600,"trial":1,"instructions":3409050896,"ns":144846220,"cpu_seconds":0.1448376429999998}
{"workload-iterations":600,"trial":2,"instructions":3409050903,"ns":144856228,"cpu_seconds":0.14482455000000005}
