
Restarts were invoked adding vocabularies to the search path.
To avoid doing this in the future, add the following forms
at the top of the source file:

USING: accessors alien.c-types alien.syntax
allocator-runtime-comparison arrays assocs compiler.cfg.checker
compiler.cfg.linear-scan.allocation.state
compiler.cfg.register-allocation
compiler.cfg.register-allocation.greedy
compiler.cfg.register-allocation.rematerialization
compiler.cfg.register-allocation.spill-sites
compiler.cfg.register-allocation.verifier
compiler.cfg.register-allocation.verifier.rematerialization
compiler.cfg.value-numbering compiler.units io json kernel
locals math memory namespaces prettyprint sequences tools.test
tools.time vocabs.loader words ;
IN: allocator-greedy-runtime

CODE-BYTES 864
{"workload-iterations":600,"trial":-1,"instructions":3946660697,"ns":175814944,"cpu_seconds":0.175772461}
{"workload-iterations":600,"trial":0,"instructions":3946650958,"ns":174743937,"cpu_seconds":0.17472116300000007}
{"workload-iterations":600,"trial":1,"instructions":3946650966,"ns":174492105,"cpu_seconds":0.174485942}
{"workload-iterations":600,"trial":2,"instructions":3946650960,"ns":175201084,"cpu_seconds":0.17519482900000005}
