Unit Test: {
    { 0 }
    [
        1 2 3 align-prior boa
        float-4{ 1.0 2.0 3.0 4.0 } float-4{ 5.0 6.0 7.0 8.0 }
        align-hva boa 1 align_named
    ]
}
Unit Test: {
    { 0 }
    [
        1 2 3 align-prior boa
        float-4{ 1.0 2.0 3.0 4.0 } float-4{ 5.0 6.0 7.0 8.0 }
        align-hva boa
        1 "align_named" "alignment-oracle" library-dll dlsym
        indirect-alignment
    ]
}
Unit Test: { { 0 } [ 1 2 3 align-prior boa 1 align_return alignment>> ] }
TEST FAILURES 0
COMPILER ERRORS 0
