Unit Test: {
    { 0 }
    [
        1 2 3 align-prior boa
        float-4{ 1.0 2.0 3.0 4.0 } float-4{ 5.0 6.0 7.0 8.0 }
        align-hva boa 1 align_named
    ]
}
--> test failed!
Unit Test: {
    { 0 }
    [
        1 2 3 align-prior boa
        float-4{ 1.0 2.0 3.0 4.0 } float-4{ 5.0 6.0 7.0 8.0 }
        align-hva boa
        1 "align_named" "alignment-oracle" library-dll dlsym
        indirect-alignment
    ]
}
--> test failed!
Unit Test: { { 0 } [ 1 2 3 align-prior boa 1 align_return alignment>> ] }
--> test failed!
TEST FAILURES 3
COMPILER ERRORS 0

==== /Users/erg/factor.worktrees/arm64-varargs-outgoing/reference/arm64-varargs-alignment-20260908/cases.factor

/Users/erg/factor.worktrees/arm64-varargs-outgoing/reference/arm64-varargs-alignment-20260908/cases.factor: 9

Unit Test: {
    { 0 }
    [
        1 2 3 align-prior boa
        float-4{ 1.0 2.0 3.0 4.0 } float-4{ 5.0 6.0 7.0 8.0 }
        align-hva boa 1 align_named
    ]
}

=== Expected:
0
=== Got:
8
(U) [ c-to-factor => ]
    c-to-factor
(U) [ [ (get-catchstack) push ] dip call => (get-catchstack) pop* ]
(O) command-line-startup
(O) run-script
(U) [
        2dup check-call-effect 2dup [
            ~quotation~ dip
            dup terminated?>> ~quotation~ ~quotation~ if
        ] 2dip => rot [ 2drop ] [ wrong-values ] if
    ]
(U) [
        [ ~quotation~ dip dip ] dip => dup terminated?>>
        [ 2drop f ]
        [ dup in>> length swap out>> length check-datastack ] if
    ]
(U) [ swap [ call ] dip => ]
    dip
(U) [ output>array => datastack. ]
(U) [ [ ~quotation~ ~quotation~ bi ] dip => nsequence ]
    output>sequence
(U) [ [ keep ] dip => call ]
    bi
(U) [ over [ call ] dip => ]
    keep
(U) [
        f restartable-tests? set-global [
            \ windows-arm64-varargs-call? ~quotation~ define
            \ handle-macos-arm64-varargs ~quotation~ define
        ] with-compilation-unit
        "/Users/erg/factor.worktrees/arm64-varargs-outgoing/reference/..."
        run-test-file => "TEST FAILURES " write
        test-failures get length . "COMPILER ERRORS " write
        compiler-errors get assoc-size .
        :test-failures compiler-errors get values
        [ print-error ] each
        test-failures get empty? compiler-errors get assoc-empty?
        and 0 1 ? exit
    ]
(O) run-test-file
(U) [
        { 0 } [
            1 2 3 align-prior boa ~float-4~ ~float-4~ align-hva boa
            1 align_named
        ] \ (unit-test) 9 experiment =>
        { 0 } [
            1 2 3 align-prior boa ~float-4~ ~float-4~ align-hva boa
            1 "align_named" "alignment-oracle" library-dll dlsym
            indirect-alignment
        ] \ (unit-test) 12 experiment
        { 0 } [ 1 2 3 align-prior boa 1 align_return alignment>> ]
        \ (unit-test) 16 experiment
    ]
(U) [
        2 load-locals -1 get-local <experiment> load-local
        silent-tests? get 0 get-local
        [ load-local 0 get-local experiment. 1 drop-locals ] curry
        unless -2 get-local execute => 0 get-local -1 get-local [
            2 load-locals -1 get-local 0 get-local ~quotation~ curry
            curry ~quotation~ if 2 drop-locals
        ] curry curry [ 2drop "Warning: test skipped!" print ] if
        3 drop-locals
    ]
    experiment
(O) (unit-test)
(O) assert-sequence=
(O) assert-sequence
(O) M\ object throw
(U) [
        OBJ-CURRENT-THREAD special-object error-thread set-global
        current-continuation => error-continuation set-global
        [ original-error set-global ] [ rethrow ] bi
    ]

/Users/erg/factor.worktrees/arm64-varargs-outgoing/reference/arm64-varargs-alignment-20260908/cases.factor: 12

Unit Test: {
    { 0 }
    [
        1 2 3 align-prior boa
        float-4{ 1.0 2.0 3.0 4.0 } float-4{ 5.0 6.0 7.0 8.0 }
        align-hva boa
        1 "align_named" "alignment-oracle" library-dll dlsym
        indirect-alignment
    ]
}

=== Expected:
0
=== Got:
8
(U) [ c-to-factor => ]
    c-to-factor
(U) [ [ (get-catchstack) push ] dip call => (get-catchstack) pop* ]
(O) command-line-startup
(O) run-script
(U) [
        2dup check-call-effect 2dup [
            ~quotation~ dip
            dup terminated?>> ~quotation~ ~quotation~ if
        ] 2dip => rot [ 2drop ] [ wrong-values ] if
    ]
(U) [
        [ ~quotation~ dip dip ] dip => dup terminated?>>
        [ 2drop f ]
        [ dup in>> length swap out>> length check-datastack ] if
    ]
(U) [ swap [ call ] dip => ]
    dip
(U) [ output>array => datastack. ]
(U) [ [ ~quotation~ ~quotation~ bi ] dip => nsequence ]
    output>sequence
(U) [ [ keep ] dip => call ]
    bi
(U) [ over [ call ] dip => ]
    keep
(U) [
        f restartable-tests? set-global [
            \ windows-arm64-varargs-call? ~quotation~ define
            \ handle-macos-arm64-varargs ~quotation~ define
        ] with-compilation-unit
        "/Users/erg/factor.worktrees/arm64-varargs-outgoing/reference/..."
        run-test-file => "TEST FAILURES " write
        test-failures get length . "COMPILER ERRORS " write
        compiler-errors get assoc-size .
        :test-failures compiler-errors get values
        [ print-error ] each
        test-failures get empty? compiler-errors get assoc-empty?
        and 0 1 ? exit
    ]
(O) run-test-file
(U) [
        { 0 } [
            1 2 3 align-prior boa ~float-4~ ~float-4~ align-hva boa
            1 align_named
        ] \ (unit-test) 9 experiment
        { 0 } [
            1 2 3 align-prior boa ~float-4~ ~float-4~ align-hva boa
            1 "align_named" "alignment-oracle" library-dll dlsym
            indirect-alignment
        ] \ (unit-test) 12 experiment =>
        { 0 } [ 1 2 3 align-prior boa 1 align_return alignment>> ]
        \ (unit-test) 16 experiment
    ]
(U) [
        2 load-locals -1 get-local <experiment> load-local
        silent-tests? get 0 get-local
        [ load-local 0 get-local experiment. 1 drop-locals ] curry
        unless -2 get-local execute => 0 get-local -1 get-local [
            2 load-locals -1 get-local 0 get-local ~quotation~ curry
            curry ~quotation~ if 2 drop-locals
        ] curry curry [ 2drop "Warning: test skipped!" print ] if
        3 drop-locals
    ]
    experiment
(O) (unit-test)
(O) assert-sequence=
(O) assert-sequence
(O) M\ object throw
(U) [
        OBJ-CURRENT-THREAD special-object error-thread set-global
        current-continuation => error-continuation set-global
        [ original-error set-global ] [ rethrow ] bi
    ]

/Users/erg/factor.worktrees/arm64-varargs-outgoing/reference/arm64-varargs-alignment-20260908/cases.factor: 16

Unit Test: { { 0 } [ 1 2 3 align-prior boa 1 align_return alignment>> ] }

=== Expected:
0
=== Got:
8
(U) [ c-to-factor => ]
    c-to-factor
(U) [ [ (get-catchstack) push ] dip call => (get-catchstack) pop* ]
(O) command-line-startup
(O) run-script
(U) [
        2dup check-call-effect 2dup [
            ~quotation~ dip
            dup terminated?>> ~quotation~ ~quotation~ if
        ] 2dip => rot [ 2drop ] [ wrong-values ] if
    ]
(U) [
        [ ~quotation~ dip dip ] dip => dup terminated?>>
        [ 2drop f ]
        [ dup in>> length swap out>> length check-datastack ] if
    ]
(U) [ swap [ call ] dip => ]
    dip
(U) [ output>array => datastack. ]
(U) [ [ ~quotation~ ~quotation~ bi ] dip => nsequence ]
    output>sequence
(U) [ [ keep ] dip => call ]
    bi
(U) [ over [ call ] dip => ]
    keep
(U) [
        f restartable-tests? set-global [
            \ windows-arm64-varargs-call? ~quotation~ define
            \ handle-macos-arm64-varargs ~quotation~ define
        ] with-compilation-unit
        "/Users/erg/factor.worktrees/arm64-varargs-outgoing/reference/..."
        run-test-file => "TEST FAILURES " write
        test-failures get length . "COMPILER ERRORS " write
        compiler-errors get assoc-size .
        :test-failures compiler-errors get values
        [ print-error ] each
        test-failures get empty? compiler-errors get assoc-empty?
        and 0 1 ? exit
    ]
(O) run-test-file
(U) [
        2 load-locals -1 get-local <experiment> load-local
        silent-tests? get 0 get-local
        [ load-local 0 get-local experiment. 1 drop-locals ] curry
        unless -2 get-local execute => 0 get-local -1 get-local [
            2 load-locals -1 get-local 0 get-local ~quotation~ curry
            curry ~quotation~ if 2 drop-locals
        ] curry curry [ 2drop "Warning: test skipped!" print ] if
        3 drop-locals
    ]
    experiment
(O) (unit-test)
(O) assert-sequence=
(O) assert-sequence
(O) M\ object throw
(U) [
        OBJ-CURRENT-THREAD special-object error-thread set-global
        current-continuation => error-continuation set-global
        [ original-error set-global ] [ rethrow ] bi
    ]
