Unit Test: { { 570.0 } [ varout_control ] }
Unit Test: { { 317.0 } [ varout_split_control ] }
Unit Test: { { 285.0 } [ 1 2 3 4 5 6 7 8 9 varout_mixed ] }
Unit Test: {
    { 285.0 }
    [
        1 2 varout-small-hfa boa 3 4 5 varout-pair boa
        6 7 8 varout-hfa boa 9 varout_hfas
    ]
}
Unit Test: {
    { 317.0 }
    [ 1 2 3 4 5 6 7 4 5 varout-pair boa 10 varout_split ]
}
Unit Test: {
    { 16.0 27.0 38.0 }
    [
        10 6 7 8 varout-hfa boa varout_return
        [ x>> ] [ y>> ] [ z>> ] tri
    ]
}
Unit Test: {
    { 285.0 }
    [
        1 2 3 4 5 6 7 8 9 "varout_mixed" "varargs-outgoing"
        library-dll dlsym indirect-varout-mixed
    ]
}
Unit Test: {
    { 0 }
    [
        1 2 3 align-prior boa
        float-4{ 1.0 2.0 3.0 4.0 } float-4{ 5.0 6.0 7.0 8.0 }
        align-hva boa 1 varout_hva_alignment
    ]
}
Unit Test: {
    { 0 }
    [
        1 2 3 align-prior boa
        float-4{ 1.0 2.0 3.0 4.0 } float-4{ 5.0 6.0 7.0 8.0 }
        align-hva boa
        1 "varout_hva_alignment" "varargs-outgoing" library-dll
        dlsym indirect-alignment
    ]
}
Unit Test: {
    { 0 }
    [
        1 2 3 align-prior boa 1 varout_return_alignment
        alignment>>
    ]
}
Unit Test: {
    { t }
    [ align-vector-first heap-size varout_vector_first_size = ]
}
Unit Test: {
    { t }
    [
        align-vector-first c-type-align
        varout_vector_first_align =
    ]
}
Unit Test: {
    { t }
    [
        align-vector-union c-type-align
        varout_vector_union_align =
    ]
}
Unit Test: {
    { 36.0 }
    [
        1 2 float-4{ 1.0 2.0 3.0 4.0 } 3 align-vector-first boa
        varout_vector_first_after_int
    ]
}
Unit Test: {
    { 36.0 }
    [
        1 2 align-vector-union <struct>
        float-4{ 1.0 2.0 3.0 4.0 } >>value
        3 varout_vector_union_after_int
    ]
}
Unit Test: {
    { 2 30.0 }
    [
        64 malloc load-local 0 get-local [
            load-local 0 get-local [
                load-local 2 0 get-local 0 set-alien-signed-4
                1.0 0 get-local 16 set-alien-float
                2.0 0 get-local 20 set-alien-float
                3.0 0 get-local 24 set-alien-float
                4.0 0 get-local 28 set-alien-float
                0 get-local f f 0 0 macos <platform-va-cursor>
                load-local
                0 get-local int va-arg 0 get-local
                align-vector-union va-arg value>>
                { 1 2 3 4 } [ * ] 2map sum 2 drop-locals
            ] curry with-va-scope 1 drop-locals
        ] curry 0 get-local
        [ load-local 0 get-local free 1 drop-locals ] curry
        finally 1 drop-locals
    ]
}
TEST FAILURES 0
COMPILER ERRORS 0
