Unit Test: {
    { t t 1 }
    [
        V{
            T{ ##peek { dst 0 } { loc D: 0 } }
            T{ ##add-imm { dst 1 } { src1 0 } { src2 7 } }
            T{ ##branch }
        } 0 test-bb V{
            T{ ##add-imm { dst 2 } { src1 0 } { src2 7 } }
            T{ ##branch }
        } 1 test-bb 0 1 edge
        0 get block>cfg check-global 1 get instructions>> first
        [ ##copy? ] [ src>> ] bi
    ]
}
Unit Test: {
    { t t t }
    [
        V{
            T{ ##peek { dst 0 } { loc D: 0 } }
            T{ ##load-integer { dst 1 } { val 7 } }
            T{ ##add { dst 2 } { src1 0 } { src2 1 } }
            T{ ##branch }
        } 0 test-bb V{
            T{ ##load-integer { dst 3 } { val 7 } }
            T{ ##add { dst 4 } { src1 0 } { src2 3 } }
            T{ ##branch }
        } 1 test-bb 0 1 edge
        0 get block>cfg check-global 1 get instructions>>
        [ first ##load-integer? ] [ second ##copy? ] bi
    ]
}
Unit Test: {
    { 32 34 -8 }
    [
        t global-value-numbering? [
            37 t [ across-branch ] compile-call 37 f
            [ across-branch ] compile-call -1 t
            [ across-branch ] compile-call
        ] with-variable
    ]
}
Unit Test: {
    { t t t 3 }
    [
        V{ T{ ##peek { dst 0 } { loc D: 0 } } T{ ##branch } } 0
        test-bb V{
            T{ ##add-imm { dst 1 } { src1 0 } { src2 7 } }
            T{ ##branch }
        } 1 test-bb V{
            T{ ##add-imm { dst 2 } { src1 0 } { src2 7 } }
            T{ ##branch }
        } 2 test-bb V{
            T{ ##phi { dst 3 } { inputs H{ { 1 1 } { 2 2 } } } }
            T{ ##add-imm { dst 4 } { src1 0 } { src2 7 } }
            T{ ##branch }
        } 3 test-bb 0 { 1 2 } edges 1 3 edge 2 3 edge
        0 get block>cfg check-global 3 get instructions>>
        [ first ##phi? ] [ second [ ##copy? ] [ src>> ] bi ] bi
    ]
}
Unit Test: {
    { f t }
    [
        V{ T{ ##peek { dst 0 } { loc D: 0 } } T{ ##branch } } 0
        test-bb V{
            T{ ##add-imm { dst 1 } { src1 0 } { src2 7 } }
            T{ ##branch }
        } 1 test-bb V{
            T{ ##add-imm { dst 2 } { src1 0 } { src2 7 } }
            T{ ##branch }
        } 2 test-bb V{
            T{ ##add-imm { dst 3 } { src1 0 } { src2 7 } }
            T{ ##branch }
        } 3 test-bb 0 { 1 2 } edges 1 3 edge 2 3 edge
        0 get block>cfg check-global 3 get instructions>> first
        ##add-imm?
    ]
}
Unit Test: {
    { f 2 }
    [
        V{
            T{ ##peek { dst 0 } { loc D: 0 } }
            T{ ##peek { dst 1 } { loc D: 1 } }
            T{ ##branch }
        } 0 test-bb V{ T{ ##branch } } 1 test-bb
        V{ T{ ##branch } } 2 test-bb V{
            T{ ##phi { dst 2 } { inputs H{ { 1 0 } { 2 1 } } } }
            T{ ##phi { dst 3 } { inputs H{ { 1 1 } { 2 0 } } } }
            T{ ##branch }
        } 3 test-bb 0 { 1 2 } edges 1 3 edge 2 3 edge
        0 get block>cfg check-global 3 get instructions>>
        [ ##phi? ] count
    ]
}
Unit Test: {
    { t t t }
    [
        V{
            T{ ##peek { dst 0 } { loc D: 0 } }
            T{ ##peek { dst 1 } { loc D: 1 } }
            T{ ##branch }
        } 0 test-bb V{ T{ ##branch } } 1 test-bb
        V{ T{ ##branch } } 2 test-bb V{
            T{ ##phi { dst 2 } { inputs H{ { 1 0 } { 2 0 } } } }
            T{ ##phi { dst 3 } { inputs H{ { 1 0 } { 2 1 } } } }
            T{ ##branch }
        } 3 test-bb 0 { 1 2 } edges 1 3 edge 2 3 edge
        0 get block>cfg check-global 3 get instructions>>
        [ first ##phi? ] [ second ##copy? ] bi
    ]
}
Unit Test: {
    { t t }
    [
        V{ T{ ##peek { dst 0 } { loc D: 0 } } T{ ##branch } } 0
        test-bb V{
            T{ ##copy { dst 2 } { src 1 } { rep any-rep } }
            T{ ##branch }
        } 2 test-bb V{
            T{ ##phi { dst 1 } { inputs H{ { 0 0 } { 2 2 } } } }
            T{ ##branch }
        } 1 test-bb 0 1 edge 1 2 edge 2 1 edge
        0 get block>cfg check-global 1 get instructions>> first
        ##copy?
    ]
}
Unit Test: {
    { f t }
    [
        V{
            T{ ##peek { dst 0 } { loc D: 0 } }
            T{ ##add-imm { dst 1 } { src1 0 } { src2 7 } }
            T{ ##branch }
        } 0 test-bb V{ T{ ##branch } } 1 test-bb
        1 get t >>kill-block? drop V{
            T{ ##add-imm { dst 2 } { src1 0 } { src2 7 } }
            T{ ##branch }
        } 2 test-bb 0 1 edge 1 2 edge
        0 get block>cfg check-global 2 get instructions>> first
        ##add-imm?
    ]
}
Unit Test: {
    { f t t }
    [
        V{
            T{ ##peek { dst 0 } { loc D: 0 } }
            T{ ##integer>float { dst 1 } { src 0 } }
            T{ ##load-memory-imm
                { dst 2 }
                { base 0 }
                { offset 0 }
                { rep int-rep }
            }
            T{ ##branch }
        } 0 test-bb V{
            T{ ##integer>float { dst 3 } { src 0 } }
            T{ ##load-memory-imm
                { dst 4 }
                { base 0 }
                { offset 0 }
                { rep int-rep }
            }
            T{ ##branch }
        } 1 test-bb 0 1 edge
        0 get block>cfg check-global 1 get instructions>>
        [ first ##integer>float? ] [ second ##load-memory-imm? ]
        bi
    ]
}

Restarts were invoked adding vocabularies to the search path.
To avoid doing this in the future, add the following forms
at the top of the source file:

USING: accessors arrays assocs compiler.cfg.checker
compiler.cfg.instructions
compiler.cfg.linear-scan.allocation.state
compiler.cfg.linearization compiler.cfg.register-allocation
compiler.cfg.register-allocation.rematerialization
compiler.cfg.register-allocation.verifier compiler.cfg.registers
compiler.cfg.utilities compiler.cfg.value-numbering
compiler.cfg.value-numbering.global.validation compiler.test
cpu.architecture kernel locals math namespaces ranges sequences
tools.test ;
IN: compiler.cfg.value-numbering.global.validation.tests

Unit Test: {
    { 2 1 }
    [ f production-gvn-witness t production-gvn-witness ]
}
Unit Test: {
    { t }
    [
        [
            t check-allocation? set t check-ssa? set
            linear-scan-allocator register-allocator set
            value-flow-verifier-enabled? t assert=
            { f t } [
                [
                    load-local
                    0 get-local global-value-numbering? set
                    { f t } [
                        [
                            load-local
                            0 get-local rematerialize-constants?
                            set
                            [ gvn-branch-program ]
                            fresh-compiled-word load-local
                            [ gvn-loop-program ]
                            fresh-compiled-word load-local
                            41 <iota> [ 20 - ] map
                            -1 get-local 0 get-local [
                                2 load-locals
                                -1 get-local 0 get-local
                                ~quotation~ curry curry call
                                2 drop-locals
                            ] curry curry all? 3 drop-locals
                        ] call
                    ] all? 1 drop-locals
                ] call
            ] all?
        ] with-scope
    ]
}
GVN AUDIT CALLS 17
GVN AUDIT CHANGED 11
GVN INDEPENDENT VALIDATION PASS
