Unit Test: {
    { 285.0 }
    [
        [
            [ gc read-mixed ] incoming-mixed-reader
            [ incoming_mixed ] with-callback
        ]
        compile-call
    ]
}
Unit Test: {
    { 285.0 }
    [
        [
            [
                9 load-locals -8 get-local -7 get-local 2 * +
                -6 get-local 3 * + -5 get-local 4 * +
                -4 get-local 5 * + -3 get-local 6 * +
                -2 get-local 7 * + -1 get-local 8 * +
                0 get-local 9 * + 9 drop-locals
            ] incoming-mixed-tail
            [ incoming_mixed ] with-callback
        ]
        compile-call
    ]
}
Unit Test: {
    { 134.0 }
    [
        [
            [
                3 load-locals
                0 get-local inc-hfa va-arg load-local
                -3 get-local x>> -3 get-local y>> 2 * +
                -2 get-local 3 * + 0 get-local x>> 4 * +
                0 get-local y>> 5 * + 0 get-local z>> 6 * +
                -1 get-local double va-arg 7 * + 4 drop-locals
            ] incoming-hfa-reader
            [ 1 incoming_named_hfa ] with-callback
        ]
        compile-call
    ]
}
Unit Test: {
    { 285.0 }
    [
        [
            [
                7 load-locals
                0 get-local inc-pair va-arg load-local
                -7 get-local -6 get-local 2 * + -5 get-local 3 *
                + -4 get-local 4 * + -3 get-local 5 * +
                -2 get-local 6 * + 0 get-local x>> 7 * +
                0 get-local y>> 8 * +
                -1 get-local double va-arg 9 * + 8 drop-locals
            ] incoming-spill-reader
            [ 1 incoming_spill ] with-callback
        ]
        compile-call
    ]
}
Unit Test: {
    { -606 }
    [
        [
            [
                2 load-locals -1 get-local drop
                0 get-local longlong va-arg 0 get-local longlong
                va-arg 0 get-local longlong va-arg inc-big boa
                gc 2 drop-locals
            ] incoming-big-reader [ incoming_big ] with-callback
        ]
        compile-call
    ]
}
Unit Test: {
    { 771.0 }
    [
        [
            [
                2 load-locals
                -1 get-local 0 get-local incoming_consume
                -1 get-local 0 get-local incoming_consume +
                0 get-local double va-arg + 2 drop-locals
            ] incoming-list-reader
            [ incoming_list ] with-callback
        ]
        compile-call
    ]
}
Unit Test: {
    { 506.0 }
    [
        [
            [
                11 load-locals -10 get-local -9 get-local 2 * +
                -8 get-local 3 * + -7 get-local 4 * +
                -6 get-local 5 * + -5 get-local 6 * +
                -4 get-local 7 * + -3 get-local 8 * +
                -2 get-local 9 * + -1 get-local 10 * +
                0 get-local 11 * + 11 drop-locals
            ] incoming-named-spill
            [ incoming_named_spill ] with-callback
        ]
        compile-call
    ]
}
