Unit Test: {
    { 285.0 }
    [
        [
            [ gc read-mixed ] incoming-mixed-reader
            [ incoming_mixed ] with-callback
        ]
        compile-call
    ]
}
--> test failed!

==== /Users/erg/factor.worktrees/arm64-varargs-outgoing/reference/arm64-varargs-outgoing-20260908/incoming/before-case.factor

/Users/erg/factor.worktrees/arm64-varargs-outgoing/reference/arm64-varargs-outgoing-20260908/incoming/before-case.factor: 6

Unit Test: {
    { 285.0 }
    [
        [
            [ gc read-mixed ] incoming-mixed-reader
            [ incoming_mixed ] with-callback
        ]
        compile-call
    ]
}

=== Expected:
285.0
=== Got:
32064783790.0
(U) [ c-to-factor => ]
    c-to-factor
(U) [ [ (get-catchstack) push ] dip call => (get-catchstack) pop* ]
(O) command-line-startup
(O) run-script
(U) [
        2dup check-call-effect 2dup [
            ~quotation~ dip
            dup terminated?>> ~quotation~ ~quotation~ if
        ] 2dip => rot [ 2drop ] [ wrong-values ] if
    ]
(U) [
        [ ~quotation~ dip dip ] dip => dup terminated?>>
        [ 2drop f ]
        [ dup in>> length swap out>> length check-datastack ] if
    ]
(U) [ swap [ call ] dip => ]
    dip
(U) [ output>array => datastack. ]
(U) [ [ ~quotation~ ~quotation~ bi ] dip => nsequence ]
    output>sequence
(U) [ [ keep ] dip => call ]
    bi
(U) [ over [ call ] dip => ]
    keep
(U) [
        f restartable-tests? set-global
        "/Users/erg/factor.worktrees/arm64-varargs-outgoing/reference/..."
        run-file
        "/Users/erg/factor.worktrees/arm64-varargs-outgoing/reference/..."
        run-test-file => :test-failures compiler-errors get values
        [ print-error ] each
        test-failures get empty? compiler-errors get assoc-empty?
        and [ 0 ] [ 1 ] if exit
    ]
(O) run-test-file
(O) compiled-unit-test
(O) (unit-test)
(O) assert-sequence=
(O) assert-sequence
(O) M\ object throw
(U) [
        OBJ-CURRENT-THREAD special-object error-thread set-global
        current-continuation => error-continuation set-global
        [ original-error set-global ] [ rethrow ] bi
    ]
