"/Users/erg/factor.worktrees/arm64-gap-reduced-ffi"
reloaded
Unit Test: { { 1.5 } [ 1.5 half_identity ] }
Unit Test: {
    { -2.5 }
    [
        -2.5 "half_identity" "small-floats-test" library-dll
        dlsym half-indirect
    ]
}
Unit Test: { { 16.0 } [ 1 2.5 3.0 4.5 5 half_mixed ] }
Unit Test: { { 2.0 } [ half-cb [ 1.5 half_callback ] with-callback ] }
Unit Test: { { 55.0 } [ 1 2 3 4 5 6 7 8 9 10 half_overflow ] }
Unit Test: {
    { 55.0 }
    [
        half-overflow-cb
        [ half_overflow_callback ] with-callback
    ]
}
Unit Test: {
    { t }
    [
        {
            0.0
            -0.0
            1.0
            -1.0
            1.00048828125
            1.00146484375
            1.00390625
            1.01171875
            5.960464477539063e-8
            0.00006103515625
            65504.0
            65520.0
            1/0.
            -1/0.
        }
        [ [ half_bits ] [ half_convert float>half-bits ] bi = ]
        all?
    ]
}
Unit Test: {
    { t }
    [
        {
            0
            1
            2
            127
            128
            255
            256
            1023
            1024
            16383
            16384
            30000
            32768
            32769
            49152
        } [ [ half_from_bits float>half-bits ] keep = ] all?
    ]
}
Unit Test: { { 1.5 } [ 1.5 bfloat_identity ] }
Unit Test: {
    { -2.5 }
    [
        -2.5 "bfloat_identity" "small-floats-test" library-dll
        dlsym bfloat-indirect
    ]
}
Unit Test: { { 16.0 } [ 1 2.5 3.0 4.5 5 bfloat_mixed ] }
Unit Test: { { 2.0 } [ bfloat-cb [ 1.5 bfloat_callback ] with-callback ] }
Unit Test: { { 55.0 } [ 1 2 3 4 5 6 7 8 9 10 bfloat_overflow ] }
Unit Test: {
    { 55.0 }
    [
        bfloat-overflow-cb
        [ bfloat_overflow_callback ] with-callback
    ]
}
Unit Test: {
    { t }
    [
        {
            0.0
            -0.0
            1.0
            -1.0
            1.00048828125
            1.00146484375
            1.00390625
            1.01171875
            5.960464477539063e-8
            0.00006103515625
            65504.0
            65520.0
            1/0.
            -1/0.
        } [
            [ bfloat_bits ] [ bfloat_convert float>bfloat-bits ]
            bi =
        ] all?
    ]
}
Unit Test: {
    { t }
    [
        {
            0
            1
            2
            127
            128
            255
            256
            1023
            1024
            16383
            16384
            30000
            32768
            32769
            49152
        } [ [ bfloat_from_bits float>bfloat-bits ] keep = ] all?
    ]
}
Unit Test: {
    { 4.0 }
    [ mixed-small <struct> 1.5 >>a 2.5 >>b mixed_small_sum ]
}
Unit Test: {
    { t }
    [
        65536 <iota> [
            [ half_from_bits float>half-bits ]
            [ half-bits>float float>half-bits ] bi =
        ] all?
    ]
}
Unit Test: {
    { t }
    [
        65536 <iota> [
            [ bfloat_from_bits float>bfloat-bits ]
            [ bfloat-bits>float float>bfloat-bits ] bi =
        ] all?
    ]
}
Unit Test: { { 11.5 } [ 0 1.5 2.5 3 4.5 half_varargs ] }
Unit Test: { { 11.5 } [ 0 1.5 2.5 3 4.5 bfloat_varargs ] }
Unit Test: { { 1.0 1.0 } [ half_dirty_result bfloat_dirty_result ] }
Unit Test: { { 2.0 } [ 0 1.00048828125 1.00048828125 0 0.0 half_varargs ] }
Unit Test: { { 2.0 } [ 0 1.00390625 1.00390625 0 0.0 bfloat_varargs ] }
Unit Test: {
    { 15360 48128 32768 31744 64512 }
    [
        1.0 float>half-bits -1.0 float>half-bits -0.0
        float>half-bits 1/0. float>half-bits -1/0.
        float>half-bits
    ]
}
Unit Test: {
    { 16256 49024 32768 32640 65408 }
    [
        1.0 float>bfloat-bits -1.0 float>bfloat-bits -0.0
        float>bfloat-bits 1/0. float>bfloat-bits -1/0.
        float>bfloat-bits
    ]
}
Unit Test: {
    { 15360 15362 1 1024 31743 31744 }
    [
        1.00048828125 float>half-bits 1.00146484375
        float>half-bits 5.960464477539063e-8 float>half-bits
        0.00006103515625 float>half-bits 65504.0 float>half-bits
        65520.0 float>half-bits
    ]
}
Unit Test: {
    { t }
    [
        65536 <iota> [
            dup half-bits>float float>half-bits swap dup 31744
            bitand 31744 = over 1023 bitand zero? not and
            [ drop 32256 ] when =
        ] all?
    ]
}
Unit Test: {
    { t }
    [
        65536 <iota> [
            dup bfloat-bits>float float>bfloat-bits swap dup
            32640 bitand 32640 = over 127 bitand zero? not and
            [ drop 32704 ] when =
        ] all?
    ]
}
Unit Test: { { 2 2 } [ half heap-size bfloat heap-size ] }
Unit Test: { { 1.5 } [ 1.5 half <ref> half deref ] }
Unit Test: { { -2.5 } [ -2.5 bfloat <ref> bfloat deref ] }
Unit Test: { { 3070230544 } [ [ X23 5 insns ADR ] { } make be> ] }
Unit Test: { { 1092157585 } [ [ X1 X10 6 ADD ] { } make be> ] }
Unit Test: { { 4286775505 } [ [ SP SP 32 SUB ] { } make be> ] }
Unit Test: { { 1058865393 } [ [ X9 7 CMP ] { } make be> ] }
Unit Test: { { 1810726034 } [ [ X11 X11 -16 AND ] { } make be> ] }
Unit Test: { { 1257077970 } [ [ X10 X10 -16 EOR ] { } make be> ] }
Unit Test: { { 3473752306 } [ [ X15 X14 15 ANDS ] { } make be> ] }
Unit Test: { { 1594704114 } [ [ X10 15 TST ] { } make be> ] }
Unit Test: { { 687898834 } [ [ X9 1 MOV ] { } make be> ] }
Unit Test: { { 16532627 } [ [ X0 X0 4 ASR ] { } make be> ] }
Unit Test: { { 1123828947 } [ [ X2 X2 4 LSR ] { } make be> ] }
Unit Test: { { 3471670483 } [ [ X14 X14 4 LSL ] { } make be> ] }
Unit Test: { { 3473767635 } [ [ X15 X14 4 4 UBFIZ ] { } make be> ] }
Unit Test: { { 1610612820 } [ [ 3 insns BEQ ] { } make be> ] }
Unit Test: { { 2701131860 } [ [ 5 insns BNE ] { } make be> ] }
Unit Test: { { 1174405204 } [ [ 2 insns BVS ] { } make be> ] }
Unit Test: { { 1191182420 } [ [ 2 insns BVC ] { } make be> ] }
Unit Test: { { 1061428181 } [ [ FPSR XZR MSR ] { } make be> ] }
Unit Test: { { 4332501 } [ [ NZCV X0 MSR ] { } make be> ] }
Unit Test: { { 4340693 } [ [ X0 NZCV MRS ] { } make be> ] }
Unit Test: { { 8150 } [ [ X0 BR ] { } make be> ] }
Unit Test: { { 537083862 } [ [ X25 BLR ] { } make be> ] }
Unit Test: { { 3221446614 } [ [ RET ] { } make be> ] }
Unit Test: { { 50331668 } [ [ 3 insns B ] { } make be> ] }
Unit Test: { { 148 } [ [ 0 BL ] { } make be> ] }
Unit Test: { { 1090529334 } [ [ X1 5 2 insns TBZ ] { } make be> ] }
Unit Test: { { 1224736856 } [ [ X9 2 insns LDR ] { } make be> ] }
Unit Test: { { 2693201833 } [ [ X0 X1 X21 -8 [pre] LDP ] { } make be> ] }
Unit Test: { { 2880077737 } [ [ X11 X10 X21 -8 [+] LDP ] { } make be> ] }
Unit Test: { { 4252746152 } [ [ FP LR SP 16 [post] LDP ] { } make be> ] }
Unit Test: { { 4247240617 } [ [ FP X9 SP -16 [pre] STP ] { } make be> ] }
Unit Test: { { 2863546281 } [ [ X10 X11 X21 -8 [+] STP ] { } make be> ] }
Unit Test: { { 1627914537 } [ [ W1 W2 X3 8 [+] STP ] { } make be> ] }
Unit Test: { { 3298065961 } [ [ W4 W5 X6 -12 [+] LDP ] { } make be> ] }
Unit Test: { { 2855157545 } [ [ W10 W11 X21 -8 [+] STP ] { } make be> ] }
Unit Test: { { 2684813097 } [ [ W0 W1 X21 -8 [pre] LDP ] { } make be> ] }
Unit Test: { { 1082392621 } [ [ S0 S1 X2 4 [+] STP ] { } make be> ] }
Unit Test: { { 1082392685 } [ [ D0 D1 X2 8 [+] STP ] { } make be> ] }
Unit Test: { { 1082392749 } [ [ Q0 Q1 X2 16 [+] STP ] { } make be> ] }
Unit Test: { { 2190278445 } [ [ S2 S3 X4 -4 [pre] LDP ] { } make be> ] }
Unit Test: { { 2190262380 } [ [ D2 D3 X4 8 [post] LDP ] { } make be> ] }
Unit Test: { { 2190245805 } [ [ Q2 Q3 X4 -16 [+] LDP ] { } make be> ] }
Must Fail: { [ [ SP X0 X1 [] STP ] { } make ] }
Must Fail: { [ [ X0 D1 X2 [] STP ] { } make ] }
Unit Test: { { 2919383288 } [ [ X14 X21 [] LDUR ] { } make be> ] }
Unit Test: { { 1247100985 } [ [ X10 X10 21 [+] LDRB ] { } make be> ] }
Unit Test: { { 2147893497 } [ [ X0 X20 8 [+] LDR ] { } make be> ] }
Unit Test: { { 2693160952 } [ [ X0 X21 -8 [post] LDR ] { } make be> ] }
Unit Test: { { 4094099705 } [ [ X20 SP 8 [+] STR ] { } make be> ] }
Unit Test: { { 2861433080 } [ [ X10 X21 8 [pre] STR ] { } make be> ] }
Unit Test: { { 2298691833 } [ [ X9 X28 [] LDR ] { } make be> ] }
Unit Test: { { 544825848 } [ [ X0 X9 X1 3 <LSL*> [+] LDR ] { } make be> ] }
Unit Test: { { 2936144121 } [ [ X15 X21 [] STR ] { } make be> ] }
Unit Test: { { 1846397594 } [ [ X14 X11 X10 SDIV ] { } make be> ] }
Unit Test: { { 1847708314 } [ [ X14 X11 X10 LSL ] { } make be> ] }
Unit Test: { { 1865009818 } [ [ X15 X11 X10 ASR ] { } make be> ] }
Unit Test: { { 1778453130 } [ [ X10 X11 X10 AND ] { } make be> ] }
Unit Test: { { 1241582506 } [ [ X10 X10 X11 ORR ] { } make be> ] }
Unit Test: { { 1778453194 } [ [ X10 X11 X10 EOR ] { } make be> ] }
Unit Test: { { 4093837482 } [ [ X20 X0 MOV ] { } make be> ] }
Unit Test: { { 3456174475 } [ [ X14 X14 X9 ADD ] { } make be> ] }
Unit Test: { { 1242663819 } [ [ X10 X10 X11 4 <ASR> ADD ] { } make be> ] }
Unit Test: { { 167772587 } [ [ X10 X0 X1 ADDS ] { } make be> ] }
Unit Test: { { 715 } [ [ X0 X0 X2 SUB ] { } make be> ] }
Unit Test: { { 3590752971 } [ [ X22 X22 X10 1 <ASR> SUB ] { } make be> ] }
Unit Test: { { 167772651 } [ [ X10 X0 X1 SUBS ] { } make be> ] }
Unit Test: { { 1593903595 } [ [ X10 X9 CMP ] { } make be> ] }
Unit Test: { { 1073580779 } [ [ X9 X10 63 <ASR> CMP ] { } make be> ] }
Unit Test: { { 3926067947 } [ [ X10 X10 NEGS ] { } make be> ] }
Unit Test: { { 3393294234 } [ [ X10 X14 X15 MI CSEL ] { } make be> ] }
Unit Test: { { 1336741531 } [ [ X15 X10 X14 ds-1 MSUB ] { } make be> ] }
Unit Test: { { 175899035 } [ [ X10 X0 X1 MUL ] { } make be> ] }
Unit Test: { { 159138203 } [ [ X9 X0 X1 SMULH ] { } make be> ] }
Unit Test: { { 3338888862 } [ [ X7 D30 FMOV ] { } make be> ] }
Unit Test: { { 2650826654 } [ [ D30 X4 FMOV ] { } make be> ] }
Unit Test: { { 2738905118 } [ [ D3 D5 FMOV ] { } make be> ] }
Unit Test: { { 33585310 } [ [ X2 D0 FCVTZSsi ] { } make be> ] }
Unit Test: { { 1627415198 } [ [ D1 X3 SCVTFsi ] { } make be> ] }
Unit Test: { { 566255902 } [ [ D1 D1 FSQRTs ] { } make be> ] }
Unit Test: { { 29368862 } [ [ D1 S0 FCVT ] { } make be> ] }
Unit Test: { { 1161847326 } [ [ S5 D2 FCVT ] { } make be> ] }
Unit Test: { { 2122014 } [ [ D0 D1 FCMP ] { } make be> ] }
Unit Test: { { 1881169950 } [ [ D3 D0 FCMPE ] { } make be> ] }
Unit Test: { { 1678271774 } [ [ D4 D3 D5 FMULs ] { } make be> ] }
Unit Test: { { 555245598 } [ [ D1 D1 D0 FDIVs ] { } make be> ] }
Unit Test: { { 1119396174 } [ [ V2 V2 4S FCVTZSvi ] { } make be> ] }
Unit Test: { { 553655886 } [ [ V1 V1 V30 TBL ] { } make be> ] }
Unit Test: { { 589857358 } [ [ V3 V1 V2 4S TRN1 ] { } make be> ] }
Unit Test: { { 3272278894 } [ [ V3 V30 V3 1 16B EXT ] { } make be> ] }
Unit Test: { { 621156462 } [ [ V5 1 D[] V17 0 D[] INS ] { } make be> ] }
Unit Test: { { 2149325902 } [ [ V0 3 S[] X4 INS ] { } make be> ] }
Unit Test: { { 1057817678 } [ [ V31 X9 4S DUP ] { } make be> ] }
Unit Test: { { 3730513998 } [ [ V30 V30 16B CNTv ] { } make be> ] }
Unit Test: { { 514334798 } [ [ V30 V0 16B CMLT ] { } make be> ] }
Unit Test: { { 3745194286 } [ [ V31 V30 16B SHLL ] { } make be> ] }
Unit Test: { { 4290457934 } [ [ V31 V31 16B ADDV ] { } make be> ] }
Unit Test: { { 1356128334 } [ [ V16 V2 V0 2D FSUBv ] { } make be> ] }
Unit Test: { { 2698274158 } [ [ V0 V5 V5 2D FADDP ] { } make be> ] }
Unit Test: { { 2770085230 } [ [ V5 V5 V5 16B EORv ] { } make be> ] }
Unit Test: { { 2220110415 } [ [ V4 V4 18 4S SHL ] { } make be> ] }
Unit Test: { { 1107572079 } [ [ V2 V2 11 4S USHR ] { } make be> ] }
Unit Test: { { 77858863 } [ [ V4 V0 16B UXTL ] { } make be> ] }
Unit Test: { { 536920121 } [ [ W0 X1 [] LDRSB ] { } make be> ] }
Unit Test: { { 536903737 } [ [ X0 X1 [] LDRSB ] { } make be> ] }
Unit Test: { { 536920185 } [ [ W0 X1 [] LDRSH ] { } make be> ] }
Unit Test: { { 536903801 } [ [ X0 X1 [] LDRSH ] { } make be> ] }
Unit Test: { { 543744568 } [ [ W0 X1 X2 [+] LDRSB ] { } make be> ] }
Unit Test: {
    { 544793208 }
    [ [ W0 X1 X2 1 <LSL*> [+] LDRSH ] { } make be> ]
}
Unit Test: { { 541598347 } [ [ X0 X1 W2 2 <UXTW> ADD ] { } make be> ] }
Unit Test: { { 547365579 } [ [ X0 X1 W2 0 <SXTH> SUB ] { } make be> ] }
Unit Test: { { 543695499 } [ [ X0 X1 X2 2 <UXTX> ADD ] { } make be> ] }
Unit Test: { { 541598219 } [ [ W0 W1 W2 2 <UXTW> ADD ] { } make be> ] }
Must Fail: { [ [ W0 W1 X2 2 <UXTX> ADD ] { } make ] }
Unit Test: { { 545530382 } [ [ V0 V1 V2 8B ADDv ] { } make be> ] }
Unit Test: { { 545546766 } [ [ V0 V1 V2 4H ADDv ] { } make be> ] }
Unit Test: { { 545563150 } [ [ V0 V1 V2 2S ADDv ] { } make be> ] }
Unit Test: { { 550773262 } [ [ V0 V1 V2 2S FADDv ] { } make be> ] }
Unit Test: { { 542646286 } [ [ V0 V1 8B CNTv ] { } make be> ] }
Unit Test: { { 548937774 } [ [ V0 V1 8B NEGv ] { } make be> ] }
Unit Test: { { 547905550 } [ [ V0 V1 4H CMLT ] { } make be> ] }
Unit Test: { { 551035150 } [ [ V0 V1 2S SCVTFvi ] { } make be> ] }
Unit Test: { { 553164814 } [ [ V0 V1 2S FABSv ] { } make be> ] }
Unit Test: { { 548958478 } [ [ V0 V1 4H ADDV ] { } make be> ] }
Unit Test: { { 539525646 } [ [ V0 V1 V2 2S TRN1 ] { } make be> ] }
Unit Test: { { 540541454 } [ [ V0 V1 V2 8B ZIP1 ] { } make be> ] }
Must Fail: { [ [ W0 131071 0 MOVZ ] { } make ] }
Unit Test: { { 544997459 } [ [ W0 W1 0 LSL ] { } make be> ] }
Unit Test: { { 553402579 } [ [ X0 X1 0 LSL ] { } make be> ] }
Unit Test: { { 544743251 } [ [ W0 W1 1 LSL ] { } make be> ] }
Unit Test: { { 536871251 } [ [ W0 W1 31 LSL ] { } make be> ] }
Unit Test: { { 550249038 } [ [ V0 V1 V2 4S FMLAv ] { } make be> ] }
Unit Test: { { 545792334 } [ [ V0 V1 4S FRINTNv ] { } make be> ] }
Unit Test: { { 546840910 } [ [ V0 V1 4S FRINTMv ] { } make be> ] }
Unit Test: { { 545825102 } [ [ V0 V1 4S FRINTPv ] { } make be> ] }
Unit Test: { { 546873678 } [ [ V0 V1 4S FRINTZv ] { } make be> ] }
Unit Test: { { 545792366 } [ [ V0 V1 4S FRINTAv ] { } make be> ] }
Unit Test: { { 540553326 } [ [ V0 V1 16B UADDLV ] { } make be> ] }
Unit Test: { { 539500654 } [ [ V0 V1 16B UADDLP ] { } make be> ] }
Unit Test: { { 541630574 } [ [ V0 V1 4S CLZv ] { } make be> ] }
Unit Test: { { 542662766 } [ [ V0 V1 RBITv ] { } make be> ] }
Unit Test: { { 537403470 } [ [ V0 V1 16B REV64v ] { } make be> ] }
Unit Test: { { 537403502 } [ [ V0 V1 16B REV32v ] { } make be> ] }
Unit Test: { { 538452046 } [ [ V0 V1 16B REV16v ] { } make be> ] }
Unit Test: { { 548970862 } [ [ V0 V1 4S FCVTZUvi ] { } make be> ] }
Unit Test: { { 538731118 } [ [ V0 V1 V2 16B BSLv ] { } make be> ] }
Unit Test: { { 546603598 } [ [ V0 V1 V2 SDOT ] { } make be> ] }
Unit Test: { { 546603630 } [ [ V0 V1 V2 UDOT ] { } make be> ] }
Unit Test: { { 547127886 } [ [ V0 V1 V2 USDOT ] { } make be> ] }
Unit Test: { { 547652174 } [ [ V0 V1 V2 SMMLA ] { } make be> ] }
Unit Test: { { 547652206 } [ [ V0 V1 V2 UMMLA ] { } make be> ] }
Unit Test: { { 548176462 } [ [ V0 V1 V2 USMMLA ] { } make be> ] }
Unit Test: { { 553402990 } [ [ V0 V1 V2 BFDOT ] { } make be> ] }
Unit Test: { { 552354414 } [ [ V0 V1 V2 BFMMLA ] { } make be> ] }
Unit Test: { { 538198606 } [ [ V0 V1 V2 FADDHv ] { } make be> ] }
Unit Test: { { 538231374 } [ [ V0 V1 V2 FSUBHv ] { } make be> ] }
Unit Test: { { 538722926 } [ [ V0 V1 V2 FMULHv ] { } make be> ] }
Unit Test: { { 540820078 } [ [ V0 V1 V2 FDIVHv ] { } make be> ] }
Unit Test: { { 537674318 } [ [ V0 V1 V2 FMLAHv ] { } make be> ] }
Unit Test: { { 537182798 } [ [ V0 V1 V2 FMINNMHv ] { } make be> ] }
Unit Test: { { 537150030 } [ [ V0 V1 V2 FMAXNMHv ] { } make be> ] }
Unit Test: { { 539247182 } [ [ V0 V1 V2 FCMEQHv ] { } make be> ] }
Unit Test: { { 539279982 } [ [ V0 V1 V2 FCMGTHv ] { } make be> ] }
Unit Test: { { 539247214 } [ [ V0 V1 V2 FCMGEHv ] { } make be> ] }
Unit Test: { { 553187694 } [ [ V0 V1 FSQRTHv ] { } make be> ] }
Unit Test: { { 544743694 } [ [ V0 V1 FCVTLH ] { } make be> ] }
Unit Test: { { 544743758 } [ [ V0 V1 FCVTLH2 ] { } make be> ] }
Unit Test: { { 543695118 } [ [ V0 V1 FCVTNH ] { } make be> ] }
Unit Test: { { 543695182 } [ [ V0 V1 FCVTNH2 ] { } make be> ] }
Unit Test: { { 543727886 } [ [ V0 V1 BFCVTN ] { } make be> ] }
Unit Test: { { 543727950 } [ [ V0 V1 BFCVTN2 ] { } make be> ] }
Unit Test: { { 544760078 } [ [ V0 V1 4S FCVTL ] { } make be> ] }
Unit Test: { { 544760142 } [ [ V0 V1 4S FCVTL2 ] { } make be> ] }
Unit Test: { { 1064984846 } [ [ V31 V17 2S FCVTL ] { } make be> ] }
Unit Test: { { 1064984910 } [ [ V31 V17 4S FCVTL2 ] { } make be> ] }
Unit Test: { { 544743694 } [ [ V0 V1 4H FCVTL ] { } make be> ] }
Unit Test: { { 544743758 } [ [ V0 V1 8H FCVTL2 ] { } make be> ] }
Unit Test: { { 544793148 } [ [ Q0 X1 X2 4 <LSL*> [+] LDR ] { } make be> ] }
Unit Test: { { 544776764 } [ [ Q0 X1 X2 4 <LSL*> [+] STR ] { } make be> ] }
Unit Test: { { 542695996 } [ [ Q0 X1 W2 4 <UXTW> [+] LDR ] { } make be> ] }
Unit Test: { { 551068220 } [ [ Q0 X1 W2 4 <SXTW> [+] STR ] { } make be> ] }
Unit Test: { { 543744572 } [ [ Q0 X1 X2 [+] LDR ] { } make be> ] }
Unit Test: {
    { 1065074236 }
    [ [ Q31 X25 X30 4 <LSL*> [+] STR ] { } make be> ]
}
Must Fail: { [ [ Q0 X1 X2 3 <LSL*> [+] LDR ] { } make ] }
Must Fail: { [ [ D0 X1 X2 4 <LSL*> [+] LDR ] { } make ] }
Unit Test: { { 536871450 } [ [ W0 W1 W2 ADC ] { } make be> ] }
Unit Test: { { 536871482 } [ [ W0 W1 W2 ADCS ] { } make be> ] }
Unit Test: { { 536871514 } [ [ W0 W1 W2 SBC ] { } make be> ] }
Unit Test: { { 536871546 } [ [ W0 W1 W2 SBCS ] { } make be> ] }
Unit Test: { { 3758293338 } [ [ W0 W1 NGC ] { } make be> ] }
Unit Test: { { 3758293370 } [ [ W0 W1 NGCS ] { } make be> ] }
Unit Test: { { 537182298 } [ [ W0 W1 REV16 ] { } make be> ] }
Unit Test: { { 537444442 } [ [ W0 W1 REV ] { } make be> ] }
Unit Test: { { 553386523 } [ [ W0 W1 W2 MNEG ] { } make be> ] }
Unit Test: { { 539804186 } [ [ W0 W1 W2 ROR ] { } make be> ] }
Unit Test: { { 536903955 } [ [ W0 W1 0 ROR ] { } make be> ] }
Unit Test: { { 536904211 } [ [ W0 W1 W2 0 EXTR ] { } make be> ] }
Unit Test: { { 544997427 } [ [ W0 W1 0 32 BFXIL ] { } make be> ] }
Unit Test: { { 544997427 } [ [ W0 W1 0 32 BFI ] { } make be> ] }
Unit Test: { { 536887866 } [ [ W1 W2 0 EQ CCMN ] { } make be> ] }
Unit Test: { { 537411642 } [ [ W1 0 0 EQ CCMN ] { } make be> ] }
Unit Test: { { 536887930 } [ [ W1 W2 0 EQ CCMP ] { } make be> ] }
Unit Test: { { 537411706 } [ [ W1 0 0 EQ CCMP ] { } make be> ] }
Unit Test: { { 536871578 } [ [ X0 X1 X2 ADC ] { } make be> ] }
Unit Test: { { 536871610 } [ [ X0 X1 X2 ADCS ] { } make be> ] }
Unit Test: { { 536871642 } [ [ X0 X1 X2 SBC ] { } make be> ] }
Unit Test: { { 536871674 } [ [ X0 X1 X2 SBCS ] { } make be> ] }
Unit Test: { { 3758293466 } [ [ X0 X1 NGC ] { } make be> ] }
Unit Test: { { 3758293498 } [ [ X0 X1 NGCS ] { } make be> ] }
Unit Test: { { 537182426 } [ [ X0 X1 REV16 ] { } make be> ] }
Unit Test: { { 537706714 } [ [ X0 X1 REV ] { } make be> ] }
Unit Test: { { 537444570 } [ [ X0 X1 REV32 ] { } make be> ] }
Unit Test: { { 553386651 } [ [ X0 X1 X2 MNEG ] { } make be> ] }
Unit Test: { { 539804314 } [ [ X0 X1 X2 ROR ] { } make be> ] }
Unit Test: { { 536920467 } [ [ X0 X1 0 ROR ] { } make be> ] }
Unit Test: { { 536920723 } [ [ X0 X1 X2 0 EXTR ] { } make be> ] }
Unit Test: { { 553402547 } [ [ X0 X1 0 64 BFXIL ] { } make be> ] }
Unit Test: { { 553402547 } [ [ X0 X1 0 64 BFI ] { } make be> ] }
Unit Test: { { 536887994 } [ [ X1 X2 0 EQ CCMN ] { } make be> ] }
Unit Test: { { 537411770 } [ [ X1 0 0 EQ CCMN ] { } make be> ] }
Unit Test: { { 536888058 } [ [ X1 X2 0 EQ CCMP ] { } make be> ] }
Unit Test: { { 537411834 } [ [ X1 0 0 EQ CCMP ] { } make be> ] }
Unit Test: { { 537666203 } [ [ X0 W1 W2 X3 SMADDL ] { } make be> ] }
Unit Test: { { 546054811 } [ [ X0 W1 W2 X3 SMSUBL ] { } make be> ] }
Unit Test: { { 537698971 } [ [ X0 W1 W2 X3 UMADDL ] { } make be> ] }
Unit Test: { { 546087579 } [ [ X0 W1 W2 X3 UMSUBL ] { } make be> ] }
Unit Test: { { 545006235 } [ [ X0 W1 W2 SMULLs ] { } make be> ] }
Unit Test: { { 553394843 } [ [ X0 W1 W2 SMNEGL ] { } make be> ] }
Unit Test: { { 545039003 } [ [ X0 W1 W2 UMULLs ] { } make be> ] }
Unit Test: { { 553427611 } [ [ X0 W1 W2 UMNEGL ] { } make be> ] }
Unit Test: { { 1040325914 } [ [ W30 W17 W29 ADC ] { } make be> ] }
Unit Test: { { 4278394874 } [ [ XZR XZR XZR SBCS ] { } make be> ] }
Unit Test: { { 545030675 } [ [ W0 W1 W2 31 EXTR ] { } make be> ] }
Unit Test: { { 553435795 } [ [ X0 X1 X2 63 EXTR ] { } make be> ] }
Unit Test: { { 545030419 } [ [ W0 W1 31 ROR ] { } make be> ] }
Unit Test: { { 553435539 } [ [ X0 X1 63 ROR ] { } make be> ] }
Unit Test: { { 553156531 } [ [ X0 X1 1 63 BFI ] { } make be> ] }
Unit Test: { { 545005363 } [ [ W0 W1 31 1 BFXIL ] { } make be> ] }
Unit Test: { { 801267194 } [ [ X17 X29 15 GT CCMP ] { } make be> ] }
Unit Test: { { 622485306 } [ [ W17 31 5 NE CCMN ] { } make be> ] }
Unit Test: { { 1043217819 } [ [ X30 W17 W29 X11 SMADDL ] { } make be> ] }
Unit Test: { { 4294950811 } [ [ XZR WZR WZR XZR UMSUBL ] { } make be> ] }
Unit Test: { { 4292027115 } [ [ XZR SP W2 4 <SXTW> SUBS ] { } make be> ] }
Unit Test: { { 4292027115 } [ [ SP W2 4 <SXTW> CMP ] { } make be> ] }
Unit Test: { { 4283638315 } [ [ WZR WSP W2 4 <UXTW> ADDS ] { } make be> ] }
Unit Test: { { 4283638315 } [ [ WSP W2 4 <UXTW> CMN ] { } make be> ] }
Unit Test: { { 4285735563 } [ [ SP SP X2 4 <UXTX> ADD ] { } make be> ] }
Unit Test: { { 536870930 } [ [ W0 W1 1 AND ] { } make be> ] }
Unit Test: { { 543955986 } [ [ W0 W1 -16 AND ] { } make be> ] }
Unit Test: {
    { 547096722 }
    [ [ X0 X1 18374966859414961920 AND ] { } make be> ]
}
Must Fail: { [ [ W0 W1 X2 ADC ] { } make ] }
Must Fail: { [ [ SP X1 X2 SBC ] { } make ] }
Must Fail: { [ [ W0 W1 REV32 ] { } make ] }
Must Fail: { [ [ X0 SP REV ] { } make ] }
Must Fail: { [ [ W0 W1 W2 32 EXTR ] { } make ] }
Must Fail: { [ [ X0 X1 X2 64 EXTR ] { } make ] }
Must Fail: { [ [ X0 X1 X2 -1 EXTR ] { } make ] }
Must Fail: { [ [ X0 X1 W2 0 EXTR ] { } make ] }
Must Fail: { [ [ W0 W1 32 ROR ] { } make ] }
Must Fail: { [ [ W0 W1 32 0 SBFM ] { } make ] }
Must Fail: { [ [ X0 X1 0 64 UBFM ] { } make ] }
Must Fail: { [ [ X0 X1 -1 0 BFM ] { } make ] }
Must Fail: { [ [ X0 X1 1 0 SBFX ] { } make ] }
Must Fail: { [ [ X0 X1 1 0 UBFX ] { } make ] }
Must Fail: { [ [ X0 X1 1 0 BFXIL ] { } make ] }
Must Fail: { [ [ X0 X1 63 2 BFI ] { } make ] }
Must Fail: { [ [ X0 X1 1 0 BFI ] { } make ] }
Must Fail: { [ [ X0 X1 X2 1 <ROR> ADD ] { } make ] }
Must Fail: { [ [ X0 X1 X2 1 <ROR> SUBS ] { } make ] }
Must Fail: { [ [ XZR X1 W2 0 <UXTW> ADD ] { } make ] }
Must Fail: { [ [ SP X1 W2 0 <UXTW> ADDS ] { } make ] }
Must Fail: { [ [ X0 X1 16 EQ CCMP ] { } make ] }
Must Fail: { [ [ X0 X1 0 16 CCMN ] { } make ] }
Must Fail: { [ [ X0 32 0 EQ CCMP ] { } make ] }
Must Fail: { [ [ X0 -1 0 EQ CCMN ] { } make ] }
Must Fail: { [ [ X0 W1 0 EQ CCMP ] { } make ] }
Must Fail: { [ [ SP X1 0 EQ CCMN ] { } make ] }
Must Fail: { [ [ X0 X1 X2 16 CSEL ] { } make ] }
Must Fail: { [ [ X0 X1 W2 X3 SMADDL ] { } make ] }
Must Fail: { [ [ W0 W1 W2 X3 SMSUBL ] { } make ] }
Must Fail: { [ [ X0 W1 W2 W3 UMADDL ] { } make ] }
Must Fail: { [ [ X0 WSP W2 X3 UMSUBL ] { } make ] }
Must Fail: { [ [ 0 16 B.cond ] { } make ] }
Must Fail: { [ [ W0 32 0 TBZ ] { } make ] }
Must Fail: { [ [ X0 64 0 TBNZ ] { } make ] }
Must Fail: { [ [ X0 -1 0 TBZ ] { } make ] }
Must Fail: { [ [ X0 X1 X2 5 <LSL*> ADD ] { } make ] }
Must Fail: { [ [ X0 X1 X2 -1 <LSL*> SUB ] { } make ] }
Unit Test: {
    { 3758571645 }
    [ [ V0 SP 2 [+] half-rep LDR* ] { } make be> ]
}
Unit Test: {
    { 3758571645 }
    [ [ V0 SP 2 [+] bfloat-rep LDR* ] { } make be> ]
}
Unit Test: {
    { 3775856765 }
    [ [ V1 SP 6 [+] half-rep STR* ] { } make be> ]
}
Unit Test: {
    { 3775856765 }
    [ [ V1 SP 6 [+] bfloat-rep STR* ] { } make be> ]
}
Must Fail: { [ [ void { } "cdecl" alien-indirect ] infer ] }
Must Fail: { [ [ "void" { } cdecl alien-indirect ] infer ] }
Must Fail: { [ [ void* 3 cdecl alien-indirect ] infer ] }
Must Fail: { [ [ void* { "int" } cdecl alien-indirect ] infer ] }
Must Fail: { [ [ void* { int } cdecl { } alien-callback ] infer ] }
Unit Test: { { } [ ffi_test_0 ] }
Unit Test: { { 3 } [ ffi_test_1 ] }
Unit Test: { { } [ \ ffi_test_1 def>> [ drop ] append compile-call ] }
Unit Test: { { 5 } [ 2 3 ffi_test_2 ] }
Must Fail: { [ "hi" 3 ffi_test_2 ] }
Unit Test: { { 25 } [ 2 3 4 5 ffi_test_3 ] }
Unit Test: { { 1.5 } [ ffi_test_4 ] }
Unit Test: { { 1.5 } [ ffi_test_5 ] }
Unit Test: { { 28 } [ 1 2 3 4 5 6 7 ffi_test_9 ] }
Must Fail: { [ "a" 2 3 4 5 6 7 ffi_test_9 ] }
Must Fail: { [ 1 2 3 4 5 6 "a" ffi_test_9 ] }
Unit Test: { { 14 } [ 1 2 3 make-FOO 4 ffi_test_11 ] }
Unit Test: { { 66 } [ 1 2 3 4 5 6 7 8 9 10 11 ffi_test_13 ] }
Unit Test: { { 11 6 } [ 11 6 ffi_test_14 [ x>> ] [ y>> ] bi ] }
Unit Test: { { "foo" } [ "xy" "zt" ffi_test_15 ] }
Unit Test: { { "bar" } [ "xy" "xy" ffi_test_15 ] }
Must Fail: { [ 1 2 ffi_test_15 ] }
Unit Test: {
    { 11 6 -7 }
    [ 11 6 -7 ffi_test_16 [ x>> ] [ y>> ] [ z>> ] tri ]
}
Unit Test: { { 11 } [ 11 ffi_test_17 x>> ] }
Must Fail With: { [ [ alien-indirect ] infer ] [ inference-error? ] }
Must Infer As: { { 1 1 } [ indirect-test-1 ] }
Unit Test: { { 3 } [ "ffi_test_1" "f-cdecl" address-of indirect-test-1 ] }
Must Infer As: { { 1 0 } [ indirect-test-1' ] }
Unit Test: { { } [ "ffi_test_1" "f-cdecl" address-of indirect-test-1' ] }
Must Fail: { [ -1 indirect-test-1 ] }
Must Infer As: { { 3 1 } [ indirect-test-2 ] }
Unit Test: {
    { 5 }
    [ 2 3 "ffi_test_2" "f-cdecl" address-of indirect-test-2 ]
}
Unit Test: { { f } [ "f-stdcall" library-dll f = ] }
Unit Test: { { stdcall } [ "f-stdcall" lookup-library abi>> ] }
Unit Test: { { 25 } [ 2 3 4 5 ffi_test_18 ] }
Unit Test: {
    { 11 6 -7 }
    [ 11 6 -7 ffi_test_19 [ x>> ] [ y>> ] [ z>> ] tri ]
}
Unit Test: { { 25 85 } [ 2 3 4 5 6 7 8 9 multi_ffi_test_18 ] }
Unit Test: { { 6.0 } [ 3.0 2.0 ffi_test_6 ] }
Must Fail: { [ "a" "b" ffi_test_6 ] }
Unit Test: { { 6.0 } [ 3.0 2.0 ffi_test_7 ] }
Unit Test: { { 19.0 } [ 3.0 2.0 1.0 6.0 7 ffi_test_8 ] }
Unit Test: { { -34 } [ 1 2 3.0 4 5.0 6 7 8 ffi_test_10 ] }
Unit Test: { { } [ 1.0 2.0 3.0 4.0 5.0 6.0 7.0 8.0 9.0 ffi_test_20 ] }
Unit Test: { { 861 3 } [ 42 [ ] each-integer ffi_test_31 ] }
Unit Test: { { 861.0 } [ 42 [ >float ] each-integer ffi_test_31_point_5 ] }
Unit Test: { { 121932631112635269 } [ 123456789 987654321 ffi_test_21 ] }
Unit Test: {
    { 987655432 }
    [ 1111 121932631112635269 123456789 ffi_test_22 ]
}
Must Fail: { [ 1111 f 123456789 ffi_test_22 ] }
Unit Test: { { 45 } [ 1 2 3.0 4.0 5.0 6.0 <RECT> 7 8 9 ffi_test_12 ] }
Must Fail: { [ 1 2 { 1 2 3 } 7 8 9 ffi_test_12 ] }
Unit Test: {
    { 32.0 }
    [
        { 1.0 2.0 3.0 } float >c-array
        { 4.0 5.0 6.0 } float >c-array ffi_test_23
    ]
}
Unit Test: { { S{ test-struct-1 { x char-array{ 1 } } } } [ ffi_test_24 ] }
Unit Test: {
    { S{ test-struct-2 { x char-array{ 1 2 } } } }
    [ ffi_test_25 ]
}
Unit Test: {
    { S{ test-struct-3 { x char-array{ 1 2 3 } } } }
    [ ffi_test_26 ]
}
Unit Test: {
    { S{ test-struct-4 { x char-array{ 1 2 3 4 } } } }
    [ ffi_test_27 ]
}
Unit Test: {
    { S{ test-struct-5 { x char-array{ 1 2 3 4 5 } } } }
    [ ffi_test_28 ]
}
Unit Test: {
    { S{ test-struct-6 { x char-array{ 1 2 3 4 5 6 } } } }
    [ ffi_test_29 ]
}
Unit Test: {
    { S{ test-struct-7 { x char-array{ 1 2 3 4 5 6 7 } } } }
    [ ffi_test_30 ]
}
Unit Test: {
    { 9.0 }
    [ test-struct-8 <struct> 1.0 >>x 2.0 >>y 3 ffi_test_32 ]
}
Unit Test: {
    { 9.0 }
    [ test-struct-9 <struct> 1.0 >>x 2.0 >>y 3 ffi_test_33 ]
}
Unit Test: {
    { 9.0 }
    [ test-struct-10 <struct> 1.0 >>x 2 >>y 3 ffi_test_34 ]
}
Unit Test: {
    { 9.0 }
    [ test-struct-11 <struct> 1 >>x 2 >>y 3 ffi_test_35 ]
}
Unit Test: { { 1.23456 } [ 1.23456 make-struct-12 ffi_test_36 ] }
Unit Test: { { t } [ 31 2^ 32 2^ ffi_test_38 63 2^ = ] }
Unit Test: { { t } [ callback-throws [ alien? ] with-callback ] }
Unit Test: {
    { 0 1 }
    [ [ callback-1 ] infer [ in>> length ] [ out>> length ] bi ]
}
Unit Test: { { t } [ callback-1 [ alien? ] with-callback ] }
Unit Test: { { } [ callback-1 [ callback_test_1 ] with-callback ] }
Unit Test: { { } [ callback-2 [ callback_test_1 ] with-callback ] }
Unit Test: {
    { t 3 5 }
    [
        [
            (get-namestack) 3 "x" set callback-3
            [ callback_test_1 ] with-callback
            (get-namestack) eq? "x" get "x" get-global
        ] with-scope
    ]
}
Unit Test: {
    { "testing" }
    [ "testing" callback-5 [ callback_test_1 ] with-callback ]
}
Unit Test: {
    { "testing" }
    [ "testing" callback-5b [ callback_test_1 ] with-callback ]
}
Unit Test: {
    { 1 2 3 }
    [ callback-6 [ callback_test_1 1 2 3 ] with-callback ]
}
Unit Test: {
    { 1 2 3 }
    [ callback-7 [ callback_test_1 1 2 3 ] with-callback ]
}
Unit Test: { { f } [ namespace global eq? ] }
Unit Test: { { } [ callback-8 [ callback_test_1 ] with-callback ] }
Unit Test: { { } [ ffi_test_36_point_5 ] }
Unit Test: { { 1 } [ callback-9 [ ffi_test_37 ] with-callback ] }
Unit Test: { { 7 } [ callback-9 [ ffi_test_37 ] with-callback ] }
Unit Test: { { 21 } [ 12347 12347 make-test-struct-13 ffi_test_39 ] }
Unit Test: {
    { byte-array 1.0 2.0 3.0 4.0 }
    [
        1.0 2.0 3.0 4.0 <double-rect> double-rect-callback [
            double-rect-test
            [ >c-ptr class-of ] [ >double-rect< ] bi
        ] with-callback
    ]
}
Unit Test: { { 1.0 2.0 } [ 1.0 2.0 ffi_test_40 [ x1>> ] [ x2>> ] bi ] }
Unit Test: {
    { 1.0 2.0 }
    [
        1.0 2.0 callback-10
        [ callback-10-test [ x1>> ] [ x2>> ] bi ] with-callback
    ]
}
Unit Test: { { 1 2.0 } [ 1 2.0 ffi_test_41 [ a>> ] [ x>> ] bi ] }
Unit Test: {
    { 1 2.0 }
    [
        1 2.0 callback-11
        [ callback-11-test [ a>> ] [ x>> ] bi ] with-callback
    ]
}
Unit Test: { { 1.0 2.0 } [ 1.0 2.0 ffi_test_42 [ x>> ] [ y>> ] bi ] }
Unit Test: {
    { 1.0 2.0 }
    [
        1.0 2.0 callback-12
        [ callback-12-test [ x>> ] [ y>> ] bi ] with-callback
    ]
}
Unit Test: { { 1.0 2 } [ 1.0 2 ffi_test_43 [ x>> ] [ a>> ] bi ] }
Unit Test: {
    { 1.0 2 }
    [
        1.0 2 callback-13
        [ callback-13-test [ x>> ] [ a>> ] bi ] with-callback
    ]
}
Unit Test: { { 1.0 2.0 } [ ffi_test_44 [ x1>> ] [ x2>> ] bi ] }
Must Not Fail: { [ stack-frame-bustage ] }
Unit Test: { { C{ 3.0 0.0 } } [ 3 ffi_test_45 ] }
Unit Test: { { C{ 3.0 0.0 } } [ 3 ffi_test_46 ] }
Unit Test: { { C{ 4.0 4.0 } } [ C{ 1.0 2.0 } C{ 1.5 1.0 } ffi_test_47 ] }
Unit Test: {
    { 123 }
    [ bool-field-test <struct> 123 >>parents ffi_test_48 ]
}
Unit Test: {
    { 200 }
    [
        thread-callback-2
        [ thread-callback-invoker ] with-callback
    ]
}
Unit Test: { { 100 } [ "p" get ?promise ] }
Unit Test: { { } [ assembly-test-1 ] }
Unit Test: { { f } [ "f-fastcall" library-dll f = ] }
Unit Test: { { fastcall } [ "f-fastcall" lookup-library abi>> ] }
Unit Test: { { 4 } [ 3 ffi_test_49 ] }
Unit Test: { { 8 } [ 3 4 ffi_test_50 ] }
Unit Test: { { 13 } [ 3 4 5 ffi_test_51 ] }
Unit Test: { { 13 22 } [ 3 4 5 6 7 8 multi_ffi_test_51 ] }
Unit Test: { { t } [ most-positive-fixnum 1 + [ ffi_test_59 ] keep = ] }
Unit Test: { { t } [ most-positive-fixnum 1 + [ ffi_test_60 ] keep = ] }
Unit Test: { { -1 } [ -1 ffi_test_59 ] }
Unit Test: { { -1 } [ 18446744073709551615 ffi_test_59 ] }
Unit Test: { { 18446744073709551615 } [ -1 ffi_test_60 ] }
Unit Test: {
    { 18446744073709551615 }
    [ 18446744073709551615 ffi_test_60 ]
}
Unit Test: { { 13 } [ 3 4.0 5 ffi_test_52 ] }
Unit Test: { { 19 } [ 3 4.0 5 6 ffi_test_53 ] }
Unit Test: { { S{ test-struct-11 { x 7 } { y -1 } } } [ 3 4 ffi_test_57 ] }
Unit Test: {
    { S{ test-struct-11 { x 7 } { y -3 } } }
    [ 3 4 7 ffi_test_58 ]
}
Unit Test: {
    { 8 }
    [
        3 4 "ffi_test_50" "f-cdecl" address-of
        fastcall-ii-indirect
    ]
}
Unit Test: {
    { 13 }
    [
        3 4 5 "ffi_test_51" "f-cdecl" address-of
        fastcall-iii-indirect
    ]
}
Unit Test: {
    { 13 }
    [
        3 4.0 5 "ffi_test_52" "f-cdecl" address-of
        fastcall-ifi-indirect
    ]
}
Unit Test: {
    { 19 }
    [
        3 4.0 5 6 "ffi_test_53" "f-cdecl" address-of
        fastcall-ifii-indirect
    ]
}
Unit Test: {
    { S{ test-struct-11 { x 7 } { y -1 } } }
    [
        3 4 "ffi_test_57" "f-cdecl" address-of
        fastcall-struct-return-ii-indirect
    ]
}
Unit Test: {
    { S{ test-struct-11 { x 7 } { y -3 } } }
    [
        3 4 7 "ffi_test_58" "f-cdecl" address-of
        fastcall-struct-return-iii-indirect
    ]
}
Unit Test: {
    { 8 }
    [
        3 4 fastcall-ii-callback
        [ fastcall-ii-indirect ] with-callback
    ]
}
Unit Test: {
    { 13 }
    [
        3 4 5 fastcall-iii-callback
        [ fastcall-iii-indirect ] with-callback
    ]
}
Unit Test: {
    { 13 }
    [
        3 4.0 5 fastcall-ifi-callback
        [ fastcall-ifi-indirect ] with-callback
    ]
}
Unit Test: {
    { 19 }
    [
        3 4.0 5 6 fastcall-ifii-callback
        [ fastcall-ifii-indirect ] with-callback
    ]
}
Unit Test: {
    { S{ test-struct-11 { x 7 } { y -1 } } }
    [
        3 4 fastcall-struct-return-ii-callback
        [ fastcall-struct-return-ii-indirect ] with-callback
    ]
}
Unit Test: {
    { S{ test-struct-11 { x 7 } { y -3 } } }
    [
        3 4 7 fastcall-struct-return-iii-callback
        [ fastcall-struct-return-iii-indirect ] with-callback
    ]
}
Unit Test: {
    { 661 }
    [
        100 500 50 10 1 x64-regression-1
        [ x64-regression-2 ] with-callback
    ]
}
Unit Test: { { 3 } [ blah ] }
Unit Test: { { 12 } [ out-param-test-1 ] }
Unit Test: { { 12 } [ out-param-test-2 ] }
Unit Test: { { 3.0 4.0 } [ out-param-test-3 ] }
Unit Test: {
    { 12 }
    [
        6 out-param-callback
        [ out-param-indirect ] with-callback
    ]
}
Unit Test: {
    { T{ some-tuple { x 5.0 } } }
    [
        [
            some-tuple new aa-callback-1
            [ aa-indirect-1 ] with-callback >>x
        ] compile-call
    ]
}
Unit Test: { { } [ anton's-regression ] }
Unit Test: { { t } [ ffi_test_61 bool-and-ptr? ] }
Unit Test: { { { t f } } [ ffi_test_61 [ b>> ] [ ptr>> ] bi 2array ] }
Unit Test: {
    { S{ uint-pair { a 2882400171 } { b 305419896 } } }
    [ ffi_test_62 ]
}
Unit Test: {
    {
        S{ ulonglong-pair
            { a 12379814471884843981 }
            { b 1311768467302729063 }
        }
    }
    [ ffi_test_63 ]
}
Unit Test: {
    { t }
    [
        10 [ [ 100 random ] twice 2array ] replicate [
            [
                first2 [ <alien> ] dip bug1021_test_1
                alien-address
            ] map
        ] [ [ first2 sq + ] map ] bi =
    ]
}
Unit Test: {
    { }
    [
        minor-gc 2000
        [ 101 <alien> run-test [ alien-address ] map drop ]
        times
    ]
}
Unit Test: { { 30 60 } [ 2 10 20 do-sum-ints2 3 10 20 30 do-sum-ints3 ] }
Unit Test: {
    { 27.0 22.0 }
    [ 2 7 20 do-sum-doubles2 3 5 10 7 do-sum-doubles3 ]
}
Unit Test: { { } [ 10000 [ 0 doit 33 assert= ] times ] }
Unit Test: {
    { 28 }
    [
        1 2 3
        S{ test_struct_66 { mem1 4 } { mem2 5 } }
        S{ test_struct_66 { mem1 6 } { mem2 7 } } ffi_test_66
    ]
}
Unit Test: {
    { 28 }
    [
        1 2 3
        S{ test_struct_66 { mem1 4 } { mem2 5 } }
        S{ test_struct_66 { mem1 6 } { mem2 7 } } callback-14
        [ callback-14-test ] with-callback
    ]
}
Unit Test: {
    { 44 }
    [
        1 2 3
        S{ test_struct_66 { mem1 4 } { mem2 5 } }
        S{ test_struct_66 { mem1 6 } { mem2 7 } } 8 ffi_test_67
    ]
}
Unit Test: {
    { 44 }
    [
        1 2 3
        S{ test_struct_66 { mem1 4 } { mem2 5 } }
        S{ test_struct_66 { mem1 6 } { mem2 7 } } 8 callback-15
        [ callback-15-test ] with-callback
    ]
}
Unit Test: {
    { 55 }
    [
        1 2 3
        S{ test_struct_66 { mem1 4 } { mem2 5 } }
        S{ test_struct_68 { mem1 6 } { mem2 7 } { mem3 8 } }
        S{ test_struct_66 { mem1 9 } { mem2 10 } } ffi_test_68
    ]
}
Unit Test: {
    { 55 }
    [
        1 2 3
        S{ test_struct_66 { mem1 4 } { mem2 5 } }
        S{ test_struct_68 { mem1 6 } { mem2 7 } { mem3 8 } }
        S{ test_struct_66 { mem1 9 } { mem2 10 } } callback-16
        [ callback-16-test ] with-callback
    ]
}
Unit Test: {
    { 55 }
    [
        1 2 3
        S{ test_struct_66 { mem1 4 } { mem2 5 } }
        S{ test_struct_69 { mem1 6.0 } { mem2 7 } { mem3 8 } }
        S{ test_struct_66 { mem1 9 } { mem2 10 } } ffi_test_69
    ]
}
Unit Test: {
    { 55 }
    [
        1 2 3
        S{ test_struct_66 { mem1 4 } { mem2 5 } }
        S{ test_struct_69 { mem1 6.0 } { mem2 7 } { mem3 8 } }
        S{ test_struct_66 { mem1 9 } { mem2 10 } } callback-17
        [ callback-17-test ] with-callback
    ]
}
Unit Test: {
    { 36 }
    [
        S{ test_struct_68 { mem1 1 } { mem2 2 } { mem3 3 } }
        S{ test_struct_68 { mem1 4 } { mem2 5 } { mem3 6 } }
        S{ test_struct_66 { mem1 7 } { mem2 8 } } ffi_test_70
    ]
}
Unit Test: {
    { 36 }
    [
        S{ test_struct_68 { mem1 1 } { mem2 2 } { mem3 3 } }
        S{ test_struct_68 { mem1 4 } { mem2 5 } { mem3 6 } }
        S{ test_struct_66 { mem1 7 } { mem2 8 } } callback-18
        [ callback-18-test ] with-callback
    ]
}
Unit Test: {
    { t }
    [
        init-cfg-test
        <basic-block>
        dup
        set-basic-block
        dup
        \ dummy-assembly
        build-tree
        optimize-tree
        first
        [ emit-node ]
        V{ }
        make
        drop
        eq?
    ]
}
Unit Test: {
    { 2 t }
    [
        \ dummy-callback build-tree optimize-tree gensym
        build-cfg [ length ] [ second frame-pointer?>> ] bi
    ]
}
Unit Test: {
    {
        V{
            T{ ##load-reference { dst 1 } { obj t } }
            T{ ##load-integer { dst 2 } { val 3 } }
            T{ ##copy { dst 4 } { src 1 } { rep any-rep } }
            T{ ##copy { dst 3 } { src 2 } { rep any-rep } }
            T{ ##inc { loc D: 2 } }
            T{ ##branch }
        }
    }
    [
        init-cfg-test
        <basic-block>
        dup
        set-basic-block
        \ dummy-callback
        build-tree
        optimize-tree
        3
        swap
        nth
        child>>
        [ emit-callback-body drop ]
        V{ }
        make
    ]
}
Unit Test: {
    { "malloc" f }
    [
        f f cdecl f "libc" "malloc" alien-invoke-params boa
        caller-linkage [ path>> alien>native-string ] ?call
    ]
}
Unit Test: {
    { t "fdkjlsdflfd" }
    [
        begin-stack-analysis \ foo f begin-cfg drop
        f f cdecl f f "fdkjlsdflfd" alien-invoke-params boa
        caller-linkage 2drop linkage-errors get foo of error>>
        [ no-such-symbol? ] [ name>> ] bi
    ]
}
Unit Test: {
    { { 1 42 } { { int-rep f f } { double-rep f f } } 1 }
    [
        init-cfg-test
        ordinary-struct-result-cpu
        \ cpu
        [
            [
                { 42 } { { double-rep f f } } indirect-result
                prepare-struct-caller
            ] V{ } make drop
        ]
        with-variable
    ]
}
Unit Test: {
    { { 1 } { { int-rep f f } } 1 }
    [
        init-cfg-test
        ordinary-struct-result-cpu
        \ cpu
        [
            [ { } { } indirect-result prepare-struct-caller ]
            V{ } make drop
        ]
        with-variable
    ]
}
Unit Test: {
    { 0 }
    [
        alien-node-params new long >>return cdecl >>abi
        25 caller-stack-cleanup
    ]
}
Unit Test: { { } [ "malloc" f check-dlsym ] }
Unit Test: {
    { { { 1 int-rep X0 } } { { 2 double-rep V0 } } }
    [
        init-cfg-test
        T{ alien-invoke-params { return int } }
        prepare-caller-return
        T{ alien-invoke-params { return double } }
        prepare-caller-return
    ]
}
Unit Test: {
    {
        { 2 3 }
        { { int-rep f f 8 } { int-rep f f 4 } }
        V{ T{ ##unbox-any-c-ptr { dst 2 } { src 1 } } }
    }
    [
        init-cfg-test
        [ { c-string int } unbox-parameters ]
        V{ }
        make
    ]
}
Unit Test: {
    { V{ } V{ } f f }
    [
        cdecl
        [ ] with-param-regs reg-values get stack-values get
    ]
}
Unit Test: { { { { int-rep f f 4 } } } [ int base-type flatten-c-type ] }
Unit Test: {
    { { { int-rep f f } { int-rep f f } } }
    [
        some-struct base-type base-type flatten-c-type
        [ first3 3array ] map
    ]
}
Unit Test: {
    { { 20 } { { int-rep f f 4 } } { } }
    [ reset-vreg-counter [ 20 int base-type unbox ] { } make ]
}
Unit Test: {
    {
        { 2 3 }
        { { int-rep f f } { int-rep f f } }
        {
            T{ ##unbox-any-c-ptr { dst 1 } { src 20 } }
            T{ ##load-memory-imm
                { dst 2 }
                { base 1 }
                { offset 0 }
                { rep int-rep }
            }
            T{ ##load-memory-imm
                { dst 3 }
                { base 1 }
                { offset 8 }
                { rep int-rep }
            }
        }
    }
    [
        init-cfg-test
        [ 20 some-struct base-type unbox [ first3 3array ] map ]
        { }
        make
    ]
}
Unit Test: {
    {
        { 1 }
        { { int-rep f f 8 } }
        { T{ ##unbox-any-c-ptr { dst 1 } { src 77 } } }
    }
    [
        init-cfg-test
        [ 77 c-string base-type unbox-parameter ]
        { }
        make
    ]
}
Unit Test: {
    { { 77 } { { int-rep f f 4 } } { } }
    [
        init-cfg-test
        [ 77 int base-type unbox-parameter ]
        { }
        make
    ]
}
Unit Test: {
    { f t V{ } f }
    [
        V{ 1 2 3 } clone f reg-class-full? V{ 1 } clone
        [ t reg-class-full? ] keep V{ 1 2 } t reg-class-full?
    ]
}
"test failures"
0
"compiler errors"
0
