Unit Test: {
    { V{ 31 32 } { 33 } }
    [
        0 inner-d-index set V{ } clone (meta-d) set
        H{ } clone known-values set V{ } clone literals set
        30 \ <value> set-global
        alien-node-params new int >>return
        { int int } >>parameters inputs/outputs
    ]
}
Unit Test: {
    { V{ 31 32 33 } { 34 } }
    [
        0 inner-d-index set V{ } clone (meta-d) set
        H{ } clone known-values set V{ } clone literals set
        30 \ <value> set-global
        alien-indirect-params new int >>return
        { int int } >>parameters inputs/outputs
    ]
}
Unit Test: {
    {
        [
            [
                { fixnum fixnum } declare [ [ ] dip ] dip
                "hello" >fixnum
            ] [
                dup current-callback eq?
                [ drop ] [ wait-for-callback ] if
            ] do-callback
        ]
    }
    [
        int { int int } cdecl f alien-node-params boa
        [ "hello" ] wrap-callback-quot
    ]
}
Must Fail With: {
    [
        alien-invoke-params new { int } >>parameters
        -1 >>varargs? prepare-varargs
    ]
    [ invalid-varargs-count? ]
}
Must Fail With: {
    [
        alien-invoke-params new { int } >>parameters
        2 >>varargs? prepare-varargs
    ]
    [ invalid-varargs-count? ]
}
Must Fail With: {
    [
        alien-invoke-params new { int } >>parameters
        t >>varargs? prepare-varargs
    ]
    [ missing-varargs-count? ]
}
Must Fail With: {
    [
        alien-invoke-params new { half int } >>parameters
        1 >>varargs? check-windows-small-float-varargs
    ]
    [ windows-small-float-varargs-unsupported? ]
}
Must Fail With: {
    [
        alien-indirect-params new { int bfloat } >>parameters
        1 >>varargs? check-windows-small-float-varargs
    ]
    [ windows-small-float-varargs-unsupported? ]
}
Unit Test: {
    { }
    [
        alien-invoke-params new { half bfloat } >>parameters
        f >>varargs? check-windows-small-float-varargs
    ]
}
0
