+ /opt/homebrew/opt/llvm/bin/clang -std=c11 -O2 -fPIC -dynamiclib vm/ffi_test.c -lm -o /Users/erg/factor.worktrees/bindings-on-agent1-20260908/libfactor-ffi-test.dylib
+ /opt/homebrew/opt/llvm/bin/clang -std=c11 -O2 -Wall -Wextra -Werror -DFACTOR_VARARGS_CONTROL_MAIN vm/ffi_test_varargs.c -o /var/folders/9s/v10381cs7sd2s_lv0z76bjrr0000gn/T/factor-varargs-kdxg9rq5/controls
+ /var/folders/9s/v10381cs7sd2s_lv0z76bjrr0000gn/T/factor-varargs-kdxg9rq5/controls
C HFA spill control: PASS
C variadic ABI controls: 0xff / 0xff
C half/BF16 variadic controls: PASS
+ /Users/erg/factor.worktrees/arm64-varargs-entry/Factor.app/Contents/MacOS/factor -i=/Users/erg/factor.worktrees/bindings-on-agent1-20260908/rebased.image -resource-path=/Users/erg/factor.worktrees/bindings-on-agent1-20260908 -no-user-init -no-monitors -require-varargs-small .github/arm64-varargs-tests.factor
ARM64 half/BF16 varargs coverage required and available
ARM64 C varargs controls passed: 0xff
Unit Test: {
    { -7 3.5 42 }
    [
        [
            load-local -7 0 get-local 256 set-alien-signed-4
            3.5 0 get-local 264 set-alien-double
            42 0 get-local 272 set-alien-signed-8
            0 get-local macos cursor-at load-local
            0 get-local char va-arg 0 get-local double va-arg 0
            get-local longlong va-arg 2 drop-locals
        ] with-va-memory
    ]
}
Unit Test: {
    { 11 22 22 }
    [
        [
            load-local 11 0 get-local 256 set-alien-signed-4
            22 0 get-local 264 set-alien-signed-4
            0 get-local macos cursor-at load-local
            0 get-local int va-arg 0 get-local va-copy
            load-local
            -1 get-local int va-arg 0 get-local int va-arg 3
            drop-locals
        ] with-va-memory
    ]
}
Unit Test: {
    { 123 2.5 456 }
    [
        [
            load-local 123 0 get-local 0 set-alien-signed-4
            456 0 get-local 8 set-alien-signed-4
            2.5 0 get-local 64 set-alien-double
            0 get-local linux cursor-at load-local
            0 get-local int va-arg 0 get-local double va-arg 0
            get-local int va-arg 2 drop-locals
        ] with-va-memory
    ]
}
Unit Test: {
    { 7 8 }
    [
        [
            load-local 7 0 get-local 56 set-alien-signed-4
            8 0 get-local 256 set-alien-signed-4
            0 get-local linux cursor-at -8 >>gr-offs load-local
            0 get-local int va-arg 0 get-local int va-arg 2
            drop-locals
        ] with-va-memory
    ]
}
Unit Test: {
    { 17 19 23 }
    [
        [
            load-local 999 0 get-local 56 set-alien-signed-8
            17 0 get-local 256 set-alien-signed-8
            19 0 get-local 264 set-alien-signed-8
            23 0 get-local 272 set-alien-signed-4
            0 get-local linux cursor-at -8 >>gr-offs load-local
            0 get-local va-pair va-arg [ x>> ] [ y>> ] bi
            0 get-local int va-arg 2 drop-locals
        ] with-va-memory
    ]
}
Unit Test: {
    { 17 19 23 }
    [
        [
            load-local 17 0 get-local 56 set-alien-signed-8
            19 0 get-local 64 set-alien-signed-8
            23 0 get-local 72 set-alien-signed-4
            0 get-local windows cursor-at
            56 0 get-local <displaced-alien> >>stack load-local
            0 get-local va-pair va-arg [ x>> ] [ y>> ] bi
            0 get-local int va-arg 2 drop-locals
        ] with-va-memory
    ]
}
Unit Test: {
    { 1.5 2.5 }
    [
        [
            load-local 1.5 0 get-local 64 set-alien-double
            2.5 0 get-local 80 set-alien-double
            0 get-local linux cursor-at va-hfa va-arg load-local
            100.0 -1 get-local 64 set-alien-double 0 get-local
            [ x>> ] [ y>> ] bi 2 drop-locals
        ] with-va-memory
    ]
}
Unit Test: {
    { 1.0 2.0 3.0 4.0 }
    [
        [
            load-local 1.0 0 get-local 64 set-alien-double
            2.0 0 get-local 80 set-alien-double
            3.0 0 get-local 96 set-alien-double
            4.0 0 get-local 112 set-alien-double
            0 get-local linux cursor-at va-nested-hfa va-arg
            [ x>> [ x>> ] [ y>> ] bi ]
            [ y>> [ x>> ] [ y>> ] bi ] bi 1 drop-locals
        ] with-va-memory
    ]
}
Unit Test: {
    { 3.0 4.0 5.0 }
    [
        [
            load-local 999.0 0 get-local 176 set-alien-double
            3.0 0 get-local 256 set-alien-double
            4.0 0 get-local 264 set-alien-double
            5.0 0 get-local 272 set-alien-double
            0 get-local linux cursor-at -16 >>vr-offs load-local
            0 get-local va-hfa va-arg [ x>> ] [ y>> ] bi
            0 get-local double va-arg 2 drop-locals
        ] with-va-memory
    ]
}
Unit Test: {
    { 11 22 33 }
    [
        [
            load-local 320 0 get-local <displaced-alien>
            0 get-local 0 set-alien-cell
            11 0 get-local 320 set-alien-signed-8
            22 0 get-local 328 set-alien-signed-8
            33 0 get-local 336 set-alien-signed-8
            0 get-local linux cursor-at va-triple va-arg
            [ x>> ] [ y>> ] [ z>> ] tri 1 drop-locals
        ] with-va-memory
    ]
}
Unit Test: {
    { { 1.0 2.0 3.0 } }
    [
        [
            load-local 1.0 0 get-local 64 set-alien-double
            2.0 0 get-local 80 set-alien-double
            3.0 0 get-local 96 set-alien-double
            0 get-local linux cursor-at
            va-array-hfa va-arg values>> >array 1 drop-locals
        ] with-va-memory
    ]
}
Unit Test: {
    { 1.0 2.0 }
    [
        [
            load-local 15360 0 get-local 64 set-alien-unsigned-2
            16384 0 get-local 80 set-alien-unsigned-2
            0 get-local linux cursor-at va-small-hfa va-arg
            [ x>> ] [ y>> ] bi 1 drop-locals
        ] with-va-memory
    ]
}
Unit Test: {
    { { 1.0 2.0 3.0 4.0 } { 5.0 6.0 7.0 8.0 } }
    [
        [
            load-local 1.0 0 get-local 64 set-alien-float
            2.0 0 get-local 68 set-alien-float
            3.0 0 get-local 72 set-alien-float
            4.0 0 get-local 76 set-alien-float
            5.0 0 get-local 80 set-alien-float
            6.0 0 get-local 84 set-alien-float
            7.0 0 get-local 88 set-alien-float
            8.0 0 get-local 92 set-alien-float
            0 get-local linux cursor-at va-hva va-arg
            [ x>> >array ] [ y>> >array ] bi 1 drop-locals
        ] with-va-memory
    ]
}
Unit Test: {
    { { 1.0 2.0 3.0 4.0 } 23 }
    [
        [
            load-local 1.0 0 get-local 272 set-alien-float
            2.0 0 get-local 276 set-alien-float
            3.0 0 get-local 280 set-alien-float
            4.0 0 get-local 284 set-alien-float
            23 0 get-local 288 set-alien-signed-4
            0 get-local linux cursor-at 0 >>vr-offs 0 >>gr-offs
            264 0 get-local <displaced-alien> >>stack load-local
            0 get-local float-4 va-arg >array 0 get-local int
            va-arg 2 drop-locals
        ] with-va-memory
    ]
}
Unit Test: {
    { { 1.0 2.0 3.0 4.0 } }
    [
        [
            [
                load-local 1.0 0 get-local 64 set-alien-float
                2.0 0 get-local 68 set-alien-float
                3.0 0 get-local 72 set-alien-float
                4.0 0 get-local 76 set-alien-float
                0 get-local linux cursor-at
                float-4 va-arg >array 1 drop-locals
            ] with-va-memory
        ] compile-call
    ]
}
Unit Test: {
    { { 1.0 2.0 3.0 4.0 } 23 }
    [
        [
            load-local 1.0 0 get-local 56 set-alien-float
            2.0 0 get-local 60 set-alien-float
            3.0 0 get-local 64 set-alien-float
            4.0 0 get-local 68 set-alien-float
            23 0 get-local 72 set-alien-signed-4
            0 get-local windows cursor-at
            56 0 get-local <displaced-alien> >>stack load-local
            0 get-local float-4 va-arg >array 0 get-local int
            va-arg 2 drop-locals
        ] with-va-memory
    ]
}
Unit Test: {
    { 1.0 2.0 3.0 4.0 }
    [
        [
            load-local 320 0 get-local <displaced-alien>
            0 get-local 256 set-alien-cell
            1.0 0 get-local 320 set-alien-double
            2.0 0 get-local 328 set-alien-double
            3.0 0 get-local 336 set-alien-double
            4.0 0 get-local 344 set-alien-double
            0 get-local windows cursor-at va-nested-hfa va-arg
            [ x>> [ x>> ] [ y>> ] bi ]
            [ y>> [ x>> ] [ y>> ] bi ] bi 1 drop-locals
        ] with-va-memory
    ]
}
Unit Test: {
    { }
    [
        [
            load-local 0 get-local macos cursor-at
            dup escaped-cursor set-global
            va-copy escaped-copy set-global 1 drop-locals
        ] with-va-memory
    ]
}
Must Fail With: { [ escaped-cursor get int va-arg ] [ expired-va-list? ] }
Must Fail With: { [ escaped-copy get va-copy ] [ expired-va-list? ] }
Unit Test: {
    { }
    [
        [
            [
                load-local 0 get-local macos cursor-at
                dup escaped-cursor set-global
                va-copy escaped-copy set-global
                "scope cleanup test" throw 1 drop-locals
            ] with-va-memory
        ] [ drop ] recover
    ]
}
Must Fail With: { [ escaped-cursor get int va-arg ] [ expired-va-list? ] }
Must Fail With: { [ escaped-copy get int va-arg ] [ expired-va-list? ] }
Unit Test: {
    { t }
    [
        [
            load-local 0 get-local macos cursor-at load-local
            0 get-local [
                load-local 0 get-local [
                    load-local 0 get-local va-copy drop
                    f 1 drop-locals
                ] curry [ expired-va-list? ] recover
                1 drop-locals
            ] curry future ?future 2 drop-locals
        ] with-va-memory
    ]
}
Must Fail With: {
    [ f f f 0 0 macos <platform-va-cursor> ]
    [ va-list-outside-callback-scope? ]
}
Unit Test: {
    { t t f }
    [
        va_list native-va-list-type? cpu arm.64? =
        va_list lookup-c-type native-va-list-type? cpu arm.64? =
        int native-va-list-type?
    ]
}
Unit Test: {
    { 6 "7/2.50" 6 "7/2.50" 7 }
    [
        [
            load-local 7 0 get-local 0 set-alien-signed-4
            2.5 0 get-local 64 set-alien-double
            7 0 get-local 256 set-alien-signed-4
            2.5 0 get-local 264 set-alien-double
            0 get-local os cursor-at load-local
            32 <byte-array> load-local
            0 get-local 32 "%d/%.2f" -1 get-local
            va-test-vsnprintf 0 get-local utf8 alien>string
            0 get-local 32 "%d/%.2f" -1 get-local
            va-test-vsnprintf 0 get-local utf8 alien>string
            -1 get-local int va-arg 3 drop-locals
        ] with-va-memory
    ]
}
Unit Test: {
    { 7 7 }
    [
        [
            load-local 7 0 get-local 0 set-alien-signed-4
            7 0 get-local 256 set-alien-signed-4
            0 get-local os cursor-at load-local
            0 get-local cursor>native-va-list
            native-va-list>cursor int va-arg 0 get-local int
            va-arg 2 drop-locals
        ] with-va-memory
    ]
}
Unit Test: {
    { ( logLevel text args -- ) }
    [ \ TraceLogCallback "callback-effect" word-prop ]
}
Unit Test: { { 2 } [ 4 \ trace-log def>> nth ] }
Unit Test: { { 1 } [ 4 \ text-format def>> nth ] }
Raylib native formatting tests unavailable: shared library not installed.
Unit Test: { { t } [ va_list lookup-c-type va_list lookup-c-type eq? ] }
Unit Test: { { t } [ va_list lookup-c-type va_list lookup-c-type eq? ] }
Unit Test: {
    { { 1 2 3 4 1 } }
    [
        { printw wprintw mvprintw mvwprintw tparm }
        [ def>> 4 swap nth ] map
    ]
}
Unit Test: {
    { ( fmt value -- int ) }
    [ \ printw "declared-effect" word-prop ]
}
Unit Test: {
    { ( win fmt value -- int ) }
    [ \ wprintw "declared-effect" word-prop ]
}
Unit Test: {
    { ( y x fmt value -- int ) }
    [ \ mvprintw "declared-effect" word-prop ]
}
Unit Test: {
    { ( win y x fmt value -- int ) }
    [ \ mvwprintw "declared-effect" word-prop ]
}
Unit Test: {
    { { f f } }
    [ { vwprintw vw_printw } [ def>> 4 swap nth ] map ]
}
Unit Test: {
    { 0 "value=12345" }
    [
        ALIEN: 1051ebe70
        load-local
        0
        get-local
        werase
        drop
        "value=%d"
        12345
        printw
        0
        get-local
        0
        0
        11
        read-window
        1
        drop-locals
    ]
}
Unit Test: {
    { 0 "value=-2468" }
    [
        S{ WINDOW
            { _cury 0 }
            { _curx 0 }
            { _maxy 3 }
            { _maxx 79 }
            { _begy 0 }
            { _begx 0 }
            { _flags 2 }
            { _attrs 0 }
            { _bkgd 0 }
            { _notimeout f }
            { _clear f }
            { _leaveok f }
            { _scroll f }
            { _idlok f }
            { _idcok t }
            { _immed f }
            { _sync f }
            { _use_keypad f }
            { _delay -1 }
            { _line "" }
            { _regtop 0 }
            { _regbottom 3 }
            { _parx -1 }
            { _pary -1 }
            { _parent f }
            { _pad
                S{ pdat
                    { _pad_y -1 }
                    { _pad_x -1 }
                    { _pad_top -1 }
                    { _pad_left -1 }
                    { _pad_bottom -1 }
                    { _pad_right -1 }
                }
            }
            { _yoffset 0 }
            { _bkgrnd
                S{ cchar_t
                    { attr 0 }
                    { chars ushort-array{ 32 0 0 0 0 } }
                }
            }
        }
        load-local
        0
        get-local
        werase
        drop
        0
        get-local
        "value=%d"
        -2468
        wprintw
        0
        get-local
        0
        0
        11
        read-window
        1
        drop-locals
    ]
}
Unit Test: {
    { 0 "value=13579" }
    [
        ALIEN: 1051ebe70
        load-local
        0
        get-local
        werase
        drop
        1
        2
        "value=%d"
        13579
        mvprintw
        0
        get-local
        1
        2
        11
        read-window
        1
        drop-locals
    ]
}
Unit Test: {
    { 0 "value=-9753" }
    [
        S{ WINDOW
            { _cury 0 }
            { _curx 0 }
            { _maxy 3 }
            { _maxx 79 }
            { _begy 0 }
            { _begx 0 }
            { _flags 34 }
            { _attrs 0 }
            { _bkgd 0 }
            { _notimeout f }
            { _clear f }
            { _leaveok f }
            { _scroll f }
            { _idlok f }
            { _idcok t }
            { _immed f }
            { _sync f }
            { _use_keypad f }
            { _delay -1 }
            { _line "" }
            { _regtop 0 }
            { _regbottom 3 }
            { _parx -1 }
            { _pary -1 }
            { _parent f }
            { _pad
                S{ pdat
                    { _pad_y -1 }
                    { _pad_x -1 }
                    { _pad_top -1 }
                    { _pad_left -1 }
                    { _pad_bottom -1 }
                    { _pad_right -1 }
                }
            }
            { _yoffset 0 }
            { _bkgrnd
                S{ cchar_t
                    { attr 0 }
                    { chars ushort-array{ 32 0 0 0 0 } }
                }
            }
        }
        load-local
        0
        get-local
        werase
        drop
        0
        get-local
        1
        2
        "value=%d"
        -9753
        mvwprintw
        0
        get-local
        1
        2
        11
        read-window
        1
        drop-locals
    ]
}
Unit Test: {
    { 0 "value=1.25/7" }
    [
        S{ WINDOW
            { _cury 1 }
            { _curx 2 }
            { _maxy 3 }
            { _maxx 79 }
            { _begy 0 }
            { _begx 0 }
            { _flags 34 }
            { _attrs 0 }
            { _bkgd 0 }
            { _notimeout f }
            { _clear f }
            { _leaveok f }
            { _scroll f }
            { _idlok f }
            { _idcok t }
            { _immed f }
            { _sync f }
            { _use_keypad f }
            { _delay -1 }
            { _line "" }
            { _regtop 0 }
            { _regbottom 3 }
            { _parx -1 }
            { _pary -1 }
            { _parent f }
            { _pad
                S{ pdat
                    { _pad_y -1 }
                    { _pad_x -1 }
                    { _pad_top -1 }
                    { _pad_left -1 }
                    { _pad_bottom -1 }
                    { _pad_right -1 }
                }
            }
            { _yoffset 0 }
            { _bkgrnd
                S{ cchar_t
                    { attr 0 }
                    { chars ushort-array{ 32 0 0 0 0 } }
                }
            }
        }
        load-local
        0
        get-local
        werase
        drop
        0
        get-local
        "%s=%.2f/%d"
        "value"
        1.25
        7
        wprintw-mixed
        0
        get-local
        0
        0
        12
        read-window
        1
        drop-locals
    ]
}
Unit Test: {
    { 0 "literal" }
    [
        S{ WINDOW
            { _cury 0 }
            { _curx 0 }
            { _maxy 3 }
            { _maxx 79 }
            { _begy 0 }
            { _begx 0 }
            { _flags 34 }
            { _attrs 0 }
            { _bkgd 0 }
            { _notimeout f }
            { _clear f }
            { _leaveok f }
            { _scroll f }
            { _idlok f }
            { _idcok t }
            { _immed f }
            { _sync f }
            { _use_keypad f }
            { _delay -1 }
            { _line "" }
            { _regtop 0 }
            { _regbottom 3 }
            { _parx -1 }
            { _pary -1 }
            { _parent f }
            { _pad
                S{ pdat
                    { _pad_y -1 }
                    { _pad_x -1 }
                    { _pad_top -1 }
                    { _pad_left -1 }
                    { _pad_bottom -1 }
                    { _pad_right -1 }
                }
            }
            { _yoffset 0 }
            { _bkgrnd
                S{ cchar_t
                    { attr 0 }
                    { chars ushort-array{ 32 0 0 0 0 } }
                }
            }
        }
        load-local
        0
        get-local
        werase
        drop
        0
        get-local
        "literal"
        wprintw-literal
        0
        get-local
        0
        0
        7
        read-window
        1
        drop-locals
    ]
}
Unit Test: {
    { "11:99" }
    [ "%p1%d:%p9%d" 11 22 33 44 55 66 77 88 99 tparm ]
}
Unit Test: { { "3:5" } [ "%p1%d:%p2%d" 3 5 tparm-position ] }
Unit Test: { { "text" } [ "%p1%s" "text" tparm-text ] }
resource:basis/compiler/tests/alien-varargs.factor
Unit Test: { { 255 } [ [ va_c_controls ] compile-call ] }
Unit Test: {
    { 0 }
    [
        [
            [ read-ints ] int-reader
            [ 0 va_call_ints ] with-callback
        ] compile-call
    ]
}
Unit Test: {
    { -1 }
    [
        [
            [ read-ints ] int-reader
            [ 1 va_call_ints ] with-callback
        ] compile-call
    ]
}
Unit Test: {
    { -28 }
    [
        [
            [ read-ints ] int-reader
            [ 7 va_call_ints ] with-callback
        ] compile-call
    ]
}
Unit Test: {
    { 78 }
    [
        [
            [ read-ints ] int-reader
            [ 12 va_call_ints ] with-callback
        ] compile-call
    ]
}
Unit Test: {
    { 78 }
    [
        [
            [ gc read-ints ] int-reader
            [ 12 va_call_ints ] with-callback
        ] compile-call
    ]
}
Unit Test: {
    { 1259.75 }
    [
        [
            double { int double } cdecl
            [ read-mixed ] alien-callback-varargs
            [ va_call_mixed ] with-callback
        ] compile-call
    ]
}
Unit Test: {
    { 86.0 }
    [
        [
            [
                14 load-locals -13 get-local -12 get-local +
                -11 get-local + -10 get-local + -9 get-local +
                -8 get-local + -7 get-local + -6 get-local +
                -5 get-local + -4 get-local + -3 get-local +
                -2 get-local 2 * + -1 get-local 3 * +
                0 get-local 4 * + 14 drop-locals
            ] named-spill-reader
            [ va_call_named_spill ] with-callback
        ] compile-call
    ]
}
Unit Test: {
    { 5.0 }
    [
        [
            [ read-aggregates ] aggregate-reader
            [ va_call_aggregates ] with-callback
        ] compile-call
    ]
}
Unit Test: { { 1 } [ [ va_hfa_spill_control ] compile-call ] }
Unit Test: {
    { 364.0 }
    [
        [
            [
                12 load-locals -11 get-local -10 get-local +
                -9 get-local + -8 get-local + -7 get-local +
                -6 get-local + -5 get-local + -4 get-local +
                -3 get-local x>> + -3 get-local y>> 2 * +
                -2 get-local 3 * +
                -1 get-local values>> first 4 * +
                -1 get-local values>> second 5 * +
                -1 get-local values>> third 6 * +
                0 get-local 7 * + 12 drop-locals
            ] hfa-spill-reader
            [ va_call_hfa_spill ] with-callback
        ] compile-call
    ]
}
Unit Test: {
    { -15769158013578 }
    [
        [
            [
                2 load-locals -1 get-local drop
                va-big <struct> 0 get-local longlong va-arg >>x
                0 get-local longlong va-arg >>y
                0 get-local longlong va-arg >>z
                [ gc read-ints ] int-reader
                [ 12 va_call_ints ] with-callback drop
                gc 2 drop-locals
            ] big-reader [ va_call_big_return ] with-callback
        ] compile-call
    ]
}
Unit Test: {
    { -3.75 }
    [
        [
            [
                3 load-locals -2 get-local drop
                va-pair <struct> -1 get-local >>x
                0 get-local >>y 3 drop-locals
            ] pair-reader [ va_call_pair_return ] with-callback
        ] compile-call
    ]
}
Unit Test: {
    { 3 }
    [
        [
            [
                2 load-locals -1 get-local drop
                0 get-local int va-arg 0 get-local va-copy int
                va-arg + 0 get-local int va-arg + 2 drop-locals
            ] int-reader [ 12 va_call_ints ] with-callback
        ] compile-call
    ]
}
Unit Test: {
    { 79 }
    [
        [
            [
                2 load-locals -1 get-local drop
                0 get-local int va-arg nested-int-callback
                [ 12 va_call_ints ] with-callback +
                0 get-local int va-arg + 2 drop-locals
            ] int-reader [ 12 va_call_ints ] with-callback
        ] compile-call
    ]
}
Unit Test: {
    { -1 }
    [
        [
            [
                2 load-locals -1 get-local drop
                0 get-local outer-args set-global
                nested-context-callback
                [ 0 va_call_ints ] with-callback drop
                0 get-local int va-arg 2 drop-locals
            ] int-reader [ 12 va_call_ints ] with-callback
        ] compile-call
    ]
}
Must Fail With: { [ outer-args get int va-arg ] [ expired-va-list? ] }
Unit Test: {
    { 0 }
    [
        [
            [
                2 load-locals -1 get-local drop
                0 get-local va-copy escaped-args set-global
                0 2 drop-locals
            ] int-reader [ 12 va_call_ints ] with-callback
        ] compile-call
    ]
}
Must Fail With: {
    [ [ escaped-args get int va-arg ] compile-call ]
    [ expired-va-list? ]
}
Unit Test: {
    { 0 }
    [
        [
            [ read-ints ] list-reader
            [ 0 va_call_list ] with-callback
        ] compile-call
    ]
}
Unit Test: {
    { 78 }
    [
        [
            [ read-ints ] list-reader
            [ 12 va_call_list ] with-callback
        ] compile-call
    ]
}
Unit Test: {
    { 155 }
    [
        [
            [
                2 load-locals
                -1 get-local 0 get-local va_sum_list
                -1 get-local 0 get-local va_sum_list +
                0 get-local int va-arg + 2 drop-locals
            ] list-reader [ 12 va_call_list ] with-callback
        ] compile-call
    ]
}
Unit Test: {
    { 155 }
    [
        [
            [
                2 load-locals
                -1 get-local 0 get-local va_sum_list
                -1 get-local 0 get-local va_sum_list +
                0 get-local int va-arg + 2 drop-locals
            ] int-reader [ 12 va_call_ints ] with-callback
        ] compile-call
    ]
}
Unit Test: {
    { 30 "value:-42:1.250:-1234567890123" }
    [ [ 128 formatted ] compile-call ]
}
Unit Test: { { 30 "value:-" } [ [ 8 formatted ] compile-call ] }
Unit Test: { { 30 "" } [ [ 0 formatted ] compile-call ] }
Unit Test: {
    { 30 "value:-42:1.250:-1234567890123" }
    [
        [
            [
                2 load-locals 128 <byte-array> load-local
                0 get-local 128 -2 get-local -1 get-local
                va-vsnprintf 0 get-local utf8 alien>string
                formatted-text set-global 3 drop-locals
            ] format-list-reader
            [ va_call_format_list ] with-callback
            formatted-text get
        ] compile-call
    ]
}
Unit Test: {
    { 25 ":-42:1.250:-1234567890123" }
    [
        [
            [
                2 load-locals -1 get-local drop
                0 get-local c-string va-arg drop
                128 <byte-array> load-local
                0 get-local 128 ":%d:%.*f:%lld" -1 get-local
                va-vsnprintf 0 get-local utf8 alien>string
                formatted-text set-global 3 drop-locals
            ] format-list-reader
            [ va_call_format_list ] with-callback
            formatted-text get
        ] compile-call
    ]
}
Unit Test: { { 1 } [ [ va_small_controls ] compile-call ] }
Unit Test: {
    { 384.5 }
    [
        [
            [
                4 load-locals gc -3 get-local -2 get-local 2 * +
                -1 get-local + 0 get-local half va-arg +
                0 get-local bfloat va-arg 2 * +
                0 get-local half va-arg 3 * +
                0 get-local bfloat va-arg 4 * +
                0 get-local half va-arg 5 * +
                0 get-local bfloat va-arg 6 * +
                0 get-local half va-arg 7 * +
                0 get-local bfloat va-arg 8 * +
                0 get-local half va-arg 9 * +
                0 get-local bfloat va-arg 10 * + 4 drop-locals
            ] small-reader [ va_call_small ] with-callback
        ] compile-call
    ]
}
Unit Test: {
    { 3.75 }
    [
        [
            [
                3 load-locals -2 get-local drop
                gc -1 get-local 0 get-local + 3 drop-locals
            ] small-return-reader
            [ va_call_small_return ] with-callback
        ] compile-call
    ]
}
Unit Test: { { 30 "value:-42:1.250:-1234567890123" } [ direct-formatted ] }
resource:basis/compiler/tests/alien-varargs-outgoing.factor
Unit Test: { { 570.0 } [ varout_control ] }
Unit Test: { { 317.0 } [ varout_split_control ] }
Unit Test: { { 285.0 } [ 1 2 3 4 5 6 7 8 9 varout_mixed ] }
Unit Test: {
    { 285.0 }
    [
        1 2 varout-small-hfa boa 3 4 5 varout-pair boa
        6 7 8 varout-hfa boa 9 varout_hfas
    ]
}
Unit Test: {
    { 317.0 }
    [ 1 2 3 4 5 6 7 4 5 varout-pair boa 10 varout_split ]
}
Unit Test: {
    { 16.0 27.0 38.0 }
    [
        10 6 7 8 varout-hfa boa varout_return
        [ x>> ] [ y>> ] [ z>> ] tri
    ]
}
Unit Test: {
    { 285.0 }
    [
        1 2 3 4 5 6 7 8 9 "varout_mixed" "varargs-outgoing"
        library-dll dlsym indirect-varout-mixed
    ]
}
Unit Test: {
    { 0 }
    [
        1 2 3 align-prior boa
        float-4{ 1.0 2.0 3.0 4.0 } float-4{ 5.0 6.0 7.0 8.0 }
        align-hva boa 1 varout_hva_alignment
    ]
}
Unit Test: {
    { 0 }
    [
        1 2 3 align-prior boa
        float-4{ 1.0 2.0 3.0 4.0 } float-4{ 5.0 6.0 7.0 8.0 }
        align-hva boa
        1 "varout_hva_alignment" "varargs-outgoing" library-dll
        dlsym indirect-alignment
    ]
}
Unit Test: {
    { 0 }
    [
        1 2 3 align-prior boa 1 varout_return_alignment
        alignment>>
    ]
}
Unit Test: {
    { t }
    [ align-vector-first heap-size varout_vector_first_size = ]
}
Unit Test: {
    { t }
    [
        align-vector-first c-type-align
        varout_vector_first_align =
    ]
}
Unit Test: {
    { t }
    [
        align-vector-union c-type-align
        varout_vector_union_align =
    ]
}
Unit Test: {
    { 36.0 }
    [
        1 2 float-4{ 1.0 2.0 3.0 4.0 } 3 align-vector-first boa
        varout_vector_first_after_int
    ]
}
Unit Test: {
    { 36.0 }
    [
        1 2 align-vector-union <struct>
        float-4{ 1.0 2.0 3.0 4.0 } >>value
        3 varout_vector_union_after_int
    ]
}
Unit Test: {
    { 2 30.0 }
    [
        64 malloc load-local 0 get-local [
            load-local 0 get-local [
                load-local 2 0 get-local 0 set-alien-signed-4
                1.0 0 get-local 16 set-alien-float
                2.0 0 get-local 20 set-alien-float
                3.0 0 get-local 24 set-alien-float
                4.0 0 get-local 28 set-alien-float
                0 get-local f f 0 0 macos <platform-va-cursor>
                load-local
                0 get-local int va-arg 0 get-local
                align-vector-union va-arg value>>
                { 1 2 3 4 } [ * ] 2map sum 2 drop-locals
            ] curry with-va-scope 1 drop-locals
        ] curry 0 get-local
        [ load-local 0 get-local free 1 drop-locals ] curry
        finally 1 drop-locals
    ]
}
resource:basis/compiler/tests/alien-varargs-promotions.factor
Unit Test: {
    { { 1 0 -1 255 65535 -7 65530 } }
    [ [ 7 <iota> [ vap_control_integer ] map ] compile-call ]
}
Unit Test: { { 1 } [ [ 0 t vap-bool ] compile-call ] }
Unit Test: { { 0 } [ [ 0 f vap-bool ] compile-call ] }
Unit Test: {
    { 1 }
    [ [ 0 "non-false Factor object" vap-bool ] compile-call ]
}
Unit Test: { { -7 } [ [ 0 -7 vap-char ] compile-call ] }
Unit Test: { { -1 } [ [ 0 255 vap-char ] compile-call ] }
Unit Test: { { 255 } [ [ 0 -1 vap-uchar ] compile-call ] }
Unit Test: { { 65535 } [ [ 0 -1 vap-ushort ] compile-call ] }
Unit Test: {
    { -7 }
    [
        [
            0 6148914691236517205 vap_poison drop
            0 vap-negative vap-signed
        ]
        compile-call
    ]
}
Unit Test: {
    { 65530 }
    [
        [
            0 6148914691236517205 vap_poison drop
            0 vap-positive vap-unsigned
        ]
        compile-call
    ]
}
Unit Test: { { -7 } [ [ 0 -7 vap-signed ] compile-call ] }
Unit Test: { { 65530 } [ [ 0 65530 vap-unsigned ] compile-call ] }
Unit Test: {
    { 0.10000000149011612 }
    [ [ vap_control_float ] compile-call ]
}
Unit Test: {
    { t }
    [ [ 0 0.1 vap-float vap_control_float = ] compile-call ]
}
Unit Test: {
    { 1 }
    [
        [
            0 t "vap_read_integer" "varargs-promotions"
            library-dll dlsym indirect-vap-bool
        ]
        compile-call
    ]
}
Unit Test: {
    { 65530 }
    [
        [
            0 vap-positive "vap_read_integer"
            "varargs-promotions" library-dll dlsym
            indirect-vap-unsigned
        ]
        compile-call
    ]
}
Unit Test: {
    { { 1 -7 65530 0.10000000149011612 } }
    [
        [
            [
                2 load-locals -1 get-local drop
                0 get-local bool va-arg 0 get-local
                vap-signed-enum va-arg 0 get-local
                vap-unsigned-enum va-arg 0 get-local float
                va-arg 4array promotion-values set-global
                0.0 2 drop-locals
            ] vap-runtime-reader
            [ vap_call_reader ] with-callback drop
            promotion-values get
        ]
        compile-call
    ]
}
Unit Test: {
    { { 1 -7 65530 0.10000000149011612 } }
    [
        [
            [
                5 load-locals -4 get-local drop
                -3 get-local -2 get-local -1 get-local 0
                get-local 4array promotion-values set-global
                0.0 5 drop-locals
            ] vap-tail-reader [ vap_call_reader ] with-callback
            drop promotion-values get
        ]
        compile-call
    ]
}
resource:basis/compiler/tests/alien-arm64-unions.factor
Unit Test: { { 11.25 } [ au-one <struct> 1.25 >>a 10.0 au_take_one ] }
Unit Test: {
    { 16.25 }
    [
        au-two <struct> 1.25 2.5 au-pair boa >>pair
        10.0 au_take_two
    ]
}
Unit Test: {
    { 40.0 }
    [
        au-four <struct> 1.0 2.0 3.0 4.0 au-quad boa >>quad
        10.0 au_take_four
    ]
}
Unit Test: {
    { 16.25 }
    [
        au-one <struct> 1.25 >>a 2.5 au-nested boa
        10.0 au_take_nested
    ]
}
Unit Test: { { 13.75 } [ au-mixed <struct> 3.75 >>b 10.0 au_take_mixed ] }
Unit Test: { { 1.25 } [ 1.25 au_return_one a>> ] }
Unit Test: {
    { 1.25 2.5 }
    [ 1.25 2.5 au_return_two pair>> [ a>> ] [ b>> ] bi ]
}
Unit Test: {
    { 1.0 2.0 3.0 4.0 }
    [
        1.0 2.0 3.0 4.0 au_return_four quad>>
        { [ a>> ] [ b>> ] [ c>> ] [ d>> ] } cleave
    ]
}
Unit Test: {
    { 23.25 }
    [
        7 au-two <struct> 1.25 2.5 au-pair boa >>pair
        10.0 au_variadic
    ]
}
Unit Test: {
    { 11.25 }
    [ [ [ swap a>> + ] au-one-cb au_call_one ] compile-call ]
}
Unit Test: {
    { 16.25 }
    [
        [
            [ swap pair>> [ a>> ] [ b>> 2 * ] bi + + ] au-two-cb
            au_call_two
        ] compile-call
    ]
}
Unit Test: {
    { 40.0 }
    [
        [
            [
                swap quad>>
                { [ a>> ] [ b>> 2 * ] [ c>> 3 * ] [ d>> 4 * ] }
                cleave + + + +
            ] au-four-cb au_call_four
        ] compile-call
    ]
}
Unit Test: { { 1 } [ au_c_controls ] }
Unit Test: { { 16 } [ au-padded heap-size ] }
Unit Test: { { 16.25 } [ 1.25 2.5 au-padded boa 10.0 au_take_padded ] }
Unit Test: {
    { 16.25 }
    [
        au-padded-union <struct> 1.25 2.5 au-padded boa >>padded
        10.0 au_take_padded_union
    ]
}
Unit Test: {
    { 1.25 2.5 }
    [ 1.25 2.5 au_return_padded [ a>> ] [ b>> ] bi ]
}
Unit Test: {
    { 16.25 }
    [
        [
            [ swap [ a>> ] [ b>> 2 * ] bi + + ] au-padded-cb
            au_call_padded
        ] compile-call
    ]
}
Unit Test: {
    { 37.25 }
    [
        1.0 2.0 3.0 4.0 5.0 6.0 au-two <struct> 1.25 2.5 au-pair
        boa >>pair 10.0 au_take_spill
    ]
}
Unit Test: {
    { 37.25 }
    [
        [
            [
                swap pair>> [ a>> ] [ b>> 2 * ] bi + + + + + + +
                +
            ] au-spill-cb au_call_spill
        ] compile-call
    ]
}
Unit Test: {
    { 40.0 }
    [
        au-vector <struct> float-4{ 1.0 2.0 3.0 4.0 } >>a
        10.0 au_take_vector
    ]
}
Unit Test: {
    { float-4{ 1.0 2.0 3.0 4.0 } }
    [ 1.0 2.0 3.0 4.0 au_return_vector a>> ]
}
Unit Test: {
    { 40.0 }
    [
        [
            [
                swap a>> {
                    [ first ]
                    [ second 2 * ]
                    [ third 3 * ]
                    [ fourth 4 * ]
                } cleave + + + +
            ] au-vector-cb au_call_vector
        ] compile-call
    ]
}
Unit Test: {
    { 46.0 }
    [
        au-vector-two <struct>
        float-4{ 1.0 2.0 3.0 4.0 } float-4{ 5.0 6.0 7.0 8.0 }
        au-fvec-pair boa >>a 10.0 au_take_vector_two
    ]
}
Unit Test: {
    { float-4{ 1.0 2.0 3.0 4.0 } float-4{ 5.0 6.0 7.0 8.0 } }
    [ au_return_vector_two a>> [ a>> ] [ b>> ] bi ]
}
Unit Test: {
    { 23.25 }
    [
        [
            [
                2 load-locals 0 get-local au-two va-arg pair>>
                [ a>> ] [ b>> 2 * ] bi +
                0 get-local double va-arg + -1 get-local +
                2 drop-locals
            ] au-dynamic-cb au_call_variadic
        ] compile-call
    ]
}
Unit Test: {
    { 23.25 }
    [
        [
            [ swap pair>> [ a>> ] [ b>> 2 * ] bi + + + ]
            au-typed-cb au-call-typed
        ] compile-call
    ]
}
Unit Test: {
    { 53.0 }
    [
        [
            [
                2 load-locals
                0 get-local au-vector-two va-arg a>>
                [ a>> sum ] [ b>> sum ] bi +
                0 get-local double va-arg + -1 get-local +
                2 drop-locals
            ] au-dynamic-cb au_call_vector_variadic
        ] compile-call
    ]
}
Unit Test: {
    { 53.0 }
    [
        [
            [ swap a>> [ a>> sum ] [ b>> sum ] bi + + + ]
            au-vector-typed-cb au-call-vector-typed
        ] compile-call
    ]
}
Unit Test: { { 1 } [ au_small_controls ] }
Unit Test: { { 11.25 } [ au-small <struct> 1.25 >>a 10.0 au_take_small ] }
Unit Test: { { 12.5 } [ au-bsmall <struct> 2.5 >>a 10.0 au_take_bsmall ] }
Unit Test: { { 1.25 } [ 1.25 au_return_small a>> ] }
Unit Test: { { 2.5 } [ 2.5 au_return_bsmall a>> ] }
Unit Test: {
    { 16.25 }
    [
        au-small <struct> 1.25 >>a au-bsmall <struct> 2.5 >>a
        au-small-pair boa 10.0 au_take_small_pair
    ]
}
Unit Test: {
    { 16.25 }
    [
        [
            [ swap small-pair-value + ] au-small-pair-cb
            au_call_small_pair
        ] compile-call
    ]
}
Unit Test: {
    { 23.25 }
    [
        [
            [
                2 load-locals
                0 get-local au-small-pair va-arg
                small-pair-value 0 get-local double va-arg +
                -1 get-local + 2 drop-locals
            ] au-small-dynamic-cb au_call_small_variadic
        ] compile-call
    ]
}
Unit Test: {
    { 23.25 }
    [
        [
            [ swap small-pair-value + + ] au-small-typed-cb
            au-call-small-typed
        ] compile-call
    ]
}
resource:basis/compiler/tests/alien-small-floats.factor
Unit Test: { { 1.5 } [ 1.5 half_identity small-abi-case ] }
Unit Test: {
    { -2.5 }
    [
        -2.5 "half_identity" "small-floats-test" library-dll
        dlsym half-indirect small-abi-case
    ]
}
Unit Test: { { 16.0 } [ 1 2.5 3.0 4.5 5 half_mixed small-abi-case ] }
Unit Test: {
    { 2.0 }
    [
        half-cb [ 1.5 half_callback ] with-callback
        small-abi-case
    ]
}
Unit Test: {
    { 55.0 }
    [ 1 2 3 4 5 6 7 8 9 10 half_overflow small-abi-case ]
}
Unit Test: {
    { 55.0 }
    [
        half-overflow-cb
        [ half_overflow_callback ] with-callback small-abi-case
    ]
}
Unit Test: {
    { t }
    [
        {
            0.0
            -0.0
            1.0
            -1.0
            1.00048828125
            1.00146484375
            1.00390625
            1.01171875
            5.960464477539063e-8
            0.00006103515625
            65504.0
            65520.0
            1/0.
            -1/0.
        }
        [ [ half_bits ] [ half_convert float>half-bits ] bi = ]
        all? small-abi-case
    ]
}
Unit Test: {
    { t }
    [
        {
            0
            1
            2
            127
            128
            255
            256
            1023
            1024
            16383
            16384
            30000
            32768
            32769
            49152
        } [ [ half_from_bits float>half-bits ] keep = ] all?
        small-abi-case
    ]
}
Unit Test: { { 1.5 } [ 1.5 bfloat_identity small-abi-case ] }
Unit Test: {
    { -2.5 }
    [
        -2.5 "bfloat_identity" "small-floats-test" library-dll
        dlsym bfloat-indirect small-abi-case
    ]
}
Unit Test: { { 16.0 } [ 1 2.5 3.0 4.5 5 bfloat_mixed small-abi-case ] }
Unit Test: {
    { 2.0 }
    [
        bfloat-cb [ 1.5 bfloat_callback ] with-callback
        small-abi-case
    ]
}
Unit Test: {
    { 55.0 }
    [ 1 2 3 4 5 6 7 8 9 10 bfloat_overflow small-abi-case ]
}
Unit Test: {
    { 55.0 }
    [
        bfloat-overflow-cb
        [ bfloat_overflow_callback ] with-callback
        small-abi-case
    ]
}
Unit Test: {
    { t }
    [
        {
            0.0
            -0.0
            1.0
            -1.0
            1.00048828125
            1.00146484375
            1.00390625
            1.01171875
            5.960464477539063e-8
            0.00006103515625
            65504.0
            65520.0
            1/0.
            -1/0.
        } [
            [ bfloat_bits ] [ bfloat_convert float>bfloat-bits ]
            bi =
        ] all? small-abi-case
    ]
}
Unit Test: {
    { t }
    [
        {
            0
            1
            2
            127
            128
            255
            256
            1023
            1024
            16383
            16384
            30000
            32768
            32769
            49152
        } [ [ bfloat_from_bits float>bfloat-bits ] keep = ] all?
        small-abi-case
    ]
}
Unit Test: {
    { 4.0 }
    [
        mixed-small <struct> 1.5 >>a 2.5 >>b
        mixed_small_sum small-abi-case
    ]
}
Unit Test: {
    { t }
    [
        65536 <iota> [
            [ half_from_bits float>half-bits ]
            [ half-bits>float float>half-bits ] bi =
        ] all? small-abi-case
    ]
}
Unit Test: {
    { t }
    [
        65536 <iota> [
            [ bfloat_from_bits float>bfloat-bits ]
            [ bfloat-bits>float float>bfloat-bits ] bi =
        ] all? small-abi-case
    ]
}
Unit Test: { { 11.5 } [ 0 1.5 2.5 3 4.5 half_varargs small-abi-case ] }
Unit Test: { { 11.5 } [ 0 1.5 2.5 3 4.5 bfloat_varargs small-abi-case ] }
Unit Test: {
    { 1.0 1.0 }
    [ half_dirty_result bfloat_dirty_result small-abi-case ]
}
Unit Test: {
    { 2.0 }
    [
        0 1.00048828125 1.00048828125 0 0.0 half_varargs
        small-abi-case
    ]
}
Unit Test: {
    { 2.0 }
    [
        0 1.00390625 1.00390625 0 0.0 bfloat_varargs
        small-abi-case
    ]
}
Unit Test: { { 806016 } [ 1 8 2 3 4 5 6 7 8 9 varout_half_bits ] }
Unit Test: { { 745872 } [ 1 8 2 3 4 5 6 7 8 9 varout_bfloat_bits ] }
Unit Test: {
    { 212.0 }
    [
        1
        float-4{ 1.0 2.0 3.0 4.0 } float-4{ 5.0 6.0 7.0 8.0 }
        float-4{ 9.0 10.0 11.0 12.0 } varout-vector-hva boa
        1 varout_vector_args
    ]
}
FFI-COVERAGE small executed=24
ARM64 varargs tests passed
+ /Users/erg/factor.worktrees/arm64-varargs-entry/Factor.app/Contents/MacOS/factor -i=/Users/erg/factor.worktrees/bindings-on-agent1-20260908/rebased.image -resource-path=/Users/erg/factor.worktrees/bindings-on-agent1-20260908 -no-user-init -no-monitors -require-varargs-small -disable-neon-extensions .github/arm64-varargs-tests.factor
ARM64 half/BF16 varargs coverage required and available
ARM64 C varargs controls passed: 0xff
Unit Test: {
    { -7 3.5 42 }
    [
        [
            load-local -7 0 get-local 256 set-alien-signed-4
            3.5 0 get-local 264 set-alien-double
            42 0 get-local 272 set-alien-signed-8
            0 get-local macos cursor-at load-local
            0 get-local char va-arg 0 get-local double va-arg 0
            get-local longlong va-arg 2 drop-locals
        ] with-va-memory
    ]
}
Unit Test: {
    { 11 22 22 }
    [
        [
            load-local 11 0 get-local 256 set-alien-signed-4
            22 0 get-local 264 set-alien-signed-4
            0 get-local macos cursor-at load-local
            0 get-local int va-arg 0 get-local va-copy
            load-local
            -1 get-local int va-arg 0 get-local int va-arg 3
            drop-locals
        ] with-va-memory
    ]
}
Unit Test: {
    { 123 2.5 456 }
    [
        [
            load-local 123 0 get-local 0 set-alien-signed-4
            456 0 get-local 8 set-alien-signed-4
            2.5 0 get-local 64 set-alien-double
            0 get-local linux cursor-at load-local
            0 get-local int va-arg 0 get-local double va-arg 0
            get-local int va-arg 2 drop-locals
        ] with-va-memory
    ]
}
Unit Test: {
    { 7 8 }
    [
        [
            load-local 7 0 get-local 56 set-alien-signed-4
            8 0 get-local 256 set-alien-signed-4
            0 get-local linux cursor-at -8 >>gr-offs load-local
            0 get-local int va-arg 0 get-local int va-arg 2
            drop-locals
        ] with-va-memory
    ]
}
Unit Test: {
    { 17 19 23 }
    [
        [
            load-local 999 0 get-local 56 set-alien-signed-8
            17 0 get-local 256 set-alien-signed-8
            19 0 get-local 264 set-alien-signed-8
            23 0 get-local 272 set-alien-signed-4
            0 get-local linux cursor-at -8 >>gr-offs load-local
            0 get-local va-pair va-arg [ x>> ] [ y>> ] bi
            0 get-local int va-arg 2 drop-locals
        ] with-va-memory
    ]
}
Unit Test: {
    { 17 19 23 }
    [
        [
            load-local 17 0 get-local 56 set-alien-signed-8
            19 0 get-local 64 set-alien-signed-8
            23 0 get-local 72 set-alien-signed-4
            0 get-local windows cursor-at
            56 0 get-local <displaced-alien> >>stack load-local
            0 get-local va-pair va-arg [ x>> ] [ y>> ] bi
            0 get-local int va-arg 2 drop-locals
        ] with-va-memory
    ]
}
Unit Test: {
    { 1.5 2.5 }
    [
        [
            load-local 1.5 0 get-local 64 set-alien-double
            2.5 0 get-local 80 set-alien-double
            0 get-local linux cursor-at va-hfa va-arg load-local
            100.0 -1 get-local 64 set-alien-double 0 get-local
            [ x>> ] [ y>> ] bi 2 drop-locals
        ] with-va-memory
    ]
}
Unit Test: {
    { 1.0 2.0 3.0 4.0 }
    [
        [
            load-local 1.0 0 get-local 64 set-alien-double
            2.0 0 get-local 80 set-alien-double
            3.0 0 get-local 96 set-alien-double
            4.0 0 get-local 112 set-alien-double
            0 get-local linux cursor-at va-nested-hfa va-arg
            [ x>> [ x>> ] [ y>> ] bi ]
            [ y>> [ x>> ] [ y>> ] bi ] bi 1 drop-locals
        ] with-va-memory
    ]
}
Unit Test: {
    { 3.0 4.0 5.0 }
    [
        [
            load-local 999.0 0 get-local 176 set-alien-double
            3.0 0 get-local 256 set-alien-double
            4.0 0 get-local 264 set-alien-double
            5.0 0 get-local 272 set-alien-double
            0 get-local linux cursor-at -16 >>vr-offs load-local
            0 get-local va-hfa va-arg [ x>> ] [ y>> ] bi
            0 get-local double va-arg 2 drop-locals
        ] with-va-memory
    ]
}
Unit Test: {
    { 11 22 33 }
    [
        [
            load-local 320 0 get-local <displaced-alien>
            0 get-local 0 set-alien-cell
            11 0 get-local 320 set-alien-signed-8
            22 0 get-local 328 set-alien-signed-8
            33 0 get-local 336 set-alien-signed-8
            0 get-local linux cursor-at va-triple va-arg
            [ x>> ] [ y>> ] [ z>> ] tri 1 drop-locals
        ] with-va-memory
    ]
}
Unit Test: {
    { { 1.0 2.0 3.0 } }
    [
        [
            load-local 1.0 0 get-local 64 set-alien-double
            2.0 0 get-local 80 set-alien-double
            3.0 0 get-local 96 set-alien-double
            0 get-local linux cursor-at
            va-array-hfa va-arg values>> >array 1 drop-locals
        ] with-va-memory
    ]
}
Unit Test: {
    { 1.0 2.0 }
    [
        [
            load-local 15360 0 get-local 64 set-alien-unsigned-2
            16384 0 get-local 80 set-alien-unsigned-2
            0 get-local linux cursor-at va-small-hfa va-arg
            [ x>> ] [ y>> ] bi 1 drop-locals
        ] with-va-memory
    ]
}
Unit Test: {
    { { 1.0 2.0 3.0 4.0 } { 5.0 6.0 7.0 8.0 } }
    [
        [
            load-local 1.0 0 get-local 64 set-alien-float
            2.0 0 get-local 68 set-alien-float
            3.0 0 get-local 72 set-alien-float
            4.0 0 get-local 76 set-alien-float
            5.0 0 get-local 80 set-alien-float
            6.0 0 get-local 84 set-alien-float
            7.0 0 get-local 88 set-alien-float
            8.0 0 get-local 92 set-alien-float
            0 get-local linux cursor-at va-hva va-arg
            [ x>> >array ] [ y>> >array ] bi 1 drop-locals
        ] with-va-memory
    ]
}
Unit Test: {
    { { 1.0 2.0 3.0 4.0 } 23 }
    [
        [
            load-local 1.0 0 get-local 272 set-alien-float
            2.0 0 get-local 276 set-alien-float
            3.0 0 get-local 280 set-alien-float
            4.0 0 get-local 284 set-alien-float
            23 0 get-local 288 set-alien-signed-4
            0 get-local linux cursor-at 0 >>vr-offs 0 >>gr-offs
            264 0 get-local <displaced-alien> >>stack load-local
            0 get-local float-4 va-arg >array 0 get-local int
            va-arg 2 drop-locals
        ] with-va-memory
    ]
}
Unit Test: {
    { { 1.0 2.0 3.0 4.0 } }
    [
        [
            [
                load-local 1.0 0 get-local 64 set-alien-float
                2.0 0 get-local 68 set-alien-float
                3.0 0 get-local 72 set-alien-float
                4.0 0 get-local 76 set-alien-float
                0 get-local linux cursor-at
                float-4 va-arg >array 1 drop-locals
            ] with-va-memory
        ] compile-call
    ]
}
Unit Test: {
    { { 1.0 2.0 3.0 4.0 } 23 }
    [
        [
            load-local 1.0 0 get-local 56 set-alien-float
            2.0 0 get-local 60 set-alien-float
            3.0 0 get-local 64 set-alien-float
            4.0 0 get-local 68 set-alien-float
            23 0 get-local 72 set-alien-signed-4
            0 get-local windows cursor-at
            56 0 get-local <displaced-alien> >>stack load-local
            0 get-local float-4 va-arg >array 0 get-local int
            va-arg 2 drop-locals
        ] with-va-memory
    ]
}
Unit Test: {
    { 1.0 2.0 3.0 4.0 }
    [
        [
            load-local 320 0 get-local <displaced-alien>
            0 get-local 256 set-alien-cell
            1.0 0 get-local 320 set-alien-double
            2.0 0 get-local 328 set-alien-double
            3.0 0 get-local 336 set-alien-double
            4.0 0 get-local 344 set-alien-double
            0 get-local windows cursor-at va-nested-hfa va-arg
            [ x>> [ x>> ] [ y>> ] bi ]
            [ y>> [ x>> ] [ y>> ] bi ] bi 1 drop-locals
        ] with-va-memory
    ]
}
Unit Test: {
    { }
    [
        [
            load-local 0 get-local macos cursor-at
            dup escaped-cursor set-global
            va-copy escaped-copy set-global 1 drop-locals
        ] with-va-memory
    ]
}
Must Fail With: { [ escaped-cursor get int va-arg ] [ expired-va-list? ] }
Must Fail With: { [ escaped-copy get va-copy ] [ expired-va-list? ] }
Unit Test: {
    { }
    [
        [
            [
                load-local 0 get-local macos cursor-at
                dup escaped-cursor set-global
                va-copy escaped-copy set-global
                "scope cleanup test" throw 1 drop-locals
            ] with-va-memory
        ] [ drop ] recover
    ]
}
Must Fail With: { [ escaped-cursor get int va-arg ] [ expired-va-list? ] }
Must Fail With: { [ escaped-copy get int va-arg ] [ expired-va-list? ] }
Unit Test: {
    { t }
    [
        [
            load-local 0 get-local macos cursor-at load-local
            0 get-local [
                load-local 0 get-local [
                    load-local 0 get-local va-copy drop
                    f 1 drop-locals
                ] curry [ expired-va-list? ] recover
                1 drop-locals
            ] curry future ?future 2 drop-locals
        ] with-va-memory
    ]
}
Must Fail With: {
    [ f f f 0 0 macos <platform-va-cursor> ]
    [ va-list-outside-callback-scope? ]
}
Unit Test: {
    { t t f }
    [
        va_list native-va-list-type? cpu arm.64? =
        va_list lookup-c-type native-va-list-type? cpu arm.64? =
        int native-va-list-type?
    ]
}
Unit Test: {
    { 6 "7/2.50" 6 "7/2.50" 7 }
    [
        [
            load-local 7 0 get-local 0 set-alien-signed-4
            2.5 0 get-local 64 set-alien-double
            7 0 get-local 256 set-alien-signed-4
            2.5 0 get-local 264 set-alien-double
            0 get-local os cursor-at load-local
            32 <byte-array> load-local
            0 get-local 32 "%d/%.2f" -1 get-local
            va-test-vsnprintf 0 get-local utf8 alien>string
            0 get-local 32 "%d/%.2f" -1 get-local
            va-test-vsnprintf 0 get-local utf8 alien>string
            -1 get-local int va-arg 3 drop-locals
        ] with-va-memory
    ]
}
Unit Test: {
    { 7 7 }
    [
        [
            load-local 7 0 get-local 0 set-alien-signed-4
            7 0 get-local 256 set-alien-signed-4
            0 get-local os cursor-at load-local
            0 get-local cursor>native-va-list
            native-va-list>cursor int va-arg 0 get-local int
            va-arg 2 drop-locals
        ] with-va-memory
    ]
}
Unit Test: {
    { ( logLevel text args -- ) }
    [ \ TraceLogCallback "callback-effect" word-prop ]
}
Unit Test: { { 2 } [ 4 \ trace-log def>> nth ] }
Unit Test: { { 1 } [ 4 \ text-format def>> nth ] }
Raylib native formatting tests unavailable: shared library not installed.
Unit Test: { { t } [ va_list lookup-c-type va_list lookup-c-type eq? ] }
Unit Test: { { t } [ va_list lookup-c-type va_list lookup-c-type eq? ] }
Unit Test: {
    { { 1 2 3 4 1 } }
    [
        { printw wprintw mvprintw mvwprintw tparm }
        [ def>> 4 swap nth ] map
    ]
}
Unit Test: {
    { ( fmt value -- int ) }
    [ \ printw "declared-effect" word-prop ]
}
Unit Test: {
    { ( win fmt value -- int ) }
    [ \ wprintw "declared-effect" word-prop ]
}
Unit Test: {
    { ( y x fmt value -- int ) }
    [ \ mvprintw "declared-effect" word-prop ]
}
Unit Test: {
    { ( win y x fmt value -- int ) }
    [ \ mvwprintw "declared-effect" word-prop ]
}
Unit Test: {
    { { f f } }
    [ { vwprintw vw_printw } [ def>> 4 swap nth ] map ]
}
Unit Test: {
    { 0 "value=12345" }
    [
        ALIEN: 100ef67d0
        load-local
        0
        get-local
        werase
        drop
        "value=%d"
        12345
        printw
        0
        get-local
        0
        0
        11
        read-window
        1
        drop-locals
    ]
}
Unit Test: {
    { 0 "value=-2468" }
    [
        S{ WINDOW
            { _cury 0 }
            { _curx 0 }
            { _maxy 3 }
            { _maxx 79 }
            { _begy 0 }
            { _begx 0 }
            { _flags 2 }
            { _attrs 0 }
            { _bkgd 0 }
            { _notimeout f }
            { _clear f }
            { _leaveok f }
            { _scroll f }
            { _idlok f }
            { _idcok t }
            { _immed f }
            { _sync f }
            { _use_keypad f }
            { _delay -1 }
            { _line "" }
            { _regtop 0 }
            { _regbottom 3 }
            { _parx -1 }
            { _pary -1 }
            { _parent f }
            { _pad
                S{ pdat
                    { _pad_y -1 }
                    { _pad_x -1 }
                    { _pad_top -1 }
                    { _pad_left -1 }
                    { _pad_bottom -1 }
                    { _pad_right -1 }
                }
            }
            { _yoffset 0 }
            { _bkgrnd
                S{ cchar_t
                    { attr 0 }
                    { chars ushort-array{ 32 0 0 0 0 } }
                }
            }
        }
        load-local
        0
        get-local
        werase
        drop
        0
        get-local
        "value=%d"
        -2468
        wprintw
        0
        get-local
        0
        0
        11
        read-window
        1
        drop-locals
    ]
}
Unit Test: {
    { 0 "value=13579" }
    [
        ALIEN: 100ef67d0
        load-local
        0
        get-local
        werase
        drop
        1
        2
        "value=%d"
        13579
        mvprintw
        0
        get-local
        1
        2
        11
        read-window
        1
        drop-locals
    ]
}
Unit Test: {
    { 0 "value=-9753" }
    [
        S{ WINDOW
            { _cury 0 }
            { _curx 0 }
            { _maxy 3 }
            { _maxx 79 }
            { _begy 0 }
            { _begx 0 }
            { _flags 34 }
            { _attrs 0 }
            { _bkgd 0 }
            { _notimeout f }
            { _clear f }
            { _leaveok f }
            { _scroll f }
            { _idlok f }
            { _idcok t }
            { _immed f }
            { _sync f }
            { _use_keypad f }
            { _delay -1 }
            { _line "" }
            { _regtop 0 }
            { _regbottom 3 }
            { _parx -1 }
            { _pary -1 }
            { _parent f }
            { _pad
                S{ pdat
                    { _pad_y -1 }
                    { _pad_x -1 }
                    { _pad_top -1 }
                    { _pad_left -1 }
                    { _pad_bottom -1 }
                    { _pad_right -1 }
                }
            }
            { _yoffset 0 }
            { _bkgrnd
                S{ cchar_t
                    { attr 0 }
                    { chars ushort-array{ 32 0 0 0 0 } }
                }
            }
        }
        load-local
        0
        get-local
        werase
        drop
        0
        get-local
        1
        2
        "value=%d"
        -9753
        mvwprintw
        0
        get-local
        1
        2
        11
        read-window
        1
        drop-locals
    ]
}
Unit Test: {
    { 0 "value=1.25/7" }
    [
        S{ WINDOW
            { _cury 1 }
            { _curx 2 }
            { _maxy 3 }
            { _maxx 79 }
            { _begy 0 }
            { _begx 0 }
            { _flags 34 }
            { _attrs 0 }
            { _bkgd 0 }
            { _notimeout f }
            { _clear f }
            { _leaveok f }
            { _scroll f }
            { _idlok f }
            { _idcok t }
            { _immed f }
            { _sync f }
            { _use_keypad f }
            { _delay -1 }
            { _line "" }
            { _regtop 0 }
            { _regbottom 3 }
            { _parx -1 }
            { _pary -1 }
            { _parent f }
            { _pad
                S{ pdat
                    { _pad_y -1 }
                    { _pad_x -1 }
                    { _pad_top -1 }
                    { _pad_left -1 }
                    { _pad_bottom -1 }
                    { _pad_right -1 }
                }
            }
            { _yoffset 0 }
            { _bkgrnd
                S{ cchar_t
                    { attr 0 }
                    { chars ushort-array{ 32 0 0 0 0 } }
                }
            }
        }
        load-local
        0
        get-local
        werase
        drop
        0
        get-local
        "%s=%.2f/%d"
        "value"
        1.25
        7
        wprintw-mixed
        0
        get-local
        0
        0
        12
        read-window
        1
        drop-locals
    ]
}
Unit Test: {
    { 0 "literal" }
    [
        S{ WINDOW
            { _cury 0 }
            { _curx 0 }
            { _maxy 3 }
            { _maxx 79 }
            { _begy 0 }
            { _begx 0 }
            { _flags 34 }
            { _attrs 0 }
            { _bkgd 0 }
            { _notimeout f }
            { _clear f }
            { _leaveok f }
            { _scroll f }
            { _idlok f }
            { _idcok t }
            { _immed f }
            { _sync f }
            { _use_keypad f }
            { _delay -1 }
            { _line "" }
            { _regtop 0 }
            { _regbottom 3 }
            { _parx -1 }
            { _pary -1 }
            { _parent f }
            { _pad
                S{ pdat
                    { _pad_y -1 }
                    { _pad_x -1 }
                    { _pad_top -1 }
                    { _pad_left -1 }
                    { _pad_bottom -1 }
                    { _pad_right -1 }
                }
            }
            { _yoffset 0 }
            { _bkgrnd
                S{ cchar_t
                    { attr 0 }
                    { chars ushort-array{ 32 0 0 0 0 } }
                }
            }
        }
        load-local
        0
        get-local
        werase
        drop
        0
        get-local
        "literal"
        wprintw-literal
        0
        get-local
        0
        0
        7
        read-window
        1
        drop-locals
    ]
}
Unit Test: {
    { "11:99" }
    [ "%p1%d:%p9%d" 11 22 33 44 55 66 77 88 99 tparm ]
}
Unit Test: { { "3:5" } [ "%p1%d:%p2%d" 3 5 tparm-position ] }
Unit Test: { { "text" } [ "%p1%s" "text" tparm-text ] }
resource:basis/compiler/tests/alien-varargs.factor
Unit Test: { { 255 } [ [ va_c_controls ] compile-call ] }
Unit Test: {
    { 0 }
    [
        [
            [ read-ints ] int-reader
            [ 0 va_call_ints ] with-callback
        ] compile-call
    ]
}
Unit Test: {
    { -1 }
    [
        [
            [ read-ints ] int-reader
            [ 1 va_call_ints ] with-callback
        ] compile-call
    ]
}
Unit Test: {
    { -28 }
    [
        [
            [ read-ints ] int-reader
            [ 7 va_call_ints ] with-callback
        ] compile-call
    ]
}
Unit Test: {
    { 78 }
    [
        [
            [ read-ints ] int-reader
            [ 12 va_call_ints ] with-callback
        ] compile-call
    ]
}
Unit Test: {
    { 78 }
    [
        [
            [ gc read-ints ] int-reader
            [ 12 va_call_ints ] with-callback
        ] compile-call
    ]
}
Unit Test: {
    { 1259.75 }
    [
        [
            double { int double } cdecl
            [ read-mixed ] alien-callback-varargs
            [ va_call_mixed ] with-callback
        ] compile-call
    ]
}
Unit Test: {
    { 86.0 }
    [
        [
            [
                14 load-locals -13 get-local -12 get-local +
                -11 get-local + -10 get-local + -9 get-local +
                -8 get-local + -7 get-local + -6 get-local +
                -5 get-local + -4 get-local + -3 get-local +
                -2 get-local 2 * + -1 get-local 3 * +
                0 get-local 4 * + 14 drop-locals
            ] named-spill-reader
            [ va_call_named_spill ] with-callback
        ] compile-call
    ]
}
Unit Test: {
    { 5.0 }
    [
        [
            [ read-aggregates ] aggregate-reader
            [ va_call_aggregates ] with-callback
        ] compile-call
    ]
}
Unit Test: { { 1 } [ [ va_hfa_spill_control ] compile-call ] }
Unit Test: {
    { 364.0 }
    [
        [
            [
                12 load-locals -11 get-local -10 get-local +
                -9 get-local + -8 get-local + -7 get-local +
                -6 get-local + -5 get-local + -4 get-local +
                -3 get-local x>> + -3 get-local y>> 2 * +
                -2 get-local 3 * +
                -1 get-local values>> first 4 * +
                -1 get-local values>> second 5 * +
                -1 get-local values>> third 6 * +
                0 get-local 7 * + 12 drop-locals
            ] hfa-spill-reader
            [ va_call_hfa_spill ] with-callback
        ] compile-call
    ]
}
Unit Test: {
    { -15769158013578 }
    [
        [
            [
                2 load-locals -1 get-local drop
                va-big <struct> 0 get-local longlong va-arg >>x
                0 get-local longlong va-arg >>y
                0 get-local longlong va-arg >>z
                [ gc read-ints ] int-reader
                [ 12 va_call_ints ] with-callback drop
                gc 2 drop-locals
            ] big-reader [ va_call_big_return ] with-callback
        ] compile-call
    ]
}
Unit Test: {
    { -3.75 }
    [
        [
            [
                3 load-locals -2 get-local drop
                va-pair <struct> -1 get-local >>x
                0 get-local >>y 3 drop-locals
            ] pair-reader [ va_call_pair_return ] with-callback
        ] compile-call
    ]
}
Unit Test: {
    { 3 }
    [
        [
            [
                2 load-locals -1 get-local drop
                0 get-local int va-arg 0 get-local va-copy int
                va-arg + 0 get-local int va-arg + 2 drop-locals
            ] int-reader [ 12 va_call_ints ] with-callback
        ] compile-call
    ]
}
Unit Test: {
    { 79 }
    [
        [
            [
                2 load-locals -1 get-local drop
                0 get-local int va-arg nested-int-callback
                [ 12 va_call_ints ] with-callback +
                0 get-local int va-arg + 2 drop-locals
            ] int-reader [ 12 va_call_ints ] with-callback
        ] compile-call
    ]
}
Unit Test: {
    { -1 }
    [
        [
            [
                2 load-locals -1 get-local drop
                0 get-local outer-args set-global
                nested-context-callback
                [ 0 va_call_ints ] with-callback drop
                0 get-local int va-arg 2 drop-locals
            ] int-reader [ 12 va_call_ints ] with-callback
        ] compile-call
    ]
}
Must Fail With: { [ outer-args get int va-arg ] [ expired-va-list? ] }
Unit Test: {
    { 0 }
    [
        [
            [
                2 load-locals -1 get-local drop
                0 get-local va-copy escaped-args set-global
                0 2 drop-locals
            ] int-reader [ 12 va_call_ints ] with-callback
        ] compile-call
    ]
}
Must Fail With: {
    [ [ escaped-args get int va-arg ] compile-call ]
    [ expired-va-list? ]
}
Unit Test: {
    { 0 }
    [
        [
            [ read-ints ] list-reader
            [ 0 va_call_list ] with-callback
        ] compile-call
    ]
}
Unit Test: {
    { 78 }
    [
        [
            [ read-ints ] list-reader
            [ 12 va_call_list ] with-callback
        ] compile-call
    ]
}
Unit Test: {
    { 155 }
    [
        [
            [
                2 load-locals
                -1 get-local 0 get-local va_sum_list
                -1 get-local 0 get-local va_sum_list +
                0 get-local int va-arg + 2 drop-locals
            ] list-reader [ 12 va_call_list ] with-callback
        ] compile-call
    ]
}
Unit Test: {
    { 155 }
    [
        [
            [
                2 load-locals
                -1 get-local 0 get-local va_sum_list
                -1 get-local 0 get-local va_sum_list +
                0 get-local int va-arg + 2 drop-locals
            ] int-reader [ 12 va_call_ints ] with-callback
        ] compile-call
    ]
}
Unit Test: {
    { 30 "value:-42:1.250:-1234567890123" }
    [ [ 128 formatted ] compile-call ]
}
Unit Test: { { 30 "value:-" } [ [ 8 formatted ] compile-call ] }
Unit Test: { { 30 "" } [ [ 0 formatted ] compile-call ] }
Unit Test: {
    { 30 "value:-42:1.250:-1234567890123" }
    [
        [
            [
                2 load-locals 128 <byte-array> load-local
                0 get-local 128 -2 get-local -1 get-local
                va-vsnprintf 0 get-local utf8 alien>string
                formatted-text set-global 3 drop-locals
            ] format-list-reader
            [ va_call_format_list ] with-callback
            formatted-text get
        ] compile-call
    ]
}
Unit Test: {
    { 25 ":-42:1.250:-1234567890123" }
    [
        [
            [
                2 load-locals -1 get-local drop
                0 get-local c-string va-arg drop
                128 <byte-array> load-local
                0 get-local 128 ":%d:%.*f:%lld" -1 get-local
                va-vsnprintf 0 get-local utf8 alien>string
                formatted-text set-global 3 drop-locals
            ] format-list-reader
            [ va_call_format_list ] with-callback
            formatted-text get
        ] compile-call
    ]
}
Unit Test: { { 1 } [ [ va_small_controls ] compile-call ] }
Unit Test: {
    { 384.5 }
    [
        [
            [
                4 load-locals gc -3 get-local -2 get-local 2 * +
                -1 get-local + 0 get-local half va-arg +
                0 get-local bfloat va-arg 2 * +
                0 get-local half va-arg 3 * +
                0 get-local bfloat va-arg 4 * +
                0 get-local half va-arg 5 * +
                0 get-local bfloat va-arg 6 * +
                0 get-local half va-arg 7 * +
                0 get-local bfloat va-arg 8 * +
                0 get-local half va-arg 9 * +
                0 get-local bfloat va-arg 10 * + 4 drop-locals
            ] small-reader [ va_call_small ] with-callback
        ] compile-call
    ]
}
Unit Test: {
    { 3.75 }
    [
        [
            [
                3 load-locals -2 get-local drop
                gc -1 get-local 0 get-local + 3 drop-locals
            ] small-return-reader
            [ va_call_small_return ] with-callback
        ] compile-call
    ]
}
Unit Test: { { 30 "value:-42:1.250:-1234567890123" } [ direct-formatted ] }
resource:basis/compiler/tests/alien-varargs-outgoing.factor
Unit Test: { { 570.0 } [ varout_control ] }
Unit Test: { { 317.0 } [ varout_split_control ] }
Unit Test: { { 285.0 } [ 1 2 3 4 5 6 7 8 9 varout_mixed ] }
Unit Test: {
    { 285.0 }
    [
        1 2 varout-small-hfa boa 3 4 5 varout-pair boa
        6 7 8 varout-hfa boa 9 varout_hfas
    ]
}
Unit Test: {
    { 317.0 }
    [ 1 2 3 4 5 6 7 4 5 varout-pair boa 10 varout_split ]
}
Unit Test: {
    { 16.0 27.0 38.0 }
    [
        10 6 7 8 varout-hfa boa varout_return
        [ x>> ] [ y>> ] [ z>> ] tri
    ]
}
Unit Test: {
    { 285.0 }
    [
        1 2 3 4 5 6 7 8 9 "varout_mixed" "varargs-outgoing"
        library-dll dlsym indirect-varout-mixed
    ]
}
Unit Test: {
    { 0 }
    [
        1 2 3 align-prior boa
        float-4{ 1.0 2.0 3.0 4.0 } float-4{ 5.0 6.0 7.0 8.0 }
        align-hva boa 1 varout_hva_alignment
    ]
}
Unit Test: {
    { 0 }
    [
        1 2 3 align-prior boa
        float-4{ 1.0 2.0 3.0 4.0 } float-4{ 5.0 6.0 7.0 8.0 }
        align-hva boa
        1 "varout_hva_alignment" "varargs-outgoing" library-dll
        dlsym indirect-alignment
    ]
}
Unit Test: {
    { 0 }
    [
        1 2 3 align-prior boa 1 varout_return_alignment
        alignment>>
    ]
}
Unit Test: {
    { t }
    [ align-vector-first heap-size varout_vector_first_size = ]
}
Unit Test: {
    { t }
    [
        align-vector-first c-type-align
        varout_vector_first_align =
    ]
}
Unit Test: {
    { t }
    [
        align-vector-union c-type-align
        varout_vector_union_align =
    ]
}
Unit Test: {
    { 36.0 }
    [
        1 2 float-4{ 1.0 2.0 3.0 4.0 } 3 align-vector-first boa
        varout_vector_first_after_int
    ]
}
Unit Test: {
    { 36.0 }
    [
        1 2 align-vector-union <struct>
        float-4{ 1.0 2.0 3.0 4.0 } >>value
        3 varout_vector_union_after_int
    ]
}
Unit Test: {
    { 2 30.0 }
    [
        64 malloc load-local 0 get-local [
            load-local 0 get-local [
                load-local 2 0 get-local 0 set-alien-signed-4
                1.0 0 get-local 16 set-alien-float
                2.0 0 get-local 20 set-alien-float
                3.0 0 get-local 24 set-alien-float
                4.0 0 get-local 28 set-alien-float
                0 get-local f f 0 0 macos <platform-va-cursor>
                load-local
                0 get-local int va-arg 0 get-local
                align-vector-union va-arg value>>
                { 1 2 3 4 } [ * ] 2map sum 2 drop-locals
            ] curry with-va-scope 1 drop-locals
        ] curry 0 get-local
        [ load-local 0 get-local free 1 drop-locals ] curry
        finally 1 drop-locals
    ]
}
resource:basis/compiler/tests/alien-varargs-promotions.factor
Unit Test: {
    { { 1 0 -1 255 65535 -7 65530 } }
    [ [ 7 <iota> [ vap_control_integer ] map ] compile-call ]
}
Unit Test: { { 1 } [ [ 0 t vap-bool ] compile-call ] }
Unit Test: { { 0 } [ [ 0 f vap-bool ] compile-call ] }
Unit Test: {
    { 1 }
    [ [ 0 "non-false Factor object" vap-bool ] compile-call ]
}
Unit Test: { { -7 } [ [ 0 -7 vap-char ] compile-call ] }
Unit Test: { { -1 } [ [ 0 255 vap-char ] compile-call ] }
Unit Test: { { 255 } [ [ 0 -1 vap-uchar ] compile-call ] }
Unit Test: { { 65535 } [ [ 0 -1 vap-ushort ] compile-call ] }
Unit Test: {
    { -7 }
    [
        [
            0 6148914691236517205 vap_poison drop
            0 vap-negative vap-signed
        ]
        compile-call
    ]
}
Unit Test: {
    { 65530 }
    [
        [
            0 6148914691236517205 vap_poison drop
            0 vap-positive vap-unsigned
        ]
        compile-call
    ]
}
Unit Test: { { -7 } [ [ 0 -7 vap-signed ] compile-call ] }
Unit Test: { { 65530 } [ [ 0 65530 vap-unsigned ] compile-call ] }
Unit Test: {
    { 0.10000000149011612 }
    [ [ vap_control_float ] compile-call ]
}
Unit Test: {
    { t }
    [ [ 0 0.1 vap-float vap_control_float = ] compile-call ]
}
Unit Test: {
    { 1 }
    [
        [
            0 t "vap_read_integer" "varargs-promotions"
            library-dll dlsym indirect-vap-bool
        ]
        compile-call
    ]
}
Unit Test: {
    { 65530 }
    [
        [
            0 vap-positive "vap_read_integer"
            "varargs-promotions" library-dll dlsym
            indirect-vap-unsigned
        ]
        compile-call
    ]
}
Unit Test: {
    { { 1 -7 65530 0.10000000149011612 } }
    [
        [
            [
                2 load-locals -1 get-local drop
                0 get-local bool va-arg 0 get-local
                vap-signed-enum va-arg 0 get-local
                vap-unsigned-enum va-arg 0 get-local float
                va-arg 4array promotion-values set-global
                0.0 2 drop-locals
            ] vap-runtime-reader
            [ vap_call_reader ] with-callback drop
            promotion-values get
        ]
        compile-call
    ]
}
Unit Test: {
    { { 1 -7 65530 0.10000000149011612 } }
    [
        [
            [
                5 load-locals -4 get-local drop
                -3 get-local -2 get-local -1 get-local 0
                get-local 4array promotion-values set-global
                0.0 5 drop-locals
            ] vap-tail-reader [ vap_call_reader ] with-callback
            drop promotion-values get
        ]
        compile-call
    ]
}
resource:basis/compiler/tests/alien-arm64-unions.factor
Unit Test: { { 11.25 } [ au-one <struct> 1.25 >>a 10.0 au_take_one ] }
Unit Test: {
    { 16.25 }
    [
        au-two <struct> 1.25 2.5 au-pair boa >>pair
        10.0 au_take_two
    ]
}
Unit Test: {
    { 40.0 }
    [
        au-four <struct> 1.0 2.0 3.0 4.0 au-quad boa >>quad
        10.0 au_take_four
    ]
}
Unit Test: {
    { 16.25 }
    [
        au-one <struct> 1.25 >>a 2.5 au-nested boa
        10.0 au_take_nested
    ]
}
Unit Test: { { 13.75 } [ au-mixed <struct> 3.75 >>b 10.0 au_take_mixed ] }
Unit Test: { { 1.25 } [ 1.25 au_return_one a>> ] }
Unit Test: {
    { 1.25 2.5 }
    [ 1.25 2.5 au_return_two pair>> [ a>> ] [ b>> ] bi ]
}
Unit Test: {
    { 1.0 2.0 3.0 4.0 }
    [
        1.0 2.0 3.0 4.0 au_return_four quad>>
        { [ a>> ] [ b>> ] [ c>> ] [ d>> ] } cleave
    ]
}
Unit Test: {
    { 23.25 }
    [
        7 au-two <struct> 1.25 2.5 au-pair boa >>pair
        10.0 au_variadic
    ]
}
Unit Test: {
    { 11.25 }
    [ [ [ swap a>> + ] au-one-cb au_call_one ] compile-call ]
}
Unit Test: {
    { 16.25 }
    [
        [
            [ swap pair>> [ a>> ] [ b>> 2 * ] bi + + ] au-two-cb
            au_call_two
        ] compile-call
    ]
}
Unit Test: {
    { 40.0 }
    [
        [
            [
                swap quad>>
                { [ a>> ] [ b>> 2 * ] [ c>> 3 * ] [ d>> 4 * ] }
                cleave + + + +
            ] au-four-cb au_call_four
        ] compile-call
    ]
}
Unit Test: { { 1 } [ au_c_controls ] }
Unit Test: { { 16 } [ au-padded heap-size ] }
Unit Test: { { 16.25 } [ 1.25 2.5 au-padded boa 10.0 au_take_padded ] }
Unit Test: {
    { 16.25 }
    [
        au-padded-union <struct> 1.25 2.5 au-padded boa >>padded
        10.0 au_take_padded_union
    ]
}
Unit Test: {
    { 1.25 2.5 }
    [ 1.25 2.5 au_return_padded [ a>> ] [ b>> ] bi ]
}
Unit Test: {
    { 16.25 }
    [
        [
            [ swap [ a>> ] [ b>> 2 * ] bi + + ] au-padded-cb
            au_call_padded
        ] compile-call
    ]
}
Unit Test: {
    { 37.25 }
    [
        1.0 2.0 3.0 4.0 5.0 6.0 au-two <struct> 1.25 2.5 au-pair
        boa >>pair 10.0 au_take_spill
    ]
}
Unit Test: {
    { 37.25 }
    [
        [
            [
                swap pair>> [ a>> ] [ b>> 2 * ] bi + + + + + + +
                +
            ] au-spill-cb au_call_spill
        ] compile-call
    ]
}
Unit Test: {
    { 40.0 }
    [
        au-vector <struct> float-4{ 1.0 2.0 3.0 4.0 } >>a
        10.0 au_take_vector
    ]
}
Unit Test: {
    { float-4{ 1.0 2.0 3.0 4.0 } }
    [ 1.0 2.0 3.0 4.0 au_return_vector a>> ]
}
Unit Test: {
    { 40.0 }
    [
        [
            [
                swap a>> {
                    [ first ]
                    [ second 2 * ]
                    [ third 3 * ]
                    [ fourth 4 * ]
                } cleave + + + +
            ] au-vector-cb au_call_vector
        ] compile-call
    ]
}
Unit Test: {
    { 46.0 }
    [
        au-vector-two <struct>
        float-4{ 1.0 2.0 3.0 4.0 } float-4{ 5.0 6.0 7.0 8.0 }
        au-fvec-pair boa >>a 10.0 au_take_vector_two
    ]
}
Unit Test: {
    { float-4{ 1.0 2.0 3.0 4.0 } float-4{ 5.0 6.0 7.0 8.0 } }
    [ au_return_vector_two a>> [ a>> ] [ b>> ] bi ]
}
Unit Test: {
    { 23.25 }
    [
        [
            [
                2 load-locals 0 get-local au-two va-arg pair>>
                [ a>> ] [ b>> 2 * ] bi +
                0 get-local double va-arg + -1 get-local +
                2 drop-locals
            ] au-dynamic-cb au_call_variadic
        ] compile-call
    ]
}
Unit Test: {
    { 23.25 }
    [
        [
            [ swap pair>> [ a>> ] [ b>> 2 * ] bi + + + ]
            au-typed-cb au-call-typed
        ] compile-call
    ]
}
Unit Test: {
    { 53.0 }
    [
        [
            [
                2 load-locals
                0 get-local au-vector-two va-arg a>>
                [ a>> sum ] [ b>> sum ] bi +
                0 get-local double va-arg + -1 get-local +
                2 drop-locals
            ] au-dynamic-cb au_call_vector_variadic
        ] compile-call
    ]
}
Unit Test: {
    { 53.0 }
    [
        [
            [ swap a>> [ a>> sum ] [ b>> sum ] bi + + + ]
            au-vector-typed-cb au-call-vector-typed
        ] compile-call
    ]
}
Unit Test: { { 1 } [ au_small_controls ] }
Unit Test: { { 11.25 } [ au-small <struct> 1.25 >>a 10.0 au_take_small ] }
Unit Test: { { 12.5 } [ au-bsmall <struct> 2.5 >>a 10.0 au_take_bsmall ] }
Unit Test: { { 1.25 } [ 1.25 au_return_small a>> ] }
Unit Test: { { 2.5 } [ 2.5 au_return_bsmall a>> ] }
Unit Test: {
    { 16.25 }
    [
        au-small <struct> 1.25 >>a au-bsmall <struct> 2.5 >>a
        au-small-pair boa 10.0 au_take_small_pair
    ]
}
Unit Test: {
    { 16.25 }
    [
        [
            [ swap small-pair-value + ] au-small-pair-cb
            au_call_small_pair
        ] compile-call
    ]
}
Unit Test: {
    { 23.25 }
    [
        [
            [
                2 load-locals
                0 get-local au-small-pair va-arg
                small-pair-value 0 get-local double va-arg +
                -1 get-local + 2 drop-locals
            ] au-small-dynamic-cb au_call_small_variadic
        ] compile-call
    ]
}
Unit Test: {
    { 23.25 }
    [
        [
            [ swap small-pair-value + + ] au-small-typed-cb
            au-call-small-typed
        ] compile-call
    ]
}
resource:basis/compiler/tests/alien-small-floats.factor
Unit Test: { { 1.5 } [ 1.5 half_identity small-abi-case ] }
Unit Test: {
    { -2.5 }
    [
        -2.5 "half_identity" "small-floats-test" library-dll
        dlsym half-indirect small-abi-case
    ]
}
Unit Test: { { 16.0 } [ 1 2.5 3.0 4.5 5 half_mixed small-abi-case ] }
Unit Test: {
    { 2.0 }
    [
        half-cb [ 1.5 half_callback ] with-callback
        small-abi-case
    ]
}
Unit Test: {
    { 55.0 }
    [ 1 2 3 4 5 6 7 8 9 10 half_overflow small-abi-case ]
}
Unit Test: {
    { 55.0 }
    [
        half-overflow-cb
        [ half_overflow_callback ] with-callback small-abi-case
    ]
}
Unit Test: {
    { t }
    [
        {
            0.0
            -0.0
            1.0
            -1.0
            1.00048828125
            1.00146484375
            1.00390625
            1.01171875
            5.960464477539063e-8
            0.00006103515625
            65504.0
            65520.0
            1/0.
            -1/0.
        }
        [ [ half_bits ] [ half_convert float>half-bits ] bi = ]
        all? small-abi-case
    ]
}
Unit Test: {
    { t }
    [
        {
            0
            1
            2
            127
            128
            255
            256
            1023
            1024
            16383
            16384
            30000
            32768
            32769
            49152
        } [ [ half_from_bits float>half-bits ] keep = ] all?
        small-abi-case
    ]
}
Unit Test: { { 1.5 } [ 1.5 bfloat_identity small-abi-case ] }
Unit Test: {
    { -2.5 }
    [
        -2.5 "bfloat_identity" "small-floats-test" library-dll
        dlsym bfloat-indirect small-abi-case
    ]
}
Unit Test: { { 16.0 } [ 1 2.5 3.0 4.5 5 bfloat_mixed small-abi-case ] }
Unit Test: {
    { 2.0 }
    [
        bfloat-cb [ 1.5 bfloat_callback ] with-callback
        small-abi-case
    ]
}
Unit Test: {
    { 55.0 }
    [ 1 2 3 4 5 6 7 8 9 10 bfloat_overflow small-abi-case ]
}
Unit Test: {
    { 55.0 }
    [
        bfloat-overflow-cb
        [ bfloat_overflow_callback ] with-callback
        small-abi-case
    ]
}
Unit Test: {
    { t }
    [
        {
            0.0
            -0.0
            1.0
            -1.0
            1.00048828125
            1.00146484375
            1.00390625
            1.01171875
            5.960464477539063e-8
            0.00006103515625
            65504.0
            65520.0
            1/0.
            -1/0.
        } [
            [ bfloat_bits ] [ bfloat_convert float>bfloat-bits ]
            bi =
        ] all? small-abi-case
    ]
}
Unit Test: {
    { t }
    [
        {
            0
            1
            2
            127
            128
            255
            256
            1023
            1024
            16383
            16384
            30000
            32768
            32769
            49152
        } [ [ bfloat_from_bits float>bfloat-bits ] keep = ] all?
        small-abi-case
    ]
}
Unit Test: {
    { 4.0 }
    [
        mixed-small <struct> 1.5 >>a 2.5 >>b
        mixed_small_sum small-abi-case
    ]
}
Unit Test: {
    { t }
    [
        65536 <iota> [
            [ half_from_bits float>half-bits ]
            [ half-bits>float float>half-bits ] bi =
        ] all? small-abi-case
    ]
}
Unit Test: {
    { t }
    [
        65536 <iota> [
            [ bfloat_from_bits float>bfloat-bits ]
            [ bfloat-bits>float float>bfloat-bits ] bi =
        ] all? small-abi-case
    ]
}
Unit Test: { { 11.5 } [ 0 1.5 2.5 3 4.5 half_varargs small-abi-case ] }
Unit Test: { { 11.5 } [ 0 1.5 2.5 3 4.5 bfloat_varargs small-abi-case ] }
Unit Test: {
    { 1.0 1.0 }
    [ half_dirty_result bfloat_dirty_result small-abi-case ]
}
Unit Test: {
    { 2.0 }
    [
        0 1.00048828125 1.00048828125 0 0.0 half_varargs
        small-abi-case
    ]
}
Unit Test: {
    { 2.0 }
    [
        0 1.00390625 1.00390625 0 0.0 bfloat_varargs
        small-abi-case
    ]
}
Unit Test: { { 806016 } [ 1 8 2 3 4 5 6 7 8 9 varout_half_bits ] }
Unit Test: { { 745872 } [ 1 8 2 3 4 5 6 7 8 9 varout_bfloat_bits ] }
Unit Test: {
    { 212.0 }
    [
        1
        float-4{ 1.0 2.0 3.0 4.0 } float-4{ 5.0 6.0 7.0 8.0 }
        float-4{ 9.0 10.0 11.0 12.0 } varout-vector-hva boa
        1 varout_vector_args
    ]
}
FFI-COVERAGE small executed=24
ARM64 varargs tests passed
+ /opt/homebrew/opt/python@3.14/bin/python3.14 reference/arm64-varargs-20260908/check-printf.py --factor /Users/erg/factor.worktrees/arm64-varargs-entry/Factor.app/Contents/MacOS/factor --image /Users/erg/factor.worktrees/bindings-on-agent1-20260908/rebased.image --root /Users/erg/factor.worktrees/bindings-on-agent1-20260908
Real printf bytes and return count passed (2 entry points)
