
Restarts were invoked adding vocabularies to the search path.
To avoid doing this in the future, add the following forms
at the top of the source file:

USING: assocs compiler.errors debugger io kernel namespaces
sequences system tools.test vocabs vocabs.loader ;

alien.varargs
Unit Test: {
    { -7 3.5 42 }
    [
        [
            load-local -7 0 get-local 256 set-alien-signed-4
            3.5 0 get-local 264 set-alien-double
            42 0 get-local 272 set-alien-signed-8
            0 get-local macos cursor-at load-local
            0 get-local char va-arg 0 get-local double va-arg 0
            get-local longlong va-arg 2 drop-locals
        ] with-va-memory
    ]
}
Unit Test: {
    { 11 22 22 }
    [
        [
            load-local 11 0 get-local 256 set-alien-signed-4
            22 0 get-local 264 set-alien-signed-4
            0 get-local macos cursor-at load-local
            0 get-local int va-arg 0 get-local va-copy
            load-local
            -1 get-local int va-arg 0 get-local int va-arg 3
            drop-locals
        ] with-va-memory
    ]
}
Unit Test: {
    { 123 2.5 456 }
    [
        [
            load-local 123 0 get-local 0 set-alien-signed-4
            456 0 get-local 8 set-alien-signed-4
            2.5 0 get-local 64 set-alien-double
            0 get-local linux cursor-at load-local
            0 get-local int va-arg 0 get-local double va-arg 0
            get-local int va-arg 2 drop-locals
        ] with-va-memory
    ]
}
Unit Test: {
    { 7 8 }
    [
        [
            load-local 7 0 get-local 56 set-alien-signed-4
            8 0 get-local 256 set-alien-signed-4
            0 get-local linux cursor-at -8 >>gr-offs load-local
            0 get-local int va-arg 0 get-local int va-arg 2
            drop-locals
        ] with-va-memory
    ]
}
Unit Test: {
    { 17 19 23 }
    [
        [
            load-local 999 0 get-local 56 set-alien-signed-8
            17 0 get-local 256 set-alien-signed-8
            19 0 get-local 264 set-alien-signed-8
            23 0 get-local 272 set-alien-signed-4
            0 get-local linux cursor-at -8 >>gr-offs load-local
            0 get-local va-pair va-arg [ x>> ] [ y>> ] bi
            0 get-local int va-arg 2 drop-locals
        ] with-va-memory
    ]
}
Unit Test: {
    { 17 19 23 }
    [
        [
            load-local 17 0 get-local 56 set-alien-signed-8
            19 0 get-local 64 set-alien-signed-8
            23 0 get-local 72 set-alien-signed-4
            0 get-local windows cursor-at
            56 0 get-local <displaced-alien> >>stack load-local
            0 get-local va-pair va-arg [ x>> ] [ y>> ] bi
            0 get-local int va-arg 2 drop-locals
        ] with-va-memory
    ]
}
Unit Test: {
    { 1.5 2.5 }
    [
        [
            load-local 1.5 0 get-local 64 set-alien-double
            2.5 0 get-local 80 set-alien-double
            0 get-local linux cursor-at va-hfa va-arg load-local
            100.0 -1 get-local 64 set-alien-double 0 get-local
            [ x>> ] [ y>> ] bi 2 drop-locals
        ] with-va-memory
    ]
}
Unit Test: {
    { 1.0 2.0 3.0 4.0 }
    [
        [
            load-local 1.0 0 get-local 64 set-alien-double
            2.0 0 get-local 80 set-alien-double
            3.0 0 get-local 96 set-alien-double
            4.0 0 get-local 112 set-alien-double
            0 get-local linux cursor-at va-nested-hfa va-arg
            [ x>> [ x>> ] [ y>> ] bi ]
            [ y>> [ x>> ] [ y>> ] bi ] bi 1 drop-locals
        ] with-va-memory
    ]
}
Unit Test: {
    { 3.0 4.0 5.0 }
    [
        [
            load-local 999.0 0 get-local 176 set-alien-double
            3.0 0 get-local 256 set-alien-double
            4.0 0 get-local 264 set-alien-double
            5.0 0 get-local 272 set-alien-double
            0 get-local linux cursor-at -16 >>vr-offs load-local
            0 get-local va-hfa va-arg [ x>> ] [ y>> ] bi
            0 get-local double va-arg 2 drop-locals
        ] with-va-memory
    ]
}
Unit Test: {
    { 11 22 33 }
    [
        [
            load-local 320 0 get-local <displaced-alien>
            0 get-local 0 set-alien-cell
            11 0 get-local 320 set-alien-signed-8
            22 0 get-local 328 set-alien-signed-8
            33 0 get-local 336 set-alien-signed-8
            0 get-local linux cursor-at va-triple va-arg
            [ x>> ] [ y>> ] [ z>> ] tri 1 drop-locals
        ] with-va-memory
    ]
}
Unit Test: {
    { { 1.0 2.0 3.0 } }
    [
        [
            load-local 1.0 0 get-local 64 set-alien-double
            2.0 0 get-local 80 set-alien-double
            3.0 0 get-local 96 set-alien-double
            0 get-local linux cursor-at
            va-array-hfa va-arg values>> >array 1 drop-locals
        ] with-va-memory
    ]
}
Unit Test: {
    { 1.0 2.0 }
    [
        [
            load-local 15360 0 get-local 64 set-alien-unsigned-2
            16384 0 get-local 80 set-alien-unsigned-2
            0 get-local linux cursor-at va-small-hfa va-arg
            [ x>> ] [ y>> ] bi 1 drop-locals
        ] with-va-memory
    ]
}
Unit Test: {
    { { 1.0 2.0 3.0 4.0 } { 5.0 6.0 7.0 8.0 } }
    [
        [
            load-local 1.0 0 get-local 64 set-alien-float
            2.0 0 get-local 68 set-alien-float
            3.0 0 get-local 72 set-alien-float
            4.0 0 get-local 76 set-alien-float
            5.0 0 get-local 80 set-alien-float
            6.0 0 get-local 84 set-alien-float
            7.0 0 get-local 88 set-alien-float
            8.0 0 get-local 92 set-alien-float
            0 get-local linux cursor-at va-hva va-arg
            [ x>> >array ] [ y>> >array ] bi 1 drop-locals
        ] with-va-memory
    ]
}
Unit Test: {
    { { 1.0 2.0 3.0 4.0 } 23 }
    [
        [
            load-local 1.0 0 get-local 272 set-alien-float
            2.0 0 get-local 276 set-alien-float
            3.0 0 get-local 280 set-alien-float
            4.0 0 get-local 284 set-alien-float
            23 0 get-local 288 set-alien-signed-4
            0 get-local linux cursor-at 0 >>vr-offs 0 >>gr-offs
            264 0 get-local <displaced-alien> >>stack load-local
            0 get-local float-4 va-arg >array 0 get-local int
            va-arg 2 drop-locals
        ] with-va-memory
    ]
}
Unit Test: {
    { { 1.0 2.0 3.0 4.0 } 23 }
    [
        [
            load-local 1.0 0 get-local 56 set-alien-float
            2.0 0 get-local 60 set-alien-float
            3.0 0 get-local 64 set-alien-float
            4.0 0 get-local 68 set-alien-float
            23 0 get-local 72 set-alien-signed-4
            0 get-local windows cursor-at
            56 0 get-local <displaced-alien> >>stack load-local
            0 get-local float-4 va-arg >array 0 get-local int
            va-arg 2 drop-locals
        ] with-va-memory
    ]
}
Unit Test: {
    { 1.0 2.0 3.0 4.0 }
    [
        [
            load-local 320 0 get-local <displaced-alien>
            0 get-local 256 set-alien-cell
            1.0 0 get-local 320 set-alien-double
            2.0 0 get-local 328 set-alien-double
            3.0 0 get-local 336 set-alien-double
            4.0 0 get-local 344 set-alien-double
            0 get-local windows cursor-at va-nested-hfa va-arg
            [ x>> [ x>> ] [ y>> ] bi ]
            [ y>> [ x>> ] [ y>> ] bi ] bi 1 drop-locals
        ] with-va-memory
    ]
}
Unit Test: {
    { }
    [
        [
            load-local 0 get-local macos cursor-at
            dup escaped-cursor set-global
            va-copy escaped-copy set-global 1 drop-locals
        ] with-va-memory
    ]
}
Must Fail With: { [ escaped-cursor get int va-arg ] [ expired-va-list? ] }
Must Fail With: { [ escaped-copy get va-copy ] [ expired-va-list? ] }
Unit Test: {
    { }
    [
        [
            [
                load-local 0 get-local macos cursor-at
                dup escaped-cursor set-global
                va-copy escaped-copy set-global
                "scope cleanup test" throw 1 drop-locals
            ] with-va-memory
        ] [ drop ] recover
    ]
}
Must Fail With: { [ escaped-cursor get int va-arg ] [ expired-va-list? ] }
Must Fail With: { [ escaped-copy get int va-arg ] [ expired-va-list? ] }
Unit Test: {
    { t }
    [
        [
            load-local 0 get-local macos cursor-at load-local
            0 get-local [
                load-local 0 get-local [
                    load-local 0 get-local va-copy drop
                    f 1 drop-locals
                ] curry [ expired-va-list? ] recover
                1 drop-locals
            ] curry future ?future 2 drop-locals
        ] with-va-memory
    ]
}
Must Fail With: {
    [ f f f 0 0 macos <platform-va-cursor> ]
    [ va-list-outside-callback-scope? ]
}
Unit Test: {
    { t t f }
    [
        va_list native-va-list-type? cpu arm.64? =
        va_list lookup-c-type native-va-list-type? cpu arm.64? =
        int native-va-list-type?
    ]
}
Unit Test: {
    { 6 "7/2.50" 6 "7/2.50" 7 }
    [
        [
            load-local 7 0 get-local 0 set-alien-signed-4
            2.5 0 get-local 64 set-alien-double
            7 0 get-local 256 set-alien-signed-4
            2.5 0 get-local 264 set-alien-double
            0 get-local os cursor-at load-local
            32 <byte-array> load-local
            0 get-local 32 "%d/%.2f" -1 get-local
            va-test-vsnprintf 0 get-local utf8 alien>string
            0 get-local 32 "%d/%.2f" -1 get-local
            va-test-vsnprintf 0 get-local utf8 alien>string
            -1 get-local int va-arg 3 drop-locals
        ] with-va-memory
    ]
}
Unit Test: {
    { 7 7 }
    [
        [
            load-local 7 0 get-local 0 set-alien-signed-4
            7 0 get-local 256 set-alien-signed-4
            0 get-local os cursor-at load-local
            0 get-local cursor>native-va-list
            native-va-list>cursor int va-arg 0 get-local int
            va-arg 2 drop-locals
        ] with-va-memory
    ]
}
alien.parser
Unit Test: {
    { "hello" }
    [ { "hello" } [ CREATE-C-TYPE name>> ] with-parsing ]
}
Unit Test: {
    { 0 }
    [
        { } [
            "hello" current-vocab create-word
            old-definitions get first adjoin
            "hello" (CREATE-C-TYPE) drop
            old-definitions get first cardinality
        ] with-parsing
    ]
}
Unit Test: {
    { "what-type" }
    [
        { } [
            void "what-type" f { } { } make-callback-type 2drop
            name>>
        ] with-parsing
    ]
}
Unit Test: {
    { 1 }
    [
        { } [
            "hello" current-vocab create-word
            old-definitions get first adjoin void "hello" f
            { } { } make-callback-type 3drop
            old-definitions get first cardinality
        ] with-parsing
    ]
}
Unit Test: {
    { t }
    [
        { "ayae" }
        [ parse-enum-name new-definitions get first in? ]
        with-parsing
    ]
}
Unit Test: {
    {
        "Cannot define a C type 'hello*' that ends with an asterisk (*)"
    }
    [ [ "hello*" validate-c-type-name ] [ ] recover summary ]
}
Unit Test: {
    { { int double int } { "tag" "named" "arg" } 2 }
    [
        { "( int tag, double named, ... int arg )" }
        [ scan-c-args* ] with-parsing
    ]
}
Unit Test: {
    { { int } { "tag" } f }
    [ { "( int tag )" } [ scan-c-args* ] with-parsing ]
}
Must Fail With: {
    [
        { "( int tag, ... ... int arg )" } [ scan-c-args* ]
        with-parsing
    ]
    [ error>> duplicate-varargs-marker? ]
}
Must Fail With: {
    [
        { "( int tag, ... int arg )" } [ scan-c-args ]
        with-parsing
    ]
    [ error>> varargs-in-function-declaration? ]
}
Unit Test: { [ int ] [ "int" parse-c-type ] }
Unit Test: { [ { int 5 } ] [ "int[5]" parse-c-type ] }
Unit Test: { [ { int 5 10 11 } ] [ "int[5][10][11]" parse-c-type ] }
Unit Test: {
    [ { int 5 10 eleven } ]
    [ "int[5][10][eleven]" parse-c-type ]
}
Unit Test: { [ pointer: void ] [ "void*" parse-c-type ] }
Unit Test: { [ pointer: int ] [ "int*" parse-c-type ] }
Unit Test: { [ pointer: pointer: int ] [ "int**" parse-c-type ] }
Unit Test: { [ pointer: pointer: pointer: int ] [ "int***" parse-c-type ] }
Unit Test: {
    [ pointer: pointer: pointer: pointer: int ]
    [ "int****" parse-c-type ]
}
Unit Test: { [ { pointer: int 3 } ] [ "int*[3]" parse-c-type ] }
Unit Test: { [ { pointer: void 3 } ] [ "void*[3]" parse-c-type ] }
Unit Test: { [ pointer: { int 3 } ] [ "int[3]*" parse-c-type ] }
Unit Test: { [ c-string ] [ "c-string" parse-c-type ] }
Unit Test: { [ char2 ] [ "char2" parse-c-type ] }
Unit Test: { [ pointer: char2 ] [ "char2*" parse-c-type ] }
Must Fail: { [ "void[3]" parse-c-type ] }
Must Fail: { [ "int[3" parse-c-type ] }
Must Fail: { [ "int[3][4" parse-c-type ] }
Must Fail With: { [ "not-word" parse-c-type ] [ error>> no-word-error? ] }
Unit Test: {
    { ( arg1 arg2 -- void* ) }
    [
        \ alien-parser-function-effect-test "declared-effect"
        word-prop
    ]
}
Unit Test: { { t } [ \ alien-parser-function-effect-test inline? ] }
Unit Test: {
    { ( arg1 arg2 -- void* ) }
    [
        \ (alien-parser-function-effect-test) "declared-effect"
        word-prop
    ]
}
Unit Test: { { t } [ \ (alien-parser-function-effect-test) inline? ] }
Unit Test: {
    { ( arg1 arg2 -- void* ) }
    [
        \ alien-parser-callback-effect-test "callback-effect"
        word-prop
    ]
}
Unit Test: { { t } [ \ alien-parser-callback-effect-test inline? ] }
Unit Test: {
    { ( count args -- int ) }
    [
        \ alien-parser-varargs-reader "callback-effect"
        word-prop
    ]
}
Unit Test: {
    { 1 }
    [
        \ alien-parser-varargs-reader "callback-varargs"
        word-prop
    ]
}
Unit Test: {
    { ( tag code value -- double ) }
    [ \ alien-parser-varargs-tail "callback-effect" word-prop ]
}
Unit Test: { { t } [ \ alien-parser-varargs-tail inline? ] }
Unit Test: {
    { "OK!" }
    [
        [
            "USE: specialized-arrays SPECIALIZED-ARRAY: alien-parser-test-int"
            ( -- ) eval "OK!"
        ] [ :1 ] recover
    ]
}
Unit Test: { { } [ [ ] with-compilation-unit ] }
stack-checker.alien

Restarts were invoked adding vocabularies to the search path.
To avoid doing this in the future, add the following forms
at the top of the source file:

USING: accessors alien alien.c-types alien.private
cpu.architecture kernel kernel.private literals math
math.floats.small.c-types namespaces sequences
stack-checker.alien stack-checker.state stack-checker.values
system threads.private tools.test ;
IN: stack-checker.alien.tests

Unit Test: {
    { 7 1 }
    [
        alien-callback-params new int >>return
        { int double } >>parameters t >>varargs? stack-shape
    ]
}
Unit Test: {
    { V{ 31 32 } { 33 } }
    [
        0 inner-d-index set V{ } clone (meta-d) set
        H{ } clone known-values set V{ } clone literals set
        30 \ <value> set-global
        alien-node-params new int >>return
        { int int } >>parameters inputs/outputs
    ]
}
Unit Test: {
    { V{ 31 32 33 } { 34 } }
    [
        0 inner-d-index set V{ } clone (meta-d) set
        H{ } clone known-values set V{ } clone literals set
        30 \ <value> set-global
        alien-indirect-params new int >>return
        { int int } >>parameters inputs/outputs
    ]
}
Unit Test: {
    {
        [
            [
                { fixnum fixnum } declare [ [ ] dip ] dip
                "hello" >fixnum
            ] [
                dup current-callback eq?
                [ drop ] [ wait-for-callback ] if
            ] do-callback
        ]
    }
    [
        int { int int } cdecl f alien-node-params boa
        [ "hello" ] wrap-callback-quot
    ]
}
Must Fail With: {
    [
        alien-invoke-params new { int } >>parameters
        -1 >>varargs? prepare-varargs
    ]
    [ invalid-varargs-count? ]
}
Must Fail With: {
    [
        alien-invoke-params new { int } >>parameters
        2 >>varargs? prepare-varargs
    ]
    [ invalid-varargs-count? ]
}
Must Fail With: {
    [
        alien-invoke-params new { int } >>parameters
        t >>varargs? prepare-varargs
    ]
    [ missing-varargs-count? ]
}
Unit Test: {
    { t }
    [
        alien-invoke-params new { half bfloat } >>parameters
        1 >>varargs? prepare-varargs parameters>> length 2 =
    ]
}
compiler.cfg.builder.alien
--> test failed!
Unit Test: { { { { int-rep f f 4 } } } [ int base-type flatten-c-type ] }
Unit Test: {
    { { { int-rep f f } { int-rep f f } } }
    [
        some-struct base-type base-type flatten-c-type
        [ first3 3array ] map
    ]
}
Unit Test: {
    { { 20 } { { int-rep f f 4 } } { } }
    [ reset-vreg-counter [ 20 int base-type unbox ] { } make ]
}
Unit Test: {
    {
        { 2 3 }
        { { int-rep f f } { int-rep f f } }
        {
            T{ ##unbox-any-c-ptr { dst 1 } { src 20 } }
            T{ ##load-memory-imm
                { dst 2 }
                { base 1 }
                { offset 0 }
                { rep int-rep }
            }
            T{ ##load-memory-imm
                { dst 3 }
                { base 1 }
                { offset 8 }
                { rep int-rep }
            }
        }
    }
    [
        init-cfg-test
        [ 20 some-struct base-type unbox [ first3 3array ] map ]
        { }
        make
    ]
}
Unit Test: {
    {
        { 1 }
        { { int-rep f f 8 } }
        { T{ ##unbox-any-c-ptr { dst 1 } { src 77 } } }
    }
    [
        init-cfg-test
        [ 77 c-string base-type unbox-parameter ]
        { }
        make
    ]
}
Unit Test: {
    { { 77 } { { int-rep f f 4 } } { } }
    [
        init-cfg-test
        [ 77 int base-type unbox-parameter ]
        { }
        make
    ]
}
Unit Test: {
    { f t V{ } f }
    [
        V{ 1 2 3 } clone f reg-class-full? V{ 1 } clone
        [ t reg-class-full? ] keep V{ 1 2 } t reg-class-full?
    ]
}
resource:basis/compiler/tests/alien-varargs-outgoing.factor
Unit Test: { { 887.0 } [ varout_control ] }
Unit Test: { { 285.0 } [ 1 2 3 4 5 6 7 8 9 varout_mixed ] }
Unit Test: {
    { 285.0 }
    [
        1 2 varout-small-hfa boa 3 4 5 varout-pair boa
        6 7 8 varout-hfa boa 9 varout_hfas
    ]
}
Unit Test: {
    { 317.0 }
    [ 1 2 3 4 5 6 7 4 5 varout-pair boa 10 varout_split ]
}
Unit Test: {
    { 16.0 27.0 38.0 }
    [
        10 6 7 8 varout-hfa boa varout_return
        [ x>> ] [ y>> ] [ z>> ] tri
    ]
}
Unit Test: {
    { 285.0 }
    [
        1 2 3 4 5 6 7 8 9 "varout_mixed" "varargs-outgoing"
        library-dll dlsym indirect-varout-mixed
    ]
}
resource:basis/compiler/tests/alien-varargs.factor

Restarts were invoked adding vocabularies to the search path.
To avoid doing this in the future, add the following forms
at the top of the source file:

USING: accessors alien alien.c-types alien.libraries
alien.strings alien.syntax alien.varargs arrays byte-arrays
classes.struct combinators compiler compiler.test
io.encodings.utf8 io.pathnames kernel libc locals math memory
namespaces sequences specialized-arrays
specialized-arrays.instances.alien.c-types.float system
tools.test ;
FROM: alien.c-types => float short ;
IN: compiler.tests.alien-varargs

Unit Test: { { 255 } [ [ va_c_controls ] compile-call ] }
Unit Test: {
    { 0 }
    [
        [
            [ read-ints ] int-reader
            [ 0 va_call_ints ] with-callback
        ] compile-call
    ]
}
Unit Test: {
    { -1 }
    [
        [
            [ read-ints ] int-reader
            [ 1 va_call_ints ] with-callback
        ] compile-call
    ]
}
--> test failed!
Unit Test: {
    { -28 }
    [
        [
            [ read-ints ] int-reader
            [ 7 va_call_ints ] with-callback
        ] compile-call
    ]
}
--> test failed!
Unit Test: {
    { 78 }
    [
        [
            [ read-ints ] int-reader
            [ 12 va_call_ints ] with-callback
        ] compile-call
    ]
}
--> test failed!
Unit Test: {
    { 78 }
    [
        [
            [ gc read-ints ] int-reader
            [ 12 va_call_ints ] with-callback
        ] compile-call
    ]
}
--> test failed!
Unit Test: {
    { 1259.75 }
    [
        [
            double { int double } cdecl
            [ read-mixed ] alien-callback-varargs
            [ va_call_mixed ] with-callback
        ] compile-call
    ]
}
--> test failed!
Unit Test: {
    { 86.0 }
    [
        [
            [
                14 load-locals -13 get-local -12 get-local +
                -11 get-local + -10 get-local + -9 get-local +
                -8 get-local + -7 get-local + -6 get-local +
                -5 get-local + -4 get-local + -3 get-local +
                -2 get-local 2 * + -1 get-local 3 * +
                0 get-local 4 * + 14 drop-locals
            ] named-spill-reader
            [ va_call_named_spill ] with-callback
        ] compile-call
    ]
}
--> test failed!
Unit Test: {
    { 5.0 }
    [
        [
            [ read-aggregates ] aggregate-reader
            [ va_call_aggregates ] with-callback
        ] compile-call
    ]
}
--> test failed!
Unit Test: { { 1 } [ [ va_hfa_spill_control ] compile-call ] }
Unit Test: {
    { 364.0 }
    [
        [
            [
                12 load-locals -11 get-local -10 get-local +
                -9 get-local + -8 get-local + -7 get-local +
                -6 get-local + -5 get-local + -4 get-local +
                -3 get-local x>> + -3 get-local y>> 2 * +
                -2 get-local 3 * +
                -1 get-local values>> first 4 * +
                -1 get-local values>> second 5 * +
                -1 get-local values>> third 6 * +
                0 get-local 7 * + 12 drop-locals
            ] hfa-spill-reader
            [ va_call_hfa_spill ] with-callback
        ] compile-call
    ]
}
--> test failed!
Unit Test: {
    { -15769158013578 }
    [
        [
            [
                2 load-locals -1 get-local drop
                va-big <struct> 0 get-local longlong va-arg >>x
                0 get-local longlong va-arg >>y
                0 get-local longlong va-arg >>z
                [ gc read-ints ] int-reader
                [ 12 va_call_ints ] with-callback drop
                gc 2 drop-locals
            ] big-reader [ va_call_big_return ] with-callback
        ] compile-call
    ]
}
Memory protection fault at address 0x11842c010
You have triggered a bug in Factor. Please report.
critical_error: The die word was called by the library.: 0
Starting low level debugger...
Basic commands:
  q ^D             -- quit Factor
  c                -- continue executing Factor - NOT SAFE
  t                -- throw exception in Factor - NOT SAFE
  .s .r .c         -- print data, retain, call stacks
  help             -- full help, including advanced commands

> ==== DATA STACK:
12
#<alien 0x11842c010>
f
f
0
0
{ 64199 16 4701995024 f }
==== RETAIN STACK:
11
==== CALL STACK:

frame: 0x117a53f90 size 16
executing: kernel:die
scan: 1
word/quot addr: 10506879c
word/quot xt: 111c7d300
return address: 111c7d320

frame: 0x117a53fa0 size 16
executing: [ ui:ui-running? [ kernel:dup ui.debugger:error-alert ] [ kernel:dup debugger:print-error io:flush ] kernel:if kernel:die continuations:rethrow ]
scan: 4
word/quot addr: 109bf3e74
word/quot xt: 112b791c0
return address: 112b79200

frame: 0x117a53fb0 size 16
executing: continuations:rethrow
scan: -1
word/quot addr: 104da513c
word/quot xt: 1117d5150
return address: 1117d538c

frame: 0x117a53fc0 size 48
executing: ( callback )
scan: -1
word/quot addr: 10c23be2c
word/quot xt: 112b7bd80
return address: 112b7c1d8
