resource:basis/compiler/tests/varargs/cases.factor

2: USING: accessors alien alien.c-types alien.libraries alien.strings
3: alien.syntax alien.varargs arrays byte-arrays classes.struct combinators
                             ^
Vocabulary does not exist
name "alien.varargs"

(U) [ c-to-factor => ]
    c-to-factor
(U) [ [ (get-catchstack) push ] dip call => (get-catchstack) pop* ]
(O) command-line-startup
(O) eval-with-stack
(U) [
        2dup check-call-effect 2dup [
            ~quotation~ dip
            dup terminated?>> ~quotation~ ~quotation~ if
        ] 2dip => rot [ 2drop ] [ wrong-values ] if
    ]
(U) [
        [ ~quotation~ dip dip ] dip => dup terminated?>>
        [ 2drop f ]
        [ dup in>> length swap out>> length check-datastack ] if
    ]
(U) [ swap [ call ] dip => ]
    dip
(U) [ output>array => flush [ datastack. flush ] with-output>error ]
(U) [ [ ~quotation~ ~quotation~ bi ] dip => nsequence ]
    output>sequence
(U) [ [ keep ] dip => call ]
    bi
(U) [ over [ call ] dip => ]
    keep
(O) run-test-file
(O) run-test-file
(O) run-file
(O) parse-file
(O) parse-stream
(O) parse-fresh
(O) (parse-lines)
(O) (parse-until)
(O) execute-parsing
(O) POSTPONE: USING:
(O) use-vocab
(O) ?load-vocab
(O) M\ string require
(O) no-vocab
(O) M\ object throw
(U) [
        OBJ-CURRENT-THREAD special-object error-thread set-global
        current-continuation => error-continuation set-global
        [ original-error set-global ] [ rethrow ] bi
    ]
