Checking alien...
Checking alien.accessors...
Checking alien.arrays...
Checking alien.c-types...
Checking alien.c-types.private...
Checking alien.c-types.varargs...
Checking alien.c-types.varargs.private...
Checking alien.complex...
Checking alien.complex.functor...
Checking alien.cxx...
Checking alien.cxx.demangle...
Checking alien.cxx.demangle.libstdcxx...
Checking alien.cxx.scaffold...
Checking alien.data...
Checking alien.data.map...
Checking alien.data.map.private...
Checking alien.data.private...
Checking alien.destructors...
Checking alien.endian...
Checking alien.enums...
Checking alien.enums.private...
Checking alien.fortran...
Checking alien.fortran.private...
Checking alien.handles...
Checking alien.handles.private...
Checking alien.libraries...
Checking alien.libraries.finder...
Checking alien.libraries.finder.macos...
Checking alien.libraries.finder.macos.private...
Checking alien.libraries.unix...
Checking alien.parser...
Checking alien.parser.private...
Checking alien.prettyprint...
Checking alien.prettyprint.private...
Checking alien.private...
Checking alien.remote-control...
Checking alien.strings...
Checking alien.strings.private...
Checking alien.syntax...
Checking alien.utilities...
Checking alien.varargs...
Checking alien.varargs.private...
Checking alien.varargs...
Checking alien.varargs.private...
Checking alien.syntax...
