alien
alien.c-types.varargs
alien.varargs
alien.parser
alien.syntax
stack-checker.alien
stack-checker.known-words
compiler.cfg.instructions
compiler.cfg.def-use
compiler.cfg.hats
compiler.cfg.builder.alien.params
compiler.cfg.builder.alien.boxing
compiler.cfg.builder.alien
compiler.cfg.renaming.functor
compiler.cfg.renaming
compiler.cfg.linear-scan.assignment
compiler.cfg.representations.rewrite
compiler.cfg.ssa.construction
compiler.cfg.representations.preferred
compiler.cfg.value-numbering.expressions
compiler.codegen
cpu.arm.64
Varargs compiler refreshed
