+ /opt/homebrew/opt/llvm/bin/clang -std=c11 -O2 -fPIC -dynamiclib vm/ffi_test.c -lm -o /private/var/folders/9s/v10381cs7sd2s_lv0z76bjrr0000gn/T/factor-varargs-negative-z9iay8qb/factor-assertion/libfactor-ffi-test.dylib
+ /opt/homebrew/opt/llvm/bin/clang -std=c11 -O2 -Wall -Wextra -Werror -DFACTOR_VARARGS_CONTROL_MAIN vm/ffi_test_varargs.c -o /var/folders/9s/v10381cs7sd2s_lv0z76bjrr0000gn/T/factor-varargs-cl17tmb_/controls
+ /var/folders/9s/v10381cs7sd2s_lv0z76bjrr0000gn/T/factor-varargs-cl17tmb_/controls
C HFA spill control: PASS
C variadic ABI controls: 0xff / 0xff
C half/BF16 variadic controls: PASS
+ /Users/erg/factor.worktrees/arm64-varargs-entry/Factor.app/Contents/MacOS/factor -i=/Users/erg/factor/reference/arm64-varargs-20260908/current.image -resource-path=/private/var/folders/9s/v10381cs7sd2s_lv0z76bjrr0000gn/T/factor-varargs-negative-z9iay8qb/factor-assertion -no-user-init -no-monitors -require-varargs-small .github/arm64-varargs-tests.factor
ARM64 half/BF16 varargs coverage required and available
ARM64 C varargs controls passed: 0xff
Unit Test: { { "intentional-varargs-ci-failure" } [ f ] }
--> test failed!

==== resource:negative-assertion.factor

resource:negative-assertion.factor: 2

Unit Test: { { "intentional-varargs-ci-failure" } [ f ] }

=== Expected:
"intentional-varargs-ci-failure"
=== Got:
f
(U) [ c-to-factor => ]
    c-to-factor
(U) [ [ (get-catchstack) push ] dip call => (get-catchstack) pop* ]
(O) command-line-startup
(O) run-script
(U) [
        2dup check-call-effect 2dup [
            ~quotation~ dip
            dup terminated?>> ~quotation~ ~quotation~ if
        ] 2dip => rot [ 2drop ] [ wrong-values ] if
    ]
(U) [
        [ ~quotation~ dip dip ] dip => dup terminated?>>
        [ 2drop f ]
        [ dup in>> length swap out>> length check-datastack ] if
    ]
(U) [ swap [ call ] dip => ]
    dip
(U) [ output>array => datastack. ]
(U) [ [ ~quotation~ ~quotation~ bi ] dip => nsequence ]
    output>sequence
(U) [ [ keep ] dip => call ]
    bi
(U) [ over [ call ] dip => ]
    keep
(U) [
        f restartable-tests? set-global
        "resource:.github/arm64-varargs-coverage.factor" run-file
        "resource:negative-assertion.factor" run-test-file
        => test-failures get empty? compiler-errors get assoc-empty?
        and
        [ "ARM64 varargs tests passed" print flush 0 exit ] [
            :test-failures compiler-errors get values ~quotation~
            each flush 1 exit
        ] if
    ]
(O) run-test-file
(U) [
        2 load-locals -1 get-local <experiment> load-local
        silent-tests? get 0 get-local
        [ load-local 0 get-local experiment. 1 drop-locals ] curry
        unless -2 get-local execute => 0 get-local -1 get-local [
            2 load-locals -1 get-local 0 get-local ~quotation~ curry
            curry ~quotation~ if 2 drop-locals
        ] curry curry [ 2drop "Warning: test skipped!" print ] if
        3 drop-locals
    ]
    experiment
(O) (unit-test)
(O) assert-sequence=
(O) assert-sequence
(O) M\ object throw
(U) [
        OBJ-CURRENT-THREAD special-object error-thread set-global
        current-continuation => error-continuation set-global
        [ original-error set-global ] [ rethrow ] bi
    ]
Traceback (most recent call last):
  File "/var/folders/9s/v10381cs7sd2s_lv0z76bjrr0000gn/T/factor-varargs-negative-z9iay8qb/factor-assertion/.github/check-arm64-varargs.py", line 64, in <module>
    main()
  File "/var/folders/9s/v10381cs7sd2s_lv0z76bjrr0000gn/T/factor-varargs-negative-z9iay8qb/factor-assertion/.github/check-arm64-varargs.py", line 56, in main
    run([factor, *flags,
  File "/var/folders/9s/v10381cs7sd2s_lv0z76bjrr0000gn/T/factor-varargs-negative-z9iay8qb/factor-assertion/.github/check-arm64-varargs.py", line 13, in run
    subprocess.run(list(map(str, command)), cwd=root, check=True)
  File "/Applications/Xcode.app/Contents/Developer/Library/Frameworks/Python3.framework/Versions/3.9/lib/python3.9/subprocess.py", line 528, in run
    raise CalledProcessError(retcode, process.args,
subprocess.CalledProcessError: Command '['/Users/erg/factor.worktrees/arm64-varargs-entry/Factor.app/Contents/MacOS/factor', '-i=/Users/erg/factor/reference/arm64-varargs-20260908/current.image', '-resource-path=/private/var/folders/9s/v10381cs7sd2s_lv0z76bjrr0000gn/T/factor-varargs-negative-z9iay8qb/factor-assertion', '-no-user-init', '-no-monitors', '-require-varargs-small', '.github/arm64-varargs-tests.factor']' returned non-zero exit status 1.
